[14:01:41] [env] loaded /weka/s226137394/DmNfull/.env
[14:01:42] ===== DISTIL | task=Lift modality=state ablation=diffdagger seed=3 budget=20 smoke=False device=cuda =====
[14:01:45] [bootstrap] loaded 8 shared demos from /weka/s226137394/DmNfull/distil/results/shared_bootstrap/Lift_state/Lift_state_ni8.pkl
[14:01:52] [init] using 8 pre-collected (calibrated Ni) demos
[14:01:52] 
===== Round 0 | dataset=8 trajs =====
[14:01:52]   [train] 8 trajs, 357 windows, state_dim=23 act_dim=7 params=4.26M steps=8000
[14:01:58]     train step 200/8000 loss=0.61395 lr=8.00e-05
[14:02:02]     train step 400/8000 loss=0.24342 lr=9.99e-05
[14:02:06]     train step 600/8000 loss=0.09044 lr=9.95e-05
[14:02:10]     train step 800/8000 loss=0.05691 lr=9.88e-05
[14:02:14]     train step 1000/8000 loss=0.04085 lr=9.78e-05
[14:02:18]     train step 1200/8000 loss=0.03167 lr=9.64e-05
[14:02:22]     train step 1400/8000 loss=0.02598 lr=9.48e-05
[14:02:26]     train step 1600/8000 loss=0.02231 lr=9.29e-05
[14:02:30]     train step 1800/8000 loss=0.02022 lr=9.07e-05
[14:02:34]     train step 2000/8000 loss=0.01657 lr=8.82e-05
[14:02:38]     train step 2200/8000 loss=0.01441 lr=8.55e-05
[14:02:42]     train step 2400/8000 loss=0.01230 lr=8.26e-05
[14:02:46]     train step 2600/8000 loss=0.01202 lr=7.94e-05
[14:02:50]     train step 2800/8000 loss=0.00974 lr=7.61e-05
[14:02:54]     train step 3000/8000 loss=0.00838 lr=7.26e-05
[14:02:58]     train step 3200/8000 loss=0.00775 lr=6.90e-05
[14:03:02]     train step 3400/8000 loss=0.00692 lr=6.52e-05
[14:03:06]     train step 3600/8000 loss=0.00673 lr=6.14e-05
[14:03:10]     train step 3800/8000 loss=0.00586 lr=5.75e-05
[14:03:14]     train step 4000/8000 loss=0.00553 lr=5.35e-05
[14:03:18]     train step 4200/8000 loss=0.00479 lr=4.95e-05
[14:03:22]     train step 4400/8000 loss=0.00425 lr=4.56e-05
[14:03:26]     train step 4600/8000 loss=0.00384 lr=4.16e-05
[14:03:30]     train step 4800/8000 loss=0.00383 lr=3.78e-05
[14:03:34]     train step 5000/8000 loss=0.00326 lr=3.40e-05
[14:03:38]     train step 5200/8000 loss=0.00305 lr=3.03e-05
[14:03:42]     train step 5400/8000 loss=0.00293 lr=2.68e-05
[14:03:46]     train step 5600/8000 loss=0.00277 lr=2.34e-05
[14:03:50]     train step 5800/8000 loss=0.00272 lr=2.02e-05
[14:03:54]     train step 6000/8000 loss=0.00257 lr=1.73e-05
[14:03:58]     train step 6200/8000 loss=0.00238 lr=1.45e-05
[14:04:03]     train step 6400/8000 loss=0.00230 lr=1.20e-05
[14:04:07]     train step 6600/8000 loss=0.00221 lr=9.69e-06
[14:04:11]     train step 6800/8000 loss=0.00217 lr=7.69e-06
[14:04:15]     train step 7000/8000 loss=0.00211 lr=5.98e-06
[14:04:19]     train step 7200/8000 loss=0.00207 lr=4.56e-06
[14:04:23]     train step 7400/8000 loss=0.00206 lr=3.45e-06
[14:04:27]     train step 7600/8000 loss=0.00201 lr=2.65e-06
[14:04:30]     train step 7800/8000 loss=0.00199 lr=2.16e-06
[14:04:34]     train step 8000/8000 loss=0.00196 lr=2.00e-06
[14:04:41]   [calibrate] threshold(alpha=0.99)=0.00302 over 1428 samples (median=0.00198)
[14:07:53]   [eval] pure-policy success=0.740 mean_len=118 (fixed 100-ep set)
[14:07:53]   [dagger ep1] success=True query=True auto=False maxloss=0.1037 len=44 expert_steps=43 (interv 1/4)
[14:07:54]   [dagger ep2] success=True query=True auto=False maxloss=0.0233 len=47 expert_steps=46 (interv 2/4)
[14:07:54]   [dagger ep3] success=True query=True auto=False maxloss=0.0036 len=43 expert_steps=42 (interv 3/4)
[14:07:55]   [dagger ep4] success=True query=True auto=False maxloss=0.0116 len=47 expert_steps=46 (interv 4/4)
[14:07:55] 
===== Round 1 | dataset=12 trajs =====
[14:07:55]   [train] 12 trajs, 534 windows, state_dim=23 act_dim=7 params=4.26M steps=4000
[14:07:59]     train step 200/4000 loss=0.64374 lr=8.00e-05
[14:08:03]     train step 400/4000 loss=0.22727 lr=9.96e-05
[14:08:07]     train step 600/4000 loss=0.08137 lr=9.79e-05
[14:08:11]     train step 800/4000 loss=0.04994 lr=9.49e-05
[14:08:15]     train step 1000/4000 loss=0.03669 lr=9.07e-05
[14:08:20]     train step 1200/4000 loss=0.02995 lr=8.53e-05
[14:08:24]     train step 1400/4000 loss=0.02432 lr=7.90e-05
[14:08:28]     train step 1600/4000 loss=0.02129 lr=7.19e-05
[14:08:32]     train step 1800/4000 loss=0.01877 lr=6.42e-05
[14:08:36]     train step 2000/4000 loss=0.01613 lr=5.62e-05
[14:08:40]     train step 2200/4000 loss=0.01430 lr=4.80e-05
[14:08:44]     train step 2400/4000 loss=0.01254 lr=3.99e-05
[14:08:48]     train step 2600/4000 loss=0.01118 lr=3.20e-05
[14:08:52]     train step 2800/4000 loss=0.01002 lr=2.48e-05
[14:08:57]     train step 3000/4000 loss=0.00925 lr=1.82e-05
[14:09:01]     train step 3200/4000 loss=0.00845 lr=1.26e-05
[14:09:05]     train step 3400/4000 loss=0.00799 lr=8.08e-06
[14:09:09]     train step 3600/4000 loss=0.00765 lr=4.74e-06
[14:09:13]     train step 3800/4000 loss=0.00750 lr=2.69e-06
[14:09:17]     train step 4000/4000 loss=0.00739 lr=2.00e-06
[14:09:27]   [calibrate] threshold(alpha=0.99)=0.01429 over 2136 samples (median=0.00761)
[14:10:58]   [eval] pure-policy success=0.960 mean_len=55 (fixed 100-ep set)
[14:11:01]   [dagger ep1] success=True query=True auto=False maxloss=0.0161 len=44 expert_steps=10 (interv 1/4)
[14:11:03]   [dagger ep2] success=True query=True auto=False maxloss=0.0261 len=45 expert_steps=20 (interv 2/4)
[14:11:06]   [dagger ep3] success=True query=True auto=False maxloss=0.0256 len=51 expert_steps=20 (interv 3/4)
[14:11:06]   [dagger ep4] success=True query=True auto=False maxloss=0.0315 len=43 expert_steps=42 (interv 4/4)
[14:11:06] 
===== Round 2 | dataset=16 trajs =====
[14:11:06]   [train] 16 trajs, 626 windows, state_dim=23 act_dim=7 params=4.26M steps=4000
[14:11:10]     train step 200/4000 loss=0.60616 lr=8.00e-05
[14:11:14]     train step 400/4000 loss=0.21824 lr=9.96e-05
[14:11:19]     train step 600/4000 loss=0.08231 lr=9.79e-05
[14:11:23]     train step 800/4000 loss=0.05413 lr=9.49e-05
[14:11:27]     train step 1000/4000 loss=0.03956 lr=9.07e-05
[14:11:31]     train step 1200/4000 loss=0.03170 lr=8.53e-05
[14:11:35]     train step 1400/4000 loss=0.02625 lr=7.90e-05
[14:11:39]     train step 1600/4000 loss=0.02257 lr=7.19e-05
[14:11:44]     train step 1800/4000 loss=0.01969 lr=6.42e-05
[14:11:48]     train step 2000/4000 loss=0.01691 lr=5.62e-05
[14:11:52]     train step 2200/4000 loss=0.01486 lr=4.80e-05
[14:11:56]     train step 2400/4000 loss=0.01322 lr=3.99e-05
[14:12:00]     train step 2600/4000 loss=0.01189 lr=3.20e-05
[14:12:04]     train step 2800/4000 loss=0.01059 lr=2.48e-05
[14:12:09]     train step 3000/4000 loss=0.00977 lr=1.82e-05
[14:12:13]     train step 3200/4000 loss=0.00920 lr=1.26e-05
[14:12:17]     train step 3400/4000 loss=0.00865 lr=8.08e-06
[14:12:21]     train step 3600/4000 loss=0.00845 lr=4.74e-06
[14:12:25]     train step 3800/4000 loss=0.00822 lr=2.69e-06
[14:12:29]     train step 4000/4000 loss=0.00802 lr=2.00e-06
[14:12:41]   [calibrate] threshold(alpha=0.99)=0.01570 over 2504 samples (median=0.00805)
[14:14:09]   [eval] pure-policy success=0.970 mean_len=53 (fixed 100-ep set)
[14:14:11]   [dagger ep1] success=True query=True auto=False maxloss=0.0205 len=44 expert_steps=16 (interv 1/4)
[14:14:14]   [dagger ep2] success=True query=True auto=False maxloss=0.0256 len=45 expert_steps=18 (interv 2/4)
[14:14:17]   [dagger ep3] success=True query=False auto=False maxloss=0.0156 len=44 expert_steps=0 (interv 2/4)
[14:14:18]   [dagger ep4] success=True query=True auto=False maxloss=0.0348 len=48 expert_steps=47 (interv 3/4)
[14:14:18]   [dagger ep5] success=True query=True auto=False maxloss=0.0222 len=44 expert_steps=43 (interv 4/4)
[14:14:18] 
===== Round 3 | dataset=20 trajs =====
[14:14:18]   [train] 20 trajs, 750 windows, state_dim=23 act_dim=7 params=4.26M steps=4000
[14:14:23]     train step 200/4000 loss=0.57979 lr=8.00e-05
[14:14:27]     train step 400/4000 loss=0.19485 lr=9.96e-05
[14:14:31]     train step 600/4000 loss=0.07694 lr=9.79e-05
[14:14:35]     train step 800/4000 loss=0.05114 lr=9.49e-05
[14:14:39]     train step 1000/4000 loss=0.03817 lr=9.07e-05
[14:14:43]     train step 1200/4000 loss=0.02992 lr=8.53e-05
[14:14:48]     train step 1400/4000 loss=0.02466 lr=7.90e-05
[14:14:52]     train step 1600/4000 loss=0.02123 lr=7.19e-05
[14:14:56]     train step 1800/4000 loss=0.01793 lr=6.42e-05
[14:15:00]     train step 2000/4000 loss=0.01589 lr=5.62e-05
[14:15:04]     train step 2200/4000 loss=0.01400 lr=4.80e-05
[14:15:08]     train step 2400/4000 loss=0.01232 lr=3.99e-05
[14:15:13]     train step 2600/4000 loss=0.01088 lr=3.20e-05
[14:15:17]     train step 2800/4000 loss=0.01012 lr=2.48e-05
[14:15:21]     train step 3000/4000 loss=0.00900 lr=1.82e-05
[14:15:25]     train step 3200/4000 loss=0.00836 lr=1.26e-05
[14:15:29]     train step 3400/4000 loss=0.00796 lr=8.08e-06
[14:15:33]     train step 3600/4000 loss=0.00761 lr=4.74e-06
[14:15:37]     train step 3800/4000 loss=0.00739 lr=2.69e-06
[14:15:42]     train step 4000/4000 loss=0.00724 lr=2.00e-06
[14:15:55]   [calibrate] threshold(alpha=0.99)=0.01340 over 3000 samples (median=0.00734)
[14:17:14]   [eval] pure-policy success=1.000 mean_len=47 (fixed 100-ep set)
[14:17:14]   [dagger ep1] success=True query=True auto=False maxloss=0.0162 len=44 expert_steps=43 (interv 1/4)
[14:17:17]   [dagger ep2] success=True query=True auto=False maxloss=0.0201 len=43 expert_steps=19 (interv 2/4)
[14:17:20]   [dagger ep3] success=True query=False auto=False maxloss=0.0121 len=44 expert_steps=0 (interv 2/4)
[14:17:22]   [dagger ep4] success=True query=True auto=False maxloss=0.0159 len=44 expert_steps=25 (interv 3/4)
[14:17:25]   [dagger ep5] success=True query=False auto=False maxloss=0.0215 len=44 expert_steps=0 (interv 3/4)
[14:17:28]   [dagger ep6] success=True query=True auto=False maxloss=0.0295 len=42 expert_steps=14 (interv 4/4)
[14:17:28] 
===== Round 4 | dataset=24 trajs =====
[14:17:28]   [train] 24 trajs, 851 windows, state_dim=23 act_dim=7 params=4.26M steps=4000
[14:17:32]     train step 200/4000 loss=0.63275 lr=8.00e-05
[14:17:36]     train step 400/4000 loss=0.22341 lr=9.96e-05
[14:17:41]     train step 600/4000 loss=0.08441 lr=9.79e-05
[14:17:45]     train step 800/4000 loss=0.05388 lr=9.49e-05
[14:17:49]     train step 1000/4000 loss=0.03857 lr=9.07e-05
[14:17:53]     train step 1200/4000 loss=0.03143 lr=8.53e-05
[14:17:57]     train step 1400/4000 loss=0.02611 lr=7.90e-05
[14:18:01]     train step 1600/4000 loss=0.02237 lr=7.19e-05
[14:18:05]     train step 1800/4000 loss=0.01902 lr=6.42e-05
[14:18:10]     train step 2000/4000 loss=0.01648 lr=5.62e-05
[14:18:14]     train step 2200/4000 loss=0.01442 lr=4.80e-05
[14:18:18]     train step 2400/4000 loss=0.01276 lr=3.99e-05
[14:18:22]     train step 2600/4000 loss=0.01139 lr=3.20e-05
[14:18:26]     train step 2800/4000 loss=0.01024 lr=2.48e-05
[14:18:30]     train step 3000/4000 loss=0.00940 lr=1.82e-05
[14:18:34]     train step 3200/4000 loss=0.00881 lr=1.26e-05
[14:18:39]     train step 3400/4000 loss=0.00833 lr=8.08e-06
[14:18:43]     train step 3600/4000 loss=0.00801 lr=4.74e-06
[14:18:47]     train step 3800/4000 loss=0.00775 lr=2.69e-06
[14:18:51]     train step 4000/4000 loss=0.00760 lr=2.00e-06
[14:19:06]   [calibrate] threshold(alpha=0.99)=0.01822 over 3404 samples (median=0.00761)
[14:20:25]   [eval] pure-policy success=1.000 mean_len=47 (fixed 100-ep set)
[14:20:29]   [dagger ep1] success=True query=True auto=False maxloss=0.0345 len=42 expert_steps=1 (interv 1/4)
[14:20:32]   [dagger ep2] success=True query=True auto=False maxloss=0.0269 len=45 expert_steps=11 (interv 2/4)
[14:20:35]   [dagger ep3] success=True query=False auto=False maxloss=0.0169 len=44 expert_steps=0 (interv 2/4)
[14:20:39]   [dagger ep4] success=True query=False auto=False maxloss=0.0145 len=49 expert_steps=0 (interv 2/4)
[14:20:40]   [dagger ep5] success=True query=True auto=False maxloss=0.0353 len=45 expert_steps=44 (interv 3/4)
[14:20:43]   [dagger ep6] success=True query=True auto=False maxloss=0.0407 len=44 expert_steps=1 (interv 4/4)
[14:20:43] [stop] reached final_demos=28 (28 trajs)
[14:22:04] 
[FINAL] pure-policy success=1.000 over 100 eps
[14:22:04] DONE in 1214.0s | final_success=1.0
[14:22:04] [write] /weka/s226137394/DmNfull/distil/results/Lift/state/diffdagger/seed3/result.json
