[01:31:22] [env] loaded /weka/s226137394/DmNfull/.env
[01:31:23] ===== DISTIL | task=Lift modality=image ablation=decision_heuristic seed=4 budget=20 smoke=False device=cuda =====
[01:31:23] [bootstrap] loaded 8 shared demos from /weka/s226137394/DmNfull/distil/results/shared_bootstrap/Lift_image/Lift_image_ni8.pkl
[01:31:23] [kag] copied Lift.json + rendered .kag.txt into /weka/s226137394/DmNfull/distil/results/Lift/image/decision_heuristic/seed4/kag
[01:31:26] [init] using 8 bootstrap demos (shared with baselines)
[01:31:26] 
===== DISTIL Round 0 | dataset=8 trajs =====
[01:31:27]   [train] 8 trajs, 357 windows, state_dim=23 act_dim=7 params=4.61M steps=8000
[01:31:38]     train step 200/8000 loss=0.61519 lr=8.00e-05
[01:31:47]     train step 400/8000 loss=0.26943 lr=9.99e-05
[01:31:57]     train step 600/8000 loss=0.14927 lr=9.95e-05
[01:32:07]     train step 800/8000 loss=0.10348 lr=9.88e-05
[01:32:17]     train step 1000/8000 loss=0.08008 lr=9.78e-05
[01:32:26]     train step 1200/8000 loss=0.06548 lr=9.64e-05
[01:32:36]     train step 1400/8000 loss=0.05523 lr=9.48e-05
[01:32:45]     train step 1600/8000 loss=0.04838 lr=9.29e-05
[01:32:55]     train step 1800/8000 loss=0.04182 lr=9.07e-05
[01:33:05]     train step 2000/8000 loss=0.03571 lr=8.82e-05
[01:33:14]     train step 2200/8000 loss=0.03108 lr=8.55e-05
[01:33:24]     train step 2400/8000 loss=0.03039 lr=8.26e-05
[01:33:33]     train step 2600/8000 loss=0.02541 lr=7.94e-05
[01:33:43]     train step 2800/8000 loss=0.02390 lr=7.61e-05
[01:33:52]     train step 3000/8000 loss=0.02139 lr=7.26e-05
[01:34:01]     train step 3200/8000 loss=0.01859 lr=6.90e-05
[01:34:10]     train step 3400/8000 loss=0.01828 lr=6.52e-05
[01:34:20]     train step 3600/8000 loss=0.01618 lr=6.14e-05
[01:34:29]     train step 3800/8000 loss=0.01488 lr=5.75e-05
[01:34:38]     train step 4000/8000 loss=0.01375 lr=5.35e-05
[01:34:47]     train step 4200/8000 loss=0.01233 lr=4.95e-05
[01:34:57]     train step 4400/8000 loss=0.01164 lr=4.56e-05
[01:35:06]     train step 4600/8000 loss=0.01056 lr=4.16e-05
[01:35:15]     train step 4800/8000 loss=0.01019 lr=3.78e-05
[01:35:25]     train step 5000/8000 loss=0.00918 lr=3.40e-05
[01:35:34]     train step 5200/8000 loss=0.00816 lr=3.03e-05
[01:35:43]     train step 5400/8000 loss=0.00745 lr=2.68e-05
[01:35:52]     train step 5600/8000 loss=0.00672 lr=2.34e-05
[01:36:02]     train step 5800/8000 loss=0.00603 lr=2.02e-05
[01:36:11]     train step 6000/8000 loss=0.00560 lr=1.73e-05
[01:36:20]     train step 6200/8000 loss=0.00520 lr=1.45e-05
[01:36:29]     train step 6400/8000 loss=0.00483 lr=1.20e-05
[01:36:39]     train step 6600/8000 loss=0.00451 lr=9.69e-06
[01:36:48]     train step 6800/8000 loss=0.00434 lr=7.69e-06
[01:36:57]     train step 7000/8000 loss=0.00404 lr=5.98e-06
[01:37:06]     train step 7200/8000 loss=0.00395 lr=4.56e-06
[01:37:16]     train step 7400/8000 loss=0.00382 lr=3.45e-06
[01:37:25]     train step 7600/8000 loss=0.00370 lr=2.65e-06
[01:37:34]     train step 7800/8000 loss=0.00364 lr=2.16e-06
[01:37:43]     train step 8000/8000 loss=0.00358 lr=2.00e-06
[01:37:51]   [calibrate] threshold(alpha=0.99)=0.00556 over 1428 samples (median=0.00370)
[01:42:43]   [eval] pure-policy success=0.470 mean_len=163 (fixed 100-ep set)
[01:44:49]   [screen] 24/40 failures found
[01:44:53]   [collect a0] mode=bridge choice=geometric_bridge cited=[3000003, 3000004] success=True len=48
[01:44:53] 
===== DISTIL Round 1 | dataset=9 trajs =====
[01:44:53]   [train] 9 trajs, 405 windows, state_dim=23 act_dim=7 params=4.61M steps=4000
[01:45:02]     train step 200/4000 loss=0.56474 lr=8.00e-05
[01:45:12]     train step 400/4000 loss=0.25214 lr=9.96e-05
[01:45:21]     train step 600/4000 loss=0.14624 lr=9.79e-05
[01:45:30]     train step 800/4000 loss=0.09786 lr=9.49e-05
[01:45:39]     train step 1000/4000 loss=0.07044 lr=9.07e-05
[01:45:48]     train step 1200/4000 loss=0.05436 lr=8.53e-05
[01:45:58]     train step 1400/4000 loss=0.04390 lr=7.90e-05
[01:46:07]     train step 1600/4000 loss=0.03631 lr=7.19e-05
[01:46:16]     train step 1800/4000 loss=0.03115 lr=6.42e-05
[01:46:25]     train step 2000/4000 loss=0.02825 lr=5.62e-05
[01:46:35]     train step 2200/4000 loss=0.02531 lr=4.80e-05
[01:46:44]     train step 2400/4000 loss=0.02272 lr=3.99e-05
[01:46:53]     train step 2600/4000 loss=0.02022 lr=3.20e-05
[01:47:02]     train step 2800/4000 loss=0.01844 lr=2.48e-05
[01:47:12]     train step 3000/4000 loss=0.01685 lr=1.82e-05
[01:47:21]     train step 3200/4000 loss=0.01564 lr=1.26e-05
[01:47:30]     train step 3400/4000 loss=0.01476 lr=8.08e-06
[01:47:39]     train step 3600/4000 loss=0.01403 lr=4.74e-06
[01:47:49]     train step 3800/4000 loss=0.01352 lr=2.69e-06
[01:47:58]     train step 4000/4000 loss=0.01303 lr=2.00e-06
[01:48:06]   [calibrate] threshold(alpha=0.99)=0.02051 over 1620 samples (median=0.01352)
[01:52:15]   [eval] pure-policy success=0.580 mean_len=142 (fixed 100-ep set)
[01:54:01]   [screen] 18/40 failures found
[01:54:06]   [collect a0] mode=bridge choice=geometric_bridge cited=[3000059, 3000065] success=True len=44
[01:54:07] 
===== DISTIL Round 2 | dataset=10 trajs =====
[01:54:07]   [train] 10 trajs, 449 windows, state_dim=23 act_dim=7 params=4.61M steps=4000
[01:54:17]     train step 200/4000 loss=0.58461 lr=8.00e-05
[01:54:27]     train step 400/4000 loss=0.25070 lr=9.96e-05
[01:54:37]     train step 600/4000 loss=0.14339 lr=9.79e-05
[01:54:47]     train step 800/4000 loss=0.09757 lr=9.49e-05
[01:54:57]     train step 1000/4000 loss=0.07319 lr=9.07e-05
[01:55:07]     train step 1200/4000 loss=0.06044 lr=8.53e-05
[01:55:17]     train step 1400/4000 loss=0.05129 lr=7.90e-05
[01:55:26]     train step 1600/4000 loss=0.04309 lr=7.19e-05
[01:55:36]     train step 1800/4000 loss=0.03689 lr=6.42e-05
[01:55:46]     train step 2000/4000 loss=0.03150 lr=5.62e-05
[01:55:56]     train step 2200/4000 loss=0.02764 lr=4.80e-05
[01:56:06]     train step 2400/4000 loss=0.02524 lr=3.99e-05
[01:56:15]     train step 2600/4000 loss=0.02246 lr=3.20e-05
[01:56:25]     train step 2800/4000 loss=0.02118 lr=2.48e-05
[01:56:35]     train step 3000/4000 loss=0.01922 lr=1.82e-05
[01:56:45]     train step 3200/4000 loss=0.01769 lr=1.26e-05
[01:56:55]     train step 3400/4000 loss=0.01662 lr=8.08e-06
[01:57:05]     train step 3600/4000 loss=0.01574 lr=4.74e-06
[01:57:14]     train step 3800/4000 loss=0.01524 lr=2.69e-06
[01:57:24]     train step 4000/4000 loss=0.01480 lr=2.00e-06
[01:57:33]   [calibrate] threshold(alpha=0.99)=0.02263 over 1796 samples (median=0.01542)
[02:02:02]   [eval] pure-policy success=0.560 mean_len=152 (fixed 100-ep set)
[02:03:47]   [screen] 16/40 failures found
[02:03:50]   [collect a0] mode=bridge choice=geometric_bridge cited=[3000080, 3000119] success=True len=44
[02:03:50] 
===== DISTIL Round 3 | dataset=11 trajs =====
[02:03:50]   [train] 11 trajs, 493 windows, state_dim=23 act_dim=7 params=4.61M steps=4000
[02:04:02]     train step 200/4000 loss=0.60315 lr=8.00e-05
[02:04:13]     train step 400/4000 loss=0.26079 lr=9.96e-05
[02:04:25]     train step 600/4000 loss=0.13364 lr=9.79e-05
[02:04:36]     train step 800/4000 loss=0.09218 lr=9.49e-05
[02:04:47]     train step 1000/4000 loss=0.07126 lr=9.07e-05
[02:04:59]     train step 1200/4000 loss=0.05629 lr=8.53e-05
[02:05:10]     train step 1400/4000 loss=0.04661 lr=7.90e-05
[02:05:21]     train step 1600/4000 loss=0.03930 lr=7.19e-05
[02:05:32]     train step 1800/4000 loss=0.03512 lr=6.42e-05
[02:05:43]     train step 2000/4000 loss=0.03018 lr=5.62e-05
[02:05:54]     train step 2200/4000 loss=0.02678 lr=4.80e-05
[02:06:05]     train step 2400/4000 loss=0.02411 lr=3.99e-05
[02:06:16]     train step 2600/4000 loss=0.02209 lr=3.20e-05
[02:06:27]     train step 2800/4000 loss=0.02050 lr=2.48e-05
[02:06:38]     train step 3000/4000 loss=0.01875 lr=1.82e-05
[02:06:49]     train step 3200/4000 loss=0.01749 lr=1.26e-05
[02:07:00]     train step 3400/4000 loss=0.01628 lr=8.08e-06
[02:07:11]     train step 3600/4000 loss=0.01554 lr=4.74e-06
[02:07:22]     train step 3800/4000 loss=0.01470 lr=2.69e-06
[02:07:33]     train step 4000/4000 loss=0.01446 lr=2.00e-06
[02:07:43]   [calibrate] threshold(alpha=0.99)=0.02137 over 1972 samples (median=0.01507)
[02:12:09]   [eval] pure-policy success=0.530 mean_len=150 (fixed 100-ep set)
[02:14:19]   [screen] 25/40 failures found
[02:14:25]   [collect a0] mode=bridge choice=geometric_bridge cited=[3000122, 3000127] success=True len=45
[02:14:25] 
===== DISTIL Round 4 | dataset=12 trajs =====
[02:14:25]   [train] 12 trajs, 538 windows, state_dim=23 act_dim=7 params=4.61M steps=4000
[02:14:36]     train step 200/4000 loss=0.60243 lr=8.00e-05
[02:14:48]     train step 400/4000 loss=0.24514 lr=9.96e-05
[02:15:00]     train step 600/4000 loss=0.13177 lr=9.79e-05
[02:15:11]     train step 800/4000 loss=0.09123 lr=9.49e-05
[02:15:23]     train step 1000/4000 loss=0.06791 lr=9.07e-05
[02:15:35]     train step 1200/4000 loss=0.05672 lr=8.53e-05
[02:15:46]     train step 1400/4000 loss=0.04763 lr=7.90e-05
[02:15:58]     train step 1600/4000 loss=0.04203 lr=7.19e-05
[02:16:09]     train step 1800/4000 loss=0.03676 lr=6.42e-05
[02:16:21]     train step 2000/4000 loss=0.03259 lr=5.62e-05
[02:16:33]     train step 2200/4000 loss=0.02913 lr=4.80e-05
[02:16:44]     train step 2400/4000 loss=0.02656 lr=3.99e-05
[02:16:55]     train step 2600/4000 loss=0.02365 lr=3.20e-05
[02:17:06]     train step 2800/4000 loss=0.02146 lr=2.48e-05
[02:17:18]     train step 3000/4000 loss=0.01967 lr=1.82e-05
[02:17:29]     train step 3200/4000 loss=0.01814 lr=1.26e-05
[02:17:41]     train step 3400/4000 loss=0.01707 lr=8.08e-06
[02:17:52]     train step 3600/4000 loss=0.01628 lr=4.74e-06
[02:18:03]     train step 3800/4000 loss=0.01569 lr=2.69e-06
[02:18:15]     train step 4000/4000 loss=0.01530 lr=2.00e-06
[02:18:26]   [calibrate] threshold(alpha=0.99)=0.02504 over 2152 samples (median=0.01589)
[02:22:38]   [eval] pure-policy success=0.590 mean_len=142 (fixed 100-ep set)
[02:24:31]   [screen] 19/40 failures found
[02:24:35]   [collect a0] mode=bridge choice=geometric_bridge cited=[3000174, 3000188] success=True len=46
[02:24:35] 
===== DISTIL Round 5 | dataset=13 trajs =====
[02:24:35]   [train] 13 trajs, 584 windows, state_dim=23 act_dim=7 params=4.61M steps=4000
[02:24:47]     train step 200/4000 loss=0.58162 lr=8.00e-05
[02:24:58]     train step 400/4000 loss=0.24041 lr=9.96e-05
[02:25:09]     train step 600/4000 loss=0.13367 lr=9.79e-05
[02:25:21]     train step 800/4000 loss=0.09305 lr=9.49e-05
[02:25:32]     train step 1000/4000 loss=0.07059 lr=9.07e-05
[02:25:44]     train step 1200/4000 loss=0.05971 lr=8.53e-05
[02:25:56]     train step 1400/4000 loss=0.05121 lr=7.90e-05
[02:26:07]     train step 1600/4000 loss=0.04422 lr=7.19e-05
[02:26:19]     train step 1800/4000 loss=0.04105 lr=6.42e-05
[02:26:30]     train step 2000/4000 loss=0.03688 lr=5.62e-05
[02:26:42]     train step 2200/4000 loss=0.03291 lr=4.80e-05
[02:26:53]     train step 2400/4000 loss=0.03017 lr=3.99e-05
[02:27:05]     train step 2600/4000 loss=0.02868 lr=3.20e-05
[02:27:16]     train step 2800/4000 loss=0.02615 lr=2.48e-05
[02:27:28]     train step 3000/4000 loss=0.02453 lr=1.82e-05
[02:27:39]     train step 3200/4000 loss=0.02307 lr=1.26e-05
[02:27:50]     train step 3400/4000 loss=0.02199 lr=8.08e-06
[02:28:01]     train step 3600/4000 loss=0.02097 lr=4.74e-06
[02:28:13]     train step 3800/4000 loss=0.02025 lr=2.69e-06
[02:28:24]     train step 4000/4000 loss=0.01983 lr=2.00e-06
[02:28:36]   [calibrate] threshold(alpha=0.99)=0.03730 over 2336 samples (median=0.01932)
[02:32:43]   [eval] pure-policy success=0.600 mean_len=140 (fixed 100-ep set)
[02:34:17]   [screen] 15/40 failures found
[02:34:28]   [collect a0] mode=bridge choice=geometric_bridge cited=[3000208, 3000217] success=True len=45
[02:34:28] 
===== DISTIL Round 6 | dataset=14 trajs =====
[02:34:28]   [train] 14 trajs, 629 windows, state_dim=23 act_dim=7 params=4.61M steps=4000
[02:34:40]     train step 200/4000 loss=0.60312 lr=8.00e-05
[02:34:51]     train step 400/4000 loss=0.24820 lr=9.96e-05
[02:35:03]     train step 600/4000 loss=0.13737 lr=9.79e-05
[02:35:14]     train step 800/4000 loss=0.09631 lr=9.49e-05
[02:35:26]     train step 1000/4000 loss=0.07461 lr=9.07e-05
[02:35:37]     train step 1200/4000 loss=0.06057 lr=8.53e-05
[02:35:49]     train step 1400/4000 loss=0.05045 lr=7.90e-05
[02:36:00]     train step 1600/4000 loss=0.04508 lr=7.19e-05
[02:36:12]     train step 1800/4000 loss=0.03906 lr=6.42e-05
[02:36:23]     train step 2000/4000 loss=0.03488 lr=5.62e-05
[02:36:35]     train step 2200/4000 loss=0.03066 lr=4.80e-05
[02:36:46]     train step 2400/4000 loss=0.02776 lr=3.99e-05
[02:36:58]     train step 2600/4000 loss=0.02570 lr=3.20e-05
[02:37:09]     train step 2800/4000 loss=0.02329 lr=2.48e-05
[02:37:21]     train step 3000/4000 loss=0.02143 lr=1.82e-05
[02:37:32]     train step 3200/4000 loss=0.02034 lr=1.26e-05
[02:37:43]     train step 3400/4000 loss=0.01879 lr=8.08e-06
[02:37:55]     train step 3600/4000 loss=0.01795 lr=4.74e-06
[02:38:06]     train step 3800/4000 loss=0.01750 lr=2.69e-06
[02:38:17]     train step 4000/4000 loss=0.01696 lr=2.00e-06
[02:38:30]   [calibrate] threshold(alpha=0.99)=0.02851 over 2516 samples (median=0.01725)
[02:42:35]   [eval] pure-policy success=0.570 mean_len=138 (fixed 100-ep set)
[02:44:08]   [screen] 14/40 failures found
[02:44:13]   [collect a0] mode=bridge choice=geometric_bridge cited=[3000249, 3000255] success=True len=47
[02:44:13] 
===== DISTIL Round 7 | dataset=15 trajs =====
[02:44:13]   [train] 15 trajs, 676 windows, state_dim=23 act_dim=7 params=4.61M steps=4000
[02:44:25]     train step 200/4000 loss=0.57413 lr=8.00e-05
[02:44:36]     train step 400/4000 loss=0.24489 lr=9.96e-05
[02:44:48]     train step 600/4000 loss=0.13260 lr=9.79e-05
[02:44:59]     train step 800/4000 loss=0.09091 lr=9.49e-05
[02:45:11]     train step 1000/4000 loss=0.06983 lr=9.07e-05
[02:45:22]     train step 1200/4000 loss=0.05890 lr=8.53e-05
[02:45:34]     train step 1400/4000 loss=0.04898 lr=7.90e-05
[02:45:46]     train step 1600/4000 loss=0.04337 lr=7.19e-05
[02:45:57]     train step 1800/4000 loss=0.03732 lr=6.42e-05
[02:46:09]     train step 2000/4000 loss=0.03306 lr=5.62e-05
[02:46:20]     train step 2200/4000 loss=0.03005 lr=4.80e-05
[02:46:32]     train step 2400/4000 loss=0.02712 lr=3.99e-05
[02:46:43]     train step 2600/4000 loss=0.02404 lr=3.20e-05
[02:46:55]     train step 2800/4000 loss=0.02215 lr=2.48e-05
[02:47:07]     train step 3000/4000 loss=0.02021 lr=1.82e-05
[02:47:18]     train step 3200/4000 loss=0.01885 lr=1.26e-05
[02:47:29]     train step 3400/4000 loss=0.01770 lr=8.08e-06
[02:47:41]     train step 3600/4000 loss=0.01699 lr=4.74e-06
[02:47:52]     train step 3800/4000 loss=0.01627 lr=2.69e-06
[02:48:03]     train step 4000/4000 loss=0.01590 lr=2.00e-06
[02:48:17]   [calibrate] threshold(alpha=0.99)=0.02805 over 2704 samples (median=0.01632)
[02:52:04]   [eval] pure-policy success=0.680 mean_len=128 (fixed 100-ep set)
[02:53:49]   [screen] 17/40 failures found
[02:53:57]   [collect a0] mode=bridge choice=geometric_bridge cited=[3000284, 3000294] success=True len=45
[02:53:57] 
===== DISTIL Round 8 | dataset=16 trajs =====
[02:53:57]   [train] 16 trajs, 721 windows, state_dim=23 act_dim=7 params=4.61M steps=4000
[02:54:09]     train step 200/4000 loss=0.56903 lr=8.00e-05
[02:54:21]     train step 400/4000 loss=0.23702 lr=9.96e-05
[02:54:32]     train step 600/4000 loss=0.13552 lr=9.79e-05
[02:54:44]     train step 800/4000 loss=0.09198 lr=9.49e-05
[02:54:55]     train step 1000/4000 loss=0.06825 lr=9.07e-05
[02:55:07]     train step 1200/4000 loss=0.05453 lr=8.53e-05
[02:55:18]     train step 1400/4000 loss=0.04704 lr=7.90e-05
[02:55:30]     train step 1600/4000 loss=0.03981 lr=7.19e-05
[02:55:41]     train step 1800/4000 loss=0.03521 lr=6.42e-05
[02:55:52]     train step 2000/4000 loss=0.03280 lr=5.62e-05
[02:56:03]     train step 2200/4000 loss=0.02869 lr=4.80e-05
[02:56:15]     train step 2400/4000 loss=0.02525 lr=3.99e-05
[02:56:26]     train step 2600/4000 loss=0.02333 lr=3.20e-05
[02:56:37]     train step 2800/4000 loss=0.02124 lr=2.48e-05
[02:56:49]     train step 3000/4000 loss=0.01937 lr=1.82e-05
[02:57:00]     train step 3200/4000 loss=0.01820 lr=1.26e-05
[02:57:11]     train step 3400/4000 loss=0.01719 lr=8.08e-06
[02:57:23]     train step 3600/4000 loss=0.01625 lr=4.74e-06
[02:57:34]     train step 3800/4000 loss=0.01586 lr=2.69e-06
[02:57:45]     train step 4000/4000 loss=0.01547 lr=2.00e-06
[02:58:00]   [calibrate] threshold(alpha=0.99)=0.02614 over 2884 samples (median=0.01557)
[03:01:37]   [eval] pure-policy success=0.650 mean_len=123 (fixed 100-ep set)
[03:03:26]   [screen] 20/40 failures found
[03:03:33]   [collect a0] mode=bridge choice=geometric_bridge cited=[3000335, 3000352] success=True len=46
[03:03:33] 
===== DISTIL Round 9 | dataset=17 trajs =====
[03:03:33]   [train] 17 trajs, 767 windows, state_dim=23 act_dim=7 params=4.61M steps=4000
[03:03:45]     train step 200/4000 loss=0.63310 lr=8.00e-05
[03:03:56]     train step 400/4000 loss=0.23500 lr=9.96e-05
[03:04:08]     train step 600/4000 loss=0.13146 lr=9.79e-05
[03:04:19]     train step 800/4000 loss=0.08997 lr=9.49e-05
[03:04:31]     train step 1000/4000 loss=0.06890 lr=9.07e-05
[03:04:42]     train step 1200/4000 loss=0.05601 lr=8.53e-05
[03:04:54]     train step 1400/4000 loss=0.04821 lr=7.90e-05
[03:05:05]     train step 1600/4000 loss=0.04155 lr=7.19e-05
[03:05:17]     train step 1800/4000 loss=0.03644 lr=6.42e-05
[03:05:28]     train step 2000/4000 loss=0.03119 lr=5.62e-05
[03:05:39]     train step 2200/4000 loss=0.02833 lr=4.80e-05
[03:05:51]     train step 2400/4000 loss=0.02498 lr=3.99e-05
[03:06:02]     train step 2600/4000 loss=0.02256 lr=3.20e-05
[03:06:13]     train step 2800/4000 loss=0.02080 lr=2.48e-05
[03:06:25]     train step 3000/4000 loss=0.01961 lr=1.82e-05
[03:06:36]     train step 3200/4000 loss=0.01787 lr=1.26e-05
[03:06:47]     train step 3400/4000 loss=0.01683 lr=8.08e-06
[03:06:59]     train step 3600/4000 loss=0.01592 lr=4.74e-06
[03:07:10]     train step 3800/4000 loss=0.01530 lr=2.69e-06
[03:07:21]     train step 4000/4000 loss=0.01521 lr=2.00e-06
[03:07:37]   [calibrate] threshold(alpha=0.99)=0.02888 over 3068 samples (median=0.01503)
[03:11:06]   [eval] pure-policy success=0.690 mean_len=119 (fixed 100-ep set)
[03:12:54]   [screen] 18/40 failures found
[03:13:03]   [collect a0] mode=bridge choice=geometric_bridge cited=[3000370, 3000380] success=True len=47
[03:13:03] 
===== DISTIL Round 10 | dataset=18 trajs =====
[03:13:03]   [train] 18 trajs, 814 windows, state_dim=23 act_dim=7 params=4.61M steps=4000
[03:13:14]     train step 200/4000 loss=0.61952 lr=8.00e-05
[03:13:26]     train step 400/4000 loss=0.26371 lr=9.96e-05
[03:13:38]     train step 600/4000 loss=0.14918 lr=9.79e-05
[03:13:49]     train step 800/4000 loss=0.10221 lr=9.49e-05
[03:14:01]     train step 1000/4000 loss=0.07966 lr=9.07e-05
[03:14:12]     train step 1200/4000 loss=0.06427 lr=8.53e-05
[03:14:24]     train step 1400/4000 loss=0.05545 lr=7.90e-05
[03:14:35]     train step 1600/4000 loss=0.04781 lr=7.19e-05
[03:14:46]     train step 1800/4000 loss=0.04405 lr=6.42e-05
[03:14:58]     train step 2000/4000 loss=0.03992 lr=5.62e-05
[03:15:09]     train step 2200/4000 loss=0.03645 lr=4.80e-05
[03:15:20]     train step 2400/4000 loss=0.03242 lr=3.99e-05
[03:15:32]     train step 2600/4000 loss=0.03060 lr=3.20e-05
[03:15:43]     train step 2800/4000 loss=0.02787 lr=2.48e-05
[03:15:54]     train step 3000/4000 loss=0.02537 lr=1.82e-05
[03:16:05]     train step 3200/4000 loss=0.02339 lr=1.26e-05
[03:16:17]     train step 3400/4000 loss=0.02210 lr=8.08e-06
[03:16:28]     train step 3600/4000 loss=0.02119 lr=4.74e-06
[03:16:39]     train step 3800/4000 loss=0.02055 lr=2.69e-06
[03:16:51]     train step 4000/4000 loss=0.01992 lr=2.00e-06
[03:17:07]   [calibrate] threshold(alpha=0.99)=0.04084 over 3256 samples (median=0.01966)
[03:21:34]   [eval] pure-policy success=0.540 mean_len=152 (fixed 100-ep set)
[03:23:21]   [screen] 18/40 failures found
[03:23:29]   [collect a0] mode=bridge choice=geometric_bridge cited=[3000416, 3000429] success=True len=45
[03:23:29] 
===== DISTIL Round 11 | dataset=19 trajs =====
[03:23:29]   [train] 19 trajs, 859 windows, state_dim=23 act_dim=7 params=4.61M steps=4000
[03:23:40]     train step 200/4000 loss=0.58774 lr=8.00e-05
[03:23:52]     train step 400/4000 loss=0.23490 lr=9.96e-05
[03:24:03]     train step 600/4000 loss=0.13780 lr=9.79e-05
[03:24:14]     train step 800/4000 loss=0.09634 lr=9.49e-05
[03:24:25]     train step 1000/4000 loss=0.07203 lr=9.07e-05
[03:24:37]     train step 1200/4000 loss=0.05882 lr=8.53e-05
[03:24:48]     train step 1400/4000 loss=0.04988 lr=7.90e-05
[03:24:59]     train step 1600/4000 loss=0.04469 lr=7.19e-05
[03:25:11]     train step 1800/4000 loss=0.03878 lr=6.42e-05
[03:25:22]     train step 2000/4000 loss=0.03529 lr=5.62e-05
[03:25:34]     train step 2200/4000 loss=0.03181 lr=4.80e-05
[03:25:45]     train step 2400/4000 loss=0.02862 lr=3.99e-05
[03:25:57]     train step 2600/4000 loss=0.02629 lr=3.20e-05
[03:26:08]     train step 2800/4000 loss=0.02395 lr=2.48e-05
[03:26:19]     train step 3000/4000 loss=0.02155 lr=1.82e-05
[03:26:31]     train step 3200/4000 loss=0.02068 lr=1.26e-05
[03:26:42]     train step 3400/4000 loss=0.01941 lr=8.08e-06
[03:26:53]     train step 3600/4000 loss=0.01838 lr=4.74e-06
[03:27:05]     train step 3800/4000 loss=0.01785 lr=2.69e-06
[03:27:16]     train step 4000/4000 loss=0.01749 lr=2.00e-06
[03:27:33]   [calibrate] threshold(alpha=0.99)=0.03438 over 3436 samples (median=0.01705)
[03:30:38]   [eval] pure-policy success=0.760 mean_len=104 (fixed 100-ep set)
[03:32:14]   [screen] 16/40 failures found
[03:32:22]   [collect a0] mode=bridge choice=geometric_bridge cited=[3000445, 3000474] success=True len=44
[03:32:22] 
===== DISTIL Round 12 | dataset=20 trajs =====
[03:32:22]   [train] 20 trajs, 903 windows, state_dim=23 act_dim=7 params=4.61M steps=4000
[03:32:33]     train step 200/4000 loss=0.62865 lr=8.00e-05
[03:32:45]     train step 400/4000 loss=0.22055 lr=9.96e-05
[03:32:56]     train step 600/4000 loss=0.12770 lr=9.79e-05
[03:33:08]     train step 800/4000 loss=0.09020 lr=9.49e-05
[03:33:19]     train step 1000/4000 loss=0.06901 lr=9.07e-05
[03:33:32]     train step 1200/4000 loss=0.05623 lr=8.53e-05
[03:33:44]     train step 1400/4000 loss=0.04881 lr=7.90e-05
[03:33:56]     train step 1600/4000 loss=0.04221 lr=7.19e-05
[03:34:08]     train step 1800/4000 loss=0.03738 lr=6.42e-05
[03:34:20]     train step 2000/4000 loss=0.03352 lr=5.62e-05
[03:34:32]     train step 2200/4000 loss=0.03017 lr=4.80e-05
[03:34:45]     train step 2400/4000 loss=0.02693 lr=3.99e-05
[03:34:57]     train step 2600/4000 loss=0.02484 lr=3.20e-05
[03:35:09]     train step 2800/4000 loss=0.02250 lr=2.48e-05
[03:35:21]     train step 3000/4000 loss=0.02111 lr=1.82e-05
[03:35:33]     train step 3200/4000 loss=0.01988 lr=1.26e-05
[03:35:45]     train step 3400/4000 loss=0.01888 lr=8.08e-06
[03:35:57]     train step 3600/4000 loss=0.01802 lr=4.74e-06
[03:36:10]     train step 3800/4000 loss=0.01740 lr=2.69e-06
[03:36:22]     train step 4000/4000 loss=0.01698 lr=2.00e-06
[03:36:40]   [calibrate] threshold(alpha=0.99)=0.03162 over 3612 samples (median=0.01679)
[03:40:25]   [eval] pure-policy success=0.660 mean_len=126 (fixed 100-ep set)
[03:42:16]   [screen] 18/40 failures found
[03:42:29]   [collect a0] mode=bridge choice=geometric_bridge cited=[3000507, 3000515] success=True len=43
[03:42:29] 
===== DISTIL Round 13 | dataset=21 trajs =====
[03:42:29]   [train] 21 trajs, 946 windows, state_dim=23 act_dim=7 params=4.61M steps=4000
[03:42:39]     train step 200/4000 loss=0.60980 lr=8.00e-05
[03:42:48]     train step 400/4000 loss=0.24338 lr=9.96e-05
[03:42:58]     train step 600/4000 loss=0.13568 lr=9.79e-05
[03:43:07]     train step 800/4000 loss=0.09229 lr=9.49e-05
[03:43:17]     train step 1000/4000 loss=0.06824 lr=9.07e-05
[03:43:26]     train step 1200/4000 loss=0.05516 lr=8.53e-05
[03:43:36]     train step 1400/4000 loss=0.04527 lr=7.90e-05
[03:43:46]     train step 1600/4000 loss=0.03969 lr=7.19e-05
[03:43:55]     train step 1800/4000 loss=0.03521 lr=6.42e-05
[03:44:05]     train step 2000/4000 loss=0.03120 lr=5.62e-05
[03:44:14]     train step 2200/4000 loss=0.02703 lr=4.80e-05
[03:44:24]     train step 2400/4000 loss=0.02444 lr=3.99e-05
[03:44:34]     train step 2600/4000 loss=0.02267 lr=3.20e-05
[03:44:43]     train step 2800/4000 loss=0.02021 lr=2.48e-05
[03:44:53]     train step 3000/4000 loss=0.01864 lr=1.82e-05
[03:45:02]     train step 3200/4000 loss=0.01770 lr=1.26e-05
[03:45:12]     train step 3400/4000 loss=0.01667 lr=8.08e-06
[03:45:22]     train step 3600/4000 loss=0.01600 lr=4.74e-06
[03:45:31]     train step 3800/4000 loss=0.01539 lr=2.69e-06
[03:45:41]     train step 4000/4000 loss=0.01507 lr=2.00e-06
[03:46:00]   [calibrate] threshold(alpha=0.99)=0.02932 over 3784 samples (median=0.01482)
[03:49:06]   [eval] pure-policy success=0.770 mean_len=106 (fixed 100-ep set)
[03:50:35]   [screen] 11/40 failures found
[03:50:41]   [collect a0] mode=bridge choice=geometric_bridge cited=[3000528, 3000551] success=True len=46
[03:50:41] 
===== DISTIL Round 14 | dataset=22 trajs =====
[03:50:41]   [train] 22 trajs, 992 windows, state_dim=23 act_dim=7 params=4.61M steps=4000
[03:50:52]     train step 200/4000 loss=0.60399 lr=8.00e-05
[03:51:03]     train step 400/4000 loss=0.22722 lr=9.96e-05
[03:51:15]     train step 600/4000 loss=0.12373 lr=9.79e-05
[03:51:26]     train step 800/4000 loss=0.08602 lr=9.49e-05
[03:51:37]     train step 1000/4000 loss=0.06704 lr=9.07e-05
[03:51:48]     train step 1200/4000 loss=0.05397 lr=8.53e-05
[03:51:59]     train step 1400/4000 loss=0.04626 lr=7.90e-05
[03:52:10]     train step 1600/4000 loss=0.04114 lr=7.19e-05
[03:52:21]     train step 1800/4000 loss=0.03652 lr=6.42e-05
[03:52:33]     train step 2000/4000 loss=0.03318 lr=5.62e-05
[03:52:44]     train step 2200/4000 loss=0.02944 lr=4.80e-05
[03:52:55]     train step 2400/4000 loss=0.02692 lr=3.99e-05
[03:53:06]     train step 2600/4000 loss=0.02404 lr=3.20e-05
[03:53:17]     train step 2800/4000 loss=0.02218 lr=2.48e-05
[03:53:29]     train step 3000/4000 loss=0.02045 lr=1.82e-05
[03:53:40]     train step 3200/4000 loss=0.01928 lr=1.26e-05
[03:53:51]     train step 3400/4000 loss=0.01809 lr=8.08e-06
[03:54:02]     train step 3600/4000 loss=0.01730 lr=4.74e-06
[03:54:13]     train step 3800/4000 loss=0.01667 lr=2.69e-06
[03:54:24]     train step 4000/4000 loss=0.01630 lr=2.00e-06
[03:54:44]   [calibrate] threshold(alpha=0.99)=0.03096 over 3968 samples (median=0.01598)
[03:58:18]   [eval] pure-policy success=0.680 mean_len=122 (fixed 100-ep set)
[03:59:50]   [screen] 15/40 failures found
[03:59:59]   [collect a0] mode=bridge choice=geometric_bridge cited=[3000560, 3000568] success=True len=45
[04:00:00] 
===== DISTIL Round 15 | dataset=23 trajs =====
[04:00:00]   [train] 23 trajs, 1037 windows, state_dim=23 act_dim=7 params=4.61M steps=4000
[04:00:11]     train step 200/4000 loss=0.59461 lr=8.00e-05
[04:00:22]     train step 400/4000 loss=0.23101 lr=9.96e-05
[04:00:33]     train step 600/4000 loss=0.13075 lr=9.79e-05
[04:00:44]     train step 800/4000 loss=0.09151 lr=9.49e-05
[04:00:55]     train step 1000/4000 loss=0.06783 lr=9.07e-05
[04:01:07]     train step 1200/4000 loss=0.05634 lr=8.53e-05
[04:01:18]     train step 1400/4000 loss=0.04781 lr=7.90e-05
[04:01:29]     train step 1600/4000 loss=0.04324 lr=7.19e-05
[04:01:40]     train step 1800/4000 loss=0.03840 lr=6.42e-05
[04:01:51]     train step 2000/4000 loss=0.03554 lr=5.62e-05
[04:02:02]     train step 2200/4000 loss=0.03316 lr=4.80e-05
[04:02:14]     train step 2400/4000 loss=0.03028 lr=3.99e-05
[04:02:25]     train step 2600/4000 loss=0.02833 lr=3.20e-05
[04:02:36]     train step 2800/4000 loss=0.02606 lr=2.48e-05
[04:02:47]     train step 3000/4000 loss=0.02440 lr=1.82e-05
[04:02:58]     train step 3200/4000 loss=0.02387 lr=1.26e-05
[04:03:10]     train step 3400/4000 loss=0.02226 lr=8.08e-06
[04:03:21]     train step 3600/4000 loss=0.02131 lr=4.74e-06
[04:03:32]     train step 3800/4000 loss=0.02064 lr=2.69e-06
[04:03:44]     train step 4000/4000 loss=0.02032 lr=2.00e-06
[04:04:04]   [calibrate] threshold(alpha=0.99)=0.04440 over 4148 samples (median=0.01887)
[04:08:28]   [eval] pure-policy success=0.560 mean_len=151 (fixed 100-ep set)
[04:10:22]   [screen] 21/40 failures found
[04:10:38]   [collect a0] mode=bridge choice=geometric_bridge cited=[3000604, 3000629] success=True len=45
[04:10:38] 
===== DISTIL Round 16 | dataset=24 trajs =====
[04:10:38]   [train] 24 trajs, 1082 windows, state_dim=23 act_dim=7 params=4.61M steps=4000
[04:10:49]     train step 200/4000 loss=0.62503 lr=8.00e-05
[04:11:00]     train step 400/4000 loss=0.23216 lr=9.96e-05
[04:11:11]     train step 600/4000 loss=0.12535 lr=9.79e-05
[04:11:22]     train step 800/4000 loss=0.08695 lr=9.49e-05
[04:11:33]     train step 1000/4000 loss=0.06652 lr=9.07e-05
[04:11:44]     train step 1200/4000 loss=0.05276 lr=8.53e-05
[04:11:55]     train step 1400/4000 loss=0.04560 lr=7.90e-05
[04:12:06]     train step 1600/4000 loss=0.03749 lr=7.19e-05
[04:12:17]     train step 1800/4000 loss=0.03257 lr=6.42e-05
[04:12:28]     train step 2000/4000 loss=0.02876 lr=5.62e-05
[04:12:39]     train step 2200/4000 loss=0.02694 lr=4.80e-05
[04:12:51]     train step 2400/4000 loss=0.02395 lr=3.99e-05
[04:13:02]     train step 2600/4000 loss=0.02181 lr=3.20e-05
[04:13:13]     train step 2800/4000 loss=0.02015 lr=2.48e-05
[04:13:24]     train step 3000/4000 loss=0.01853 lr=1.82e-05
[04:13:35]     train step 3200/4000 loss=0.01733 lr=1.26e-05
[04:13:46]     train step 3400/4000 loss=0.01664 lr=8.08e-06
[04:13:57]     train step 3600/4000 loss=0.01595 lr=4.74e-06
[04:14:08]     train step 3800/4000 loss=0.01527 lr=2.69e-06
[04:14:19]     train step 4000/4000 loss=0.01500 lr=2.00e-06
[04:14:41]   [calibrate] threshold(alpha=0.99)=0.03217 over 4328 samples (median=0.01448)
[04:17:56]   [eval] pure-policy success=0.760 mean_len=111 (fixed 100-ep set)
[04:19:23]   [screen] 10/40 failures found
[04:19:33]   [collect a0] mode=bridge choice=geometric_bridge cited=[3000651, 3000652] success=True len=48
[04:19:33] 
===== DISTIL Round 17 | dataset=25 trajs =====
[04:19:33]   [train] 25 trajs, 1130 windows, state_dim=23 act_dim=7 params=4.61M steps=4000
[04:19:44]     train step 200/4000 loss=0.60281 lr=8.00e-05
[04:19:55]     train step 400/4000 loss=0.24769 lr=9.96e-05
[04:20:06]     train step 600/4000 loss=0.12667 lr=9.79e-05
[04:20:17]     train step 800/4000 loss=0.08353 lr=9.49e-05
[04:20:28]     train step 1000/4000 loss=0.06462 lr=9.07e-05
[04:20:40]     train step 1200/4000 loss=0.05225 lr=8.53e-05
[04:20:51]     train step 1400/4000 loss=0.04550 lr=7.90e-05
[04:21:02]     train step 1600/4000 loss=0.03919 lr=7.19e-05
[04:21:13]     train step 1800/4000 loss=0.03529 lr=6.42e-05
[04:21:24]     train step 2000/4000 loss=0.03192 lr=5.62e-05
[04:21:35]     train step 2200/4000 loss=0.02934 lr=4.80e-05
[04:21:46]     train step 2400/4000 loss=0.02755 lr=3.99e-05
[04:21:57]     train step 2600/4000 loss=0.02547 lr=3.20e-05
[04:22:08]     train step 2800/4000 loss=0.02364 lr=2.48e-05
[04:22:19]     train step 3000/4000 loss=0.02222 lr=1.82e-05
[04:22:30]     train step 3200/4000 loss=0.02086 lr=1.26e-05
[04:22:42]     train step 3400/4000 loss=0.01982 lr=8.08e-06
[04:22:53]     train step 3600/4000 loss=0.01887 lr=4.74e-06
[04:23:04]     train step 3800/4000 loss=0.01835 lr=2.69e-06
[04:23:15]     train step 4000/4000 loss=0.01788 lr=2.00e-06
[04:23:38]   [calibrate] threshold(alpha=0.99)=0.03936 over 4520 samples (median=0.01695)
[04:27:18]   [eval] pure-policy success=0.650 mean_len=125 (fixed 100-ep set)
[04:28:54]   [screen] 16/40 failures found
[04:29:06]   [collect a0] mode=bridge choice=geometric_bridge cited=[3000681, 3000715] success=True len=43
[04:29:06] 
===== DISTIL Round 18 | dataset=26 trajs =====
[04:29:06]   [train] 26 trajs, 1173 windows, state_dim=23 act_dim=7 params=4.61M steps=4000
[04:29:18]     train step 200/4000 loss=0.59425 lr=8.00e-05
[04:29:29]     train step 400/4000 loss=0.24452 lr=9.96e-05
[04:29:40]     train step 600/4000 loss=0.12827 lr=9.79e-05
[04:29:51]     train step 800/4000 loss=0.08683 lr=9.49e-05
[04:30:02]     train step 1000/4000 loss=0.06511 lr=9.07e-05
[04:30:13]     train step 1200/4000 loss=0.05204 lr=8.53e-05
[04:30:24]     train step 1400/4000 loss=0.04390 lr=7.90e-05
[04:30:35]     train step 1600/4000 loss=0.03806 lr=7.19e-05
[04:30:47]     train step 1800/4000 loss=0.03373 lr=6.42e-05
[04:30:58]     train step 2000/4000 loss=0.03066 lr=5.62e-05
[04:31:09]     train step 2200/4000 loss=0.02775 lr=4.80e-05
[04:31:20]     train step 2400/4000 loss=0.02510 lr=3.99e-05
[04:31:31]     train step 2600/4000 loss=0.02336 lr=3.20e-05
[04:31:42]     train step 2800/4000 loss=0.02097 lr=2.48e-05
[04:31:53]     train step 3000/4000 loss=0.01956 lr=1.82e-05
[04:32:04]     train step 3200/4000 loss=0.01841 lr=1.26e-05
[04:32:15]     train step 3400/4000 loss=0.01742 lr=8.08e-06
[04:32:26]     train step 3600/4000 loss=0.01662 lr=4.74e-06
[04:32:37]     train step 3800/4000 loss=0.01614 lr=2.69e-06
[04:32:49]     train step 4000/4000 loss=0.01583 lr=2.00e-06
[04:33:12]   [calibrate] threshold(alpha=0.99)=0.03446 over 4692 samples (median=0.01510)
[04:36:26]   [eval] pure-policy success=0.740 mean_len=111 (fixed 100-ep set)
[04:37:55]   [screen] 14/40 failures found
[04:38:06]   [collect a0] mode=bridge choice=geometric_bridge cited=[3000743, 3000753] success=True len=45
[04:38:06] 
===== DISTIL Round 19 | dataset=27 trajs =====
[04:38:06]   [train] 27 trajs, 1218 windows, state_dim=23 act_dim=7 params=4.61M steps=4000
[04:38:17]     train step 200/4000 loss=0.60499 lr=8.00e-05
[04:38:28]     train step 400/4000 loss=0.24236 lr=9.96e-05
[04:38:39]     train step 600/4000 loss=0.12707 lr=9.79e-05
[04:38:50]     train step 800/4000 loss=0.09240 lr=9.49e-05
[04:39:01]     train step 1000/4000 loss=0.06992 lr=9.07e-05
[04:39:12]     train step 1200/4000 loss=0.05662 lr=8.53e-05
[04:39:24]     train step 1400/4000 loss=0.04796 lr=7.90e-05
[04:39:35]     train step 1600/4000 loss=0.04209 lr=7.19e-05
[04:39:46]     train step 1800/4000 loss=0.03861 lr=6.42e-05
[04:39:57]     train step 2000/4000 loss=0.03467 lr=5.62e-05
[04:40:08]     train step 2200/4000 loss=0.03144 lr=4.80e-05
[04:40:19]     train step 2400/4000 loss=0.02867 lr=3.99e-05
[04:40:30]     train step 2600/4000 loss=0.02708 lr=3.20e-05
[04:40:42]     train step 2800/4000 loss=0.02510 lr=2.48e-05
[04:40:53]     train step 3000/4000 loss=0.02322 lr=1.82e-05
[04:41:04]     train step 3200/4000 loss=0.02208 lr=1.26e-05
[04:41:15]     train step 3400/4000 loss=0.02105 lr=8.08e-06
[04:41:26]     train step 3600/4000 loss=0.02045 lr=4.74e-06
[04:41:37]     train step 3800/4000 loss=0.01975 lr=2.69e-06
[04:41:48]     train step 4000/4000 loss=0.01959 lr=2.00e-06
[04:42:13]   [calibrate] threshold(alpha=0.99)=0.04167 over 4872 samples (median=0.01788)
[04:46:25]   [eval] pure-policy success=0.560 mean_len=144 (fixed 100-ep set)
[04:48:21]   [screen] 22/40 failures found
[04:48:41]   [collect a0] mode=bridge choice=geometric_bridge cited=[3000781, 3000792] success=True len=45
[04:48:42] 
===== DISTIL Round 20 | dataset=28 trajs =====
[04:48:42]   [train] 28 trajs, 1263 windows, state_dim=23 act_dim=7 params=4.61M steps=4000
[04:48:53]     train step 200/4000 loss=0.61638 lr=8.00e-05
[04:49:04]     train step 400/4000 loss=0.27101 lr=9.96e-05
[04:49:15]     train step 600/4000 loss=0.14578 lr=9.79e-05
[04:49:26]     train step 800/4000 loss=0.09636 lr=9.49e-05
[04:49:37]     train step 1000/4000 loss=0.06949 lr=9.07e-05
[04:49:49]     train step 1200/4000 loss=0.05536 lr=8.53e-05
[04:50:00]     train step 1400/4000 loss=0.04866 lr=7.90e-05
[04:50:11]     train step 1600/4000 loss=0.04015 lr=7.19e-05
[04:50:22]     train step 1800/4000 loss=0.03520 lr=6.42e-05
[04:50:33]     train step 2000/4000 loss=0.03294 lr=5.62e-05
[04:50:45]     train step 2200/4000 loss=0.02894 lr=4.80e-05
[04:50:56]     train step 2400/4000 loss=0.02640 lr=3.99e-05
[04:51:07]     train step 2600/4000 loss=0.02417 lr=3.20e-05
[04:51:18]     train step 2800/4000 loss=0.02282 lr=2.48e-05
[04:51:29]     train step 3000/4000 loss=0.02080 lr=1.82e-05
[04:51:41]     train step 3200/4000 loss=0.01936 lr=1.26e-05
[04:51:52]     train step 3400/4000 loss=0.01842 lr=8.08e-06
[04:52:03]     train step 3600/4000 loss=0.01761 lr=4.74e-06
[04:52:14]     train step 3800/4000 loss=0.01719 lr=2.69e-06
[04:52:25]     train step 4000/4000 loss=0.01691 lr=2.00e-06
[04:52:51]   [calibrate] threshold(alpha=0.99)=0.03718 over 5052 samples (median=0.01634)
[04:55:50]   [eval] pure-policy success=0.760 mean_len=102 (fixed 100-ep set)
[04:55:51] [stop] reached final_demos=28 (28 trajs), sr=0.760
[04:55:51] 
[FINAL] DISTIL pure-policy success=0.76 | demos=28 (last frozen held-out eval)
[04:55:51] DONE in 12265.8s | final_success=0.76
[04:55:51] [write] /weka/s226137394/DmNfull/distil/results/Lift/image/decision_heuristic/seed4/result.json
