[15:51:35] [env] loaded /weka/s226137394/DmNfull/.env
[15:51:36] ===== DISTIL | task=Lift modality=state ablation=dropout seed=4 budget=20 smoke=False device=cuda =====
[15:51:37] [bootstrap] loaded 8 shared demos from /weka/s226137394/DmNfull/distil/results/shared_bootstrap/Lift_state/Lift_state_ni8.pkl
[15:51:39] 
===== dropout Round 0 | dataset=8 =====
[15:51:44]     train step 200/8000 loss=0.60198 lr=8.00e-05
[15:51:48]     train step 400/8000 loss=0.25555 lr=9.99e-05
[15:51:52]     train step 600/8000 loss=0.09501 lr=9.95e-05
[15:51:56]     train step 800/8000 loss=0.05571 lr=9.88e-05
[15:52:00]     train step 1000/8000 loss=0.04016 lr=9.78e-05
[15:52:04]     train step 1200/8000 loss=0.03209 lr=9.64e-05
[15:52:08]     train step 1400/8000 loss=0.02657 lr=9.48e-05
[15:52:12]     train step 1600/8000 loss=0.02235 lr=9.29e-05
[15:52:16]     train step 1800/8000 loss=0.01912 lr=9.07e-05
[15:52:20]     train step 2000/8000 loss=0.01656 lr=8.82e-05
[15:52:25]     train step 2200/8000 loss=0.01473 lr=8.55e-05
[15:52:29]     train step 2400/8000 loss=0.01280 lr=8.26e-05
[15:52:33]     train step 2600/8000 loss=0.01184 lr=7.94e-05
[15:52:37]     train step 2800/8000 loss=0.00985 lr=7.61e-05
[15:52:41]     train step 3000/8000 loss=0.00903 lr=7.26e-05
[15:52:45]     train step 3200/8000 loss=0.00804 lr=6.90e-05
[15:52:49]     train step 3400/8000 loss=0.00742 lr=6.52e-05
[15:52:53]     train step 3600/8000 loss=0.00630 lr=6.14e-05
[15:52:57]     train step 3800/8000 loss=0.00543 lr=5.75e-05
[15:53:01]     train step 4000/8000 loss=0.00604 lr=5.35e-05
[15:53:05]     train step 4200/8000 loss=0.00474 lr=4.95e-05
[15:53:09]     train step 4400/8000 loss=0.00427 lr=4.56e-05
[15:53:13]     train step 4600/8000 loss=0.00378 lr=4.16e-05
[15:53:17]     train step 4800/8000 loss=0.00374 lr=3.78e-05
[15:53:21]     train step 5000/8000 loss=0.00343 lr=3.40e-05
[15:53:25]     train step 5200/8000 loss=0.00314 lr=3.03e-05
[15:53:29]     train step 5400/8000 loss=0.00320 lr=2.68e-05
[15:53:33]     train step 5600/8000 loss=0.00282 lr=2.34e-05
[15:53:37]     train step 5800/8000 loss=0.00262 lr=2.02e-05
[15:53:41]     train step 6000/8000 loss=0.00253 lr=1.73e-05
[15:53:45]     train step 6200/8000 loss=0.00250 lr=1.45e-05
[15:53:49]     train step 6400/8000 loss=0.00239 lr=1.20e-05
[15:53:53]     train step 6600/8000 loss=0.00229 lr=9.69e-06
[15:53:57]     train step 6800/8000 loss=0.00224 lr=7.69e-06
[15:54:01]     train step 7000/8000 loss=0.00217 lr=5.98e-06
[15:54:06]     train step 7200/8000 loss=0.00217 lr=4.56e-06
[15:54:10]     train step 7400/8000 loss=0.00211 lr=3.45e-06
[15:54:14]     train step 7600/8000 loss=0.00210 lr=2.65e-06
[15:54:18]     train step 7800/8000 loss=0.00208 lr=2.16e-06
[15:54:22]     train step 8000/8000 loss=0.00207 lr=2.00e-06
[15:57:28]   [eval] SR=0.690
[15:57:29]   [dropout] intervention at t=0 (rollout 0) len=47
[15:57:29] 
===== dropout Round 1 | dataset=9 =====
[15:57:33]     train step 200/4000 loss=0.59857 lr=8.00e-05
[15:57:37]     train step 400/4000 loss=0.24127 lr=9.96e-05
[15:57:41]     train step 600/4000 loss=0.08639 lr=9.79e-05
[15:57:46]     train step 800/4000 loss=0.05210 lr=9.49e-05
[15:57:50]     train step 1000/4000 loss=0.03806 lr=9.07e-05
[15:57:54]     train step 1200/4000 loss=0.03034 lr=8.53e-05
[15:57:58]     train step 1400/4000 loss=0.02474 lr=7.90e-05
[15:58:02]     train step 1600/4000 loss=0.02043 lr=7.19e-05
[15:58:06]     train step 1800/4000 loss=0.01739 lr=6.42e-05
[15:58:10]     train step 2000/4000 loss=0.01476 lr=5.62e-05
[15:58:14]     train step 2200/4000 loss=0.01332 lr=4.80e-05
[15:58:18]     train step 2400/4000 loss=0.01128 lr=3.99e-05
[15:58:22]     train step 2600/4000 loss=0.01036 lr=3.20e-05
[15:58:26]     train step 2800/4000 loss=0.00899 lr=2.48e-05
[15:58:31]     train step 3000/4000 loss=0.00823 lr=1.82e-05
[15:58:35]     train step 3200/4000 loss=0.00755 lr=1.26e-05
[15:58:39]     train step 3400/4000 loss=0.00729 lr=8.08e-06
[15:58:43]     train step 3600/4000 loss=0.00692 lr=4.74e-06
[15:58:47]     train step 3800/4000 loss=0.00672 lr=2.69e-06
[15:58:51]     train step 4000/4000 loss=0.00660 lr=2.00e-06
[16:01:03]   [eval] SR=0.870
[16:01:04]   [dropout] intervention at t=0 (rollout 0) len=42
[16:01:04] 
===== dropout Round 2 | dataset=10 =====
[16:01:08]     train step 200/4000 loss=0.59588 lr=8.00e-05
[16:01:12]     train step 400/4000 loss=0.23068 lr=9.96e-05
[16:01:17]     train step 600/4000 loss=0.08563 lr=9.79e-05
[16:01:21]     train step 800/4000 loss=0.05105 lr=9.49e-05
[16:01:25]     train step 1000/4000 loss=0.03791 lr=9.07e-05
[16:01:29]     train step 1200/4000 loss=0.02964 lr=8.53e-05
[16:01:33]     train step 1400/4000 loss=0.02417 lr=7.90e-05
[16:01:37]     train step 1600/4000 loss=0.02054 lr=7.19e-05
[16:01:41]     train step 1800/4000 loss=0.01756 lr=6.42e-05
[16:01:46]     train step 2000/4000 loss=0.01507 lr=5.62e-05
[16:01:50]     train step 2200/4000 loss=0.01291 lr=4.80e-05
[16:01:54]     train step 2400/4000 loss=0.01130 lr=3.99e-05
[16:01:58]     train step 2600/4000 loss=0.01018 lr=3.20e-05
[16:02:02]     train step 2800/4000 loss=0.00927 lr=2.48e-05
[16:02:06]     train step 3000/4000 loss=0.00847 lr=1.82e-05
[16:02:10]     train step 3200/4000 loss=0.00777 lr=1.26e-05
[16:02:15]     train step 3400/4000 loss=0.00754 lr=8.08e-06
[16:02:19]     train step 3600/4000 loss=0.00723 lr=4.74e-06
[16:02:23]     train step 3800/4000 loss=0.00699 lr=2.69e-06
[16:02:27]     train step 4000/4000 loss=0.00687 lr=2.00e-06
[16:04:15]   [eval] SR=0.940
[16:04:16]   [dropout] intervention at t=0 (rollout 0) len=45
[16:04:16] 
===== dropout Round 3 | dataset=11 =====
[16:04:21]     train step 200/4000 loss=0.59730 lr=8.00e-05
[16:04:25]     train step 400/4000 loss=0.22671 lr=9.96e-05
[16:04:29]     train step 600/4000 loss=0.08462 lr=9.79e-05
[16:04:33]     train step 800/4000 loss=0.05035 lr=9.49e-05
[16:04:38]     train step 1000/4000 loss=0.03651 lr=9.07e-05
[16:04:42]     train step 1200/4000 loss=0.02946 lr=8.53e-05
[16:04:46]     train step 1400/4000 loss=0.02495 lr=7.90e-05
[16:04:50]     train step 1600/4000 loss=0.02012 lr=7.19e-05
[16:04:54]     train step 1800/4000 loss=0.01744 lr=6.42e-05
[16:04:58]     train step 2000/4000 loss=0.01480 lr=5.62e-05
[16:05:03]     train step 2200/4000 loss=0.01284 lr=4.80e-05
[16:05:07]     train step 2400/4000 loss=0.01139 lr=3.99e-05
[16:05:11]     train step 2600/4000 loss=0.01005 lr=3.20e-05
[16:05:15]     train step 2800/4000 loss=0.00900 lr=2.48e-05
[16:05:19]     train step 3000/4000 loss=0.00826 lr=1.82e-05
[16:05:24]     train step 3200/4000 loss=0.00771 lr=1.26e-05
[16:05:28]     train step 3400/4000 loss=0.00739 lr=8.08e-06
[16:05:32]     train step 3600/4000 loss=0.00715 lr=4.74e-06
[16:05:36]     train step 3800/4000 loss=0.00693 lr=2.69e-06
[16:05:40]     train step 4000/4000 loss=0.00683 lr=2.00e-06
[16:07:10]   [eval] SR=0.980
[16:07:13]   [dropout] intervention at t=2 (rollout 0) len=42
[16:07:13] 
===== dropout Round 4 | dataset=12 =====
[16:07:17]     train step 200/4000 loss=0.59607 lr=8.00e-05
[16:07:21]     train step 400/4000 loss=0.21570 lr=9.96e-05
[16:07:25]     train step 600/4000 loss=0.07938 lr=9.79e-05
[16:07:29]     train step 800/4000 loss=0.04887 lr=9.49e-05
[16:07:34]     train step 1000/4000 loss=0.03607 lr=9.07e-05
[16:07:38]     train step 1200/4000 loss=0.02891 lr=8.53e-05
[16:07:42]     train step 1400/4000 loss=0.02398 lr=7.90e-05
[16:07:46]     train step 1600/4000 loss=0.02023 lr=7.19e-05
[16:07:50]     train step 1800/4000 loss=0.01735 lr=6.42e-05
[16:07:55]     train step 2000/4000 loss=0.01497 lr=5.62e-05
[16:07:59]     train step 2200/4000 loss=0.01271 lr=4.80e-05
[16:08:03]     train step 2400/4000 loss=0.01138 lr=3.99e-05
[16:08:07]     train step 2600/4000 loss=0.01016 lr=3.20e-05
[16:08:11]     train step 2800/4000 loss=0.00911 lr=2.48e-05
[16:08:15]     train step 3000/4000 loss=0.00838 lr=1.82e-05
[16:08:20]     train step 3200/4000 loss=0.00771 lr=1.26e-05
[16:08:24]     train step 3400/4000 loss=0.00737 lr=8.08e-06
[16:08:28]     train step 3600/4000 loss=0.00709 lr=4.74e-06
[16:08:32]     train step 3800/4000 loss=0.00683 lr=2.69e-06
[16:08:36]     train step 4000/4000 loss=0.00674 lr=2.00e-06
[16:10:04]   [eval] SR=0.990
[16:10:05]   [dropout] intervention at t=0 (rollout 0) len=47
[16:10:05] 
===== dropout Round 5 | dataset=13 =====
[16:10:09]     train step 200/4000 loss=0.59648 lr=8.00e-05
[16:10:13]     train step 400/4000 loss=0.21561 lr=9.96e-05
[16:10:18]     train step 600/4000 loss=0.08119 lr=9.79e-05
[16:10:22]     train step 800/4000 loss=0.04960 lr=9.49e-05
[16:10:26]     train step 1000/4000 loss=0.03663 lr=9.07e-05
[16:10:30]     train step 1200/4000 loss=0.02893 lr=8.53e-05
[16:10:34]     train step 1400/4000 loss=0.02362 lr=7.90e-05
[16:10:38]     train step 1600/4000 loss=0.02048 lr=7.19e-05
[16:10:43]     train step 1800/4000 loss=0.01760 lr=6.42e-05
[16:10:47]     train step 2000/4000 loss=0.01482 lr=5.62e-05
[16:10:51]     train step 2200/4000 loss=0.01339 lr=4.80e-05
[16:10:55]     train step 2400/4000 loss=0.01167 lr=3.99e-05
[16:10:59]     train step 2600/4000 loss=0.01027 lr=3.20e-05
[16:11:04]     train step 2800/4000 loss=0.00934 lr=2.48e-05
[16:11:08]     train step 3000/4000 loss=0.00848 lr=1.82e-05
[16:11:12]     train step 3200/4000 loss=0.00777 lr=1.26e-05
[16:11:16]     train step 3400/4000 loss=0.00740 lr=8.08e-06
[16:11:20]     train step 3600/4000 loss=0.00718 lr=4.74e-06
[16:11:24]     train step 3800/4000 loss=0.00689 lr=2.69e-06
[16:11:29]     train step 4000/4000 loss=0.00679 lr=2.00e-06
[16:12:45]   [eval] SR=1.000
[16:12:51]   [dropout] intervention at t=5 (rollout 0) len=38
[16:12:51] 
===== dropout Round 6 | dataset=14 =====
[16:12:55]     train step 200/4000 loss=0.59752 lr=8.00e-05
[16:12:59]     train step 400/4000 loss=0.21706 lr=9.96e-05
[16:13:03]     train step 600/4000 loss=0.08170 lr=9.79e-05
[16:13:08]     train step 800/4000 loss=0.04806 lr=9.49e-05
[16:13:12]     train step 1000/4000 loss=0.03588 lr=9.07e-05
[16:13:16]     train step 1200/4000 loss=0.02873 lr=8.53e-05
[16:13:20]     train step 1400/4000 loss=0.02407 lr=7.90e-05
[16:13:24]     train step 1600/4000 loss=0.02010 lr=7.19e-05
[16:13:28]     train step 1800/4000 loss=0.01708 lr=6.42e-05
[16:13:33]     train step 2000/4000 loss=0.01476 lr=5.62e-05
[16:13:37]     train step 2200/4000 loss=0.01260 lr=4.80e-05
[16:13:41]     train step 2400/4000 loss=0.01125 lr=3.99e-05
[16:13:45]     train step 2600/4000 loss=0.01029 lr=3.20e-05
[16:13:49]     train step 2800/4000 loss=0.00902 lr=2.48e-05
[16:13:53]     train step 3000/4000 loss=0.00830 lr=1.82e-05
[16:13:58]     train step 3200/4000 loss=0.00767 lr=1.26e-05
[16:14:02]     train step 3400/4000 loss=0.00737 lr=8.08e-06
[16:14:06]     train step 3600/4000 loss=0.00708 lr=4.74e-06
[16:14:10]     train step 3800/4000 loss=0.00684 lr=2.69e-06
[16:14:14]     train step 4000/4000 loss=0.00675 lr=2.00e-06
[16:15:31]   [eval] SR=1.000
[16:15:36]   [dropout] intervention at t=5 (rollout 0) len=40
[16:15:36] 
===== dropout Round 7 | dataset=15 =====
[16:15:40]     train step 200/4000 loss=0.59763 lr=8.00e-05
[16:15:44]     train step 400/4000 loss=0.21553 lr=9.96e-05
[16:15:49]     train step 600/4000 loss=0.08080 lr=9.79e-05
[16:15:53]     train step 800/4000 loss=0.04978 lr=9.49e-05
[16:15:57]     train step 1000/4000 loss=0.03659 lr=9.07e-05
[16:16:01]     train step 1200/4000 loss=0.02907 lr=8.53e-05
[16:16:05]     train step 1400/4000 loss=0.02444 lr=7.90e-05
[16:16:10]     train step 1600/4000 loss=0.02054 lr=7.19e-05
[16:16:14]     train step 1800/4000 loss=0.01741 lr=6.42e-05
[16:16:18]     train step 2000/4000 loss=0.01506 lr=5.62e-05
[16:16:22]     train step 2200/4000 loss=0.01312 lr=4.80e-05
[16:16:26]     train step 2400/4000 loss=0.01130 lr=3.99e-05
[16:16:30]     train step 2600/4000 loss=0.01036 lr=3.20e-05
[16:16:35]     train step 2800/4000 loss=0.00915 lr=2.48e-05
[16:16:39]     train step 3000/4000 loss=0.00853 lr=1.82e-05
[16:16:43]     train step 3200/4000 loss=0.00777 lr=1.26e-05
[16:16:47]     train step 3400/4000 loss=0.00748 lr=8.08e-06
[16:16:51]     train step 3600/4000 loss=0.00724 lr=4.74e-06
[16:16:56]     train step 3800/4000 loss=0.00700 lr=2.69e-06
[16:17:00]     train step 4000/4000 loss=0.00693 lr=2.00e-06
[16:18:16]   [eval] SR=1.000
[16:18:36]   [dropout] intervention at t=23 (rollout 0) len=22
[16:18:36] 
===== dropout Round 8 | dataset=16 =====
[16:18:41]     train step 200/4000 loss=0.59711 lr=8.00e-05
[16:18:45]     train step 400/4000 loss=0.21528 lr=9.96e-05
[16:18:49]     train step 600/4000 loss=0.07959 lr=9.79e-05
[16:18:53]     train step 800/4000 loss=0.04860 lr=9.49e-05
[16:18:57]     train step 1000/4000 loss=0.03701 lr=9.07e-05
[16:19:01]     train step 1200/4000 loss=0.02941 lr=8.53e-05
[16:19:05]     train step 1400/4000 loss=0.02462 lr=7.90e-05
[16:19:10]     train step 1600/4000 loss=0.02116 lr=7.19e-05
[16:19:14]     train step 1800/4000 loss=0.01791 lr=6.42e-05
[16:19:18]     train step 2000/4000 loss=0.01553 lr=5.62e-05
[16:19:22]     train step 2200/4000 loss=0.01322 lr=4.80e-05
[16:19:26]     train step 2400/4000 loss=0.01191 lr=3.99e-05
[16:19:31]     train step 2600/4000 loss=0.01082 lr=3.20e-05
[16:19:35]     train step 2800/4000 loss=0.00940 lr=2.48e-05
[16:19:39]     train step 3000/4000 loss=0.00869 lr=1.82e-05
[16:19:43]     train step 3200/4000 loss=0.00790 lr=1.26e-05
[16:19:47]     train step 3400/4000 loss=0.00758 lr=8.08e-06
[16:19:52]     train step 3600/4000 loss=0.00728 lr=4.74e-06
[16:19:56]     train step 3800/4000 loss=0.00702 lr=2.69e-06
[16:20:00]     train step 4000/4000 loss=0.00692 lr=2.00e-06
[16:21:16]   [eval] SR=1.000
[16:21:40]   [dropout] intervention at t=27 (rollout 0) len=21
[16:21:40] 
===== dropout Round 9 | dataset=17 =====
[16:21:44]     train step 200/4000 loss=0.59666 lr=8.00e-05
[16:21:48]     train step 400/4000 loss=0.21489 lr=9.96e-05
[16:21:52]     train step 600/4000 loss=0.08100 lr=9.79e-05
[16:21:56]     train step 800/4000 loss=0.04872 lr=9.49e-05
[16:22:01]     train step 1000/4000 loss=0.03666 lr=9.07e-05
[16:22:05]     train step 1200/4000 loss=0.03001 lr=8.53e-05
[16:22:09]     train step 1400/4000 loss=0.02479 lr=7.90e-05
[16:22:13]     train step 1600/4000 loss=0.02108 lr=7.19e-05
[16:22:17]     train step 1800/4000 loss=0.01812 lr=6.42e-05
[16:22:22]     train step 2000/4000 loss=0.01555 lr=5.62e-05
[16:22:26]     train step 2200/4000 loss=0.01361 lr=4.80e-05
[16:22:30]     train step 2400/4000 loss=0.01225 lr=3.99e-05
[16:22:34]     train step 2600/4000 loss=0.01127 lr=3.20e-05
[16:22:38]     train step 2800/4000 loss=0.01000 lr=2.48e-05
[16:22:43]     train step 3000/4000 loss=0.00914 lr=1.82e-05
[16:22:47]     train step 3200/4000 loss=0.00844 lr=1.26e-05
[16:22:51]     train step 3400/4000 loss=0.00819 lr=8.08e-06
[16:22:55]     train step 3600/4000 loss=0.00785 lr=4.74e-06
[16:22:59]     train step 3800/4000 loss=0.00759 lr=2.69e-06
[16:23:03]     train step 4000/4000 loss=0.00745 lr=2.00e-06
[16:24:22]   [eval] SR=0.990
[16:24:24]   [dropout] intervention at t=1 (rollout 0) len=42
[16:24:24] 
===== dropout Round 10 | dataset=18 =====
[16:24:29]     train step 200/4000 loss=0.59662 lr=8.00e-05
[16:24:33]     train step 400/4000 loss=0.21310 lr=9.96e-05
[16:24:37]     train step 600/4000 loss=0.08184 lr=9.79e-05
[16:24:41]     train step 800/4000 loss=0.05003 lr=9.49e-05
[16:24:45]     train step 1000/4000 loss=0.03779 lr=9.07e-05
[16:24:50]     train step 1200/4000 loss=0.03027 lr=8.53e-05
[16:24:54]     train step 1400/4000 loss=0.02540 lr=7.90e-05
[16:24:58]     train step 1600/4000 loss=0.02134 lr=7.19e-05
[16:25:02]     train step 1800/4000 loss=0.01818 lr=6.42e-05
[16:25:06]     train step 2000/4000 loss=0.01586 lr=5.62e-05
[16:25:11]     train step 2200/4000 loss=0.01378 lr=4.80e-05
[16:25:15]     train step 2400/4000 loss=0.01186 lr=3.99e-05
[16:25:19]     train step 2600/4000 loss=0.01073 lr=3.20e-05
[16:25:23]     train step 2800/4000 loss=0.00982 lr=2.48e-05
[16:25:27]     train step 3000/4000 loss=0.00908 lr=1.82e-05
[16:25:31]     train step 3200/4000 loss=0.00834 lr=1.26e-05
[16:25:36]     train step 3400/4000 loss=0.00796 lr=8.08e-06
[16:25:40]     train step 3600/4000 loss=0.00768 lr=4.74e-06
[16:25:44]     train step 3800/4000 loss=0.00742 lr=2.69e-06
[16:25:48]     train step 4000/4000 loss=0.00731 lr=2.00e-06
[16:27:11]   [eval] SR=0.990
[16:27:13]   [dropout] intervention at t=1 (rollout 0) len=47
[16:27:13] 
===== dropout Round 11 | dataset=19 =====
[16:27:17]     train step 200/4000 loss=0.59662 lr=8.00e-05
[16:27:21]     train step 400/4000 loss=0.21396 lr=9.96e-05
[16:27:26]     train step 600/4000 loss=0.08067 lr=9.79e-05
[16:27:30]     train step 800/4000 loss=0.05011 lr=9.49e-05
[16:27:34]     train step 1000/4000 loss=0.03709 lr=9.07e-05
[16:27:38]     train step 1200/4000 loss=0.02992 lr=8.53e-05
[16:27:42]     train step 1400/4000 loss=0.02481 lr=7.90e-05
[16:27:46]     train step 1600/4000 loss=0.02129 lr=7.19e-05
[16:27:51]     train step 1800/4000 loss=0.01841 lr=6.42e-05
[16:27:55]     train step 2000/4000 loss=0.01573 lr=5.62e-05
[16:27:59]     train step 2200/4000 loss=0.01388 lr=4.80e-05
[16:28:03]     train step 2400/4000 loss=0.01221 lr=3.99e-05
[16:28:07]     train step 2600/4000 loss=0.01097 lr=3.20e-05
[16:28:11]     train step 2800/4000 loss=0.00991 lr=2.48e-05
[16:28:16]     train step 3000/4000 loss=0.00908 lr=1.82e-05
[16:28:20]     train step 3200/4000 loss=0.00833 lr=1.26e-05
[16:28:24]     train step 3400/4000 loss=0.00806 lr=8.08e-06
[16:28:28]     train step 3600/4000 loss=0.00779 lr=4.74e-06
[16:28:32]     train step 3800/4000 loss=0.00752 lr=2.69e-06
[16:28:37]     train step 4000/4000 loss=0.00742 lr=2.00e-06
[16:29:56]   [eval] SR=0.990
[16:30:00]   [dropout] intervention at t=3 (rollout 0) len=43
[16:30:00] 
===== dropout Round 12 | dataset=20 =====
[16:30:04]     train step 200/4000 loss=0.59665 lr=8.00e-05
[16:30:08]     train step 400/4000 loss=0.21231 lr=9.96e-05
[16:30:13]     train step 600/4000 loss=0.08095 lr=9.79e-05
[16:30:17]     train step 800/4000 loss=0.05033 lr=9.49e-05
[16:30:21]     train step 1000/4000 loss=0.03752 lr=9.07e-05
[16:30:25]     train step 1200/4000 loss=0.03068 lr=8.53e-05
[16:30:29]     train step 1400/4000 loss=0.02511 lr=7.90e-05
[16:30:33]     train step 1600/4000 loss=0.02166 lr=7.19e-05
[16:30:38]     train step 1800/4000 loss=0.01859 lr=6.42e-05
[16:30:42]     train step 2000/4000 loss=0.01604 lr=5.62e-05
[16:30:46]     train step 2200/4000 loss=0.01399 lr=4.80e-05
[16:30:50]     train step 2400/4000 loss=0.01241 lr=3.99e-05
[16:30:54]     train step 2600/4000 loss=0.01117 lr=3.20e-05
[16:30:58]     train step 2800/4000 loss=0.01008 lr=2.48e-05
[16:31:03]     train step 3000/4000 loss=0.00926 lr=1.82e-05
[16:31:07]     train step 3200/4000 loss=0.00849 lr=1.26e-05
[16:31:11]     train step 3400/4000 loss=0.00816 lr=8.08e-06
[16:31:15]     train step 3600/4000 loss=0.00784 lr=4.74e-06
[16:31:19]     train step 3800/4000 loss=0.00762 lr=2.69e-06
[16:31:24]     train step 4000/4000 loss=0.00750 lr=2.00e-06
[16:32:44]   [eval] SR=0.990
[16:33:06]   [dropout] intervention at t=26 (rollout 0) len=20
[16:33:07] 
===== dropout Round 13 | dataset=21 =====
[16:33:11]     train step 200/4000 loss=0.59645 lr=8.00e-05
[16:33:15]     train step 400/4000 loss=0.21384 lr=9.96e-05
[16:33:19]     train step 600/4000 loss=0.08081 lr=9.79e-05
[16:33:23]     train step 800/4000 loss=0.05162 lr=9.49e-05
[16:33:28]     train step 1000/4000 loss=0.03779 lr=9.07e-05
[16:33:32]     train step 1200/4000 loss=0.03055 lr=8.53e-05
[16:33:36]     train step 1400/4000 loss=0.02533 lr=7.90e-05
[16:33:40]     train step 1600/4000 loss=0.02211 lr=7.19e-05
[16:33:44]     train step 1800/4000 loss=0.01864 lr=6.42e-05
[16:33:49]     train step 2000/4000 loss=0.01665 lr=5.62e-05
[16:33:53]     train step 2200/4000 loss=0.01412 lr=4.80e-05
[16:33:57]     train step 2400/4000 loss=0.01246 lr=3.99e-05
[16:34:01]     train step 2600/4000 loss=0.01118 lr=3.20e-05
[16:34:05]     train step 2800/4000 loss=0.00997 lr=2.48e-05
[16:34:10]     train step 3000/4000 loss=0.00934 lr=1.82e-05
[16:34:14]     train step 3200/4000 loss=0.00850 lr=1.26e-05
[16:34:18]     train step 3400/4000 loss=0.00818 lr=8.08e-06
[16:34:22]     train step 3600/4000 loss=0.00789 lr=4.74e-06
[16:34:26]     train step 3800/4000 loss=0.00763 lr=2.69e-06
[16:34:31]     train step 4000/4000 loss=0.00749 lr=2.00e-06
[16:35:51]   [eval] SR=0.990
[16:35:52]   [dropout] intervention at t=0 (rollout 0) len=43
[16:35:53] 
===== dropout Round 14 | dataset=22 =====
[16:35:57]     train step 200/4000 loss=0.59576 lr=8.00e-05
[16:36:01]     train step 400/4000 loss=0.21208 lr=9.96e-05
[16:36:05]     train step 600/4000 loss=0.08153 lr=9.79e-05
[16:36:09]     train step 800/4000 loss=0.05014 lr=9.49e-05
[16:36:14]     train step 1000/4000 loss=0.03817 lr=9.07e-05
[16:36:18]     train step 1200/4000 loss=0.03142 lr=8.53e-05
[16:36:22]     train step 1400/4000 loss=0.02641 lr=7.90e-05
[16:36:26]     train step 1600/4000 loss=0.02225 lr=7.19e-05
[16:36:30]     train step 1800/4000 loss=0.01890 lr=6.42e-05
[16:36:35]     train step 2000/4000 loss=0.01675 lr=5.62e-05
[16:36:39]     train step 2200/4000 loss=0.01426 lr=4.80e-05
[16:36:43]     train step 2400/4000 loss=0.01282 lr=3.99e-05
[16:36:47]     train step 2600/4000 loss=0.01140 lr=3.20e-05
[16:36:51]     train step 2800/4000 loss=0.01036 lr=2.48e-05
[16:36:55]     train step 3000/4000 loss=0.00954 lr=1.82e-05
[16:37:00]     train step 3200/4000 loss=0.00872 lr=1.26e-05
[16:37:04]     train step 3400/4000 loss=0.00834 lr=8.08e-06
[16:37:08]     train step 3600/4000 loss=0.00803 lr=4.74e-06
[16:37:12]     train step 3800/4000 loss=0.00779 lr=2.69e-06
[16:37:16]     train step 4000/4000 loss=0.00765 lr=2.00e-06
[16:38:34]   [eval] SR=1.000
[16:38:39]   [dropout] intervention at t=5 (rollout 0) len=37
[16:38:39] 
===== dropout Round 15 | dataset=23 =====
[16:38:43]     train step 200/4000 loss=0.59576 lr=8.00e-05
[16:38:47]     train step 400/4000 loss=0.21234 lr=9.96e-05
[16:38:52]     train step 600/4000 loss=0.08201 lr=9.79e-05
[16:38:56]     train step 800/4000 loss=0.05209 lr=9.49e-05
[16:39:00]     train step 1000/4000 loss=0.03883 lr=9.07e-05
[16:39:04]     train step 1200/4000 loss=0.03096 lr=8.53e-05
[16:39:08]     train step 1400/4000 loss=0.02616 lr=7.90e-05
[16:39:13]     train step 1600/4000 loss=0.02191 lr=7.19e-05
[16:39:17]     train step 1800/4000 loss=0.01892 lr=6.42e-05
[16:39:21]     train step 2000/4000 loss=0.01634 lr=5.62e-05
[16:39:25]     train step 2200/4000 loss=0.01389 lr=4.80e-05
[16:39:29]     train step 2400/4000 loss=0.01234 lr=3.99e-05
[16:39:33]     train step 2600/4000 loss=0.01113 lr=3.20e-05
[16:39:38]     train step 2800/4000 loss=0.00986 lr=2.48e-05
[16:39:42]     train step 3000/4000 loss=0.00931 lr=1.82e-05
[16:39:46]     train step 3200/4000 loss=0.00835 lr=1.26e-05
[16:39:50]     train step 3400/4000 loss=0.00818 lr=8.08e-06
[16:39:54]     train step 3600/4000 loss=0.00787 lr=4.74e-06
[16:39:59]     train step 3800/4000 loss=0.00756 lr=2.69e-06
[16:40:03]     train step 4000/4000 loss=0.00749 lr=2.00e-06
[16:41:20]   [eval] SR=1.000
[16:41:21]   [dropout] intervention at t=0 (rollout 0) len=45
[16:41:21] 
===== dropout Round 16 | dataset=24 =====
[16:41:25]     train step 200/4000 loss=0.59155 lr=8.00e-05
[16:41:30]     train step 400/4000 loss=0.21123 lr=9.96e-05
[16:41:34]     train step 600/4000 loss=0.08061 lr=9.79e-05
[16:41:38]     train step 800/4000 loss=0.04981 lr=9.49e-05
[16:41:42]     train step 1000/4000 loss=0.03729 lr=9.07e-05
[16:41:46]     train step 1200/4000 loss=0.03013 lr=8.53e-05
[16:41:51]     train step 1400/4000 loss=0.02501 lr=7.90e-05
[16:41:55]     train step 1600/4000 loss=0.02137 lr=7.19e-05
[16:41:59]     train step 1800/4000 loss=0.01842 lr=6.42e-05
[16:42:03]     train step 2000/4000 loss=0.01603 lr=5.62e-05
[16:42:07]     train step 2200/4000 loss=0.01405 lr=4.80e-05
[16:42:11]     train step 2400/4000 loss=0.01258 lr=3.99e-05
[16:42:16]     train step 2600/4000 loss=0.01137 lr=3.20e-05
[16:42:20]     train step 2800/4000 loss=0.01020 lr=2.48e-05
[16:42:24]     train step 3000/4000 loss=0.00945 lr=1.82e-05
[16:42:28]     train step 3200/4000 loss=0.00863 lr=1.26e-05
[16:42:32]     train step 3400/4000 loss=0.00831 lr=8.08e-06
[16:42:36]     train step 3600/4000 loss=0.00805 lr=4.74e-06
[16:42:41]     train step 3800/4000 loss=0.00784 lr=2.69e-06
[16:42:45]     train step 4000/4000 loss=0.00776 lr=2.00e-06
[16:44:01]   [eval] SR=1.000
[16:44:06]   [dropout] intervention at t=5 (rollout 0) len=42
[16:44:06] 
===== dropout Round 17 | dataset=25 =====
[16:44:11]     train step 200/4000 loss=0.59163 lr=8.00e-05
[16:44:15]     train step 400/4000 loss=0.21168 lr=9.96e-05
[16:44:19]     train step 600/4000 loss=0.08115 lr=9.79e-05
[16:44:23]     train step 800/4000 loss=0.05117 lr=9.49e-05
[16:44:27]     train step 1000/4000 loss=0.03868 lr=9.07e-05
[16:44:31]     train step 1200/4000 loss=0.03102 lr=8.53e-05
[16:44:36]     train step 1400/4000 loss=0.02591 lr=7.90e-05
[16:44:40]     train step 1600/4000 loss=0.02196 lr=7.19e-05
[16:44:44]     train step 1800/4000 loss=0.01873 lr=6.42e-05
[16:44:48]     train step 2000/4000 loss=0.01592 lr=5.62e-05
[16:44:52]     train step 2200/4000 loss=0.01418 lr=4.80e-05
[16:44:57]     train step 2400/4000 loss=0.01230 lr=3.99e-05
[16:45:01]     train step 2600/4000 loss=0.01111 lr=3.20e-05
[16:45:05]     train step 2800/4000 loss=0.00989 lr=2.48e-05
[16:45:09]     train step 3000/4000 loss=0.00921 lr=1.82e-05
[16:45:13]     train step 3200/4000 loss=0.00847 lr=1.26e-05
[16:45:17]     train step 3400/4000 loss=0.00817 lr=8.08e-06
[16:45:22]     train step 3600/4000 loss=0.00785 lr=4.74e-06
[16:45:26]     train step 3800/4000 loss=0.00767 lr=2.69e-06
[16:45:30]     train step 4000/4000 loss=0.00751 lr=2.00e-06
[16:46:46]   [eval] SR=1.000
[16:46:47]   [dropout] intervention at t=0 (rollout 0) len=47
[16:46:47] 
===== dropout Round 18 | dataset=26 =====
[16:46:51]     train step 200/4000 loss=0.59159 lr=8.00e-05
[16:46:56]     train step 400/4000 loss=0.21365 lr=9.96e-05
[16:47:00]     train step 600/4000 loss=0.08156 lr=9.79e-05
[16:47:04]     train step 800/4000 loss=0.05134 lr=9.49e-05
[16:47:08]     train step 1000/4000 loss=0.03850 lr=9.07e-05
[16:47:12]     train step 1200/4000 loss=0.03202 lr=8.53e-05
[16:47:17]     train step 1400/4000 loss=0.02688 lr=7.90e-05
[16:47:21]     train step 1600/4000 loss=0.02268 lr=7.19e-05
[16:47:25]     train step 1800/4000 loss=0.01907 lr=6.42e-05
[16:47:29]     train step 2000/4000 loss=0.01645 lr=5.62e-05
[16:47:33]     train step 2200/4000 loss=0.01434 lr=4.80e-05
[16:47:37]     train step 2400/4000 loss=0.01291 lr=3.99e-05
[16:47:42]     train step 2600/4000 loss=0.01148 lr=3.20e-05
[16:47:46]     train step 2800/4000 loss=0.01038 lr=2.48e-05
[16:47:50]     train step 3000/4000 loss=0.00966 lr=1.82e-05
[16:47:54]     train step 3200/4000 loss=0.00886 lr=1.26e-05
[16:47:58]     train step 3400/4000 loss=0.00855 lr=8.08e-06
[16:48:02]     train step 3600/4000 loss=0.00830 lr=4.74e-06
[16:48:07]     train step 3800/4000 loss=0.00800 lr=2.69e-06
[16:48:11]     train step 4000/4000 loss=0.00792 lr=2.00e-06
[16:49:27]   [eval] SR=1.000
[16:49:28]   [dropout] intervention at t=0 (rollout 0) len=43
[16:49:28] 
===== dropout Round 19 | dataset=27 =====
[16:49:32]     train step 200/4000 loss=0.59139 lr=8.00e-05
[16:49:36]     train step 400/4000 loss=0.21290 lr=9.96e-05
[16:49:41]     train step 600/4000 loss=0.08202 lr=9.79e-05
[16:49:45]     train step 800/4000 loss=0.05043 lr=9.49e-05
[16:49:49]     train step 1000/4000 loss=0.03825 lr=9.07e-05
[16:49:53]     train step 1200/4000 loss=0.03125 lr=8.53e-05
[16:49:57]     train step 1400/4000 loss=0.02604 lr=7.90e-05
[16:50:01]     train step 1600/4000 loss=0.02198 lr=7.19e-05
[16:50:06]     train step 1800/4000 loss=0.01896 lr=6.42e-05
[16:50:10]     train step 2000/4000 loss=0.01691 lr=5.62e-05
[16:50:14]     train step 2200/4000 loss=0.01511 lr=4.80e-05
[16:50:18]     train step 2400/4000 loss=0.01294 lr=3.99e-05
[16:50:22]     train step 2600/4000 loss=0.01171 lr=3.20e-05
[16:50:26]     train step 2800/4000 loss=0.01043 lr=2.48e-05
[16:50:31]     train step 3000/4000 loss=0.00996 lr=1.82e-05
[16:50:35]     train step 3200/4000 loss=0.00921 lr=1.26e-05
[16:50:39]     train step 3400/4000 loss=0.00876 lr=8.08e-06
[16:50:43]     train step 3600/4000 loss=0.00842 lr=4.74e-06
[16:50:47]     train step 3800/4000 loss=0.00817 lr=2.69e-06
[16:50:52]     train step 4000/4000 loss=0.00808 lr=2.00e-06
[16:52:07]   [eval] SR=1.000
[16:52:13]   [dropout] intervention at t=5 (rollout 0) len=41
[16:52:13] 
===== dropout Round 20 | dataset=28 =====
[16:52:17]     train step 200/4000 loss=0.59110 lr=8.00e-05
[16:52:21]     train step 400/4000 loss=0.21052 lr=9.96e-05
[16:52:25]     train step 600/4000 loss=0.07909 lr=9.79e-05
[16:52:30]     train step 800/4000 loss=0.05022 lr=9.49e-05
[16:52:34]     train step 1000/4000 loss=0.03804 lr=9.07e-05
[16:52:38]     train step 1200/4000 loss=0.03089 lr=8.53e-05
[16:52:42]     train step 1400/4000 loss=0.02603 lr=7.90e-05
[16:52:46]     train step 1600/4000 loss=0.02290 lr=7.19e-05
[16:52:50]     train step 1800/4000 loss=0.01915 lr=6.42e-05
[16:52:55]     train step 2000/4000 loss=0.01676 lr=5.62e-05
[16:52:59]     train step 2200/4000 loss=0.01483 lr=4.80e-05
[16:53:03]     train step 2400/4000 loss=0.01307 lr=3.99e-05
[16:53:07]     train step 2600/4000 loss=0.01169 lr=3.20e-05
[16:53:11]     train step 2800/4000 loss=0.01053 lr=2.48e-05
[16:53:16]     train step 3000/4000 loss=0.00984 lr=1.82e-05
[16:53:20]     train step 3200/4000 loss=0.00896 lr=1.26e-05
[16:53:24]     train step 3400/4000 loss=0.00871 lr=8.08e-06
[16:53:28]     train step 3600/4000 loss=0.00838 lr=4.74e-06
[16:53:32]     train step 3800/4000 loss=0.00804 lr=2.69e-06
[16:53:36]     train step 4000/4000 loss=0.00796 lr=2.00e-06
[16:54:52]   [eval] SR=1.000
[16:54:53] DONE in 3794.6s | final_success=1.0
[16:54:53] [write] /weka/s226137394/DmNfull/distil/results/Lift/state/dropout/seed4/result.json
