[01:42:24] [env] loaded /weka/s226137394/DmNfull/.env
[01:42:26] ===== DISTIL | task=Lift modality=state ablation=decision_heuristic seed=3 budget=20 smoke=False device=cuda =====
[01:42:27] [bootstrap] loaded 8 shared demos from /weka/s226137394/DmNfull/distil/results/shared_bootstrap/Lift_state/Lift_state_ni8.pkl
[01:42:27] [kag] copied Lift.json + rendered .kag.txt into /weka/s226137394/DmNfull/distil/results/Lift/state/decision_heuristic/seed3/kag
[01:42:29] [init] using 8 bootstrap demos (shared with baselines)
[01:42:29] 
===== DISTIL Round 0 | dataset=8 trajs =====
[01:42:29]   [train] 8 trajs, 357 windows, state_dim=23 act_dim=7 params=4.26M steps=8000
[01:42:34]     train step 200/8000 loss=0.61395 lr=8.00e-05
[01:42:38]     train step 400/8000 loss=0.24387 lr=9.99e-05
[01:42:42]     train step 600/8000 loss=0.09030 lr=9.95e-05
[01:42:46]     train step 800/8000 loss=0.05589 lr=9.88e-05
[01:42:50]     train step 1000/8000 loss=0.04086 lr=9.78e-05
[01:42:54]     train step 1200/8000 loss=0.03228 lr=9.64e-05
[01:42:58]     train step 1400/8000 loss=0.02654 lr=9.48e-05
[01:43:02]     train step 1600/8000 loss=0.02260 lr=9.29e-05
[01:43:06]     train step 1800/8000 loss=0.02039 lr=9.07e-05
[01:43:10]     train step 2000/8000 loss=0.01745 lr=8.82e-05
[01:43:14]     train step 2200/8000 loss=0.01505 lr=8.55e-05
[01:43:18]     train step 2400/8000 loss=0.01384 lr=8.26e-05
[01:43:22]     train step 2600/8000 loss=0.01239 lr=7.94e-05
[01:43:26]     train step 2800/8000 loss=0.00977 lr=7.61e-05
[01:43:30]     train step 3000/8000 loss=0.00860 lr=7.26e-05
[01:43:34]     train step 3200/8000 loss=0.00807 lr=6.90e-05
[01:43:38]     train step 3400/8000 loss=0.00692 lr=6.52e-05
[01:43:42]     train step 3600/8000 loss=0.00688 lr=6.14e-05
[01:43:46]     train step 3800/8000 loss=0.00551 lr=5.75e-05
[01:43:50]     train step 4000/8000 loss=0.00494 lr=5.35e-05
[01:43:54]     train step 4200/8000 loss=0.00450 lr=4.95e-05
[01:43:58]     train step 4400/8000 loss=0.00420 lr=4.56e-05
[01:44:02]     train step 4600/8000 loss=0.00422 lr=4.16e-05
[01:44:06]     train step 4800/8000 loss=0.00421 lr=3.78e-05
[01:44:10]     train step 5000/8000 loss=0.00332 lr=3.40e-05
[01:44:14]     train step 5200/8000 loss=0.00306 lr=3.03e-05
[01:44:18]     train step 5400/8000 loss=0.00293 lr=2.68e-05
[01:44:22]     train step 5600/8000 loss=0.00280 lr=2.34e-05
[01:44:26]     train step 5800/8000 loss=0.00272 lr=2.02e-05
[01:44:29]     train step 6000/8000 loss=0.00264 lr=1.73e-05
[01:44:33]     train step 6200/8000 loss=0.00239 lr=1.45e-05
[01:44:37]     train step 6400/8000 loss=0.00229 lr=1.20e-05
[01:44:41]     train step 6600/8000 loss=0.00223 lr=9.69e-06
[01:44:45]     train step 6800/8000 loss=0.00219 lr=7.69e-06
[01:44:49]     train step 7000/8000 loss=0.00213 lr=5.98e-06
[01:44:53]     train step 7200/8000 loss=0.00209 lr=4.56e-06
[01:44:57]     train step 7400/8000 loss=0.00207 lr=3.45e-06
[01:45:01]     train step 7600/8000 loss=0.00202 lr=2.65e-06
[01:45:05]     train step 7800/8000 loss=0.00201 lr=2.16e-06
[01:45:09]     train step 8000/8000 loss=0.00198 lr=2.00e-06
[01:45:15]   [calibrate] threshold(alpha=0.99)=0.00304 over 1428 samples (median=0.00200)
[01:48:25]   [eval] pure-policy success=0.740 mean_len=118 (fixed 100-ep set)
[01:49:18]   [screen] 5/40 failures found
[01:49:19]   [collect a0] mode=select choice=geometric_select cited=[3000002] success=True len=43
[01:49:19] 
===== DISTIL Round 1 | dataset=9 trajs =====
[01:49:19]   [train] 9 trajs, 400 windows, state_dim=23 act_dim=7 params=4.26M steps=4000
[01:49:23]     train step 200/4000 loss=0.65449 lr=8.00e-05
[01:49:27]     train step 400/4000 loss=0.24920 lr=9.96e-05
[01:49:31]     train step 600/4000 loss=0.08901 lr=9.79e-05
[01:49:35]     train step 800/4000 loss=0.05531 lr=9.49e-05
[01:49:39]     train step 1000/4000 loss=0.03887 lr=9.07e-05
[01:49:43]     train step 1200/4000 loss=0.03149 lr=8.53e-05
[01:49:47]     train step 1400/4000 loss=0.02582 lr=7.90e-05
[01:49:51]     train step 1600/4000 loss=0.02217 lr=7.19e-05
[01:49:55]     train step 1800/4000 loss=0.01892 lr=6.42e-05
[01:49:59]     train step 2000/4000 loss=0.01641 lr=5.62e-05
[01:50:04]     train step 2200/4000 loss=0.01409 lr=4.80e-05
[01:50:08]     train step 2400/4000 loss=0.01273 lr=3.99e-05
[01:50:12]     train step 2600/4000 loss=0.01113 lr=3.20e-05
[01:50:16]     train step 2800/4000 loss=0.01002 lr=2.48e-05
[01:50:20]     train step 3000/4000 loss=0.00932 lr=1.82e-05
[01:50:24]     train step 3200/4000 loss=0.00858 lr=1.26e-05
[01:50:28]     train step 3400/4000 loss=0.00810 lr=8.08e-06
[01:50:32]     train step 3600/4000 loss=0.00786 lr=4.74e-06
[01:50:36]     train step 3800/4000 loss=0.00764 lr=2.69e-06
[01:50:40]     train step 4000/4000 loss=0.00757 lr=2.00e-06
[01:50:47]   [calibrate] threshold(alpha=0.99)=0.01428 over 1600 samples (median=0.00776)
[01:52:27]   [eval] pure-policy success=0.960 mean_len=63 (fixed 100-ep set)
[01:53:04]   [screen] 1/40 failures found
[01:53:04]   [collect a0] mode=select choice=geometric_select cited=[3000052] success=True len=33
[01:53:04] 
===== DISTIL Round 2 | dataset=10 trajs =====
[01:53:04]   [train] 10 trajs, 433 windows, state_dim=23 act_dim=7 params=4.26M steps=4000
[01:53:09]     train step 200/4000 loss=0.60116 lr=8.00e-05
[01:53:13]     train step 400/4000 loss=0.22656 lr=9.96e-05
[01:53:17]     train step 600/4000 loss=0.08549 lr=9.79e-05
[01:53:21]     train step 800/4000 loss=0.05538 lr=9.49e-05
[01:53:25]     train step 1000/4000 loss=0.04087 lr=9.07e-05
[01:53:29]     train step 1200/4000 loss=0.03170 lr=8.53e-05
[01:53:33]     train step 1400/4000 loss=0.02642 lr=7.90e-05
[01:53:37]     train step 1600/4000 loss=0.02296 lr=7.19e-05
[01:53:41]     train step 1800/4000 loss=0.01969 lr=6.42e-05
[01:53:45]     train step 2000/4000 loss=0.01737 lr=5.62e-05
[01:53:49]     train step 2200/4000 loss=0.01619 lr=4.80e-05
[01:53:53]     train step 2400/4000 loss=0.01448 lr=3.99e-05
[01:53:57]     train step 2600/4000 loss=0.01279 lr=3.20e-05
[01:54:01]     train step 2800/4000 loss=0.01183 lr=2.48e-05
[01:54:05]     train step 3000/4000 loss=0.01111 lr=1.82e-05
[01:54:09]     train step 3200/4000 loss=0.01019 lr=1.26e-05
[01:54:13]     train step 3400/4000 loss=0.00973 lr=8.08e-06
[01:54:17]     train step 3600/4000 loss=0.00927 lr=4.74e-06
[01:54:21]     train step 3800/4000 loss=0.00917 lr=2.69e-06
[01:54:25]     train step 4000/4000 loss=0.00896 lr=2.00e-06
[01:54:33]   [calibrate] threshold(alpha=0.99)=0.01677 over 1732 samples (median=0.00844)
[01:55:52]   [eval] pure-policy success=1.000 mean_len=49 (fixed 100-ep set)
[01:56:29]   [screen] 2/40 failures found
[01:56:30]   [collect a0] mode=select choice=geometric_select cited=[3000102] success=True len=40
[01:56:30] 
===== DISTIL Round 3 | dataset=11 trajs =====
[01:56:30]   [train] 11 trajs, 473 windows, state_dim=23 act_dim=7 params=4.26M steps=4000
[01:56:34]     train step 200/4000 loss=0.59320 lr=8.00e-05
[01:56:38]     train step 400/4000 loss=0.20752 lr=9.96e-05
[01:56:42]     train step 600/4000 loss=0.07511 lr=9.79e-05
[01:56:47]     train step 800/4000 loss=0.04829 lr=9.49e-05
[01:56:51]     train step 1000/4000 loss=0.03544 lr=9.07e-05
[01:56:55]     train step 1200/4000 loss=0.02911 lr=8.53e-05
[01:56:59]     train step 1400/4000 loss=0.02386 lr=7.90e-05
[01:57:03]     train step 1600/4000 loss=0.02091 lr=7.19e-05
[01:57:07]     train step 1800/4000 loss=0.01811 lr=6.42e-05
[01:57:11]     train step 2000/4000 loss=0.01626 lr=5.62e-05
[01:57:15]     train step 2200/4000 loss=0.01420 lr=4.80e-05
[01:57:19]     train step 2400/4000 loss=0.01287 lr=3.99e-05
[01:57:24]     train step 2600/4000 loss=0.01163 lr=3.20e-05
[01:57:28]     train step 2800/4000 loss=0.01048 lr=2.48e-05
[01:57:32]     train step 3000/4000 loss=0.00951 lr=1.82e-05
[01:57:36]     train step 3200/4000 loss=0.00887 lr=1.26e-05
[01:57:40]     train step 3400/4000 loss=0.00846 lr=8.08e-06
[01:57:44]     train step 3600/4000 loss=0.00809 lr=4.74e-06
[01:57:48]     train step 3800/4000 loss=0.00792 lr=2.69e-06
[01:57:52]     train step 4000/4000 loss=0.00781 lr=2.00e-06
[01:58:00]   [calibrate] threshold(alpha=0.99)=0.01408 over 1892 samples (median=0.00771)
[01:59:15]   [eval] pure-policy success=1.000 mean_len=46 (fixed 100-ep set)
[01:59:46]   [screen] 0/40 failures found
[01:59:46]   [screen] no usable failures — budget-free, next round (1/4 toward saturation stop)
[01:59:46] 
===== DISTIL Round 4 | dataset=11 trajs =====
[01:59:46]   [train] 11 trajs, 473 windows, state_dim=23 act_dim=7 params=4.26M steps=4000
[01:59:50]     train step 200/4000 loss=0.63503 lr=8.00e-05
[01:59:54]     train step 400/4000 loss=0.23505 lr=9.96e-05
[01:59:58]     train step 600/4000 loss=0.08558 lr=9.79e-05
[02:00:03]     train step 800/4000 loss=0.05411 lr=9.49e-05
[02:00:07]     train step 1000/4000 loss=0.04014 lr=9.07e-05
[02:00:11]     train step 1200/4000 loss=0.03185 lr=8.53e-05
[02:00:15]     train step 1400/4000 loss=0.02645 lr=7.90e-05
[02:00:19]     train step 1600/4000 loss=0.02200 lr=7.19e-05
[02:00:23]     train step 1800/4000 loss=0.01983 lr=6.42e-05
[02:00:27]     train step 2000/4000 loss=0.01698 lr=5.62e-05
[02:00:31]     train step 2200/4000 loss=0.01480 lr=4.80e-05
[02:00:35]     train step 2400/4000 loss=0.01306 lr=3.99e-05
[02:00:40]     train step 2600/4000 loss=0.01177 lr=3.20e-05
[02:00:44]     train step 2800/4000 loss=0.01071 lr=2.48e-05
[02:00:48]     train step 3000/4000 loss=0.00992 lr=1.82e-05
[02:00:52]     train step 3200/4000 loss=0.00931 lr=1.26e-05
[02:00:56]     train step 3400/4000 loss=0.00873 lr=8.08e-06
[02:01:00]     train step 3600/4000 loss=0.00830 lr=4.74e-06
[02:01:04]     train step 3800/4000 loss=0.00818 lr=2.69e-06
[02:01:08]     train step 4000/4000 loss=0.00800 lr=2.00e-06
[02:01:16]   [calibrate] threshold(alpha=0.99)=0.01467 over 1892 samples (median=0.00804)
[02:02:33]   [eval] pure-policy success=1.000 mean_len=47 (fixed 100-ep set)
[02:03:07]   [screen] 1/40 failures found
[02:03:07]   [collect a0] mode=select choice=geometric_select cited=[3000199] success=True len=41
[02:03:07] 
===== DISTIL Round 5 | dataset=12 trajs =====
[02:03:07]   [train] 12 trajs, 514 windows, state_dim=23 act_dim=7 params=4.26M steps=4000
[02:03:11]     train step 200/4000 loss=0.62269 lr=8.00e-05
[02:03:16]     train step 400/4000 loss=0.23175 lr=9.96e-05
[02:03:20]     train step 600/4000 loss=0.09216 lr=9.79e-05
[02:03:24]     train step 800/4000 loss=0.05921 lr=9.49e-05
[02:03:28]     train step 1000/4000 loss=0.04288 lr=9.07e-05
[02:03:32]     train step 1200/4000 loss=0.03355 lr=8.53e-05
[02:03:36]     train step 1400/4000 loss=0.02772 lr=7.90e-05
[02:03:40]     train step 1600/4000 loss=0.02345 lr=7.19e-05
[02:03:44]     train step 1800/4000 loss=0.01973 lr=6.42e-05
[02:03:48]     train step 2000/4000 loss=0.01766 lr=5.62e-05
[02:03:52]     train step 2200/4000 loss=0.01508 lr=4.80e-05
[02:03:57]     train step 2400/4000 loss=0.01348 lr=3.99e-05
[02:04:01]     train step 2600/4000 loss=0.01174 lr=3.20e-05
[02:04:05]     train step 2800/4000 loss=0.01054 lr=2.48e-05
[02:04:09]     train step 3000/4000 loss=0.00955 lr=1.82e-05
[02:04:13]     train step 3200/4000 loss=0.00879 lr=1.26e-05
[02:04:17]     train step 3400/4000 loss=0.00836 lr=8.08e-06
[02:04:21]     train step 3600/4000 loss=0.00799 lr=4.74e-06
[02:04:25]     train step 3800/4000 loss=0.00783 lr=2.69e-06
[02:04:30]     train step 4000/4000 loss=0.00760 lr=2.00e-06
[02:04:38]   [calibrate] threshold(alpha=0.99)=0.01390 over 2056 samples (median=0.00761)
[02:06:02]   [eval] pure-policy success=0.980 mean_len=51 (fixed 100-ep set)
[02:06:33]   [screen] 0/40 failures found
[02:06:33]   [screen] no usable failures — budget-free, next round (1/4 toward saturation stop)
[02:06:33] 
===== DISTIL Round 6 | dataset=12 trajs =====
[02:06:33]   [train] 12 trajs, 514 windows, state_dim=23 act_dim=7 params=4.26M steps=4000
[02:06:37]     train step 200/4000 loss=0.59264 lr=8.00e-05
[02:06:41]     train step 400/4000 loss=0.22944 lr=9.96e-05
[02:06:45]     train step 600/4000 loss=0.08319 lr=9.79e-05
[02:06:49]     train step 800/4000 loss=0.05263 lr=9.49e-05
[02:06:53]     train step 1000/4000 loss=0.03950 lr=9.07e-05
[02:06:58]     train step 1200/4000 loss=0.03086 lr=8.53e-05
[02:07:02]     train step 1400/4000 loss=0.02557 lr=7.90e-05
[02:07:06]     train step 1600/4000 loss=0.02161 lr=7.19e-05
[02:07:10]     train step 1800/4000 loss=0.01881 lr=6.42e-05
[02:07:14]     train step 2000/4000 loss=0.01641 lr=5.62e-05
[02:07:18]     train step 2200/4000 loss=0.01456 lr=4.80e-05
[02:07:22]     train step 2400/4000 loss=0.01291 lr=3.99e-05
[02:07:27]     train step 2600/4000 loss=0.01134 lr=3.20e-05
[02:07:31]     train step 2800/4000 loss=0.01061 lr=2.48e-05
[02:07:35]     train step 3000/4000 loss=0.00955 lr=1.82e-05
[02:07:39]     train step 3200/4000 loss=0.00889 lr=1.26e-05
[02:07:43]     train step 3400/4000 loss=0.00844 lr=8.08e-06
[02:07:47]     train step 3600/4000 loss=0.00805 lr=4.74e-06
[02:07:51]     train step 3800/4000 loss=0.00786 lr=2.69e-06
[02:07:55]     train step 4000/4000 loss=0.00775 lr=2.00e-06
[02:08:04]   [calibrate] threshold(alpha=0.99)=0.01531 over 2056 samples (median=0.00761)
[02:09:22]   [eval] pure-policy success=1.000 mean_len=48 (fixed 100-ep set)
[02:09:53]   [screen] 0/40 failures found
[02:09:53]   [screen] no usable failures — budget-free, next round (2/4 toward saturation stop)
[02:09:53] 
===== DISTIL Round 7 | dataset=12 trajs =====
[02:09:53]   [train] 12 trajs, 514 windows, state_dim=23 act_dim=7 params=4.26M steps=4000
[02:09:57]     train step 200/4000 loss=0.59149 lr=8.00e-05
[02:10:01]     train step 400/4000 loss=0.21730 lr=9.96e-05
[02:10:05]     train step 600/4000 loss=0.07685 lr=9.79e-05
[02:10:09]     train step 800/4000 loss=0.04814 lr=9.49e-05
[02:10:13]     train step 1000/4000 loss=0.03647 lr=9.07e-05
[02:10:18]     train step 1200/4000 loss=0.02882 lr=8.53e-05
[02:10:22]     train step 1400/4000 loss=0.02400 lr=7.90e-05
[02:10:26]     train step 1600/4000 loss=0.02030 lr=7.19e-05
[02:10:30]     train step 1800/4000 loss=0.01785 lr=6.42e-05
[02:10:34]     train step 2000/4000 loss=0.01544 lr=5.62e-05
[02:10:38]     train step 2200/4000 loss=0.01408 lr=4.80e-05
[02:10:42]     train step 2400/4000 loss=0.01230 lr=3.99e-05
[02:10:47]     train step 2600/4000 loss=0.01121 lr=3.20e-05
[02:10:51]     train step 2800/4000 loss=0.01011 lr=2.48e-05
[02:10:55]     train step 3000/4000 loss=0.00933 lr=1.82e-05
[02:10:59]     train step 3200/4000 loss=0.00847 lr=1.26e-05
[02:11:03]     train step 3400/4000 loss=0.00814 lr=8.08e-06
[02:11:07]     train step 3600/4000 loss=0.00780 lr=4.74e-06
[02:11:11]     train step 3800/4000 loss=0.00773 lr=2.69e-06
[02:11:15]     train step 4000/4000 loss=0.00753 lr=2.00e-06
[02:11:24]   [calibrate] threshold(alpha=0.99)=0.01404 over 2056 samples (median=0.00762)
[02:12:49]   [eval] pure-policy success=0.970 mean_len=52 (fixed 100-ep set)
[02:13:19]   [screen] 0/40 failures found
[02:13:20]   [screen] no usable failures — budget-free, next round (3/4 toward saturation stop)
[02:13:20] 
===== DISTIL Round 8 | dataset=12 trajs =====
[02:13:20]   [train] 12 trajs, 514 windows, state_dim=23 act_dim=7 params=4.26M steps=4000
[02:13:24]     train step 200/4000 loss=0.60138 lr=8.00e-05
[02:13:28]     train step 400/4000 loss=0.22756 lr=9.96e-05
[02:13:32]     train step 600/4000 loss=0.08082 lr=9.79e-05
[02:13:36]     train step 800/4000 loss=0.04948 lr=9.49e-05
[02:13:40]     train step 1000/4000 loss=0.03526 lr=9.07e-05
[02:13:44]     train step 1200/4000 loss=0.02798 lr=8.53e-05
[02:13:49]     train step 1400/4000 loss=0.02325 lr=7.90e-05
[02:13:53]     train step 1600/4000 loss=0.01950 lr=7.19e-05
[02:13:57]     train step 1800/4000 loss=0.01656 lr=6.42e-05
[02:14:01]     train step 2000/4000 loss=0.01451 lr=5.62e-05
[02:14:05]     train step 2200/4000 loss=0.01228 lr=4.80e-05
[02:14:09]     train step 2400/4000 loss=0.01096 lr=3.99e-05
[02:14:13]     train step 2600/4000 loss=0.00982 lr=3.20e-05
[02:14:18]     train step 2800/4000 loss=0.00869 lr=2.48e-05
[02:14:22]     train step 3000/4000 loss=0.00779 lr=1.82e-05
[02:14:26]     train step 3200/4000 loss=0.00720 lr=1.26e-05
[02:14:30]     train step 3400/4000 loss=0.00687 lr=8.08e-06
[02:14:34]     train step 3600/4000 loss=0.00657 lr=4.74e-06
[02:14:38]     train step 3800/4000 loss=0.00640 lr=2.69e-06
[02:14:42]     train step 4000/4000 loss=0.00632 lr=2.00e-06
[02:14:51]   [calibrate] threshold(alpha=0.99)=0.01201 over 2056 samples (median=0.00618)
[02:16:07]   [eval] pure-policy success=1.000 mean_len=46 (fixed 100-ep set)
[02:16:38]   [screen] 0/40 failures found
[02:16:38]   [screen] no usable failures for 4 consecutive rounds -> saturated (sr=1.000); stopping early
[02:16:38] 
[FINAL] DISTIL pure-policy success=1.0 | demos=12 (last frozen held-out eval)
[02:16:38] DONE in 2050.1s | final_success=1.0
[02:16:38] [write] /weka/s226137394/DmNfull/distil/results/Lift/state/decision_heuristic/seed3/result.json
