[17:02:26] [env] loaded /weka/s226137394/DmNfull/.env
[17:02:27] ===== DISTIL | task=Door modality=image ablation=safe seed=1 budget=5 smoke=False device=cuda =====
[17:02:33]   [collect] demo 1/4: success=True len=58
[17:02:34]   [collect] demo 2/4: success=True len=59
[17:02:34]   [collect] demo 3/4: success=True len=60
[17:02:35]   [collect] demo 4/4: success=True len=123
[17:02:35] [bootstrap] collected + saved 4 shared demos to /weka/s226137394/DmNfull/distil/results/shared_bootstrap/Door_image/Door_image_ni4.pkl
[17:02:43] 
===== safe Round 0 | dataset=4 =====
[17:02:59]     train step 200/8000 loss=0.63600 lr=8.00e-05
[17:03:14]     train step 400/8000 loss=0.27615 lr=9.99e-05
[17:03:29]     train step 600/8000 loss=0.14848 lr=9.95e-05
[17:03:42]     train step 800/8000 loss=0.10552 lr=9.88e-05
[17:03:56]     train step 1000/8000 loss=0.08278 lr=9.78e-05
[17:04:10]     train step 1200/8000 loss=0.06509 lr=9.64e-05
[17:04:27]     train step 1400/8000 loss=0.05219 lr=9.48e-05
[17:04:42]     train step 1600/8000 loss=0.04604 lr=9.29e-05
[17:04:58]     train step 1800/8000 loss=0.03898 lr=9.07e-05
[17:05:11]     train step 2000/8000 loss=0.03587 lr=8.82e-05
[17:05:26]     train step 2200/8000 loss=0.03103 lr=8.55e-05
[17:05:43]     train step 2400/8000 loss=0.02744 lr=8.26e-05
[17:06:00]     train step 2600/8000 loss=0.02468 lr=7.94e-05
[17:06:16]     train step 2800/8000 loss=0.02206 lr=7.61e-05
[17:06:31]     train step 3000/8000 loss=0.02104 lr=7.26e-05
[17:06:45]     train step 3200/8000 loss=0.01877 lr=6.90e-05
[17:07:01]     train step 3400/8000 loss=0.01741 lr=6.52e-05
[17:07:17]     train step 3600/8000 loss=0.01653 lr=6.14e-05
[17:07:32]     train step 3800/8000 loss=0.01505 lr=5.75e-05
[17:07:47]     train step 4000/8000 loss=0.01384 lr=5.35e-05
[17:08:02]     train step 4200/8000 loss=0.01272 lr=4.95e-05
[17:08:20]     train step 4400/8000 loss=0.01172 lr=4.56e-05
[17:08:36]     train step 4600/8000 loss=0.01119 lr=4.16e-05
[17:08:53]     train step 4800/8000 loss=0.01021 lr=3.78e-05
[17:09:13]     train step 5000/8000 loss=0.00934 lr=3.40e-05
[17:09:28]     train step 5200/8000 loss=0.00858 lr=3.03e-05
[17:09:43]     train step 5400/8000 loss=0.00779 lr=2.68e-05
[17:09:57]     train step 5600/8000 loss=0.00724 lr=2.34e-05
[17:10:14]     train step 5800/8000 loss=0.00678 lr=2.02e-05
[17:10:30]     train step 6000/8000 loss=0.00625 lr=1.73e-05
[17:10:44]     train step 6200/8000 loss=0.00607 lr=1.45e-05
[17:11:00]     train step 6400/8000 loss=0.00565 lr=1.20e-05
[17:11:15]     train step 6600/8000 loss=0.00529 lr=9.69e-06
[17:11:30]     train step 6800/8000 loss=0.00515 lr=7.69e-06
[17:11:47]     train step 7000/8000 loss=0.00496 lr=5.98e-06
[17:12:03]     train step 7200/8000 loss=0.00480 lr=4.56e-06
[17:12:18]     train step 7400/8000 loss=0.00463 lr=3.45e-06
[17:12:36]     train step 7600/8000 loss=0.00462 lr=2.65e-06
[17:12:50]     train step 7800/8000 loss=0.00457 lr=2.16e-06
[17:13:08]     train step 8000/8000 loss=0.00447 lr=2.00e-06
[17:23:29]   [eval] SR=0.350
[17:23:30]   [safe] intervention at t=0 (rollout 0) len=122
[17:23:30] 
===== safe Round 1 | dataset=5 =====
[17:23:51]     train step 200/4000 loss=0.61113 lr=8.00e-05
[17:24:14]     train step 400/4000 loss=0.24783 lr=9.96e-05
[17:24:35]     train step 600/4000 loss=0.12844 lr=9.79e-05
[17:24:57]     train step 800/4000 loss=0.08867 lr=9.49e-05
[17:25:41]     train step 1000/4000 loss=0.06951 lr=9.07e-05
[17:26:11]     train step 1200/4000 loss=0.05448 lr=8.53e-05
[17:26:47]     train step 1400/4000 loss=0.04571 lr=7.90e-05
[17:27:17]     train step 1600/4000 loss=0.03941 lr=7.19e-05
[17:27:37]     train step 1800/4000 loss=0.03336 lr=6.42e-05
[17:27:57]     train step 2000/4000 loss=0.02921 lr=5.62e-05
[17:28:17]     train step 2200/4000 loss=0.02597 lr=4.80e-05
[17:28:45]     train step 2400/4000 loss=0.02297 lr=3.99e-05
[17:29:12]     train step 2600/4000 loss=0.02067 lr=3.20e-05
[17:29:38]     train step 2800/4000 loss=0.01870 lr=2.48e-05
[17:30:02]     train step 3000/4000 loss=0.01718 lr=1.82e-05
[17:30:26]     train step 3200/4000 loss=0.01601 lr=1.26e-05
[17:30:54]     train step 3400/4000 loss=0.01524 lr=8.08e-06
[17:31:19]     train step 3600/4000 loss=0.01424 lr=4.74e-06
[17:31:40]     train step 3800/4000 loss=0.01378 lr=2.69e-06
[17:32:00]     train step 4000/4000 loss=0.01351 lr=2.00e-06
[17:41:18]   [eval] SR=0.450
[17:41:19]   [safe] intervention at t=0 (rollout 0) len=59
[17:41:19] 
===== safe Round 2 | dataset=6 =====
[17:41:39]     train step 200/4000 loss=0.60909 lr=8.00e-05
[17:42:00]     train step 400/4000 loss=0.24062 lr=9.96e-05
[17:42:22]     train step 600/4000 loss=0.12699 lr=9.79e-05
[17:42:46]     train step 800/4000 loss=0.08711 lr=9.49e-05
[17:43:07]     train step 1000/4000 loss=0.06725 lr=9.07e-05
[17:43:30]     train step 1200/4000 loss=0.05322 lr=8.53e-05
[17:43:48]     train step 1400/4000 loss=0.04534 lr=7.90e-05
[17:44:05]     train step 1600/4000 loss=0.03860 lr=7.19e-05
[17:44:22]     train step 1800/4000 loss=0.03324 lr=6.42e-05
[17:44:39]     train step 2000/4000 loss=0.03025 lr=5.62e-05
[17:44:57]     train step 2200/4000 loss=0.02714 lr=4.80e-05
[17:45:14]     train step 2400/4000 loss=0.02437 lr=3.99e-05
[17:45:31]     train step 2600/4000 loss=0.02219 lr=3.20e-05
[17:45:49]     train step 2800/4000 loss=0.02020 lr=2.48e-05
[17:46:06]     train step 3000/4000 loss=0.01875 lr=1.82e-05
[17:46:23]     train step 3200/4000 loss=0.01733 lr=1.26e-05
[17:46:41]     train step 3400/4000 loss=0.01669 lr=8.08e-06
[17:46:59]     train step 3600/4000 loss=0.01580 lr=4.74e-06
[17:47:17]     train step 3800/4000 loss=0.01533 lr=2.69e-06
[17:47:34]     train step 4000/4000 loss=0.01493 lr=2.00e-06
[17:57:22]   [eval] SR=0.450
[17:57:23]   [safe] intervention at t=0 (rollout 0) len=54
[17:57:23] 
===== safe Round 3 | dataset=7 =====
[17:57:42]     train step 200/4000 loss=0.61049 lr=8.00e-05
[17:57:59]     train step 400/4000 loss=0.23927 lr=9.96e-05
[17:58:17]     train step 600/4000 loss=0.12323 lr=9.79e-05
[17:58:35]     train step 800/4000 loss=0.08561 lr=9.49e-05
[17:58:53]     train step 1000/4000 loss=0.06490 lr=9.07e-05
[17:59:10]     train step 1200/4000 loss=0.05211 lr=8.53e-05
[17:59:28]     train step 1400/4000 loss=0.04350 lr=7.90e-05
[17:59:45]     train step 1600/4000 loss=0.03750 lr=7.19e-05
[18:00:03]     train step 1800/4000 loss=0.03228 lr=6.42e-05
[18:00:21]     train step 2000/4000 loss=0.02884 lr=5.62e-05
[18:00:40]     train step 2200/4000 loss=0.02593 lr=4.80e-05
[18:00:57]     train step 2400/4000 loss=0.02282 lr=3.99e-05
[18:01:15]     train step 2600/4000 loss=0.02121 lr=3.20e-05
[18:01:33]     train step 2800/4000 loss=0.01923 lr=2.48e-05
[18:01:51]     train step 3000/4000 loss=0.01777 lr=1.82e-05
[18:02:08]     train step 3200/4000 loss=0.01661 lr=1.26e-05
[18:02:26]     train step 3400/4000 loss=0.01575 lr=8.08e-06
[18:02:44]     train step 3600/4000 loss=0.01494 lr=4.74e-06
[18:03:02]     train step 3800/4000 loss=0.01451 lr=2.69e-06
[18:03:20]     train step 4000/4000 loss=0.01423 lr=2.00e-06
[18:11:20]   [eval] SR=0.660
[18:11:21]   [safe] intervention at t=0 (rollout 0) len=58
[18:11:21] 
===== safe Round 4 | dataset=8 =====
[18:11:40]     train step 200/4000 loss=0.60866 lr=8.00e-05
[18:11:58]     train step 400/4000 loss=0.23719 lr=9.96e-05
[18:12:16]     train step 600/4000 loss=0.12743 lr=9.79e-05
[18:12:36]     train step 800/4000 loss=0.08868 lr=9.49e-05
[18:12:54]     train step 1000/4000 loss=0.06809 lr=9.07e-05
[18:13:29]     train step 1200/4000 loss=0.05411 lr=8.53e-05
[18:14:01]     train step 1400/4000 loss=0.04544 lr=7.90e-05
[18:14:22]     train step 1600/4000 loss=0.03984 lr=7.19e-05
[18:14:51]     train step 1800/4000 loss=0.03405 lr=6.42e-05
[18:15:19]     train step 2000/4000 loss=0.03008 lr=5.62e-05
[18:15:50]     train step 2200/4000 loss=0.02713 lr=4.80e-05
[18:16:08]     train step 2400/4000 loss=0.02429 lr=3.99e-05
[18:16:30]     train step 2600/4000 loss=0.02272 lr=3.20e-05
[18:16:49]     train step 2800/4000 loss=0.02049 lr=2.48e-05
[18:17:15]     train step 3000/4000 loss=0.01897 lr=1.82e-05
[18:17:33]     train step 3200/4000 loss=0.01778 lr=1.26e-05
[18:17:55]     train step 3400/4000 loss=0.01712 lr=8.08e-06
[18:18:19]     train step 3600/4000 loss=0.01628 lr=4.74e-06
[18:18:43]     train step 3800/4000 loss=0.01580 lr=2.69e-06
[18:19:05]     train step 4000/4000 loss=0.01540 lr=2.00e-06
[18:28:53]   [eval] SR=0.410
[18:28:54]   [safe] intervention at t=0 (rollout 0) len=121
[18:28:54] 
===== safe Round 5 | dataset=9 =====
[18:29:15]     train step 200/4000 loss=0.60696 lr=8.00e-05
[18:29:34]     train step 400/4000 loss=0.23754 lr=9.96e-05
[18:29:56]     train step 600/4000 loss=0.13035 lr=9.79e-05
[18:30:21]     train step 800/4000 loss=0.08994 lr=9.49e-05
[18:30:39]     train step 1000/4000 loss=0.06815 lr=9.07e-05
[18:30:58]     train step 1200/4000 loss=0.05467 lr=8.53e-05
[18:31:19]     train step 1400/4000 loss=0.04574 lr=7.90e-05
[18:31:39]     train step 1600/4000 loss=0.03897 lr=7.19e-05
[18:31:59]     train step 1800/4000 loss=0.03420 lr=6.42e-05
[18:32:19]     train step 2000/4000 loss=0.03000 lr=5.62e-05
[18:32:40]     train step 2200/4000 loss=0.02709 lr=4.80e-05
[18:33:00]     train step 2400/4000 loss=0.02471 lr=3.99e-05
[18:33:19]     train step 2600/4000 loss=0.02278 lr=3.20e-05
[18:33:46]     train step 2800/4000 loss=0.02064 lr=2.48e-05
[18:34:04]     train step 3000/4000 loss=0.01926 lr=1.82e-05
[18:34:26]     train step 3200/4000 loss=0.01801 lr=1.26e-05
[18:34:46]     train step 3400/4000 loss=0.01722 lr=8.08e-06
[18:35:08]     train step 3600/4000 loss=0.01636 lr=4.74e-06
[18:35:27]     train step 3800/4000 loss=0.01576 lr=2.69e-06
[18:35:49]     train step 4000/4000 loss=0.01552 lr=2.00e-06
[18:43:11]   [eval] SR=0.650
[18:43:11] DONE in 6029.8s | final_success=0.65
[18:43:11] [write] /weka/s226137394/DmNfull/distil/results/_compute/Door/image/safe/seed1/result.json
