[16:55:07] [env] loaded /weka/s226137394/DmNfull/.env
[16:55:08] ===== DISTIL | task=Lift modality=state ablation=thrifty seed=3 budget=20 smoke=False device=cuda =====
[16:55:08] [bootstrap] loaded 8 shared demos from /weka/s226137394/DmNfull/distil/results/shared_bootstrap/Lift_state/Lift_state_ni8.pkl
[16:55:10] 
===== thrifty Round 0 | dataset=8 =====
[16:55:16]     train step 200/8000 loss=0.61264 lr=8.00e-05
[16:55:20]     train step 400/8000 loss=0.24757 lr=9.99e-05
[16:55:24]     train step 600/8000 loss=0.08759 lr=9.95e-05
[16:55:28]     train step 800/8000 loss=0.05309 lr=9.88e-05
[16:55:32]     train step 1000/8000 loss=0.03869 lr=9.78e-05
[16:55:36]     train step 1200/8000 loss=0.02967 lr=9.64e-05
[16:55:40]     train step 1400/8000 loss=0.02396 lr=9.48e-05
[16:55:44]     train step 1600/8000 loss=0.02036 lr=9.29e-05
[16:55:48]     train step 1800/8000 loss=0.01767 lr=9.07e-05
[16:55:52]     train step 2000/8000 loss=0.01541 lr=8.82e-05
[16:55:56]     train step 2200/8000 loss=0.01327 lr=8.55e-05
[16:56:00]     train step 2400/8000 loss=0.01108 lr=8.26e-05
[16:56:04]     train step 2600/8000 loss=0.01023 lr=7.94e-05
[16:56:08]     train step 2800/8000 loss=0.00925 lr=7.61e-05
[16:56:12]     train step 3000/8000 loss=0.00802 lr=7.26e-05
[16:56:16]     train step 3200/8000 loss=0.00670 lr=6.90e-05
[16:56:19]     train step 3400/8000 loss=0.00646 lr=6.52e-05
[16:56:23]     train step 3600/8000 loss=0.00534 lr=6.14e-05
[16:56:27]     train step 3800/8000 loss=0.00505 lr=5.75e-05
[16:56:31]     train step 4000/8000 loss=0.00477 lr=5.35e-05
[16:56:35]     train step 4200/8000 loss=0.00408 lr=4.95e-05
[16:56:39]     train step 4400/8000 loss=0.00390 lr=4.56e-05
[16:56:43]     train step 4600/8000 loss=0.00375 lr=4.16e-05
[16:56:47]     train step 4800/8000 loss=0.00338 lr=3.78e-05
[16:56:51]     train step 5000/8000 loss=0.00304 lr=3.40e-05
[16:56:55]     train step 5200/8000 loss=0.00286 lr=3.03e-05
[16:56:59]     train step 5400/8000 loss=0.00269 lr=2.68e-05
[16:57:03]     train step 5600/8000 loss=0.00253 lr=2.34e-05
[16:57:07]     train step 5800/8000 loss=0.00243 lr=2.02e-05
[16:57:11]     train step 6000/8000 loss=0.00228 lr=1.73e-05
[16:57:15]     train step 6200/8000 loss=0.00222 lr=1.45e-05
[16:57:19]     train step 6400/8000 loss=0.00214 lr=1.20e-05
[16:57:23]     train step 6600/8000 loss=0.00207 lr=9.69e-06
[16:57:27]     train step 6800/8000 loss=0.00203 lr=7.69e-06
[16:57:31]     train step 7000/8000 loss=0.00198 lr=5.98e-06
[16:57:35]     train step 7200/8000 loss=0.00196 lr=4.56e-06
[16:57:39]     train step 7400/8000 loss=0.00191 lr=3.45e-06
[16:57:43]     train step 7600/8000 loss=0.00191 lr=2.65e-06
[16:57:47]     train step 7800/8000 loss=0.00186 lr=2.16e-06
[16:57:51]     train step 8000/8000 loss=0.00187 lr=2.00e-06
[17:11:36]   [eval] SR=0.680
[17:11:37]   [thrifty] intervention at t=0 (rollout 0) len=47
[17:11:37] 
===== thrifty Round 1 | dataset=9 =====
[17:11:41]     train step 200/4000 loss=0.60990 lr=8.00e-05
[17:11:45]     train step 400/4000 loss=0.23278 lr=9.96e-05
[17:11:49]     train step 600/4000 loss=0.08227 lr=9.79e-05
[17:11:53]     train step 800/4000 loss=0.05049 lr=9.49e-05
[17:11:57]     train step 1000/4000 loss=0.03771 lr=9.07e-05
[17:12:01]     train step 1200/4000 loss=0.02983 lr=8.53e-05
[17:12:05]     train step 1400/4000 loss=0.02441 lr=7.90e-05
[17:12:09]     train step 1600/4000 loss=0.02032 lr=7.19e-05
[17:12:13]     train step 1800/4000 loss=0.01710 lr=6.42e-05
[17:12:18]     train step 2000/4000 loss=0.01518 lr=5.62e-05
[17:12:22]     train step 2200/4000 loss=0.01302 lr=4.80e-05
[17:12:26]     train step 2400/4000 loss=0.01104 lr=3.99e-05
[17:12:30]     train step 2600/4000 loss=0.00992 lr=3.20e-05
[17:12:34]     train step 2800/4000 loss=0.00893 lr=2.48e-05
[17:12:38]     train step 3000/4000 loss=0.00797 lr=1.82e-05
[17:12:42]     train step 3200/4000 loss=0.00730 lr=1.26e-05
[17:12:46]     train step 3400/4000 loss=0.00706 lr=8.08e-06
[17:12:50]     train step 3600/4000 loss=0.00665 lr=4.74e-06
[17:12:54]     train step 3800/4000 loss=0.00647 lr=2.69e-06
[17:12:58]     train step 4000/4000 loss=0.00634 lr=2.00e-06
[17:20:13]   [eval] SR=0.930
[17:20:14]   [thrifty] intervention at t=0 (rollout 0) len=42
[17:20:14] 
===== thrifty Round 2 | dataset=10 =====
[17:20:18]     train step 200/4000 loss=0.60775 lr=8.00e-05
[17:20:22]     train step 400/4000 loss=0.22700 lr=9.96e-05
[17:20:26]     train step 600/4000 loss=0.07968 lr=9.79e-05
[17:20:30]     train step 800/4000 loss=0.04971 lr=9.49e-05
[17:20:35]     train step 1000/4000 loss=0.03612 lr=9.07e-05
[17:20:39]     train step 1200/4000 loss=0.02907 lr=8.53e-05
[17:20:43]     train step 1400/4000 loss=0.02361 lr=7.90e-05
[17:20:47]     train step 1600/4000 loss=0.01992 lr=7.19e-05
[17:20:51]     train step 1800/4000 loss=0.01717 lr=6.42e-05
[17:20:55]     train step 2000/4000 loss=0.01458 lr=5.62e-05
[17:20:59]     train step 2200/4000 loss=0.01213 lr=4.80e-05
[17:21:03]     train step 2400/4000 loss=0.01077 lr=3.99e-05
[17:21:07]     train step 2600/4000 loss=0.00932 lr=3.20e-05
[17:21:11]     train step 2800/4000 loss=0.00849 lr=2.48e-05
[17:21:15]     train step 3000/4000 loss=0.00762 lr=1.82e-05
[17:21:19]     train step 3200/4000 loss=0.00710 lr=1.26e-05
[17:21:24]     train step 3400/4000 loss=0.00680 lr=8.08e-06
[17:21:28]     train step 3600/4000 loss=0.00652 lr=4.74e-06
[17:21:32]     train step 3800/4000 loss=0.00632 lr=2.69e-06
[17:21:36]     train step 4000/4000 loss=0.00622 lr=2.00e-06
[17:28:45]   [eval] SR=0.960
[17:28:46]   [thrifty] intervention at t=0 (rollout 0) len=45
[17:28:46] 
===== thrifty Round 3 | dataset=11 =====
[17:28:50]     train step 200/4000 loss=0.60945 lr=8.00e-05
[17:28:55]     train step 400/4000 loss=0.22512 lr=9.96e-05
[17:28:59]     train step 600/4000 loss=0.07668 lr=9.79e-05
[17:29:03]     train step 800/4000 loss=0.04843 lr=9.49e-05
[17:29:07]     train step 1000/4000 loss=0.03652 lr=9.07e-05
[17:29:11]     train step 1200/4000 loss=0.02877 lr=8.53e-05
[17:29:15]     train step 1400/4000 loss=0.02360 lr=7.90e-05
[17:29:20]     train step 1600/4000 loss=0.02017 lr=7.19e-05
[17:29:24]     train step 1800/4000 loss=0.01711 lr=6.42e-05
[17:29:28]     train step 2000/4000 loss=0.01492 lr=5.62e-05
[17:29:32]     train step 2200/4000 loss=0.01301 lr=4.80e-05
[17:29:36]     train step 2400/4000 loss=0.01139 lr=3.99e-05
[17:29:40]     train step 2600/4000 loss=0.01009 lr=3.20e-05
[17:29:44]     train step 2800/4000 loss=0.00899 lr=2.48e-05
[17:29:49]     train step 3000/4000 loss=0.00818 lr=1.82e-05
[17:29:53]     train step 3200/4000 loss=0.00761 lr=1.26e-05
[17:29:57]     train step 3400/4000 loss=0.00731 lr=8.08e-06
[17:30:01]     train step 3600/4000 loss=0.00698 lr=4.74e-06
[17:30:05]     train step 3800/4000 loss=0.00676 lr=2.69e-06
[17:30:09]     train step 4000/4000 loss=0.00668 lr=2.00e-06
[17:37:06]   [eval] SR=0.990
[17:37:07]   [thrifty] intervention at t=0 (rollout 0) len=44
[17:37:07] 
===== thrifty Round 4 | dataset=12 =====
[17:37:11]     train step 200/4000 loss=0.60128 lr=8.00e-05
[17:37:15]     train step 400/4000 loss=0.21800 lr=9.96e-05
[17:37:19]     train step 600/4000 loss=0.07867 lr=9.79e-05
[17:37:24]     train step 800/4000 loss=0.04856 lr=9.49e-05
[17:37:28]     train step 1000/4000 loss=0.03635 lr=9.07e-05
[17:37:32]     train step 1200/4000 loss=0.02846 lr=8.53e-05
[17:37:36]     train step 1400/4000 loss=0.02338 lr=7.90e-05
[17:37:40]     train step 1600/4000 loss=0.01999 lr=7.19e-05
[17:37:44]     train step 1800/4000 loss=0.01724 lr=6.42e-05
[17:37:48]     train step 2000/4000 loss=0.01433 lr=5.62e-05
[17:37:52]     train step 2200/4000 loss=0.01253 lr=4.80e-05
[17:37:57]     train step 2400/4000 loss=0.01090 lr=3.99e-05
[17:38:01]     train step 2600/4000 loss=0.00966 lr=3.20e-05
[17:38:05]     train step 2800/4000 loss=0.00881 lr=2.48e-05
[17:38:09]     train step 3000/4000 loss=0.00795 lr=1.82e-05
[17:38:13]     train step 3200/4000 loss=0.00737 lr=1.26e-05
[17:38:17]     train step 3400/4000 loss=0.00715 lr=8.08e-06
[17:38:21]     train step 3600/4000 loss=0.00686 lr=4.74e-06
[17:38:25]     train step 3800/4000 loss=0.00664 lr=2.69e-06
[17:38:30]     train step 4000/4000 loss=0.00655 lr=2.00e-06
[17:45:20]   [eval] SR=1.000
[17:45:20]   [thrifty] intervention at t=0 (rollout 0) len=47
[17:45:20] 
===== thrifty Round 5 | dataset=13 =====
[17:45:25]     train step 200/4000 loss=0.60279 lr=8.00e-05
[17:45:29]     train step 400/4000 loss=0.21968 lr=9.96e-05
[17:45:33]     train step 600/4000 loss=0.07845 lr=9.79e-05
[17:45:37]     train step 800/4000 loss=0.04946 lr=9.49e-05
[17:45:41]     train step 1000/4000 loss=0.03722 lr=9.07e-05
[17:45:45]     train step 1200/4000 loss=0.02948 lr=8.53e-05
[17:45:49]     train step 1400/4000 loss=0.02394 lr=7.90e-05
[17:45:54]     train step 1600/4000 loss=0.02037 lr=7.19e-05
[17:45:58]     train step 1800/4000 loss=0.01782 lr=6.42e-05
[17:46:02]     train step 2000/4000 loss=0.01505 lr=5.62e-05
[17:46:06]     train step 2200/4000 loss=0.01306 lr=4.80e-05
[17:46:10]     train step 2400/4000 loss=0.01171 lr=3.99e-05
[17:46:14]     train step 2600/4000 loss=0.01035 lr=3.20e-05
[17:46:18]     train step 2800/4000 loss=0.00931 lr=2.48e-05
[17:46:23]     train step 3000/4000 loss=0.00853 lr=1.82e-05
[17:46:27]     train step 3200/4000 loss=0.00789 lr=1.26e-05
[17:46:31]     train step 3400/4000 loss=0.00757 lr=8.08e-06
[17:46:35]     train step 3600/4000 loss=0.00725 lr=4.74e-06
[17:46:39]     train step 3800/4000 loss=0.00702 lr=2.69e-06
[17:46:43]     train step 4000/4000 loss=0.00692 lr=2.00e-06
[17:53:32]   [eval] SR=1.000
[17:53:33]   [thrifty] intervention at t=0 (rollout 0) len=43
[17:53:33] 
===== thrifty Round 6 | dataset=14 =====
[17:53:37]     train step 200/4000 loss=0.60464 lr=8.00e-05
[17:53:41]     train step 400/4000 loss=0.21922 lr=9.96e-05
[17:53:45]     train step 600/4000 loss=0.07682 lr=9.79e-05
[17:53:49]     train step 800/4000 loss=0.04883 lr=9.49e-05
[17:53:54]     train step 1000/4000 loss=0.03568 lr=9.07e-05
[17:53:58]     train step 1200/4000 loss=0.02950 lr=8.53e-05
[17:54:02]     train step 1400/4000 loss=0.02361 lr=7.90e-05
[17:54:06]     train step 1600/4000 loss=0.02030 lr=7.19e-05
[17:54:10]     train step 1800/4000 loss=0.01741 lr=6.42e-05
[17:54:14]     train step 2000/4000 loss=0.01518 lr=5.62e-05
[17:54:19]     train step 2200/4000 loss=0.01301 lr=4.80e-05
[17:54:23]     train step 2400/4000 loss=0.01113 lr=3.99e-05
[17:54:27]     train step 2600/4000 loss=0.00990 lr=3.20e-05
[17:54:31]     train step 2800/4000 loss=0.00900 lr=2.48e-05
[17:54:35]     train step 3000/4000 loss=0.00832 lr=1.82e-05
[17:54:39]     train step 3200/4000 loss=0.00756 lr=1.26e-05
[17:54:43]     train step 3400/4000 loss=0.00720 lr=8.08e-06
[17:54:48]     train step 3600/4000 loss=0.00692 lr=4.74e-06
[17:54:52]     train step 3800/4000 loss=0.00673 lr=2.69e-06
[17:54:56]     train step 4000/4000 loss=0.00663 lr=2.00e-06
[18:01:42]   [eval] SR=1.000
[18:01:43]   [thrifty] intervention at t=0 (rollout 0) len=45
[18:01:43] 
===== thrifty Round 7 | dataset=15 =====
[18:01:48]     train step 200/4000 loss=0.60562 lr=8.00e-05
[18:01:52]     train step 400/4000 loss=0.21829 lr=9.96e-05
[18:01:56]     train step 600/4000 loss=0.07766 lr=9.79e-05
[18:02:00]     train step 800/4000 loss=0.04916 lr=9.49e-05
[18:02:04]     train step 1000/4000 loss=0.03640 lr=9.07e-05
[18:02:08]     train step 1200/4000 loss=0.02904 lr=8.53e-05
[18:02:12]     train step 1400/4000 loss=0.02430 lr=7.90e-05
[18:02:16]     train step 1600/4000 loss=0.02057 lr=7.19e-05
[18:02:21]     train step 1800/4000 loss=0.01782 lr=6.42e-05
[18:02:25]     train step 2000/4000 loss=0.01521 lr=5.62e-05
[18:02:29]     train step 2200/4000 loss=0.01362 lr=4.80e-05
[18:02:33]     train step 2400/4000 loss=0.01181 lr=3.99e-05
[18:02:37]     train step 2600/4000 loss=0.01070 lr=3.20e-05
[18:02:41]     train step 2800/4000 loss=0.00963 lr=2.48e-05
[18:02:45]     train step 3000/4000 loss=0.00861 lr=1.82e-05
[18:02:49]     train step 3200/4000 loss=0.00810 lr=1.26e-05
[18:02:54]     train step 3400/4000 loss=0.00773 lr=8.08e-06
[18:02:58]     train step 3600/4000 loss=0.00742 lr=4.74e-06
[18:03:02]     train step 3800/4000 loss=0.00725 lr=2.69e-06
[18:03:06]     train step 4000/4000 loss=0.00711 lr=2.00e-06
[18:09:51]   [eval] SR=1.000
[18:09:52]   [thrifty] intervention at t=0 (rollout 0) len=44
[18:09:52] 
===== thrifty Round 8 | dataset=16 =====
[18:09:56]     train step 200/4000 loss=0.60453 lr=8.00e-05
[18:10:01]     train step 400/4000 loss=0.21743 lr=9.96e-05
[18:10:05]     train step 600/4000 loss=0.07658 lr=9.79e-05
[18:10:09]     train step 800/4000 loss=0.04955 lr=9.49e-05
[18:10:13]     train step 1000/4000 loss=0.03657 lr=9.07e-05
[18:10:17]     train step 1200/4000 loss=0.02929 lr=8.53e-05
[18:10:21]     train step 1400/4000 loss=0.02380 lr=7.90e-05
[18:10:25]     train step 1600/4000 loss=0.02096 lr=7.19e-05
[18:10:29]     train step 1800/4000 loss=0.01766 lr=6.42e-05
[18:10:34]     train step 2000/4000 loss=0.01554 lr=5.62e-05
[18:10:38]     train step 2200/4000 loss=0.01395 lr=4.80e-05
[18:10:42]     train step 2400/4000 loss=0.01229 lr=3.99e-05
[18:10:46]     train step 2600/4000 loss=0.01114 lr=3.20e-05
[18:10:50]     train step 2800/4000 loss=0.00965 lr=2.48e-05
[18:10:54]     train step 3000/4000 loss=0.00890 lr=1.82e-05
[18:10:58]     train step 3200/4000 loss=0.00827 lr=1.26e-05
[18:11:03]     train step 3400/4000 loss=0.00782 lr=8.08e-06
[18:11:07]     train step 3600/4000 loss=0.00754 lr=4.74e-06
[18:11:11]     train step 3800/4000 loss=0.00735 lr=2.69e-06
[18:11:15]     train step 4000/4000 loss=0.00725 lr=2.00e-06
[18:18:01]   [eval] SR=1.000
[18:18:01]   [thrifty] intervention at t=0 (rollout 0) len=48
[18:18:02] 
===== thrifty Round 9 | dataset=17 =====
[18:18:06]     train step 200/4000 loss=0.60337 lr=8.00e-05
[18:18:10]     train step 400/4000 loss=0.21776 lr=9.96e-05
[18:18:14]     train step 600/4000 loss=0.07983 lr=9.79e-05
[18:18:18]     train step 800/4000 loss=0.05105 lr=9.49e-05
[18:18:22]     train step 1000/4000 loss=0.03755 lr=9.07e-05
[18:18:27]     train step 1200/4000 loss=0.02927 lr=8.53e-05
[18:18:31]     train step 1400/4000 loss=0.02403 lr=7.90e-05
[18:18:35]     train step 1600/4000 loss=0.02012 lr=7.19e-05
[18:18:39]     train step 1800/4000 loss=0.01765 lr=6.42e-05
[18:18:43]     train step 2000/4000 loss=0.01541 lr=5.62e-05
[18:18:47]     train step 2200/4000 loss=0.01393 lr=4.80e-05
[18:18:51]     train step 2400/4000 loss=0.01193 lr=3.99e-05
[18:18:55]     train step 2600/4000 loss=0.01071 lr=3.20e-05
[18:19:00]     train step 2800/4000 loss=0.00958 lr=2.48e-05
[18:19:04]     train step 3000/4000 loss=0.00871 lr=1.82e-05
[18:19:08]     train step 3200/4000 loss=0.00815 lr=1.26e-05
[18:19:12]     train step 3400/4000 loss=0.00786 lr=8.08e-06
[18:19:16]     train step 3600/4000 loss=0.00754 lr=4.74e-06
[18:19:20]     train step 3800/4000 loss=0.00732 lr=2.69e-06
[18:19:24]     train step 4000/4000 loss=0.00722 lr=2.00e-06
[18:26:17]   [eval] SR=0.990
[18:26:18]   [thrifty] intervention at t=0 (rollout 0) len=43
[18:26:18] 
===== thrifty Round 10 | dataset=18 =====
[18:26:22]     train step 200/4000 loss=0.60312 lr=8.00e-05
[18:26:26]     train step 400/4000 loss=0.21885 lr=9.96e-05
[18:26:30]     train step 600/4000 loss=0.07980 lr=9.79e-05
[18:26:34]     train step 800/4000 loss=0.04982 lr=9.49e-05
[18:26:38]     train step 1000/4000 loss=0.03747 lr=9.07e-05
[18:26:43]     train step 1200/4000 loss=0.02994 lr=8.53e-05
[18:26:47]     train step 1400/4000 loss=0.02429 lr=7.90e-05
[18:26:51]     train step 1600/4000 loss=0.02090 lr=7.19e-05
[18:26:55]     train step 1800/4000 loss=0.01782 lr=6.42e-05
[18:26:59]     train step 2000/4000 loss=0.01563 lr=5.62e-05
[18:27:03]     train step 2200/4000 loss=0.01357 lr=4.80e-05
[18:27:07]     train step 2400/4000 loss=0.01253 lr=3.99e-05
[18:27:11]     train step 2600/4000 loss=0.01091 lr=3.20e-05
[18:27:15]     train step 2800/4000 loss=0.00993 lr=2.48e-05
[18:27:20]     train step 3000/4000 loss=0.00899 lr=1.82e-05
[18:27:24]     train step 3200/4000 loss=0.00846 lr=1.26e-05
[18:27:28]     train step 3400/4000 loss=0.00802 lr=8.08e-06
[18:27:32]     train step 3600/4000 loss=0.00774 lr=4.74e-06
[18:27:36]     train step 3800/4000 loss=0.00751 lr=2.69e-06
[18:27:40]     train step 4000/4000 loss=0.00740 lr=2.00e-06
[18:34:36]   [eval] SR=0.970
[18:34:37]   [thrifty] intervention at t=0 (rollout 0) len=48
[18:34:37] 
===== thrifty Round 11 | dataset=19 =====
[18:34:41]     train step 200/4000 loss=0.60374 lr=8.00e-05
[18:34:46]     train step 400/4000 loss=0.21898 lr=9.96e-05
[18:34:50]     train step 600/4000 loss=0.07818 lr=9.79e-05
[18:34:54]     train step 800/4000 loss=0.04854 lr=9.49e-05
[18:34:58]     train step 1000/4000 loss=0.03595 lr=9.07e-05
[18:35:02]     train step 1200/4000 loss=0.02898 lr=8.53e-05
[18:35:06]     train step 1400/4000 loss=0.02366 lr=7.90e-05
[18:35:10]     train step 1600/4000 loss=0.02034 lr=7.19e-05
[18:35:14]     train step 1800/4000 loss=0.01763 lr=6.42e-05
[18:35:19]     train step 2000/4000 loss=0.01570 lr=5.62e-05
[18:35:23]     train step 2200/4000 loss=0.01406 lr=4.80e-05
[18:35:27]     train step 2400/4000 loss=0.01233 lr=3.99e-05
[18:35:31]     train step 2600/4000 loss=0.01106 lr=3.20e-05
[18:35:35]     train step 2800/4000 loss=0.00998 lr=2.48e-05
[18:35:39]     train step 3000/4000 loss=0.00923 lr=1.82e-05
[18:35:43]     train step 3200/4000 loss=0.00855 lr=1.26e-05
[18:35:47]     train step 3400/4000 loss=0.00823 lr=8.08e-06
[18:35:51]     train step 3600/4000 loss=0.00788 lr=4.74e-06
[18:35:56]     train step 3800/4000 loss=0.00771 lr=2.69e-06
[18:36:00]     train step 4000/4000 loss=0.00753 lr=2.00e-06
[18:42:49]   [eval] SR=0.990
[18:42:50]   [thrifty] intervention at t=0 (rollout 0) len=46
[18:42:50] 
===== thrifty Round 12 | dataset=20 =====
[18:42:54]     train step 200/4000 loss=0.60461 lr=8.00e-05
[18:42:58]     train step 400/4000 loss=0.21833 lr=9.96e-05
[18:43:02]     train step 600/4000 loss=0.07857 lr=9.79e-05
[18:43:06]     train step 800/4000 loss=0.04985 lr=9.49e-05
[18:43:11]     train step 1000/4000 loss=0.03760 lr=9.07e-05
[18:43:15]     train step 1200/4000 loss=0.03028 lr=8.53e-05
[18:43:19]     train step 1400/4000 loss=0.02434 lr=7.90e-05
[18:43:23]     train step 1600/4000 loss=0.02055 lr=7.19e-05
[18:43:27]     train step 1800/4000 loss=0.01821 lr=6.42e-05
[18:43:31]     train step 2000/4000 loss=0.01594 lr=5.62e-05
[18:43:35]     train step 2200/4000 loss=0.01401 lr=4.80e-05
[18:43:40]     train step 2400/4000 loss=0.01239 lr=3.99e-05
[18:43:44]     train step 2600/4000 loss=0.01105 lr=3.20e-05
[18:43:48]     train step 2800/4000 loss=0.00996 lr=2.48e-05
[18:43:52]     train step 3000/4000 loss=0.00908 lr=1.82e-05
[18:43:56]     train step 3200/4000 loss=0.00845 lr=1.26e-05
[18:44:00]     train step 3400/4000 loss=0.00811 lr=8.08e-06
[18:44:04]     train step 3600/4000 loss=0.00782 lr=4.74e-06
[18:44:08]     train step 3800/4000 loss=0.00758 lr=2.69e-06
[18:44:12]     train step 4000/4000 loss=0.00747 lr=2.00e-06
[18:51:04]   [eval] SR=0.990
[18:51:05]   [thrifty] intervention at t=0 (rollout 0) len=47
[18:51:05] 
===== thrifty Round 13 | dataset=21 =====
[18:51:09]     train step 200/4000 loss=0.60387 lr=8.00e-05
[18:51:14]     train step 400/4000 loss=0.21718 lr=9.96e-05
[18:51:18]     train step 600/4000 loss=0.07864 lr=9.79e-05
[18:51:22]     train step 800/4000 loss=0.04963 lr=9.49e-05
[18:51:26]     train step 1000/4000 loss=0.03653 lr=9.07e-05
[18:51:30]     train step 1200/4000 loss=0.03017 lr=8.53e-05
[18:51:34]     train step 1400/4000 loss=0.02490 lr=7.90e-05
[18:51:38]     train step 1600/4000 loss=0.02105 lr=7.19e-05
[18:51:42]     train step 1800/4000 loss=0.01845 lr=6.42e-05
[18:51:47]     train step 2000/4000 loss=0.01580 lr=5.62e-05
[18:51:51]     train step 2200/4000 loss=0.01399 lr=4.80e-05
[18:51:55]     train step 2400/4000 loss=0.01260 lr=3.99e-05
[18:51:59]     train step 2600/4000 loss=0.01136 lr=3.20e-05
[18:52:03]     train step 2800/4000 loss=0.01013 lr=2.48e-05
[18:52:07]     train step 3000/4000 loss=0.00916 lr=1.82e-05
[18:52:12]     train step 3200/4000 loss=0.00856 lr=1.26e-05
[18:52:16]     train step 3400/4000 loss=0.00817 lr=8.08e-06
[18:52:20]     train step 3600/4000 loss=0.00789 lr=4.74e-06
[18:52:24]     train step 3800/4000 loss=0.00764 lr=2.69e-06
[18:52:28]     train step 4000/4000 loss=0.00757 lr=2.00e-06
[18:59:15]   [eval] SR=1.000
[18:59:16]   [thrifty] intervention at t=0 (rollout 0) len=44
[18:59:16] 
===== thrifty Round 14 | dataset=22 =====
[18:59:20]     train step 200/4000 loss=0.60349 lr=8.00e-05
[18:59:24]     train step 400/4000 loss=0.21558 lr=9.96e-05
[18:59:28]     train step 600/4000 loss=0.07738 lr=9.79e-05
[18:59:32]     train step 800/4000 loss=0.04884 lr=9.49e-05
[18:59:36]     train step 1000/4000 loss=0.03677 lr=9.07e-05
[18:59:41]     train step 1200/4000 loss=0.02930 lr=8.53e-05
[18:59:45]     train step 1400/4000 loss=0.02395 lr=7.90e-05
[18:59:49]     train step 1600/4000 loss=0.02036 lr=7.19e-05
[18:59:53]     train step 1800/4000 loss=0.01794 lr=6.42e-05
[18:59:57]     train step 2000/4000 loss=0.01554 lr=5.62e-05
[19:00:01]     train step 2200/4000 loss=0.01403 lr=4.80e-05
[19:00:05]     train step 2400/4000 loss=0.01221 lr=3.99e-05
[19:00:09]     train step 2600/4000 loss=0.01081 lr=3.20e-05
[19:00:14]     train step 2800/4000 loss=0.01005 lr=2.48e-05
[19:00:18]     train step 3000/4000 loss=0.00892 lr=1.82e-05
[19:00:22]     train step 3200/4000 loss=0.00838 lr=1.26e-05
[19:00:26]     train step 3400/4000 loss=0.00810 lr=8.08e-06
[19:00:30]     train step 3600/4000 loss=0.00777 lr=4.74e-06
[19:00:34]     train step 3800/4000 loss=0.00757 lr=2.69e-06
[19:00:38]     train step 4000/4000 loss=0.00746 lr=2.00e-06
[19:07:24]   [eval] SR=1.000
[19:07:25]   [thrifty] intervention at t=0 (rollout 0) len=42
[19:07:25] 
===== thrifty Round 15 | dataset=23 =====
[19:07:29]     train step 200/4000 loss=0.60289 lr=8.00e-05
[19:07:33]     train step 400/4000 loss=0.21796 lr=9.96e-05
[19:07:38]     train step 600/4000 loss=0.07667 lr=9.79e-05
[19:07:42]     train step 800/4000 loss=0.04929 lr=9.49e-05
[19:07:46]     train step 1000/4000 loss=0.03687 lr=9.07e-05
[19:07:50]     train step 1200/4000 loss=0.03031 lr=8.53e-05
[19:07:54]     train step 1400/4000 loss=0.02425 lr=7.90e-05
[19:07:58]     train step 1600/4000 loss=0.02128 lr=7.19e-05
[19:08:02]     train step 1800/4000 loss=0.01794 lr=6.42e-05
[19:08:07]     train step 2000/4000 loss=0.01570 lr=5.62e-05
[19:08:11]     train step 2200/4000 loss=0.01338 lr=4.80e-05
[19:08:15]     train step 2400/4000 loss=0.01199 lr=3.99e-05
[19:08:19]     train step 2600/4000 loss=0.01066 lr=3.20e-05
[19:08:23]     train step 2800/4000 loss=0.00977 lr=2.48e-05
[19:08:27]     train step 3000/4000 loss=0.00877 lr=1.82e-05
[19:08:31]     train step 3200/4000 loss=0.00833 lr=1.26e-05
[19:08:36]     train step 3400/4000 loss=0.00789 lr=8.08e-06
[19:08:40]     train step 3600/4000 loss=0.00764 lr=4.74e-06
[19:08:44]     train step 3800/4000 loss=0.00745 lr=2.69e-06
[19:08:48]     train step 4000/4000 loss=0.00727 lr=2.00e-06
[19:15:35]   [eval] SR=1.000
[19:15:35]   [thrifty] intervention at t=0 (rollout 0) len=45
[19:15:35] 
===== thrifty Round 16 | dataset=24 =====
[19:15:40]     train step 200/4000 loss=0.59823 lr=8.00e-05
[19:15:44]     train step 400/4000 loss=0.21366 lr=9.96e-05
[19:15:48]     train step 600/4000 loss=0.07722 lr=9.79e-05
[19:15:52]     train step 800/4000 loss=0.04916 lr=9.49e-05
[19:15:56]     train step 1000/4000 loss=0.03676 lr=9.07e-05
[19:16:00]     train step 1200/4000 loss=0.02969 lr=8.53e-05
[19:16:04]     train step 1400/4000 loss=0.02457 lr=7.90e-05
[19:16:08]     train step 1600/4000 loss=0.02086 lr=7.19e-05
[19:16:13]     train step 1800/4000 loss=0.01811 lr=6.42e-05
[19:16:17]     train step 2000/4000 loss=0.01577 lr=5.62e-05
[19:16:21]     train step 2200/4000 loss=0.01343 lr=4.80e-05
[19:16:25]     train step 2400/4000 loss=0.01196 lr=3.99e-05
[19:16:29]     train step 2600/4000 loss=0.01086 lr=3.20e-05
[19:16:33]     train step 2800/4000 loss=0.00978 lr=2.48e-05
[19:16:37]     train step 3000/4000 loss=0.00880 lr=1.82e-05
[19:16:41]     train step 3200/4000 loss=0.00830 lr=1.26e-05
[19:16:46]     train step 3400/4000 loss=0.00796 lr=8.08e-06
[19:16:50]     train step 3600/4000 loss=0.00772 lr=4.74e-06
[19:16:54]     train step 3800/4000 loss=0.00749 lr=2.69e-06
[19:16:58]     train step 4000/4000 loss=0.00741 lr=2.00e-06
[19:23:45]   [eval] SR=1.000
[19:23:45]   [thrifty] intervention at t=0 (rollout 0) len=47
[19:23:46] 
===== thrifty Round 17 | dataset=25 =====
[19:23:50]     train step 200/4000 loss=0.59854 lr=8.00e-05
[19:23:54]     train step 400/4000 loss=0.21579 lr=9.96e-05
[19:23:58]     train step 600/4000 loss=0.07838 lr=9.79e-05
[19:24:02]     train step 800/4000 loss=0.04947 lr=9.49e-05
[19:24:06]     train step 1000/4000 loss=0.03707 lr=9.07e-05
[19:24:10]     train step 1200/4000 loss=0.02981 lr=8.53e-05
[19:24:15]     train step 1400/4000 loss=0.02451 lr=7.90e-05
[19:24:19]     train step 1600/4000 loss=0.02066 lr=7.19e-05
[19:24:23]     train step 1800/4000 loss=0.01826 lr=6.42e-05
[19:24:27]     train step 2000/4000 loss=0.01596 lr=5.62e-05
[19:24:31]     train step 2200/4000 loss=0.01377 lr=4.80e-05
[19:24:35]     train step 2400/4000 loss=0.01214 lr=3.99e-05
[19:24:39]     train step 2600/4000 loss=0.01093 lr=3.20e-05
[19:24:44]     train step 2800/4000 loss=0.01007 lr=2.48e-05
[19:24:48]     train step 3000/4000 loss=0.00913 lr=1.82e-05
[19:24:52]     train step 3200/4000 loss=0.00856 lr=1.26e-05
[19:24:56]     train step 3400/4000 loss=0.00823 lr=8.08e-06
[19:25:00]     train step 3600/4000 loss=0.00796 lr=4.74e-06
[19:25:04]     train step 3800/4000 loss=0.00779 lr=2.69e-06
[19:25:08]     train step 4000/4000 loss=0.00759 lr=2.00e-06
[19:31:56]   [eval] SR=1.000
[19:31:57]   [thrifty] intervention at t=0 (rollout 0) len=47
[19:31:57] 
===== thrifty Round 18 | dataset=26 =====
[19:32:01]     train step 200/4000 loss=0.59931 lr=8.00e-05
[19:32:05]     train step 400/4000 loss=0.21448 lr=9.96e-05
[19:32:09]     train step 600/4000 loss=0.07897 lr=9.79e-05
[19:32:13]     train step 800/4000 loss=0.04912 lr=9.49e-05
[19:32:17]     train step 1000/4000 loss=0.03642 lr=9.07e-05
[19:32:22]     train step 1200/4000 loss=0.02952 lr=8.53e-05
[19:32:26]     train step 1400/4000 loss=0.02387 lr=7.90e-05
[19:32:30]     train step 1600/4000 loss=0.02066 lr=7.19e-05
[19:32:34]     train step 1800/4000 loss=0.01795 lr=6.42e-05
[19:32:38]     train step 2000/4000 loss=0.01534 lr=5.62e-05
[19:32:42]     train step 2200/4000 loss=0.01387 lr=4.80e-05
[19:32:46]     train step 2400/4000 loss=0.01204 lr=3.99e-05
[19:32:50]     train step 2600/4000 loss=0.01085 lr=3.20e-05
[19:32:54]     train step 2800/4000 loss=0.00986 lr=2.48e-05
[19:32:59]     train step 3000/4000 loss=0.00909 lr=1.82e-05
[19:33:03]     train step 3200/4000 loss=0.00850 lr=1.26e-05
[19:33:07]     train step 3400/4000 loss=0.00817 lr=8.08e-06
[19:33:11]     train step 3600/4000 loss=0.00785 lr=4.74e-06
[19:33:15]     train step 3800/4000 loss=0.00762 lr=2.69e-06
[19:33:19]     train step 4000/4000 loss=0.00758 lr=2.00e-06
[19:40:06]   [eval] SR=1.000
[19:40:07]   [thrifty] intervention at t=0 (rollout 0) len=43
[19:40:07] 
===== thrifty Round 19 | dataset=27 =====
[19:40:11]     train step 200/4000 loss=0.59855 lr=8.00e-05
[19:40:15]     train step 400/4000 loss=0.21238 lr=9.96e-05
[19:40:19]     train step 600/4000 loss=0.07912 lr=9.79e-05
[19:40:23]     train step 800/4000 loss=0.05095 lr=9.49e-05
[19:40:27]     train step 1000/4000 loss=0.03811 lr=9.07e-05
[19:40:32]     train step 1200/4000 loss=0.03020 lr=8.53e-05
[19:40:36]     train step 1400/4000 loss=0.02478 lr=7.90e-05
[19:40:40]     train step 1600/4000 loss=0.02073 lr=7.19e-05
[19:40:44]     train step 1800/4000 loss=0.01810 lr=6.42e-05
[19:40:48]     train step 2000/4000 loss=0.01627 lr=5.62e-05
[19:40:52]     train step 2200/4000 loss=0.01435 lr=4.80e-05
[19:40:56]     train step 2400/4000 loss=0.01239 lr=3.99e-05
[19:41:00]     train step 2600/4000 loss=0.01096 lr=3.20e-05
[19:41:05]     train step 2800/4000 loss=0.01004 lr=2.48e-05
[19:41:09]     train step 3000/4000 loss=0.00931 lr=1.82e-05
[19:41:13]     train step 3200/4000 loss=0.00869 lr=1.26e-05
[19:41:17]     train step 3400/4000 loss=0.00835 lr=8.08e-06
[19:41:21]     train step 3600/4000 loss=0.00804 lr=4.74e-06
[19:41:25]     train step 3800/4000 loss=0.00777 lr=2.69e-06
[19:41:29]     train step 4000/4000 loss=0.00768 lr=2.00e-06
[19:48:15]   [eval] SR=1.000
[19:48:16]   [thrifty] intervention at t=0 (rollout 0) len=46
[19:48:16] 
===== thrifty Round 20 | dataset=28 =====
[19:48:20]     train step 200/4000 loss=0.60006 lr=8.00e-05
[19:48:24]     train step 400/4000 loss=0.21406 lr=9.96e-05
[19:48:28]     train step 600/4000 loss=0.07891 lr=9.79e-05
[19:48:32]     train step 800/4000 loss=0.05103 lr=9.49e-05
[19:48:37]     train step 1000/4000 loss=0.03744 lr=9.07e-05
[19:48:41]     train step 1200/4000 loss=0.02965 lr=8.53e-05
[19:48:45]     train step 1400/4000 loss=0.02444 lr=7.90e-05
[19:48:49]     train step 1600/4000 loss=0.02099 lr=7.19e-05
[19:48:53]     train step 1800/4000 loss=0.01820 lr=6.42e-05
[19:48:58]     train step 2000/4000 loss=0.01568 lr=5.62e-05
[19:49:02]     train step 2200/4000 loss=0.01388 lr=4.80e-05
[19:49:06]     train step 2400/4000 loss=0.01231 lr=3.99e-05
[19:49:10]     train step 2600/4000 loss=0.01088 lr=3.20e-05
[19:49:14]     train step 2800/4000 loss=0.00997 lr=2.48e-05
[19:49:18]     train step 3000/4000 loss=0.00921 lr=1.82e-05
[19:49:22]     train step 3200/4000 loss=0.00855 lr=1.26e-05
[19:49:26]     train step 3400/4000 loss=0.00821 lr=8.08e-06
[19:49:31]     train step 3600/4000 loss=0.00790 lr=4.74e-06
[19:49:35]     train step 3800/4000 loss=0.00768 lr=2.69e-06
[19:49:39]     train step 4000/4000 loss=0.00759 lr=2.00e-06
[19:56:26]   [eval] SR=1.000
[19:56:27] DONE in 10877.0s | final_success=1.0
[19:56:27] [write] /weka/s226137394/DmNfull/distil/results/Lift/state/thrifty/seed3/result.json
