[17:02:40] [env] loaded /weka/s226137394/DmNfull/.env
[17:02:41] ===== DISTIL | task=Wipe modality=image ablation=safe seed=1 budget=5 smoke=False device=cuda =====
[17:02:47]   [collect] demo 1/12: success=True len=99
[17:02:48]   [collect] demo 2/12: success=True len=69
[17:02:49]   [collect] demo 3/12: success=True len=82
[17:02:50]   [collect] demo 4/12: success=True len=110
[17:02:51]   [collect] demo 5/12: success=True len=84
[17:02:53]   [collect] demo 6/12: success=True len=92
[17:02:54]   [collect] demo 7/12: success=True len=109
[17:02:56]   [collect] demo 8/12: success=True len=93
[17:02:57]   [collect] demo 9/12: success=True len=77
[17:02:58]   [collect] demo 10/12: success=True len=113
[17:02:59]   [collect] demo 11/12: success=True len=99
[17:03:01]   [collect] demo 12/12: success=True len=80
[17:03:01] [bootstrap] collected + saved 12 shared demos to /weka/s226137394/DmNfull/distil/results/shared_bootstrap/Wipe_image/Wipe_image_ni12.pkl
[17:03:05] 
===== safe Round 0 | dataset=12 =====
[17:03:18]     train step 200/8000 loss=0.51357 lr=8.00e-05
[17:03:29]     train step 400/8000 loss=0.17903 lr=9.99e-05
[17:03:40]     train step 600/8000 loss=0.11092 lr=9.95e-05
[17:03:51]     train step 800/8000 loss=0.08315 lr=9.88e-05
[17:04:01]     train step 1000/8000 loss=0.07270 lr=9.78e-05
[17:04:13]     train step 1200/8000 loss=0.06490 lr=9.64e-05
[17:04:24]     train step 1400/8000 loss=0.05887 lr=9.48e-05
[17:04:35]     train step 1600/8000 loss=0.05391 lr=9.29e-05
[17:04:46]     train step 1800/8000 loss=0.04818 lr=9.07e-05
[17:04:57]     train step 2000/8000 loss=0.04308 lr=8.82e-05
[17:05:08]     train step 2200/8000 loss=0.03844 lr=8.55e-05
[17:05:19]     train step 2400/8000 loss=0.03469 lr=8.26e-05
[17:05:30]     train step 2600/8000 loss=0.03107 lr=7.94e-05
[17:05:41]     train step 2800/8000 loss=0.02847 lr=7.61e-05
[17:05:52]     train step 3000/8000 loss=0.02553 lr=7.26e-05
[17:06:02]     train step 3200/8000 loss=0.02301 lr=6.90e-05
[17:06:13]     train step 3400/8000 loss=0.02320 lr=6.52e-05
[17:06:24]     train step 3600/8000 loss=0.02004 lr=6.14e-05
[17:06:35]     train step 3800/8000 loss=0.01891 lr=5.75e-05
[17:06:46]     train step 4000/8000 loss=0.01786 lr=5.35e-05
[17:06:57]     train step 4200/8000 loss=0.01601 lr=4.95e-05
[17:07:07]     train step 4400/8000 loss=0.01520 lr=4.56e-05
[17:07:19]     train step 4600/8000 loss=0.01414 lr=4.16e-05
[17:07:30]     train step 4800/8000 loss=0.01314 lr=3.78e-05
[17:07:41]     train step 5000/8000 loss=0.01271 lr=3.40e-05
[17:07:52]     train step 5200/8000 loss=0.01183 lr=3.03e-05
[17:08:03]     train step 5400/8000 loss=0.01121 lr=2.68e-05
[17:08:14]     train step 5600/8000 loss=0.01068 lr=2.34e-05
[17:08:25]     train step 5800/8000 loss=0.01011 lr=2.02e-05
[17:08:36]     train step 6000/8000 loss=0.00951 lr=1.73e-05
[17:08:48]     train step 6200/8000 loss=0.00917 lr=1.45e-05
[17:08:59]     train step 6400/8000 loss=0.00873 lr=1.20e-05
[17:09:10]     train step 6600/8000 loss=0.00854 lr=9.69e-06
[17:09:21]     train step 6800/8000 loss=0.00815 lr=7.69e-06
[17:09:32]     train step 7000/8000 loss=0.00799 lr=5.98e-06
[17:09:42]     train step 7200/8000 loss=0.00790 lr=4.56e-06
[17:09:53]     train step 7400/8000 loss=0.00771 lr=3.45e-06
[17:10:04]     train step 7600/8000 loss=0.00769 lr=2.65e-06
[17:10:15]     train step 7800/8000 loss=0.00756 lr=2.16e-06
[17:10:26]     train step 8000/8000 loss=0.00750 lr=2.00e-06
[17:27:29]   [eval] SR=0.090
[17:27:33]   [safe] intervention at t=13 (rollout 0) len=115
[17:27:33] 
===== safe Round 1 | dataset=13 =====
[17:27:44]     train step 200/4000 loss=0.51163 lr=8.00e-05
[17:27:54]     train step 400/4000 loss=0.17619 lr=9.96e-05
[17:28:05]     train step 600/4000 loss=0.11070 lr=9.79e-05
[17:28:16]     train step 800/4000 loss=0.08378 lr=9.49e-05
[17:28:27]     train step 1000/4000 loss=0.07358 lr=9.07e-05
[17:28:37]     train step 1200/4000 loss=0.06523 lr=8.53e-05
[17:28:48]     train step 1400/4000 loss=0.06013 lr=7.90e-05
[17:28:59]     train step 1600/4000 loss=0.05645 lr=7.19e-05
[17:29:10]     train step 1800/4000 loss=0.05146 lr=6.42e-05
[17:29:22]     train step 2000/4000 loss=0.04725 lr=5.62e-05
[17:29:33]     train step 2200/4000 loss=0.04306 lr=4.80e-05
[17:29:44]     train step 2400/4000 loss=0.03969 lr=3.99e-05
[17:29:55]     train step 2600/4000 loss=0.03698 lr=3.20e-05
[17:30:06]     train step 2800/4000 loss=0.03518 lr=2.48e-05
[17:30:17]     train step 3000/4000 loss=0.03238 lr=1.82e-05
[17:30:27]     train step 3200/4000 loss=0.03101 lr=1.26e-05
[17:30:38]     train step 3400/4000 loss=0.03007 lr=8.08e-06
[17:30:49]     train step 3600/4000 loss=0.02890 lr=4.74e-06
[17:31:00]     train step 3800/4000 loss=0.02797 lr=2.69e-06
[17:31:11]     train step 4000/4000 loss=0.02779 lr=2.00e-06
[17:48:12]   [eval] SR=0.130
[17:48:15]   [safe] intervention at t=8 (rollout 0) len=106
[17:48:15] 
===== safe Round 2 | dataset=14 =====
[17:48:26]     train step 200/4000 loss=0.51124 lr=8.00e-05
[17:48:37]     train step 400/4000 loss=0.17785 lr=9.96e-05
[17:48:48]     train step 600/4000 loss=0.11143 lr=9.79e-05
[17:48:59]     train step 800/4000 loss=0.08411 lr=9.49e-05
[17:49:10]     train step 1000/4000 loss=0.07171 lr=9.07e-05
[17:49:21]     train step 1200/4000 loss=0.06559 lr=8.53e-05
[17:49:32]     train step 1400/4000 loss=0.06076 lr=7.90e-05
[17:49:43]     train step 1600/4000 loss=0.05586 lr=7.19e-05
[17:49:54]     train step 1800/4000 loss=0.05100 lr=6.42e-05
[17:50:05]     train step 2000/4000 loss=0.04699 lr=5.62e-05
[17:50:16]     train step 2200/4000 loss=0.04340 lr=4.80e-05
[17:50:27]     train step 2400/4000 loss=0.03984 lr=3.99e-05
[17:50:38]     train step 2600/4000 loss=0.03740 lr=3.20e-05
[17:50:49]     train step 2800/4000 loss=0.03513 lr=2.48e-05
[17:51:00]     train step 3000/4000 loss=0.03321 lr=1.82e-05
[17:51:12]     train step 3200/4000 loss=0.03168 lr=1.26e-05
[17:51:23]     train step 3400/4000 loss=0.03063 lr=8.08e-06
[17:51:34]     train step 3600/4000 loss=0.02953 lr=4.74e-06
[17:51:46]     train step 3800/4000 loss=0.02860 lr=2.69e-06
[17:51:57]     train step 4000/4000 loss=0.02832 lr=2.00e-06
[18:08:14]   [eval] SR=0.200
[18:08:15]   [safe] intervention at t=0 (rollout 0) len=77
[18:08:16] 
===== safe Round 3 | dataset=15 =====
[18:08:27]     train step 200/4000 loss=0.51035 lr=8.00e-05
[18:08:38]     train step 400/4000 loss=0.17666 lr=9.96e-05
[18:08:49]     train step 600/4000 loss=0.10934 lr=9.79e-05
[18:09:00]     train step 800/4000 loss=0.08497 lr=9.49e-05
[18:09:11]     train step 1000/4000 loss=0.07413 lr=9.07e-05
[18:09:21]     train step 1200/4000 loss=0.06748 lr=8.53e-05
[18:09:32]     train step 1400/4000 loss=0.06186 lr=7.90e-05
[18:09:43]     train step 1600/4000 loss=0.05803 lr=7.19e-05
[18:09:54]     train step 1800/4000 loss=0.05360 lr=6.42e-05
[18:10:05]     train step 2000/4000 loss=0.05030 lr=5.62e-05
[18:10:17]     train step 2200/4000 loss=0.04668 lr=4.80e-05
[18:10:28]     train step 2400/4000 loss=0.04307 lr=3.99e-05
[18:10:39]     train step 2600/4000 loss=0.04015 lr=3.20e-05
[18:10:50]     train step 2800/4000 loss=0.03771 lr=2.48e-05
[18:11:01]     train step 3000/4000 loss=0.03575 lr=1.82e-05
[18:11:11]     train step 3200/4000 loss=0.03425 lr=1.26e-05
[18:11:23]     train step 3400/4000 loss=0.03283 lr=8.08e-06
[18:11:34]     train step 3600/4000 loss=0.03200 lr=4.74e-06
[18:11:45]     train step 3800/4000 loss=0.03097 lr=2.69e-06
[18:11:56]     train step 4000/4000 loss=0.03073 lr=2.00e-06
[18:28:56]   [eval] SR=0.110
[18:28:58]   [safe] intervention at t=4 (rollout 0) len=110
[18:28:58] 
===== safe Round 4 | dataset=16 =====
[18:29:09]     train step 200/4000 loss=0.51052 lr=8.00e-05
[18:29:20]     train step 400/4000 loss=0.17727 lr=9.96e-05
[18:29:30]     train step 600/4000 loss=0.11131 lr=9.79e-05
[18:29:41]     train step 800/4000 loss=0.08543 lr=9.49e-05
[18:29:53]     train step 1000/4000 loss=0.07506 lr=9.07e-05
[18:30:04]     train step 1200/4000 loss=0.06921 lr=8.53e-05
[18:30:15]     train step 1400/4000 loss=0.06392 lr=7.90e-05
[18:30:26]     train step 1600/4000 loss=0.06131 lr=7.19e-05
[18:30:37]     train step 1800/4000 loss=0.05609 lr=6.42e-05
[18:30:48]     train step 2000/4000 loss=0.05289 lr=5.62e-05
[18:31:00]     train step 2200/4000 loss=0.04912 lr=4.80e-05
[18:31:11]     train step 2400/4000 loss=0.04567 lr=3.99e-05
[18:31:22]     train step 2600/4000 loss=0.04341 lr=3.20e-05
[18:31:33]     train step 2800/4000 loss=0.04038 lr=2.48e-05
[18:31:44]     train step 3000/4000 loss=0.03803 lr=1.82e-05
[18:31:55]     train step 3200/4000 loss=0.03626 lr=1.26e-05
[18:32:06]     train step 3400/4000 loss=0.03489 lr=8.08e-06
[18:32:17]     train step 3600/4000 loss=0.03358 lr=4.74e-06
[18:32:28]     train step 3800/4000 loss=0.03268 lr=2.69e-06
[18:32:39]     train step 4000/4000 loss=0.03236 lr=2.00e-06
[18:50:00]   [eval] SR=0.080
[18:50:01]   [safe] intervention at t=2 (rollout 0) len=85
[18:50:01] 
===== safe Round 5 | dataset=17 =====
[18:50:13]     train step 200/4000 loss=0.51081 lr=8.00e-05
[18:50:24]     train step 400/4000 loss=0.17811 lr=9.96e-05
[18:50:35]     train step 600/4000 loss=0.11422 lr=9.79e-05
[18:50:46]     train step 800/4000 loss=0.08672 lr=9.49e-05
[18:50:57]     train step 1000/4000 loss=0.07587 lr=9.07e-05
[18:51:08]     train step 1200/4000 loss=0.06791 lr=8.53e-05
[18:51:19]     train step 1400/4000 loss=0.06383 lr=7.90e-05
[18:51:29]     train step 1600/4000 loss=0.06017 lr=7.19e-05
[18:51:41]     train step 1800/4000 loss=0.05675 lr=6.42e-05
[18:51:52]     train step 2000/4000 loss=0.05225 lr=5.62e-05
[18:52:03]     train step 2200/4000 loss=0.04861 lr=4.80e-05
[18:52:14]     train step 2400/4000 loss=0.04573 lr=3.99e-05
[18:52:25]     train step 2600/4000 loss=0.04255 lr=3.20e-05
[18:52:37]     train step 2800/4000 loss=0.04010 lr=2.48e-05
[18:52:48]     train step 3000/4000 loss=0.03826 lr=1.82e-05
[18:52:59]     train step 3200/4000 loss=0.03632 lr=1.26e-05
[18:53:10]     train step 3400/4000 loss=0.03525 lr=8.08e-06
[18:53:21]     train step 3600/4000 loss=0.03390 lr=4.74e-06
[18:53:33]     train step 3800/4000 loss=0.03316 lr=2.69e-06
[18:53:44]     train step 4000/4000 loss=0.03274 lr=2.00e-06
[19:10:09]   [eval] SR=0.170
[19:10:09] DONE in 7624.4s | final_success=0.17
[19:10:09] [write] /weka/s226137394/DmNfull/distil/results/_compute/Wipe/image/safe/seed1/result.json
