[16:45:09] [env] loaded /weka/s226137394/DmNfull/.env
[16:45:12] ===== DISTIL | task=Lift modality=state ablation=ensemble seed=5 budget=20 smoke=False device=cuda =====
[16:45:13] [bootstrap] loaded 8 shared demos from /weka/s226137394/DmNfull/distil/results/shared_bootstrap/Lift_state/Lift_state_ni8.pkl
[16:45:15] 
===== ensemble Round 0 | dataset=8 =====
[16:45:21]     train step 200/8000 loss=0.59670 lr=8.00e-05
[16:45:25]     train step 400/8000 loss=0.23636 lr=9.99e-05
[16:45:29]     train step 600/8000 loss=0.08626 lr=9.95e-05
[16:45:33]     train step 800/8000 loss=0.05480 lr=9.88e-05
[16:45:37]     train step 1000/8000 loss=0.04141 lr=9.78e-05
[16:45:41]     train step 1200/8000 loss=0.03191 lr=9.64e-05
[16:45:45]     train step 1400/8000 loss=0.02620 lr=9.48e-05
[16:45:49]     train step 1600/8000 loss=0.02318 lr=9.29e-05
[16:45:53]     train step 1800/8000 loss=0.01977 lr=9.07e-05
[16:45:57]     train step 2000/8000 loss=0.01679 lr=8.82e-05
[16:46:01]     train step 2200/8000 loss=0.01547 lr=8.55e-05
[16:46:05]     train step 2400/8000 loss=0.01308 lr=8.26e-05
[16:46:09]     train step 2600/8000 loss=0.01188 lr=7.94e-05
[16:46:13]     train step 2800/8000 loss=0.01041 lr=7.61e-05
[16:46:17]     train step 3000/8000 loss=0.00936 lr=7.26e-05
[16:46:21]     train step 3200/8000 loss=0.00825 lr=6.90e-05
[16:46:25]     train step 3400/8000 loss=0.00739 lr=6.52e-05
[16:46:29]     train step 3600/8000 loss=0.00682 lr=6.14e-05
[16:46:33]     train step 3800/8000 loss=0.00547 lr=5.75e-05
[16:46:37]     train step 4000/8000 loss=0.00534 lr=5.35e-05
[16:46:41]     train step 4200/8000 loss=0.00480 lr=4.95e-05
[16:46:45]     train step 4400/8000 loss=0.00444 lr=4.56e-05
[16:46:49]     train step 4600/8000 loss=0.00392 lr=4.16e-05
[16:46:53]     train step 4800/8000 loss=0.00366 lr=3.78e-05
[16:46:57]     train step 5000/8000 loss=0.00360 lr=3.40e-05
[16:47:01]     train step 5200/8000 loss=0.00318 lr=3.03e-05
[16:47:05]     train step 5400/8000 loss=0.00304 lr=2.68e-05
[16:47:09]     train step 5600/8000 loss=0.00304 lr=2.34e-05
[16:47:13]     train step 5800/8000 loss=0.00285 lr=2.02e-05
[16:47:17]     train step 6000/8000 loss=0.00268 lr=1.73e-05
[16:47:21]     train step 6200/8000 loss=0.00259 lr=1.45e-05
[16:47:25]     train step 6400/8000 loss=0.00246 lr=1.20e-05
[16:47:29]     train step 6600/8000 loss=0.00239 lr=9.69e-06
[16:47:33]     train step 6800/8000 loss=0.00231 lr=7.69e-06
[16:47:37]     train step 7000/8000 loss=0.00225 lr=5.98e-06
[16:47:41]     train step 7200/8000 loss=0.00221 lr=4.56e-06
[16:47:45]     train step 7400/8000 loss=0.00220 lr=3.45e-06
[16:47:49]     train step 7600/8000 loss=0.00215 lr=2.65e-06
[16:47:53]     train step 7800/8000 loss=0.00216 lr=2.16e-06
[16:47:57]     train step 8000/8000 loss=0.00213 lr=2.00e-06
[17:01:54]   [eval] SR=0.680
[17:01:54]   [ensemble] intervention at t=0 (rollout 0) len=47
[17:01:54] 
===== ensemble Round 1 | dataset=9 =====
[17:01:59]     train step 200/4000 loss=0.59450 lr=8.00e-05
[17:02:03]     train step 400/4000 loss=0.22383 lr=9.96e-05
[17:02:07]     train step 600/4000 loss=0.08215 lr=9.79e-05
[17:02:11]     train step 800/4000 loss=0.05309 lr=9.49e-05
[17:02:15]     train step 1000/4000 loss=0.03919 lr=9.07e-05
[17:02:19]     train step 1200/4000 loss=0.03085 lr=8.53e-05
[17:02:23]     train step 1400/4000 loss=0.02476 lr=7.90e-05
[17:02:27]     train step 1600/4000 loss=0.02224 lr=7.19e-05
[17:02:31]     train step 1800/4000 loss=0.01899 lr=6.42e-05
[17:02:35]     train step 2000/4000 loss=0.01611 lr=5.62e-05
[17:02:39]     train step 2200/4000 loss=0.01410 lr=4.80e-05
[17:02:44]     train step 2400/4000 loss=0.01249 lr=3.99e-05
[17:02:48]     train step 2600/4000 loss=0.01089 lr=3.20e-05
[17:02:52]     train step 2800/4000 loss=0.00980 lr=2.48e-05
[17:02:56]     train step 3000/4000 loss=0.00901 lr=1.82e-05
[17:03:00]     train step 3200/4000 loss=0.00832 lr=1.26e-05
[17:03:04]     train step 3400/4000 loss=0.00786 lr=8.08e-06
[17:03:08]     train step 3600/4000 loss=0.00744 lr=4.74e-06
[17:03:12]     train step 3800/4000 loss=0.00734 lr=2.69e-06
[17:03:16]     train step 4000/4000 loss=0.00722 lr=2.00e-06
[17:10:59]   [eval] SR=0.850
[17:11:00]   [ensemble] intervention at t=0 (rollout 0) len=43
[17:11:00] 
===== ensemble Round 2 | dataset=10 =====
[17:11:04]     train step 200/4000 loss=0.59811 lr=8.00e-05
[17:11:08]     train step 400/4000 loss=0.22280 lr=9.96e-05
[17:11:12]     train step 600/4000 loss=0.08074 lr=9.79e-05
[17:11:17]     train step 800/4000 loss=0.05221 lr=9.49e-05
[17:11:21]     train step 1000/4000 loss=0.03846 lr=9.07e-05
[17:11:25]     train step 1200/4000 loss=0.03103 lr=8.53e-05
[17:11:29]     train step 1400/4000 loss=0.02559 lr=7.90e-05
[17:11:33]     train step 1600/4000 loss=0.02119 lr=7.19e-05
[17:11:37]     train step 1800/4000 loss=0.01804 lr=6.42e-05
[17:11:41]     train step 2000/4000 loss=0.01571 lr=5.62e-05
[17:11:45]     train step 2200/4000 loss=0.01372 lr=4.80e-05
[17:11:49]     train step 2400/4000 loss=0.01220 lr=3.99e-05
[17:11:54]     train step 2600/4000 loss=0.01084 lr=3.20e-05
[17:11:58]     train step 2800/4000 loss=0.00991 lr=2.48e-05
[17:12:02]     train step 3000/4000 loss=0.00910 lr=1.82e-05
[17:12:06]     train step 3200/4000 loss=0.00838 lr=1.26e-05
[17:12:10]     train step 3400/4000 loss=0.00802 lr=8.08e-06
[17:12:14]     train step 3600/4000 loss=0.00765 lr=4.74e-06
[17:12:18]     train step 3800/4000 loss=0.00749 lr=2.69e-06
[17:12:22]     train step 4000/4000 loss=0.00738 lr=2.00e-06
[17:19:46]   [eval] SR=0.910
[17:19:46]   [ensemble] intervention at t=0 (rollout 0) len=46
[17:19:47] 
===== ensemble Round 3 | dataset=11 =====
[17:19:51]     train step 200/4000 loss=0.59799 lr=8.00e-05
[17:19:55]     train step 400/4000 loss=0.21849 lr=9.96e-05
[17:19:59]     train step 600/4000 loss=0.08120 lr=9.79e-05
[17:20:03]     train step 800/4000 loss=0.05259 lr=9.49e-05
[17:20:08]     train step 1000/4000 loss=0.03879 lr=9.07e-05
[17:20:12]     train step 1200/4000 loss=0.03076 lr=8.53e-05
[17:20:16]     train step 1400/4000 loss=0.02560 lr=7.90e-05
[17:20:20]     train step 1600/4000 loss=0.02116 lr=7.19e-05
[17:20:24]     train step 1800/4000 loss=0.01841 lr=6.42e-05
[17:20:28]     train step 2000/4000 loss=0.01573 lr=5.62e-05
[17:20:33]     train step 2200/4000 loss=0.01393 lr=4.80e-05
[17:20:37]     train step 2400/4000 loss=0.01225 lr=3.99e-05
[17:20:41]     train step 2600/4000 loss=0.01079 lr=3.20e-05
[17:20:45]     train step 2800/4000 loss=0.00993 lr=2.48e-05
[17:20:49]     train step 3000/4000 loss=0.00906 lr=1.82e-05
[17:20:53]     train step 3200/4000 loss=0.00836 lr=1.26e-05
[17:20:58]     train step 3400/4000 loss=0.00798 lr=8.08e-06
[17:21:02]     train step 3600/4000 loss=0.00762 lr=4.74e-06
[17:21:06]     train step 3800/4000 loss=0.00746 lr=2.69e-06
[17:21:10]     train step 4000/4000 loss=0.00732 lr=2.00e-06
[17:28:11]   [eval] SR=0.970
[17:28:14]   [ensemble] intervention at t=4 (rollout 0) len=40
[17:28:14] 
===== ensemble Round 4 | dataset=12 =====
[17:28:18]     train step 200/4000 loss=0.59736 lr=8.00e-05
[17:28:22]     train step 400/4000 loss=0.21429 lr=9.96e-05
[17:28:27]     train step 600/4000 loss=0.08051 lr=9.79e-05
[17:28:31]     train step 800/4000 loss=0.05436 lr=9.49e-05
[17:28:35]     train step 1000/4000 loss=0.03940 lr=9.07e-05
[17:28:39]     train step 1200/4000 loss=0.03159 lr=8.53e-05
[17:28:43]     train step 1400/4000 loss=0.02595 lr=7.90e-05
[17:28:47]     train step 1600/4000 loss=0.02286 lr=7.19e-05
[17:28:51]     train step 1800/4000 loss=0.01952 lr=6.42e-05
[17:28:56]     train step 2000/4000 loss=0.01638 lr=5.62e-05
[17:29:00]     train step 2200/4000 loss=0.01453 lr=4.80e-05
[17:29:04]     train step 2400/4000 loss=0.01264 lr=3.99e-05
[17:29:08]     train step 2600/4000 loss=0.01149 lr=3.20e-05
[17:29:12]     train step 2800/4000 loss=0.01036 lr=2.48e-05
[17:29:16]     train step 3000/4000 loss=0.00959 lr=1.82e-05
[17:29:21]     train step 3200/4000 loss=0.00867 lr=1.26e-05
[17:29:25]     train step 3400/4000 loss=0.00827 lr=8.08e-06
[17:29:29]     train step 3600/4000 loss=0.00796 lr=4.74e-06
[17:29:33]     train step 3800/4000 loss=0.00780 lr=2.69e-06
[17:29:37]     train step 4000/4000 loss=0.00764 lr=2.00e-06
[17:36:35]   [eval] SR=0.980
[17:36:35]   [ensemble] intervention at t=0 (rollout 0) len=47
[17:36:36] 
===== ensemble Round 5 | dataset=13 =====
[17:36:40]     train step 200/4000 loss=0.59763 lr=8.00e-05
[17:36:44]     train step 400/4000 loss=0.21438 lr=9.96e-05
[17:36:48]     train step 600/4000 loss=0.08305 lr=9.79e-05
[17:36:52]     train step 800/4000 loss=0.05397 lr=9.49e-05
[17:36:56]     train step 1000/4000 loss=0.03915 lr=9.07e-05
[17:37:01]     train step 1200/4000 loss=0.03179 lr=8.53e-05
[17:37:05]     train step 1400/4000 loss=0.02640 lr=7.90e-05
[17:37:09]     train step 1600/4000 loss=0.02265 lr=7.19e-05
[17:37:13]     train step 1800/4000 loss=0.02018 lr=6.42e-05
[17:37:17]     train step 2000/4000 loss=0.01689 lr=5.62e-05
[17:37:21]     train step 2200/4000 loss=0.01485 lr=4.80e-05
[17:37:25]     train step 2400/4000 loss=0.01326 lr=3.99e-05
[17:37:30]     train step 2600/4000 loss=0.01196 lr=3.20e-05
[17:37:34]     train step 2800/4000 loss=0.01088 lr=2.48e-05
[17:37:38]     train step 3000/4000 loss=0.00991 lr=1.82e-05
[17:37:42]     train step 3200/4000 loss=0.00922 lr=1.26e-05
[17:37:46]     train step 3400/4000 loss=0.00892 lr=8.08e-06
[17:37:50]     train step 3600/4000 loss=0.00843 lr=4.74e-06
[17:37:54]     train step 3800/4000 loss=0.00829 lr=2.69e-06
[17:37:59]     train step 4000/4000 loss=0.00819 lr=2.00e-06
[17:44:47]   [eval] SR=1.000
[17:44:48]   [ensemble] intervention at t=0 (rollout 0) len=44
[17:44:48] 
===== ensemble Round 6 | dataset=14 =====
[17:44:52]     train step 200/4000 loss=0.59860 lr=8.00e-05
[17:44:56]     train step 400/4000 loss=0.21537 lr=9.96e-05
[17:45:00]     train step 600/4000 loss=0.08251 lr=9.79e-05
[17:45:05]     train step 800/4000 loss=0.05451 lr=9.49e-05
[17:45:09]     train step 1000/4000 loss=0.03979 lr=9.07e-05
[17:45:13]     train step 1200/4000 loss=0.03143 lr=8.53e-05
[17:45:17]     train step 1400/4000 loss=0.02566 lr=7.90e-05
[17:45:21]     train step 1600/4000 loss=0.02194 lr=7.19e-05
[17:45:25]     train step 1800/4000 loss=0.01966 lr=6.42e-05
[17:45:29]     train step 2000/4000 loss=0.01714 lr=5.62e-05
[17:45:34]     train step 2200/4000 loss=0.01547 lr=4.80e-05
[17:45:38]     train step 2400/4000 loss=0.01352 lr=3.99e-05
[17:45:42]     train step 2600/4000 loss=0.01225 lr=3.20e-05
[17:45:46]     train step 2800/4000 loss=0.01126 lr=2.48e-05
[17:45:50]     train step 3000/4000 loss=0.01039 lr=1.82e-05
[17:45:54]     train step 3200/4000 loss=0.00967 lr=1.26e-05
[17:45:58]     train step 3400/4000 loss=0.00926 lr=8.08e-06
[17:46:03]     train step 3600/4000 loss=0.00891 lr=4.74e-06
[17:46:07]     train step 3800/4000 loss=0.00878 lr=2.69e-06
[17:46:11]     train step 4000/4000 loss=0.00862 lr=2.00e-06
[17:53:04]   [eval] SR=0.990
[17:53:17]   [ensemble] intervention at t=26 (rollout 0) len=19
[17:53:17] 
===== ensemble Round 7 | dataset=15 =====
[17:53:22]     train step 200/4000 loss=0.59958 lr=8.00e-05
[17:53:26]     train step 400/4000 loss=0.21669 lr=9.96e-05
[17:53:30]     train step 600/4000 loss=0.08234 lr=9.79e-05
[17:53:34]     train step 800/4000 loss=0.05465 lr=9.49e-05
[17:53:38]     train step 1000/4000 loss=0.03940 lr=9.07e-05
[17:53:42]     train step 1200/4000 loss=0.03171 lr=8.53e-05
[17:53:47]     train step 1400/4000 loss=0.02551 lr=7.90e-05
[17:53:51]     train step 1600/4000 loss=0.02195 lr=7.19e-05
[17:53:55]     train step 1800/4000 loss=0.01968 lr=6.42e-05
[17:53:59]     train step 2000/4000 loss=0.01681 lr=5.62e-05
[17:54:03]     train step 2200/4000 loss=0.01537 lr=4.80e-05
[17:54:07]     train step 2400/4000 loss=0.01381 lr=3.99e-05
[17:54:11]     train step 2600/4000 loss=0.01213 lr=3.20e-05
[17:54:16]     train step 2800/4000 loss=0.01114 lr=2.48e-05
[17:54:20]     train step 3000/4000 loss=0.01050 lr=1.82e-05
[17:54:24]     train step 3200/4000 loss=0.00971 lr=1.26e-05
[17:54:28]     train step 3400/4000 loss=0.00924 lr=8.08e-06
[17:54:32]     train step 3600/4000 loss=0.00890 lr=4.74e-06
[17:54:36]     train step 3800/4000 loss=0.00870 lr=2.69e-06
[17:54:41]     train step 4000/4000 loss=0.00854 lr=2.00e-06
[18:01:35]   [eval] SR=0.990
[18:01:46]   [ensemble] intervention at t=23 (rollout 0) len=22
[18:01:47] 
===== ensemble Round 8 | dataset=16 =====
[18:01:51]     train step 200/4000 loss=0.60005 lr=8.00e-05
[18:01:55]     train step 400/4000 loss=0.21541 lr=9.96e-05
[18:01:59]     train step 600/4000 loss=0.08446 lr=9.79e-05
[18:02:03]     train step 800/4000 loss=0.05484 lr=9.49e-05
[18:02:07]     train step 1000/4000 loss=0.03960 lr=9.07e-05
[18:02:11]     train step 1200/4000 loss=0.03105 lr=8.53e-05
[18:02:16]     train step 1400/4000 loss=0.02632 lr=7.90e-05
[18:02:20]     train step 1600/4000 loss=0.02255 lr=7.19e-05
[18:02:24]     train step 1800/4000 loss=0.01972 lr=6.42e-05
[18:02:28]     train step 2000/4000 loss=0.01732 lr=5.62e-05
[18:02:32]     train step 2200/4000 loss=0.01562 lr=4.80e-05
[18:02:36]     train step 2400/4000 loss=0.01402 lr=3.99e-05
[18:02:40]     train step 2600/4000 loss=0.01284 lr=3.20e-05
[18:02:45]     train step 2800/4000 loss=0.01168 lr=2.48e-05
[18:02:49]     train step 3000/4000 loss=0.01086 lr=1.82e-05
[18:02:53]     train step 3200/4000 loss=0.01012 lr=1.26e-05
[18:02:57]     train step 3400/4000 loss=0.00965 lr=8.08e-06
[18:03:01]     train step 3600/4000 loss=0.00927 lr=4.74e-06
[18:03:05]     train step 3800/4000 loss=0.00912 lr=2.69e-06
[18:03:09]     train step 4000/4000 loss=0.00900 lr=2.00e-06
[18:10:01]   [eval] SR=1.000
[18:10:15]   [ensemble] intervention at t=27 (rollout 0) len=21
[18:10:15] 
===== ensemble Round 9 | dataset=17 =====
[18:10:19]     train step 200/4000 loss=0.60057 lr=8.00e-05
[18:10:23]     train step 400/4000 loss=0.21715 lr=9.96e-05
[18:10:27]     train step 600/4000 loss=0.08182 lr=9.79e-05
[18:10:31]     train step 800/4000 loss=0.05412 lr=9.49e-05
[18:10:36]     train step 1000/4000 loss=0.04002 lr=9.07e-05
[18:10:40]     train step 1200/4000 loss=0.03126 lr=8.53e-05
[18:10:44]     train step 1400/4000 loss=0.02627 lr=7.90e-05
[18:10:48]     train step 1600/4000 loss=0.02197 lr=7.19e-05
[18:10:52]     train step 1800/4000 loss=0.01956 lr=6.42e-05
[18:10:56]     train step 2000/4000 loss=0.01704 lr=5.62e-05
[18:11:00]     train step 2200/4000 loss=0.01526 lr=4.80e-05
[18:11:05]     train step 2400/4000 loss=0.01354 lr=3.99e-05
[18:11:09]     train step 2600/4000 loss=0.01211 lr=3.20e-05
[18:11:13]     train step 2800/4000 loss=0.01120 lr=2.48e-05
[18:11:17]     train step 3000/4000 loss=0.01040 lr=1.82e-05
[18:11:21]     train step 3200/4000 loss=0.00951 lr=1.26e-05
[18:11:25]     train step 3400/4000 loss=0.00913 lr=8.08e-06
[18:11:30]     train step 3600/4000 loss=0.00879 lr=4.74e-06
[18:11:34]     train step 3800/4000 loss=0.00866 lr=2.69e-06
[18:11:38]     train step 4000/4000 loss=0.00845 lr=2.00e-06
[18:18:28]   [eval] SR=1.000
[18:18:40]   [ensemble] intervention at t=24 (rollout 0) len=20
[18:18:40] 
===== ensemble Round 10 | dataset=18 =====
[18:18:44]     train step 200/4000 loss=0.60105 lr=8.00e-05
[18:18:48]     train step 400/4000 loss=0.21775 lr=9.96e-05
[18:18:53]     train step 600/4000 loss=0.08369 lr=9.79e-05
[18:18:57]     train step 800/4000 loss=0.05427 lr=9.49e-05
[18:19:01]     train step 1000/4000 loss=0.03983 lr=9.07e-05
[18:19:05]     train step 1200/4000 loss=0.03159 lr=8.53e-05
[18:19:09]     train step 1400/4000 loss=0.02580 lr=7.90e-05
[18:19:13]     train step 1600/4000 loss=0.02250 lr=7.19e-05
[18:19:17]     train step 1800/4000 loss=0.02008 lr=6.42e-05
[18:19:22]     train step 2000/4000 loss=0.01760 lr=5.62e-05
[18:19:26]     train step 2200/4000 loss=0.01569 lr=4.80e-05
[18:19:30]     train step 2400/4000 loss=0.01408 lr=3.99e-05
[18:19:34]     train step 2600/4000 loss=0.01273 lr=3.20e-05
[18:19:38]     train step 2800/4000 loss=0.01176 lr=2.48e-05
[18:19:42]     train step 3000/4000 loss=0.01082 lr=1.82e-05
[18:19:46]     train step 3200/4000 loss=0.01017 lr=1.26e-05
[18:19:51]     train step 3400/4000 loss=0.00978 lr=8.08e-06
[18:19:55]     train step 3600/4000 loss=0.00932 lr=4.74e-06
[18:19:59]     train step 3800/4000 loss=0.00920 lr=2.69e-06
[18:20:03]     train step 4000/4000 loss=0.00907 lr=2.00e-06
[18:26:53]   [eval] SR=1.000
[18:26:55]   [ensemble] intervention at t=2 (rollout 0) len=46
[18:26:55] 
===== ensemble Round 11 | dataset=19 =====
[18:26:59]     train step 200/4000 loss=0.60110 lr=8.00e-05
[18:27:03]     train step 400/4000 loss=0.21845 lr=9.96e-05
[18:27:07]     train step 600/4000 loss=0.08425 lr=9.79e-05
[18:27:11]     train step 800/4000 loss=0.05394 lr=9.49e-05
[18:27:15]     train step 1000/4000 loss=0.04023 lr=9.07e-05
[18:27:20]     train step 1200/4000 loss=0.03189 lr=8.53e-05
[18:27:24]     train step 1400/4000 loss=0.02585 lr=7.90e-05
[18:27:28]     train step 1600/4000 loss=0.02251 lr=7.19e-05
[18:27:32]     train step 1800/4000 loss=0.01993 lr=6.42e-05
[18:27:36]     train step 2000/4000 loss=0.01763 lr=5.62e-05
[18:27:40]     train step 2200/4000 loss=0.01616 lr=4.80e-05
[18:27:44]     train step 2400/4000 loss=0.01445 lr=3.99e-05
[18:27:49]     train step 2600/4000 loss=0.01301 lr=3.20e-05
[18:27:53]     train step 2800/4000 loss=0.01219 lr=2.48e-05
[18:27:57]     train step 3000/4000 loss=0.01114 lr=1.82e-05
[18:28:01]     train step 3200/4000 loss=0.01048 lr=1.26e-05
[18:28:05]     train step 3400/4000 loss=0.01004 lr=8.08e-06
[18:28:09]     train step 3600/4000 loss=0.00966 lr=4.74e-06
[18:28:14]     train step 3800/4000 loss=0.00945 lr=2.69e-06
[18:28:18]     train step 4000/4000 loss=0.00937 lr=2.00e-06
[18:35:09]   [eval] SR=1.000
[18:35:09]   [ensemble] intervention at t=0 (rollout 0) len=47
[18:35:10] 
===== ensemble Round 12 | dataset=20 =====
[18:35:14]     train step 200/4000 loss=0.60092 lr=8.00e-05
[18:35:18]     train step 400/4000 loss=0.21754 lr=9.96e-05
[18:35:22]     train step 600/4000 loss=0.08353 lr=9.79e-05
[18:35:26]     train step 800/4000 loss=0.05418 lr=9.49e-05
[18:35:31]     train step 1000/4000 loss=0.03950 lr=9.07e-05
[18:35:35]     train step 1200/4000 loss=0.03209 lr=8.53e-05
[18:35:39]     train step 1400/4000 loss=0.02616 lr=7.90e-05
[18:35:43]     train step 1600/4000 loss=0.02206 lr=7.19e-05
[18:35:47]     train step 1800/4000 loss=0.01984 lr=6.42e-05
[18:35:51]     train step 2000/4000 loss=0.01733 lr=5.62e-05
[18:35:55]     train step 2200/4000 loss=0.01546 lr=4.80e-05
[18:36:00]     train step 2400/4000 loss=0.01407 lr=3.99e-05
[18:36:04]     train step 2600/4000 loss=0.01287 lr=3.20e-05
[18:36:08]     train step 2800/4000 loss=0.01186 lr=2.48e-05
[18:36:12]     train step 3000/4000 loss=0.01093 lr=1.82e-05
[18:36:16]     train step 3200/4000 loss=0.01027 lr=1.26e-05
[18:36:20]     train step 3400/4000 loss=0.00976 lr=8.08e-06
[18:36:25]     train step 3600/4000 loss=0.00935 lr=4.74e-06
[18:36:29]     train step 3800/4000 loss=0.00927 lr=2.69e-06
[18:36:33]     train step 4000/4000 loss=0.00906 lr=2.00e-06
[18:43:23]   [eval] SR=1.000
[18:43:36]   [ensemble] intervention at t=26 (rollout 0) len=20
[18:43:36] 
===== ensemble Round 13 | dataset=21 =====
[18:43:40]     train step 200/4000 loss=0.60085 lr=8.00e-05
[18:43:44]     train step 400/4000 loss=0.21522 lr=9.96e-05
[18:43:48]     train step 600/4000 loss=0.08347 lr=9.79e-05
[18:43:53]     train step 800/4000 loss=0.05449 lr=9.49e-05
[18:43:57]     train step 1000/4000 loss=0.03952 lr=9.07e-05
[18:44:01]     train step 1200/4000 loss=0.03132 lr=8.53e-05
[18:44:05]     train step 1400/4000 loss=0.02644 lr=7.90e-05
[18:44:09]     train step 1600/4000 loss=0.02261 lr=7.19e-05
[18:44:13]     train step 1800/4000 loss=0.01967 lr=6.42e-05
[18:44:17]     train step 2000/4000 loss=0.01733 lr=5.62e-05
[18:44:22]     train step 2200/4000 loss=0.01582 lr=4.80e-05
[18:44:26]     train step 2400/4000 loss=0.01441 lr=3.99e-05
[18:44:30]     train step 2600/4000 loss=0.01301 lr=3.20e-05
[18:44:34]     train step 2800/4000 loss=0.01189 lr=2.48e-05
[18:44:38]     train step 3000/4000 loss=0.01108 lr=1.82e-05
[18:44:42]     train step 3200/4000 loss=0.01040 lr=1.26e-05
[18:44:46]     train step 3400/4000 loss=0.00990 lr=8.08e-06
[18:44:50]     train step 3600/4000 loss=0.00958 lr=4.74e-06
[18:44:55]     train step 3800/4000 loss=0.00942 lr=2.69e-06
[18:44:59]     train step 4000/4000 loss=0.00926 lr=2.00e-06
[18:51:49]   [eval] SR=1.000
[18:51:50]   [ensemble] intervention at t=0 (rollout 0) len=44
[18:51:50] 
===== ensemble Round 14 | dataset=22 =====
[18:51:54]     train step 200/4000 loss=0.60022 lr=8.00e-05
[18:51:59]     train step 400/4000 loss=0.21810 lr=9.96e-05
[18:52:03]     train step 600/4000 loss=0.08305 lr=9.79e-05
[18:52:07]     train step 800/4000 loss=0.05482 lr=9.49e-05
[18:52:11]     train step 1000/4000 loss=0.04090 lr=9.07e-05
[18:52:15]     train step 1200/4000 loss=0.03265 lr=8.53e-05
[18:52:19]     train step 1400/4000 loss=0.02643 lr=7.90e-05
[18:52:23]     train step 1600/4000 loss=0.02324 lr=7.19e-05
[18:52:28]     train step 1800/4000 loss=0.02021 lr=6.42e-05
[18:52:32]     train step 2000/4000 loss=0.01766 lr=5.62e-05
[18:52:36]     train step 2200/4000 loss=0.01577 lr=4.80e-05
[18:52:40]     train step 2400/4000 loss=0.01392 lr=3.99e-05
[18:52:44]     train step 2600/4000 loss=0.01274 lr=3.20e-05
[18:52:48]     train step 2800/4000 loss=0.01176 lr=2.48e-05
[18:52:52]     train step 3000/4000 loss=0.01082 lr=1.82e-05
[18:52:57]     train step 3200/4000 loss=0.01019 lr=1.26e-05
[18:53:01]     train step 3400/4000 loss=0.00978 lr=8.08e-06
[18:53:05]     train step 3600/4000 loss=0.00930 lr=4.74e-06
[18:53:09]     train step 3800/4000 loss=0.00918 lr=2.69e-06
[18:53:13]     train step 4000/4000 loss=0.00900 lr=2.00e-06
[19:00:06]   [eval] SR=0.990
[19:00:09]   [ensemble] intervention at t=4 (rollout 0) len=39
[19:00:09] 
===== ensemble Round 15 | dataset=23 =====
[19:00:13]     train step 200/4000 loss=0.60069 lr=8.00e-05
[19:00:17]     train step 400/4000 loss=0.21773 lr=9.96e-05
[19:00:21]     train step 600/4000 loss=0.08220 lr=9.79e-05
[19:00:26]     train step 800/4000 loss=0.05313 lr=9.49e-05
[19:00:30]     train step 1000/4000 loss=0.03850 lr=9.07e-05
[19:00:34]     train step 1200/4000 loss=0.03106 lr=8.53e-05
[19:00:38]     train step 1400/4000 loss=0.02542 lr=7.90e-05
[19:00:42]     train step 1600/4000 loss=0.02321 lr=7.19e-05
[19:00:46]     train step 1800/4000 loss=0.01976 lr=6.42e-05
[19:00:51]     train step 2000/4000 loss=0.01771 lr=5.62e-05
[19:00:55]     train step 2200/4000 loss=0.01589 lr=4.80e-05
[19:00:59]     train step 2400/4000 loss=0.01414 lr=3.99e-05
[19:01:03]     train step 2600/4000 loss=0.01299 lr=3.20e-05
[19:01:07]     train step 2800/4000 loss=0.01188 lr=2.48e-05
[19:01:11]     train step 3000/4000 loss=0.01094 lr=1.82e-05
[19:01:16]     train step 3200/4000 loss=0.01027 lr=1.26e-05
[19:01:20]     train step 3400/4000 loss=0.00990 lr=8.08e-06
[19:01:24]     train step 3600/4000 loss=0.00946 lr=4.74e-06
[19:01:28]     train step 3800/4000 loss=0.00933 lr=2.69e-06
[19:01:32]     train step 4000/4000 loss=0.00914 lr=2.00e-06
[19:08:24]   [eval] SR=0.990
[19:08:25]   [ensemble] intervention at t=0 (rollout 0) len=45
[19:08:25] 
===== ensemble Round 16 | dataset=24 =====
[19:08:29]     train step 200/4000 loss=0.59442 lr=8.00e-05
[19:08:33]     train step 400/4000 loss=0.21560 lr=9.96e-05
[19:08:37]     train step 600/4000 loss=0.08215 lr=9.79e-05
[19:08:41]     train step 800/4000 loss=0.05382 lr=9.49e-05
[19:08:45]     train step 1000/4000 loss=0.03931 lr=9.07e-05
[19:08:50]     train step 1200/4000 loss=0.03198 lr=8.53e-05
[19:08:54]     train step 1400/4000 loss=0.02611 lr=7.90e-05
[19:08:58]     train step 1600/4000 loss=0.02288 lr=7.19e-05
[19:09:02]     train step 1800/4000 loss=0.01960 lr=6.42e-05
[19:09:06]     train step 2000/4000 loss=0.01719 lr=5.62e-05
[19:09:10]     train step 2200/4000 loss=0.01572 lr=4.80e-05
[19:09:14]     train step 2400/4000 loss=0.01388 lr=3.99e-05
[19:09:18]     train step 2600/4000 loss=0.01254 lr=3.20e-05
[19:09:23]     train step 2800/4000 loss=0.01166 lr=2.48e-05
[19:09:27]     train step 3000/4000 loss=0.01062 lr=1.82e-05
[19:09:31]     train step 3200/4000 loss=0.01001 lr=1.26e-05
[19:09:35]     train step 3400/4000 loss=0.00955 lr=8.08e-06
[19:09:39]     train step 3600/4000 loss=0.00914 lr=4.74e-06
[19:09:43]     train step 3800/4000 loss=0.00906 lr=2.69e-06
[19:09:47]     train step 4000/4000 loss=0.00888 lr=2.00e-06
[19:16:36]   [eval] SR=1.000
[19:16:49]   [ensemble] intervention at t=26 (rollout 0) len=21
[19:16:49] 
===== ensemble Round 17 | dataset=25 =====
[19:16:53]     train step 200/4000 loss=0.59449 lr=8.00e-05
[19:16:57]     train step 400/4000 loss=0.21617 lr=9.96e-05
[19:17:01]     train step 600/4000 loss=0.08322 lr=9.79e-05
[19:17:06]     train step 800/4000 loss=0.05436 lr=9.49e-05
[19:17:10]     train step 1000/4000 loss=0.04004 lr=9.07e-05
[19:17:14]     train step 1200/4000 loss=0.03213 lr=8.53e-05
[19:17:18]     train step 1400/4000 loss=0.02631 lr=7.90e-05
[19:17:22]     train step 1600/4000 loss=0.02250 lr=7.19e-05
[19:17:26]     train step 1800/4000 loss=0.02003 lr=6.42e-05
[19:17:30]     train step 2000/4000 loss=0.01779 lr=5.62e-05
[19:17:35]     train step 2200/4000 loss=0.01605 lr=4.80e-05
[19:17:39]     train step 2400/4000 loss=0.01431 lr=3.99e-05
[19:17:43]     train step 2600/4000 loss=0.01302 lr=3.20e-05
[19:17:47]     train step 2800/4000 loss=0.01179 lr=2.48e-05
[19:17:51]     train step 3000/4000 loss=0.01109 lr=1.82e-05
[19:17:55]     train step 3200/4000 loss=0.01041 lr=1.26e-05
[19:17:59]     train step 3400/4000 loss=0.01001 lr=8.08e-06
[19:18:03]     train step 3600/4000 loss=0.00957 lr=4.74e-06
[19:18:08]     train step 3800/4000 loss=0.00942 lr=2.69e-06
[19:18:12]     train step 4000/4000 loss=0.00927 lr=2.00e-06
[19:24:59]   [eval] SR=1.000
[19:25:13]   [ensemble] intervention at t=28 (rollout 0) len=19
[19:25:13] 
===== ensemble Round 18 | dataset=26 =====
[19:25:18]     train step 200/4000 loss=0.59528 lr=8.00e-05
[19:25:22]     train step 400/4000 loss=0.21562 lr=9.96e-05
[19:25:26]     train step 600/4000 loss=0.08273 lr=9.79e-05
[19:25:30]     train step 800/4000 loss=0.05457 lr=9.49e-05
[19:25:34]     train step 1000/4000 loss=0.03944 lr=9.07e-05
[19:25:38]     train step 1200/4000 loss=0.03128 lr=8.53e-05
[19:25:43]     train step 1400/4000 loss=0.02619 lr=7.90e-05
[19:25:47]     train step 1600/4000 loss=0.02299 lr=7.19e-05
[19:25:51]     train step 1800/4000 loss=0.02024 lr=6.42e-05
[19:25:55]     train step 2000/4000 loss=0.01827 lr=5.62e-05
[19:25:59]     train step 2200/4000 loss=0.01613 lr=4.80e-05
[19:26:03]     train step 2400/4000 loss=0.01432 lr=3.99e-05
[19:26:07]     train step 2600/4000 loss=0.01299 lr=3.20e-05
[19:26:12]     train step 2800/4000 loss=0.01201 lr=2.48e-05
[19:26:16]     train step 3000/4000 loss=0.01112 lr=1.82e-05
[19:26:20]     train step 3200/4000 loss=0.01030 lr=1.26e-05
[19:26:24]     train step 3400/4000 loss=0.00997 lr=8.08e-06
[19:26:28]     train step 3600/4000 loss=0.00957 lr=4.74e-06
[19:26:32]     train step 3800/4000 loss=0.00943 lr=2.69e-06
[19:26:36]     train step 4000/4000 loss=0.00925 lr=2.00e-06
[19:33:25]   [eval] SR=1.000
[19:33:37]   [ensemble] intervention at t=24 (rollout 0) len=19
[19:33:38] 
===== ensemble Round 19 | dataset=27 =====
[19:33:42]     train step 200/4000 loss=0.59560 lr=8.00e-05
[19:33:46]     train step 400/4000 loss=0.21407 lr=9.96e-05
[19:33:50]     train step 600/4000 loss=0.08275 lr=9.79e-05
[19:33:54]     train step 800/4000 loss=0.05521 lr=9.49e-05
[19:33:58]     train step 1000/4000 loss=0.04018 lr=9.07e-05
[19:34:03]     train step 1200/4000 loss=0.03154 lr=8.53e-05
[19:34:07]     train step 1400/4000 loss=0.02639 lr=7.90e-05
[19:34:11]     train step 1600/4000 loss=0.02338 lr=7.19e-05
[19:34:15]     train step 1800/4000 loss=0.02028 lr=6.42e-05
[19:34:19]     train step 2000/4000 loss=0.01755 lr=5.62e-05
[19:34:23]     train step 2200/4000 loss=0.01584 lr=4.80e-05
[19:34:27]     train step 2400/4000 loss=0.01418 lr=3.99e-05
[19:34:32]     train step 2600/4000 loss=0.01312 lr=3.20e-05
[19:34:36]     train step 2800/4000 loss=0.01202 lr=2.48e-05
[19:34:40]     train step 3000/4000 loss=0.01099 lr=1.82e-05
[19:34:44]     train step 3200/4000 loss=0.01030 lr=1.26e-05
[19:34:48]     train step 3400/4000 loss=0.00990 lr=8.08e-06
[19:34:52]     train step 3600/4000 loss=0.00950 lr=4.74e-06
[19:34:56]     train step 3800/4000 loss=0.00934 lr=2.69e-06
[19:35:01]     train step 4000/4000 loss=0.00919 lr=2.00e-06
[19:41:50]   [eval] SR=1.000
[19:42:03]   [ensemble] intervention at t=25 (rollout 0) len=22
[19:42:03] 
===== ensemble Round 20 | dataset=28 =====
[19:42:07]     train step 200/4000 loss=0.59572 lr=8.00e-05
[19:42:11]     train step 400/4000 loss=0.21482 lr=9.96e-05
[19:42:15]     train step 600/4000 loss=0.08316 lr=9.79e-05
[19:42:19]     train step 800/4000 loss=0.05336 lr=9.49e-05
[19:42:24]     train step 1000/4000 loss=0.03894 lr=9.07e-05
[19:42:28]     train step 1200/4000 loss=0.03127 lr=8.53e-05
[19:42:32]     train step 1400/4000 loss=0.02581 lr=7.90e-05
[19:42:36]     train step 1600/4000 loss=0.02267 lr=7.19e-05
[19:42:40]     train step 1800/4000 loss=0.02002 lr=6.42e-05
[19:42:44]     train step 2000/4000 loss=0.01768 lr=5.62e-05
[19:42:48]     train step 2200/4000 loss=0.01649 lr=4.80e-05
[19:42:52]     train step 2400/4000 loss=0.01439 lr=3.99e-05
[19:42:57]     train step 2600/4000 loss=0.01302 lr=3.20e-05
[19:43:01]     train step 2800/4000 loss=0.01205 lr=2.48e-05
[19:43:05]     train step 3000/4000 loss=0.01103 lr=1.82e-05
[19:43:09]     train step 3200/4000 loss=0.01043 lr=1.26e-05
[19:43:13]     train step 3400/4000 loss=0.01008 lr=8.08e-06
[19:43:17]     train step 3600/4000 loss=0.00962 lr=4.74e-06
[19:43:21]     train step 3800/4000 loss=0.00942 lr=2.69e-06
[19:43:26]     train step 4000/4000 loss=0.00930 lr=2.00e-06
[19:50:15]   [eval] SR=1.000
[19:50:15] DONE in 11100.4s | final_success=1.0
[19:50:15] [write] /weka/s226137394/DmNfull/distil/results/Lift/state/ensemble/seed5/result.json
