[02:23:23] [env] loaded /weka/s226137394/DmNfull/.env
[02:23:24] ===== DISTIL | task=Lift modality=image ablation=decision_heuristic seed=5 budget=20 smoke=False device=cuda =====
[02:23:25] [bootstrap] loaded 8 shared demos from /weka/s226137394/DmNfull/distil/results/shared_bootstrap/Lift_image/Lift_image_ni8.pkl
[02:23:25] [kag] copied Lift.json + rendered .kag.txt into /weka/s226137394/DmNfull/distil/results/Lift/image/decision_heuristic/seed5/kag
[02:23:28] [init] using 8 bootstrap demos (shared with baselines)
[02:23:28] 
===== DISTIL Round 0 | dataset=8 trajs =====
[02:23:28]   [train] 8 trajs, 357 windows, state_dim=23 act_dim=7 params=4.61M steps=8000
[02:23:39]     train step 200/8000 loss=0.57141 lr=8.00e-05
[02:23:48]     train step 400/8000 loss=0.25401 lr=9.99e-05
[02:23:58]     train step 600/8000 loss=0.15389 lr=9.95e-05
[02:24:07]     train step 800/8000 loss=0.10920 lr=9.88e-05
[02:24:17]     train step 1000/8000 loss=0.07982 lr=9.78e-05
[02:24:26]     train step 1200/8000 loss=0.06130 lr=9.64e-05
[02:24:36]     train step 1400/8000 loss=0.04981 lr=9.48e-05
[02:24:45]     train step 1600/8000 loss=0.04219 lr=9.29e-05
[02:24:55]     train step 1800/8000 loss=0.03665 lr=9.07e-05
[02:25:04]     train step 2000/8000 loss=0.03298 lr=8.82e-05
[02:25:14]     train step 2200/8000 loss=0.02880 lr=8.55e-05
[02:25:24]     train step 2400/8000 loss=0.02576 lr=8.26e-05
[02:25:33]     train step 2600/8000 loss=0.02285 lr=7.94e-05
[02:25:43]     train step 2800/8000 loss=0.02142 lr=7.61e-05
[02:25:52]     train step 3000/8000 loss=0.01876 lr=7.26e-05
[02:26:02]     train step 3200/8000 loss=0.01713 lr=6.90e-05
[02:26:11]     train step 3400/8000 loss=0.01558 lr=6.52e-05
[02:26:21]     train step 3600/8000 loss=0.01394 lr=6.14e-05
[02:26:30]     train step 3800/8000 loss=0.01245 lr=5.75e-05
[02:26:40]     train step 4000/8000 loss=0.01214 lr=5.35e-05
[02:26:49]     train step 4200/8000 loss=0.01043 lr=4.95e-05
[02:26:59]     train step 4400/8000 loss=0.00949 lr=4.56e-05
[02:27:09]     train step 4600/8000 loss=0.00843 lr=4.16e-05
[02:27:18]     train step 4800/8000 loss=0.00768 lr=3.78e-05
[02:27:27]     train step 5000/8000 loss=0.00727 lr=3.40e-05
[02:27:37]     train step 5200/8000 loss=0.00651 lr=3.03e-05
[02:27:47]     train step 5400/8000 loss=0.00606 lr=2.68e-05
[02:27:56]     train step 5600/8000 loss=0.00539 lr=2.34e-05
[02:28:06]     train step 5800/8000 loss=0.00502 lr=2.02e-05
[02:28:15]     train step 6000/8000 loss=0.00456 lr=1.73e-05
[02:28:25]     train step 6200/8000 loss=0.00421 lr=1.45e-05
[02:28:34]     train step 6400/8000 loss=0.00417 lr=1.20e-05
[02:28:44]     train step 6600/8000 loss=0.00384 lr=9.69e-06
[02:28:53]     train step 6800/8000 loss=0.00364 lr=7.69e-06
[02:29:03]     train step 7000/8000 loss=0.00352 lr=5.98e-06
[02:29:12]     train step 7200/8000 loss=0.00343 lr=4.56e-06
[02:29:22]     train step 7400/8000 loss=0.00330 lr=3.45e-06
[02:29:31]     train step 7600/8000 loss=0.00326 lr=2.65e-06
[02:29:41]     train step 7800/8000 loss=0.00316 lr=2.16e-06
[02:29:50]     train step 8000/8000 loss=0.00316 lr=2.00e-06
[02:29:58]   [calibrate] threshold(alpha=0.99)=0.00482 over 1428 samples (median=0.00316)
[02:34:18]   [eval] pure-policy success=0.580 mean_len=147 (fixed 100-ep set)
[02:35:47]   [screen] 11/40 failures found
[02:35:48]   [collect a0] mode=bridge choice=geometric_bridge cited=[3000004, 3000018] success=True len=47
[02:35:48] 
===== DISTIL Round 1 | dataset=9 trajs =====
[02:35:48]   [train] 9 trajs, 404 windows, state_dim=23 act_dim=7 params=4.61M steps=4000
[02:35:58]     train step 200/4000 loss=0.62895 lr=8.00e-05
[02:36:07]     train step 400/4000 loss=0.26375 lr=9.96e-05
[02:36:16]     train step 600/4000 loss=0.14694 lr=9.79e-05
[02:36:25]     train step 800/4000 loss=0.10042 lr=9.49e-05
[02:36:35]     train step 1000/4000 loss=0.07500 lr=9.07e-05
[02:36:44]     train step 1200/4000 loss=0.06061 lr=8.53e-05
[02:36:53]     train step 1400/4000 loss=0.05061 lr=7.90e-05
[02:37:02]     train step 1600/4000 loss=0.04437 lr=7.19e-05
[02:37:11]     train step 1800/4000 loss=0.03790 lr=6.42e-05
[02:37:20]     train step 2000/4000 loss=0.03225 lr=5.62e-05
[02:37:29]     train step 2200/4000 loss=0.02905 lr=4.80e-05
[02:37:39]     train step 2400/4000 loss=0.02587 lr=3.99e-05
[02:37:48]     train step 2600/4000 loss=0.02313 lr=3.20e-05
[02:37:57]     train step 2800/4000 loss=0.02109 lr=2.48e-05
[02:38:06]     train step 3000/4000 loss=0.01952 lr=1.82e-05
[02:38:15]     train step 3200/4000 loss=0.01787 lr=1.26e-05
[02:38:24]     train step 3400/4000 loss=0.01666 lr=8.08e-06
[02:38:33]     train step 3600/4000 loss=0.01595 lr=4.74e-06
[02:38:43]     train step 3800/4000 loss=0.01540 lr=2.69e-06
[02:38:52]     train step 4000/4000 loss=0.01503 lr=2.00e-06
[02:39:00]   [calibrate] threshold(alpha=0.99)=0.02416 over 1616 samples (median=0.01537)
[02:43:24]   [eval] pure-policy success=0.530 mean_len=150 (fixed 100-ep set)
[02:45:26]   [screen] 22/40 failures found
[02:45:33]   [collect a0] mode=bridge choice=geometric_bridge cited=[3000064, 3000065] success=True len=45
[02:45:33] 
===== DISTIL Round 2 | dataset=10 trajs =====
[02:45:33]   [train] 10 trajs, 449 windows, state_dim=23 act_dim=7 params=4.61M steps=4000
[02:45:43]     train step 200/4000 loss=0.61318 lr=8.00e-05
[02:45:52]     train step 400/4000 loss=0.23490 lr=9.96e-05
[02:46:02]     train step 600/4000 loss=0.13037 lr=9.79e-05
[02:46:12]     train step 800/4000 loss=0.09033 lr=9.49e-05
[02:46:21]     train step 1000/4000 loss=0.07239 lr=9.07e-05
[02:46:31]     train step 1200/4000 loss=0.06055 lr=8.53e-05
[02:46:41]     train step 1400/4000 loss=0.04902 lr=7.90e-05
[02:46:50]     train step 1600/4000 loss=0.04358 lr=7.19e-05
[02:47:00]     train step 1800/4000 loss=0.03647 lr=6.42e-05
[02:47:09]     train step 2000/4000 loss=0.03200 lr=5.62e-05
[02:47:19]     train step 2200/4000 loss=0.02829 lr=4.80e-05
[02:47:29]     train step 2400/4000 loss=0.02622 lr=3.99e-05
[02:47:38]     train step 2600/4000 loss=0.02299 lr=3.20e-05
[02:47:48]     train step 2800/4000 loss=0.02229 lr=2.48e-05
[02:47:58]     train step 3000/4000 loss=0.01951 lr=1.82e-05
[02:48:07]     train step 3200/4000 loss=0.01805 lr=1.26e-05
[02:48:17]     train step 3400/4000 loss=0.01695 lr=8.08e-06
[02:48:27]     train step 3600/4000 loss=0.01601 lr=4.74e-06
[02:48:36]     train step 3800/4000 loss=0.01553 lr=2.69e-06
[02:48:46]     train step 4000/4000 loss=0.01510 lr=2.00e-06
[02:48:55]   [calibrate] threshold(alpha=0.99)=0.02447 over 1796 samples (median=0.01553)
[02:52:51]   [eval] pure-policy success=0.650 mean_len=134 (fixed 100-ep set)
[02:54:08]   [screen] 8/40 failures found
[02:54:10]   [collect a0] mode=bridge choice=geometric_bridge cited=[3000092, 3000119] success=True len=44
[02:54:10] 
===== DISTIL Round 3 | dataset=11 trajs =====
[02:54:10]   [train] 11 trajs, 493 windows, state_dim=23 act_dim=7 params=4.61M steps=4000
[02:54:21]     train step 200/4000 loss=0.59864 lr=8.00e-05
[02:54:32]     train step 400/4000 loss=0.24600 lr=9.96e-05
[02:54:43]     train step 600/4000 loss=0.13553 lr=9.79e-05
[02:54:54]     train step 800/4000 loss=0.09120 lr=9.49e-05
[02:55:05]     train step 1000/4000 loss=0.06927 lr=9.07e-05
[02:55:16]     train step 1200/4000 loss=0.05696 lr=8.53e-05
[02:55:26]     train step 1400/4000 loss=0.04818 lr=7.90e-05
[02:55:37]     train step 1600/4000 loss=0.04270 lr=7.19e-05
[02:55:48]     train step 1800/4000 loss=0.03793 lr=6.42e-05
[02:55:59]     train step 2000/4000 loss=0.03381 lr=5.62e-05
[02:56:10]     train step 2200/4000 loss=0.02919 lr=4.80e-05
[02:56:21]     train step 2400/4000 loss=0.02642 lr=3.99e-05
[02:56:32]     train step 2600/4000 loss=0.02301 lr=3.20e-05
[02:56:43]     train step 2800/4000 loss=0.02166 lr=2.48e-05
[02:56:53]     train step 3000/4000 loss=0.01969 lr=1.82e-05
[02:57:04]     train step 3200/4000 loss=0.01856 lr=1.26e-05
[02:57:15]     train step 3400/4000 loss=0.01732 lr=8.08e-06
[02:57:26]     train step 3600/4000 loss=0.01649 lr=4.74e-06
[02:57:37]     train step 3800/4000 loss=0.01588 lr=2.69e-06
[02:57:48]     train step 4000/4000 loss=0.01541 lr=2.00e-06
[02:57:58]   [calibrate] threshold(alpha=0.99)=0.02476 over 1972 samples (median=0.01591)
[03:02:11]   [eval] pure-policy success=0.570 mean_len=142 (fixed 100-ep set)
[03:04:06]   [screen] 18/40 failures found
[03:04:13]   [collect a0] mode=bridge choice=geometric_bridge cited=[3000127, 3000144] success=True len=46
[03:04:13] 
===== DISTIL Round 4 | dataset=12 trajs =====
[03:04:13]   [train] 12 trajs, 539 windows, state_dim=23 act_dim=7 params=4.61M steps=4000
[03:04:24]     train step 200/4000 loss=0.60661 lr=8.00e-05
[03:04:35]     train step 400/4000 loss=0.23121 lr=9.96e-05
[03:04:46]     train step 600/4000 loss=0.12654 lr=9.79e-05
[03:04:57]     train step 800/4000 loss=0.08692 lr=9.49e-05
[03:05:08]     train step 1000/4000 loss=0.06442 lr=9.07e-05
[03:05:19]     train step 1200/4000 loss=0.04994 lr=8.53e-05
[03:05:30]     train step 1400/4000 loss=0.04206 lr=7.90e-05
[03:05:41]     train step 1600/4000 loss=0.03675 lr=7.19e-05
[03:05:52]     train step 1800/4000 loss=0.03143 lr=6.42e-05
[03:06:03]     train step 2000/4000 loss=0.02734 lr=5.62e-05
[03:06:14]     train step 2200/4000 loss=0.02465 lr=4.80e-05
[03:06:26]     train step 2400/4000 loss=0.02293 lr=3.99e-05
[03:06:38]     train step 2600/4000 loss=0.01990 lr=3.20e-05
[03:06:50]     train step 2800/4000 loss=0.01805 lr=2.48e-05
[03:07:02]     train step 3000/4000 loss=0.01675 lr=1.82e-05
[03:07:14]     train step 3200/4000 loss=0.01539 lr=1.26e-05
[03:07:26]     train step 3400/4000 loss=0.01474 lr=8.08e-06
[03:07:39]     train step 3600/4000 loss=0.01388 lr=4.74e-06
[03:07:51]     train step 3800/4000 loss=0.01342 lr=2.69e-06
[03:08:03]     train step 4000/4000 loss=0.01309 lr=2.00e-06
[03:08:14]   [calibrate] threshold(alpha=0.99)=0.02125 over 2156 samples (median=0.01321)
[03:12:44]   [eval] pure-policy success=0.590 mean_len=147 (fixed 100-ep set)
[03:14:49]   [screen] 19/40 failures found
[03:14:55]   [collect a0] mode=bridge choice=geometric_bridge cited=[3000161, 3000188] success=True len=47
[03:14:55] 
===== DISTIL Round 5 | dataset=13 trajs =====
[03:14:55]   [train] 13 trajs, 586 windows, state_dim=23 act_dim=7 params=4.61M steps=4000
[03:15:08]     train step 200/4000 loss=0.60842 lr=8.00e-05
[03:15:20]     train step 400/4000 loss=0.26740 lr=9.96e-05
[03:15:32]     train step 600/4000 loss=0.13633 lr=9.79e-05
[03:15:44]     train step 800/4000 loss=0.09664 lr=9.49e-05
[03:15:57]     train step 1000/4000 loss=0.07362 lr=9.07e-05
[03:16:09]     train step 1200/4000 loss=0.05860 lr=8.53e-05
[03:16:21]     train step 1400/4000 loss=0.05009 lr=7.90e-05
[03:16:33]     train step 1600/4000 loss=0.04399 lr=7.19e-05
[03:16:45]     train step 1800/4000 loss=0.03997 lr=6.42e-05
[03:16:57]     train step 2000/4000 loss=0.03569 lr=5.62e-05
[03:17:09]     train step 2200/4000 loss=0.03283 lr=4.80e-05
[03:17:22]     train step 2400/4000 loss=0.02970 lr=3.99e-05
[03:17:34]     train step 2600/4000 loss=0.02751 lr=3.20e-05
[03:17:46]     train step 2800/4000 loss=0.02513 lr=2.48e-05
[03:17:58]     train step 3000/4000 loss=0.02316 lr=1.82e-05
[03:18:10]     train step 3200/4000 loss=0.02209 lr=1.26e-05
[03:18:22]     train step 3400/4000 loss=0.02049 lr=8.08e-06
[03:18:35]     train step 3600/4000 loss=0.01960 lr=4.74e-06
[03:18:48]     train step 3800/4000 loss=0.01893 lr=2.69e-06
[03:19:00]     train step 4000/4000 loss=0.01854 lr=2.00e-06
[03:19:12]   [calibrate] threshold(alpha=0.99)=0.03664 over 2344 samples (median=0.01821)
[03:23:44]   [eval] pure-policy success=0.560 mean_len=148 (fixed 100-ep set)
[03:25:25]   [screen] 14/40 failures found
[03:25:36]   [collect a0] mode=bridge choice=geometric_bridge cited=[3000201, 3000218] success=True len=44
[03:25:36] 
===== DISTIL Round 6 | dataset=14 trajs =====
[03:25:36]   [train] 14 trajs, 630 windows, state_dim=23 act_dim=7 params=4.61M steps=4000
[03:25:49]     train step 200/4000 loss=0.57964 lr=8.00e-05
[03:26:01]     train step 400/4000 loss=0.26928 lr=9.96e-05
[03:26:14]     train step 600/4000 loss=0.15469 lr=9.79e-05
[03:26:26]     train step 800/4000 loss=0.09931 lr=9.49e-05
[03:26:39]     train step 1000/4000 loss=0.07575 lr=9.07e-05
[03:26:52]     train step 1200/4000 loss=0.06158 lr=8.53e-05
[03:27:04]     train step 1400/4000 loss=0.05277 lr=7.90e-05
[03:27:17]     train step 1600/4000 loss=0.04801 lr=7.19e-05
[03:27:29]     train step 1800/4000 loss=0.04160 lr=6.42e-05
[03:27:41]     train step 2000/4000 loss=0.03777 lr=5.62e-05
[03:27:53]     train step 2200/4000 loss=0.03465 lr=4.80e-05
[03:28:05]     train step 2400/4000 loss=0.03180 lr=3.99e-05
[03:28:17]     train step 2600/4000 loss=0.02904 lr=3.20e-05
[03:28:29]     train step 2800/4000 loss=0.02750 lr=2.48e-05
[03:28:41]     train step 3000/4000 loss=0.02508 lr=1.82e-05
[03:28:54]     train step 3200/4000 loss=0.02440 lr=1.26e-05
[03:29:06]     train step 3400/4000 loss=0.02271 lr=8.08e-06
[03:29:18]     train step 3600/4000 loss=0.02177 lr=4.74e-06
[03:29:30]     train step 3800/4000 loss=0.02106 lr=2.69e-06
[03:29:42]     train step 4000/4000 loss=0.02057 lr=2.00e-06
[03:29:55]   [calibrate] threshold(alpha=0.99)=0.04536 over 2520 samples (median=0.01918)
[03:33:41]   [eval] pure-policy success=0.700 mean_len=124 (fixed 100-ep set)
[03:35:02]   [screen] 10/40 failures found
[03:35:09]   [collect a0] mode=bridge choice=geometric_bridge cited=[3000248, 3000265] success=True len=44
[03:35:10] 
===== DISTIL Round 7 | dataset=15 trajs =====
[03:35:10]   [train] 15 trajs, 674 windows, state_dim=23 act_dim=7 params=4.61M steps=4000
[03:35:22]     train step 200/4000 loss=0.57950 lr=8.00e-05
[03:35:34]     train step 400/4000 loss=0.24184 lr=9.96e-05
[03:35:46]     train step 600/4000 loss=0.12644 lr=9.79e-05
[03:35:59]     train step 800/4000 loss=0.08416 lr=9.49e-05
[03:36:11]     train step 1000/4000 loss=0.06666 lr=9.07e-05
[03:36:23]     train step 1200/4000 loss=0.05450 lr=8.53e-05
[03:36:35]     train step 1400/4000 loss=0.04707 lr=7.90e-05
[03:36:47]     train step 1600/4000 loss=0.04063 lr=7.19e-05
[03:36:58]     train step 1800/4000 loss=0.03678 lr=6.42e-05
[03:37:09]     train step 2000/4000 loss=0.03279 lr=5.62e-05
[03:37:21]     train step 2200/4000 loss=0.02985 lr=4.80e-05
[03:37:32]     train step 2400/4000 loss=0.02702 lr=3.99e-05
[03:37:43]     train step 2600/4000 loss=0.02445 lr=3.20e-05
[03:37:54]     train step 2800/4000 loss=0.02282 lr=2.48e-05
[03:38:06]     train step 3000/4000 loss=0.02106 lr=1.82e-05
[03:38:17]     train step 3200/4000 loss=0.01956 lr=1.26e-05
[03:38:28]     train step 3400/4000 loss=0.01844 lr=8.08e-06
[03:38:39]     train step 3600/4000 loss=0.01765 lr=4.74e-06
[03:38:50]     train step 3800/4000 loss=0.01708 lr=2.69e-06
[03:39:02]     train step 4000/4000 loss=0.01658 lr=2.00e-06
[03:39:15]   [calibrate] threshold(alpha=0.99)=0.03058 over 2696 samples (median=0.01678)
[03:43:31]   [eval] pure-policy success=0.570 mean_len=145 (fixed 100-ep set)
[03:45:17]   [screen] 18/40 failures found
[03:45:25]   [collect a0] mode=bridge choice=geometric_bridge cited=[3000284, 3000293] success=True len=45
[03:45:25] 
===== DISTIL Round 8 | dataset=16 trajs =====
[03:45:25]   [train] 16 trajs, 719 windows, state_dim=23 act_dim=7 params=4.61M steps=4000
[03:45:37]     train step 200/4000 loss=0.58992 lr=8.00e-05
[03:45:48]     train step 400/4000 loss=0.25295 lr=9.96e-05
[03:46:00]     train step 600/4000 loss=0.13831 lr=9.79e-05
[03:46:12]     train step 800/4000 loss=0.09294 lr=9.49e-05
[03:46:23]     train step 1000/4000 loss=0.06558 lr=9.07e-05
[03:46:35]     train step 1200/4000 loss=0.05070 lr=8.53e-05
[03:46:47]     train step 1400/4000 loss=0.04154 lr=7.90e-05
[03:46:58]     train step 1600/4000 loss=0.03628 lr=7.19e-05
[03:47:10]     train step 1800/4000 loss=0.03191 lr=6.42e-05
[03:47:22]     train step 2000/4000 loss=0.02863 lr=5.62e-05
[03:47:34]     train step 2200/4000 loss=0.02568 lr=4.80e-05
[03:47:46]     train step 2400/4000 loss=0.02290 lr=3.99e-05
[03:47:58]     train step 2600/4000 loss=0.02114 lr=3.20e-05
[03:48:10]     train step 2800/4000 loss=0.01923 lr=2.48e-05
[03:48:21]     train step 3000/4000 loss=0.01794 lr=1.82e-05
[03:48:33]     train step 3200/4000 loss=0.01664 lr=1.26e-05
[03:48:45]     train step 3400/4000 loss=0.01587 lr=8.08e-06
[03:48:57]     train step 3600/4000 loss=0.01516 lr=4.74e-06
[03:49:08]     train step 3800/4000 loss=0.01461 lr=2.69e-06
[03:49:20]     train step 4000/4000 loss=0.01432 lr=2.00e-06
[03:49:35]   [calibrate] threshold(alpha=0.99)=0.02787 over 2876 samples (median=0.01397)
[03:53:23]   [eval] pure-policy success=0.700 mean_len=127 (fixed 100-ep set)
[03:55:07]   [screen] 16/40 failures found
[03:55:14]   [collect a0] mode=bridge choice=geometric_bridge cited=[3000329, 3000332] success=True len=46
[03:55:14] 
===== DISTIL Round 9 | dataset=17 trajs =====
[03:55:14]   [train] 17 trajs, 765 windows, state_dim=23 act_dim=7 params=4.61M steps=4000
[03:55:26]     train step 200/4000 loss=0.59383 lr=8.00e-05
[03:55:38]     train step 400/4000 loss=0.25096 lr=9.96e-05
[03:55:50]     train step 600/4000 loss=0.13112 lr=9.79e-05
[03:56:02]     train step 800/4000 loss=0.09021 lr=9.49e-05
[03:56:14]     train step 1000/4000 loss=0.06941 lr=9.07e-05
[03:56:26]     train step 1200/4000 loss=0.05828 lr=8.53e-05
[03:56:37]     train step 1400/4000 loss=0.05020 lr=7.90e-05
[03:56:49]     train step 1600/4000 loss=0.04480 lr=7.19e-05
[03:57:01]     train step 1800/4000 loss=0.04033 lr=6.42e-05
[03:57:13]     train step 2000/4000 loss=0.03679 lr=5.62e-05
[03:57:24]     train step 2200/4000 loss=0.03382 lr=4.80e-05
[03:57:37]     train step 2400/4000 loss=0.02993 lr=3.99e-05
[03:57:49]     train step 2600/4000 loss=0.02722 lr=3.20e-05
[03:58:00]     train step 2800/4000 loss=0.02476 lr=2.48e-05
[03:58:12]     train step 3000/4000 loss=0.02275 lr=1.82e-05
[03:58:24]     train step 3200/4000 loss=0.02133 lr=1.26e-05
[03:58:36]     train step 3400/4000 loss=0.02002 lr=8.08e-06
[03:58:48]     train step 3600/4000 loss=0.01923 lr=4.74e-06
[03:59:00]     train step 3800/4000 loss=0.01846 lr=2.69e-06
[03:59:12]     train step 4000/4000 loss=0.01820 lr=2.00e-06
[03:59:28]   [calibrate] threshold(alpha=0.99)=0.03484 over 3060 samples (median=0.01787)
[04:02:58]   [eval] pure-policy success=0.700 mean_len=117 (fixed 100-ep set)
[04:04:35]   [screen] 16/40 failures found
[04:04:44]   [collect a0] mode=bridge choice=geometric_bridge cited=[3000360, 3000368] success=True len=45
[04:04:44] 
===== DISTIL Round 10 | dataset=18 trajs =====
[04:04:44]   [train] 18 trajs, 810 windows, state_dim=23 act_dim=7 params=4.61M steps=4000
[04:04:55]     train step 200/4000 loss=0.62840 lr=8.00e-05
[04:05:07]     train step 400/4000 loss=0.27318 lr=9.96e-05
[04:05:18]     train step 600/4000 loss=0.13661 lr=9.79e-05
[04:05:29]     train step 800/4000 loss=0.08826 lr=9.49e-05
[04:05:40]     train step 1000/4000 loss=0.06683 lr=9.07e-05
[04:05:51]     train step 1200/4000 loss=0.05402 lr=8.53e-05
[04:06:02]     train step 1400/4000 loss=0.04689 lr=7.90e-05
[04:06:14]     train step 1600/4000 loss=0.04138 lr=7.19e-05
[04:06:25]     train step 1800/4000 loss=0.03629 lr=6.42e-05
[04:06:36]     train step 2000/4000 loss=0.03248 lr=5.62e-05
[04:06:47]     train step 2200/4000 loss=0.02903 lr=4.80e-05
[04:06:58]     train step 2400/4000 loss=0.02609 lr=3.99e-05
[04:07:10]     train step 2600/4000 loss=0.02356 lr=3.20e-05
[04:07:21]     train step 2800/4000 loss=0.02170 lr=2.48e-05
[04:07:32]     train step 3000/4000 loss=0.02002 lr=1.82e-05
[04:07:43]     train step 3200/4000 loss=0.01898 lr=1.26e-05
[04:07:54]     train step 3400/4000 loss=0.01790 lr=8.08e-06
[04:08:06]     train step 3600/4000 loss=0.01702 lr=4.74e-06
[04:08:17]     train step 3800/4000 loss=0.01641 lr=2.69e-06
[04:08:28]     train step 4000/4000 loss=0.01622 lr=2.00e-06
[04:08:44]   [calibrate] threshold(alpha=0.99)=0.03277 over 3240 samples (median=0.01605)
[04:11:35]   [eval] pure-policy success=0.810 mean_len=96 (fixed 100-ep set)
[04:12:55]   [screen] 9/40 failures found
[04:13:00]   [collect a0] mode=bridge choice=geometric_bridge cited=[3000401, 3000414] success=True len=44
[04:13:00] 
===== DISTIL Round 11 | dataset=19 trajs =====
[04:13:00]   [train] 19 trajs, 854 windows, state_dim=23 act_dim=7 params=4.61M steps=4000
[04:13:12]     train step 200/4000 loss=0.58668 lr=8.00e-05
[04:13:23]     train step 400/4000 loss=0.26040 lr=9.96e-05
[04:13:34]     train step 600/4000 loss=0.14766 lr=9.79e-05
[04:13:45]     train step 800/4000 loss=0.09389 lr=9.49e-05
[04:13:56]     train step 1000/4000 loss=0.06998 lr=9.07e-05
[04:14:08]     train step 1200/4000 loss=0.05535 lr=8.53e-05
[04:14:19]     train step 1400/4000 loss=0.04798 lr=7.90e-05
[04:14:30]     train step 1600/4000 loss=0.04246 lr=7.19e-05
[04:14:41]     train step 1800/4000 loss=0.03698 lr=6.42e-05
[04:14:52]     train step 2000/4000 loss=0.03255 lr=5.62e-05
[04:15:03]     train step 2200/4000 loss=0.02970 lr=4.80e-05
[04:15:15]     train step 2400/4000 loss=0.02752 lr=3.99e-05
[04:15:26]     train step 2600/4000 loss=0.02489 lr=3.20e-05
[04:15:37]     train step 2800/4000 loss=0.02287 lr=2.48e-05
[04:15:48]     train step 3000/4000 loss=0.02149 lr=1.82e-05
[04:15:59]     train step 3200/4000 loss=0.02012 lr=1.26e-05
[04:16:10]     train step 3400/4000 loss=0.01909 lr=8.08e-06
[04:16:22]     train step 3600/4000 loss=0.01796 lr=4.74e-06
[04:16:33]     train step 3800/4000 loss=0.01749 lr=2.69e-06
[04:16:44]     train step 4000/4000 loss=0.01723 lr=2.00e-06
[04:17:01]   [calibrate] threshold(alpha=0.99)=0.03384 over 3416 samples (median=0.01633)
[04:20:52]   [eval] pure-policy success=0.640 mean_len=131 (fixed 100-ep set)
[04:22:36]   [screen] 18/40 failures found
[04:22:47]   [collect a0] mode=bridge choice=geometric_bridge cited=[3000466, 3000468] success=True len=44
[04:22:47] 
===== DISTIL Round 12 | dataset=20 trajs =====
[04:22:47]   [train] 20 trajs, 898 windows, state_dim=23 act_dim=7 params=4.61M steps=4000
[04:22:58]     train step 200/4000 loss=0.60215 lr=8.00e-05
[04:23:10]     train step 400/4000 loss=0.24070 lr=9.96e-05
[04:23:21]     train step 600/4000 loss=0.12391 lr=9.79e-05
[04:23:32]     train step 800/4000 loss=0.08519 lr=9.49e-05
[04:23:43]     train step 1000/4000 loss=0.06367 lr=9.07e-05
[04:23:55]     train step 1200/4000 loss=0.05314 lr=8.53e-05
[04:24:06]     train step 1400/4000 loss=0.04657 lr=7.90e-05
[04:24:17]     train step 1600/4000 loss=0.04028 lr=7.19e-05
[04:24:28]     train step 1800/4000 loss=0.03602 lr=6.42e-05
[04:24:39]     train step 2000/4000 loss=0.03228 lr=5.62e-05
[04:24:51]     train step 2200/4000 loss=0.02996 lr=4.80e-05
[04:25:02]     train step 2400/4000 loss=0.02726 lr=3.99e-05
[04:25:13]     train step 2600/4000 loss=0.02572 lr=3.20e-05
[04:25:24]     train step 2800/4000 loss=0.02352 lr=2.48e-05
[04:25:35]     train step 3000/4000 loss=0.02170 lr=1.82e-05
[04:25:46]     train step 3200/4000 loss=0.02017 lr=1.26e-05
[04:25:58]     train step 3400/4000 loss=0.01948 lr=8.08e-06
[04:26:09]     train step 3600/4000 loss=0.01850 lr=4.74e-06
[04:26:20]     train step 3800/4000 loss=0.01810 lr=2.69e-06
[04:26:31]     train step 4000/4000 loss=0.01763 lr=2.00e-06
[04:26:50]   [calibrate] threshold(alpha=0.99)=0.03535 over 3592 samples (median=0.01693)
[04:31:11]   [eval] pure-policy success=0.560 mean_len=149 (fixed 100-ep set)
[04:33:07]   [screen] 19/40 failures found
[04:33:20]   [collect a0] mode=bridge choice=geometric_bridge cited=[3000488, 3000507] success=True len=45
[04:33:20] 
===== DISTIL Round 13 | dataset=21 trajs =====
[04:33:20]   [train] 21 trajs, 943 windows, state_dim=23 act_dim=7 params=4.61M steps=4000
[04:33:31]     train step 200/4000 loss=0.59414 lr=8.00e-05
[04:33:42]     train step 400/4000 loss=0.25917 lr=9.96e-05
[04:33:54]     train step 600/4000 loss=0.14068 lr=9.79e-05
[04:34:05]     train step 800/4000 loss=0.09290 lr=9.49e-05
[04:34:16]     train step 1000/4000 loss=0.06922 lr=9.07e-05
[04:34:27]     train step 1200/4000 loss=0.05529 lr=8.53e-05
[04:34:38]     train step 1400/4000 loss=0.04776 lr=7.90e-05
[04:34:50]     train step 1600/4000 loss=0.04333 lr=7.19e-05
[04:35:01]     train step 1800/4000 loss=0.03816 lr=6.42e-05
[04:35:12]     train step 2000/4000 loss=0.03523 lr=5.62e-05
[04:35:23]     train step 2200/4000 loss=0.03186 lr=4.80e-05
[04:35:35]     train step 2400/4000 loss=0.02995 lr=3.99e-05
[04:35:46]     train step 2600/4000 loss=0.02796 lr=3.20e-05
[04:35:57]     train step 2800/4000 loss=0.02609 lr=2.48e-05
[04:36:08]     train step 3000/4000 loss=0.02454 lr=1.82e-05
[04:36:19]     train step 3200/4000 loss=0.02297 lr=1.26e-05
[04:36:30]     train step 3400/4000 loss=0.02205 lr=8.08e-06
[04:36:42]     train step 3600/4000 loss=0.02092 lr=4.74e-06
[04:36:53]     train step 3800/4000 loss=0.02039 lr=2.69e-06
[04:37:04]     train step 4000/4000 loss=0.02012 lr=2.00e-06
[04:37:23]   [calibrate] threshold(alpha=0.99)=0.04459 over 3772 samples (median=0.01873)
[04:41:31]   [eval] pure-policy success=0.610 mean_len=140 (fixed 100-ep set)
[04:42:42]   [screen] 7/40 failures found
[04:42:47]   [collect a0] mode=select choice=geometric_select cited=[3000557] success=True len=26
[04:42:47] 
===== DISTIL Round 14 | dataset=22 trajs =====
[04:42:47]   [train] 22 trajs, 969 windows, state_dim=23 act_dim=7 params=4.61M steps=4000
[04:42:58]     train step 200/4000 loss=0.57195 lr=8.00e-05
[04:43:09]     train step 400/4000 loss=0.24150 lr=9.96e-05
[04:43:21]     train step 600/4000 loss=0.13460 lr=9.79e-05
[04:43:32]     train step 800/4000 loss=0.08999 lr=9.49e-05
[04:43:43]     train step 1000/4000 loss=0.06817 lr=9.07e-05
[04:43:54]     train step 1200/4000 loss=0.05469 lr=8.53e-05
[04:44:05]     train step 1400/4000 loss=0.04589 lr=7.90e-05
[04:44:16]     train step 1600/4000 loss=0.03922 lr=7.19e-05
[04:44:28]     train step 1800/4000 loss=0.03431 lr=6.42e-05
[04:44:39]     train step 2000/4000 loss=0.03061 lr=5.62e-05
[04:44:50]     train step 2200/4000 loss=0.02779 lr=4.80e-05
[04:45:01]     train step 2400/4000 loss=0.02561 lr=3.99e-05
[04:45:12]     train step 2600/4000 loss=0.02368 lr=3.20e-05
[04:45:24]     train step 2800/4000 loss=0.02152 lr=2.48e-05
[04:45:35]     train step 3000/4000 loss=0.01995 lr=1.82e-05
[04:45:46]     train step 3200/4000 loss=0.01904 lr=1.26e-05
[04:45:57]     train step 3400/4000 loss=0.01794 lr=8.08e-06
[04:46:08]     train step 3600/4000 loss=0.01734 lr=4.74e-06
[04:46:20]     train step 3800/4000 loss=0.01666 lr=2.69e-06
[04:46:31]     train step 4000/4000 loss=0.01630 lr=2.00e-06
[04:46:50]   [calibrate] threshold(alpha=0.99)=0.04476 over 3876 samples (median=0.01550)
[04:50:35]   [eval] pure-policy success=0.760 mean_len=128 (fixed 100-ep set)
[04:52:11]   [screen] 9/40 failures found
[04:52:19]   [collect a0] mode=bridge choice=geometric_bridge cited=[3000571, 3000599] success=True len=45
[04:52:19] 
===== DISTIL Round 15 | dataset=23 trajs =====
[04:52:19]   [train] 23 trajs, 1014 windows, state_dim=23 act_dim=7 params=4.61M steps=4000
[04:52:30]     train step 200/4000 loss=0.58305 lr=8.00e-05
[04:52:42]     train step 400/4000 loss=0.22396 lr=9.96e-05
[04:52:53]     train step 600/4000 loss=0.12098 lr=9.79e-05
[04:53:04]     train step 800/4000 loss=0.08199 lr=9.49e-05
[04:53:15]     train step 1000/4000 loss=0.06163 lr=9.07e-05
[04:53:26]     train step 1200/4000 loss=0.04951 lr=8.53e-05
[04:53:38]     train step 1400/4000 loss=0.04125 lr=7.90e-05
[04:53:49]     train step 1600/4000 loss=0.03484 lr=7.19e-05
[04:54:00]     train step 1800/4000 loss=0.03016 lr=6.42e-05
[04:54:11]     train step 2000/4000 loss=0.02677 lr=5.62e-05
[04:54:22]     train step 2200/4000 loss=0.02411 lr=4.80e-05
[04:54:34]     train step 2400/4000 loss=0.02209 lr=3.99e-05
[04:54:45]     train step 2600/4000 loss=0.01992 lr=3.20e-05
[04:54:56]     train step 2800/4000 loss=0.01864 lr=2.48e-05
[04:55:07]     train step 3000/4000 loss=0.01719 lr=1.82e-05
[04:55:19]     train step 3200/4000 loss=0.01619 lr=1.26e-05
[04:55:30]     train step 3400/4000 loss=0.01544 lr=8.08e-06
[04:55:41]     train step 3600/4000 loss=0.01467 lr=4.74e-06
[04:55:52]     train step 3800/4000 loss=0.01420 lr=2.69e-06
[04:56:04]     train step 4000/4000 loss=0.01394 lr=2.00e-06
[04:56:24]   [calibrate] threshold(alpha=0.99)=0.03325 over 4056 samples (median=0.01318)
[05:00:08]   [eval] pure-policy success=0.680 mean_len=128 (fixed 100-ep set)
[05:01:43]   [screen] 14/40 failures found
[05:01:54]   [collect a0] mode=bridge choice=geometric_bridge cited=[3000602, 3000627] success=True len=45
[05:01:54] 
===== DISTIL Round 16 | dataset=24 trajs =====
[05:01:54]   [train] 24 trajs, 1059 windows, state_dim=23 act_dim=7 params=4.61M steps=4000
[05:02:05]     train step 200/4000 loss=0.57707 lr=8.00e-05
[05:02:16]     train step 400/4000 loss=0.23305 lr=9.96e-05
[05:02:27]     train step 600/4000 loss=0.12691 lr=9.79e-05
[05:02:39]     train step 800/4000 loss=0.08647 lr=9.49e-05
[05:02:50]     train step 1000/4000 loss=0.06719 lr=9.07e-05
[05:03:01]     train step 1200/4000 loss=0.05360 lr=8.53e-05
[05:03:12]     train step 1400/4000 loss=0.04691 lr=7.90e-05
[05:03:23]     train step 1600/4000 loss=0.04037 lr=7.19e-05
[05:03:34]     train step 1800/4000 loss=0.03593 lr=6.42e-05
[05:03:46]     train step 2000/4000 loss=0.03199 lr=5.62e-05
[05:03:57]     train step 2200/4000 loss=0.02870 lr=4.80e-05
[05:04:08]     train step 2400/4000 loss=0.02587 lr=3.99e-05
[05:04:19]     train step 2600/4000 loss=0.02402 lr=3.20e-05
[05:04:30]     train step 2800/4000 loss=0.02203 lr=2.48e-05
[05:04:42]     train step 3000/4000 loss=0.02058 lr=1.82e-05
[05:04:53]     train step 3200/4000 loss=0.01917 lr=1.26e-05
[05:05:04]     train step 3400/4000 loss=0.01802 lr=8.08e-06
[05:05:15]     train step 3600/4000 loss=0.01735 lr=4.74e-06
[05:05:27]     train step 3800/4000 loss=0.01674 lr=2.69e-06
[05:05:38]     train step 4000/4000 loss=0.01649 lr=2.00e-06
[05:05:59]   [calibrate] threshold(alpha=0.99)=0.04636 over 4236 samples (median=0.01557)
[05:09:29]   [eval] pure-policy success=0.810 mean_len=120 (fixed 100-ep set)
[05:10:40]   [screen] 6/40 failures found
[05:10:46]   [collect a0] mode=bridge choice=geometric_bridge cited=[3000671, 3000678] success=True len=45
[05:10:47] 
===== DISTIL Round 17 | dataset=25 trajs =====
[05:10:47]   [train] 25 trajs, 1104 windows, state_dim=23 act_dim=7 params=4.61M steps=4000
[05:10:58]     train step 200/4000 loss=0.57154 lr=8.00e-05
[05:11:09]     train step 400/4000 loss=0.25510 lr=9.96e-05
[05:11:20]     train step 600/4000 loss=0.14805 lr=9.79e-05
[05:11:31]     train step 800/4000 loss=0.09959 lr=9.49e-05
[05:11:42]     train step 1000/4000 loss=0.07271 lr=9.07e-05
[05:11:54]     train step 1200/4000 loss=0.05823 lr=8.53e-05
[05:12:05]     train step 1400/4000 loss=0.04901 lr=7.90e-05
[05:12:16]     train step 1600/4000 loss=0.04383 lr=7.19e-05
[05:12:27]     train step 1800/4000 loss=0.03867 lr=6.42e-05
[05:12:38]     train step 2000/4000 loss=0.03574 lr=5.62e-05
[05:12:49]     train step 2200/4000 loss=0.03307 lr=4.80e-05
[05:13:01]     train step 2400/4000 loss=0.02998 lr=3.99e-05
[05:13:12]     train step 2600/4000 loss=0.02798 lr=3.20e-05
[05:13:23]     train step 2800/4000 loss=0.02617 lr=2.48e-05
[05:13:34]     train step 3000/4000 loss=0.02461 lr=1.82e-05
[05:13:45]     train step 3200/4000 loss=0.02283 lr=1.26e-05
[05:13:56]     train step 3400/4000 loss=0.02197 lr=8.08e-06
[05:14:08]     train step 3600/4000 loss=0.02104 lr=4.74e-06
[05:14:19]     train step 3800/4000 loss=0.02045 lr=2.69e-06
[05:14:30]     train step 4000/4000 loss=0.01996 lr=2.00e-06
[05:14:52]   [calibrate] threshold(alpha=0.99)=0.05214 over 4416 samples (median=0.01805)
[05:17:57]   [eval] pure-policy success=0.830 mean_len=104 (fixed 100-ep set)
[05:19:12]   [screen] 8/40 failures found
[05:19:20]   [collect a0] mode=select choice=geometric_select cited=[3000711] success=True len=27
[05:19:21] 
===== DISTIL Round 18 | dataset=26 trajs =====
[05:19:21]   [train] 26 trajs, 1131 windows, state_dim=23 act_dim=7 params=4.61M steps=4000
[05:19:32]     train step 200/4000 loss=0.55722 lr=8.00e-05
[05:19:43]     train step 400/4000 loss=0.23003 lr=9.96e-05
[05:19:54]     train step 600/4000 loss=0.12743 lr=9.79e-05
[05:20:05]     train step 800/4000 loss=0.08828 lr=9.49e-05
[05:20:16]     train step 1000/4000 loss=0.06556 lr=9.07e-05
[05:20:28]     train step 1200/4000 loss=0.05387 lr=8.53e-05
[05:20:39]     train step 1400/4000 loss=0.04564 lr=7.90e-05
[05:20:50]     train step 1600/4000 loss=0.04121 lr=7.19e-05
[05:21:01]     train step 1800/4000 loss=0.03566 lr=6.42e-05
[05:21:12]     train step 2000/4000 loss=0.03332 lr=5.62e-05
[05:21:23]     train step 2200/4000 loss=0.03111 lr=4.80e-05
[05:21:35]     train step 2400/4000 loss=0.02845 lr=3.99e-05
[05:21:46]     train step 2600/4000 loss=0.02605 lr=3.20e-05
[05:21:57]     train step 2800/4000 loss=0.02457 lr=2.48e-05
[05:22:08]     train step 3000/4000 loss=0.02311 lr=1.82e-05
[05:22:19]     train step 3200/4000 loss=0.02164 lr=1.26e-05
[05:22:30]     train step 3400/4000 loss=0.02036 lr=8.08e-06
[05:22:42]     train step 3600/4000 loss=0.01961 lr=4.74e-06
[05:22:53]     train step 3800/4000 loss=0.01896 lr=2.69e-06
[05:23:04]     train step 4000/4000 loss=0.01869 lr=2.00e-06
[05:23:27]   [calibrate] threshold(alpha=0.99)=0.05927 over 4524 samples (median=0.01690)
[05:26:27]   [eval] pure-policy success=0.870 mean_len=102 (fixed 100-ep set)
[05:27:47]   [screen] 10/40 failures found
[05:27:55]   [collect a0] mode=bridge choice=geometric_bridge cited=[3000727, 3000737] success=True len=42
[05:27:56] 
===== DISTIL Round 19 | dataset=27 trajs =====
[05:27:56]   [train] 27 trajs, 1173 windows, state_dim=23 act_dim=7 params=4.61M steps=4000
[05:28:07]     train step 200/4000 loss=0.59631 lr=8.00e-05
[05:28:18]     train step 400/4000 loss=0.23507 lr=9.96e-05
[05:28:29]     train step 600/4000 loss=0.13026 lr=9.79e-05
[05:28:40]     train step 800/4000 loss=0.08938 lr=9.49e-05
[05:28:51]     train step 1000/4000 loss=0.06958 lr=9.07e-05
[05:29:03]     train step 1200/4000 loss=0.05658 lr=8.53e-05
[05:29:14]     train step 1400/4000 loss=0.04898 lr=7.90e-05
[05:29:25]     train step 1600/4000 loss=0.04404 lr=7.19e-05
[05:29:36]     train step 1800/4000 loss=0.03941 lr=6.42e-05
[05:29:47]     train step 2000/4000 loss=0.03601 lr=5.62e-05
[05:29:58]     train step 2200/4000 loss=0.03382 lr=4.80e-05
[05:30:10]     train step 2400/4000 loss=0.03124 lr=3.99e-05
[05:30:21]     train step 2600/4000 loss=0.02876 lr=3.20e-05
[05:30:32]     train step 2800/4000 loss=0.02779 lr=2.48e-05
[05:30:43]     train step 3000/4000 loss=0.02565 lr=1.82e-05
[05:30:54]     train step 3200/4000 loss=0.02448 lr=1.26e-05
[05:31:05]     train step 3400/4000 loss=0.02363 lr=8.08e-06
[05:31:17]     train step 3600/4000 loss=0.02243 lr=4.74e-06
[05:31:28]     train step 3800/4000 loss=0.02182 lr=2.69e-06
[05:31:39]     train step 4000/4000 loss=0.02153 lr=2.00e-06
[05:32:03]   [calibrate] threshold(alpha=0.99)=0.06640 over 4692 samples (median=0.01880)
[05:35:10]   [eval] pure-policy success=0.900 mean_len=106 (fixed 100-ep set)
[05:36:43]   [screen] 8/40 failures found
[05:36:51]   [collect a0] mode=select choice=geometric_select cited=[3000764] success=True len=22
[05:36:51] 
===== DISTIL Round 20 | dataset=28 trajs =====
[05:36:51]   [train] 28 trajs, 1195 windows, state_dim=23 act_dim=7 params=4.61M steps=4000
[05:37:03]     train step 200/4000 loss=0.58002 lr=8.00e-05
[05:37:14]     train step 400/4000 loss=0.21201 lr=9.96e-05
[05:37:25]     train step 600/4000 loss=0.11690 lr=9.79e-05
[05:37:36]     train step 800/4000 loss=0.08330 lr=9.49e-05
[05:37:47]     train step 1000/4000 loss=0.06674 lr=9.07e-05
[05:37:58]     train step 1200/4000 loss=0.05632 lr=8.53e-05
[05:38:10]     train step 1400/4000 loss=0.04854 lr=7.90e-05
[05:38:21]     train step 1600/4000 loss=0.04227 lr=7.19e-05
[05:38:32]     train step 1800/4000 loss=0.03755 lr=6.42e-05
[05:38:43]     train step 2000/4000 loss=0.03440 lr=5.62e-05
[05:38:54]     train step 2200/4000 loss=0.03164 lr=4.80e-05
[05:39:05]     train step 2400/4000 loss=0.02864 lr=3.99e-05
[05:39:16]     train step 2600/4000 loss=0.02640 lr=3.20e-05
[05:39:28]     train step 2800/4000 loss=0.02484 lr=2.48e-05
[05:39:39]     train step 3000/4000 loss=0.02313 lr=1.82e-05
[05:39:50]     train step 3200/4000 loss=0.02186 lr=1.26e-05
[05:40:02]     train step 3400/4000 loss=0.02072 lr=8.08e-06
[05:40:13]     train step 3600/4000 loss=0.01974 lr=4.74e-06
[05:40:24]     train step 3800/4000 loss=0.01928 lr=2.69e-06
[05:40:35]     train step 4000/4000 loss=0.01883 lr=2.00e-06
[05:40:59]   [calibrate] threshold(alpha=0.99)=0.05458 over 4780 samples (median=0.01662)
[05:43:19]   [eval] pure-policy success=0.980 mean_len=79 (fixed 100-ep set)
[05:43:19] [stop] reached final_demos=28 (28 trajs), sr=0.980
[05:43:19] 
[FINAL] DISTIL pure-policy success=0.98 | demos=28 (last frozen held-out eval)
[05:43:19] DONE in 11992.9s | final_success=0.98
[05:43:19] [write] /weka/s226137394/DmNfull/distil/results/Lift/image/decision_heuristic/seed5/result.json
