[17:02:23] [env] loaded /weka/s226137394/DmNfull/.env
[17:02:23] ===== DISTIL | task=Door modality=state ablation=safe seed=1 budget=5 smoke=False device=cuda =====
[17:02:29]   [collect] demo 1/4: success=True len=58
[17:02:29]   [collect] demo 2/4: success=True len=59
[17:02:30]   [collect] demo 3/4: success=True len=60
[17:02:31]   [collect] demo 4/4: success=True len=123
[17:02:31] [bootstrap] collected + saved 4 shared demos to /weka/s226137394/DmNfull/distil/results/shared_bootstrap/Door_state/Door_state_ni4.pkl
[17:02:37] 
===== safe Round 0 | dataset=4 =====
[17:02:46]     train step 200/8000 loss=0.55631 lr=8.00e-05
[17:02:51]     train step 400/8000 loss=0.27157 lr=9.99e-05
[17:02:57]     train step 600/8000 loss=0.11771 lr=9.95e-05
[17:03:02]     train step 800/8000 loss=0.07474 lr=9.88e-05
[17:03:08]     train step 1000/8000 loss=0.05647 lr=9.78e-05
[17:03:13]     train step 1200/8000 loss=0.04446 lr=9.64e-05
[17:03:19]     train step 1400/8000 loss=0.03829 lr=9.48e-05
[17:03:24]     train step 1600/8000 loss=0.03232 lr=9.29e-05
[17:03:29]     train step 1800/8000 loss=0.02664 lr=9.07e-05
[17:03:35]     train step 2000/8000 loss=0.02407 lr=8.82e-05
[17:03:40]     train step 2200/8000 loss=0.02141 lr=8.55e-05
[17:03:46]     train step 2400/8000 loss=0.01884 lr=8.26e-05
[17:03:51]     train step 2600/8000 loss=0.01742 lr=7.94e-05
[17:03:57]     train step 2800/8000 loss=0.01532 lr=7.61e-05
[17:04:02]     train step 3000/8000 loss=0.01424 lr=7.26e-05
[17:04:08]     train step 3200/8000 loss=0.01329 lr=6.90e-05
[17:04:13]     train step 3400/8000 loss=0.01225 lr=6.52e-05
[17:04:19]     train step 3600/8000 loss=0.01094 lr=6.14e-05
[17:04:24]     train step 3800/8000 loss=0.01026 lr=5.75e-05
[17:04:30]     train step 4000/8000 loss=0.00876 lr=5.35e-05
[17:04:35]     train step 4200/8000 loss=0.00823 lr=4.95e-05
[17:04:41]     train step 4400/8000 loss=0.00773 lr=4.56e-05
[17:04:46]     train step 4600/8000 loss=0.00730 lr=4.16e-05
[17:04:51]     train step 4800/8000 loss=0.00639 lr=3.78e-05
[17:04:57]     train step 5000/8000 loss=0.00583 lr=3.40e-05
[17:05:02]     train step 5200/8000 loss=0.00553 lr=3.03e-05
[17:05:08]     train step 5400/8000 loss=0.00520 lr=2.68e-05
[17:05:13]     train step 5600/8000 loss=0.00483 lr=2.34e-05
[17:05:19]     train step 5800/8000 loss=0.00445 lr=2.02e-05
[17:05:24]     train step 6000/8000 loss=0.00431 lr=1.73e-05
[17:05:29]     train step 6200/8000 loss=0.00410 lr=1.45e-05
[17:05:35]     train step 6400/8000 loss=0.00406 lr=1.20e-05
[17:05:40]     train step 6600/8000 loss=0.00368 lr=9.69e-06
[17:05:46]     train step 6800/8000 loss=0.00349 lr=7.69e-06
[17:05:51]     train step 7000/8000 loss=0.00336 lr=5.98e-06
[17:05:57]     train step 7200/8000 loss=0.00336 lr=4.56e-06
[17:06:02]     train step 7400/8000 loss=0.00324 lr=3.45e-06
[17:06:08]     train step 7600/8000 loss=0.00319 lr=2.65e-06
[17:06:13]     train step 7800/8000 loss=0.00318 lr=2.16e-06
[17:06:19]     train step 8000/8000 loss=0.00313 lr=2.00e-06
[17:14:53]   [eval] SR=0.490
[17:14:54]   [safe] intervention at t=0 (rollout 0) len=122
[17:14:55] 
===== safe Round 1 | dataset=5 =====
[17:15:01]     train step 200/4000 loss=0.54507 lr=8.00e-05
[17:15:06]     train step 400/4000 loss=0.21703 lr=9.96e-05
[17:15:12]     train step 600/4000 loss=0.09056 lr=9.79e-05
[17:15:17]     train step 800/4000 loss=0.05928 lr=9.49e-05
[17:15:23]     train step 1000/4000 loss=0.04443 lr=9.07e-05
[17:15:28]     train step 1200/4000 loss=0.03504 lr=8.53e-05
[17:15:34]     train step 1400/4000 loss=0.02910 lr=7.90e-05
[17:15:40]     train step 1600/4000 loss=0.02485 lr=7.19e-05
[17:15:45]     train step 1800/4000 loss=0.02142 lr=6.42e-05
[17:15:51]     train step 2000/4000 loss=0.01848 lr=5.62e-05
[17:15:56]     train step 2200/4000 loss=0.01633 lr=4.80e-05
[17:16:02]     train step 2400/4000 loss=0.01447 lr=3.99e-05
[17:16:08]     train step 2600/4000 loss=0.01298 lr=3.20e-05
[17:16:13]     train step 2800/4000 loss=0.01161 lr=2.48e-05
[17:16:19]     train step 3000/4000 loss=0.01050 lr=1.82e-05
[17:16:24]     train step 3200/4000 loss=0.00971 lr=1.26e-05
[17:16:30]     train step 3400/4000 loss=0.00936 lr=8.08e-06
[17:16:35]     train step 3600/4000 loss=0.00885 lr=4.74e-06
[17:16:41]     train step 3800/4000 loss=0.00860 lr=2.69e-06
[17:16:47]     train step 4000/4000 loss=0.00847 lr=2.00e-06
[17:25:28]   [eval] SR=0.480
[17:25:29]   [safe] intervention at t=0 (rollout 0) len=59
[17:25:29] 
===== safe Round 2 | dataset=6 =====
[17:25:35]     train step 200/4000 loss=0.54192 lr=8.00e-05
[17:25:41]     train step 400/4000 loss=0.20856 lr=9.96e-05
[17:25:47]     train step 600/4000 loss=0.08970 lr=9.79e-05
[17:25:52]     train step 800/4000 loss=0.05750 lr=9.49e-05
[17:25:58]     train step 1000/4000 loss=0.04283 lr=9.07e-05
[17:26:04]     train step 1200/4000 loss=0.03433 lr=8.53e-05
[17:26:09]     train step 1400/4000 loss=0.02846 lr=7.90e-05
[17:26:15]     train step 1600/4000 loss=0.02502 lr=7.19e-05
[17:26:21]     train step 1800/4000 loss=0.02139 lr=6.42e-05
[17:26:27]     train step 2000/4000 loss=0.01877 lr=5.62e-05
[17:26:32]     train step 2200/4000 loss=0.01612 lr=4.80e-05
[17:26:38]     train step 2400/4000 loss=0.01445 lr=3.99e-05
[17:26:44]     train step 2600/4000 loss=0.01298 lr=3.20e-05
[17:26:49]     train step 2800/4000 loss=0.01150 lr=2.48e-05
[17:26:55]     train step 3000/4000 loss=0.01071 lr=1.82e-05
[17:27:01]     train step 3200/4000 loss=0.00977 lr=1.26e-05
[17:27:06]     train step 3400/4000 loss=0.00945 lr=8.08e-06
[17:27:12]     train step 3600/4000 loss=0.00903 lr=4.74e-06
[17:27:18]     train step 3800/4000 loss=0.00886 lr=2.69e-06
[17:27:23]     train step 4000/4000 loss=0.00869 lr=2.00e-06
[17:33:02]   [eval] SR=0.800
[17:33:04]   [safe] intervention at t=7 (rollout 0) len=47
[17:33:04] 
===== safe Round 3 | dataset=7 =====
[17:33:10]     train step 200/4000 loss=0.54008 lr=8.00e-05
[17:33:16]     train step 400/4000 loss=0.20663 lr=9.96e-05
[17:33:21]     train step 600/4000 loss=0.08724 lr=9.79e-05
[17:33:27]     train step 800/4000 loss=0.05699 lr=9.49e-05
[17:33:33]     train step 1000/4000 loss=0.04368 lr=9.07e-05
[17:33:38]     train step 1200/4000 loss=0.03545 lr=8.53e-05
[17:33:44]     train step 1400/4000 loss=0.03016 lr=7.90e-05
[17:33:50]     train step 1600/4000 loss=0.02611 lr=7.19e-05
[17:33:55]     train step 1800/4000 loss=0.02220 lr=6.42e-05
[17:34:01]     train step 2000/4000 loss=0.01989 lr=5.62e-05
[17:34:07]     train step 2200/4000 loss=0.01723 lr=4.80e-05
[17:34:13]     train step 2400/4000 loss=0.01539 lr=3.99e-05
[17:34:18]     train step 2600/4000 loss=0.01387 lr=3.20e-05
[17:34:24]     train step 2800/4000 loss=0.01253 lr=2.48e-05
[17:34:30]     train step 3000/4000 loss=0.01146 lr=1.82e-05
[17:34:36]     train step 3200/4000 loss=0.01071 lr=1.26e-05
[17:34:41]     train step 3400/4000 loss=0.01018 lr=8.08e-06
[17:34:47]     train step 3600/4000 loss=0.00971 lr=4.74e-06
[17:34:53]     train step 3800/4000 loss=0.00950 lr=2.69e-06
[17:34:58]     train step 4000/4000 loss=0.00935 lr=2.00e-06
[17:39:43]   [eval] SR=0.890
[17:39:45]   [safe] intervention at t=4 (rollout 0) len=54
[17:39:45] 
===== safe Round 4 | dataset=8 =====
[17:39:51]     train step 200/4000 loss=0.54074 lr=8.00e-05
[17:39:56]     train step 400/4000 loss=0.20773 lr=9.96e-05
[17:40:02]     train step 600/4000 loss=0.08889 lr=9.79e-05
[17:40:08]     train step 800/4000 loss=0.05796 lr=9.49e-05
[17:40:13]     train step 1000/4000 loss=0.04359 lr=9.07e-05
[17:40:19]     train step 1200/4000 loss=0.03485 lr=8.53e-05
[17:40:25]     train step 1400/4000 loss=0.02989 lr=7.90e-05
[17:40:30]     train step 1600/4000 loss=0.02522 lr=7.19e-05
[17:40:36]     train step 1800/4000 loss=0.02172 lr=6.42e-05
[17:40:42]     train step 2000/4000 loss=0.01925 lr=5.62e-05
[17:40:48]     train step 2200/4000 loss=0.01697 lr=4.80e-05
[17:40:53]     train step 2400/4000 loss=0.01513 lr=3.99e-05
[17:40:59]     train step 2600/4000 loss=0.01344 lr=3.20e-05
[17:41:05]     train step 2800/4000 loss=0.01222 lr=2.48e-05
[17:41:10]     train step 3000/4000 loss=0.01127 lr=1.82e-05
[17:41:16]     train step 3200/4000 loss=0.01043 lr=1.26e-05
[17:41:22]     train step 3400/4000 loss=0.00997 lr=8.08e-06
[17:41:28]     train step 3600/4000 loss=0.00951 lr=4.74e-06
[17:41:33]     train step 3800/4000 loss=0.00935 lr=2.69e-06
[17:41:39]     train step 4000/4000 loss=0.00921 lr=2.00e-06
[17:46:57]   [eval] SR=0.830
[17:47:01]   [safe] intervention at t=13 (rollout 0) len=126
[17:47:01] 
===== safe Round 5 | dataset=9 =====
[17:47:07]     train step 200/4000 loss=0.54208 lr=8.00e-05
[17:47:13]     train step 400/4000 loss=0.21211 lr=9.96e-05
[17:47:19]     train step 600/4000 loss=0.09283 lr=9.79e-05
[17:47:24]     train step 800/4000 loss=0.06141 lr=9.49e-05
[17:47:30]     train step 1000/4000 loss=0.04653 lr=9.07e-05
[17:47:36]     train step 1200/4000 loss=0.03816 lr=8.53e-05
[17:47:41]     train step 1400/4000 loss=0.03221 lr=7.90e-05
[17:47:47]     train step 1600/4000 loss=0.02754 lr=7.19e-05
[17:47:53]     train step 1800/4000 loss=0.02452 lr=6.42e-05
[17:47:59]     train step 2000/4000 loss=0.02211 lr=5.62e-05
[17:48:04]     train step 2200/4000 loss=0.01975 lr=4.80e-05
[17:48:10]     train step 2400/4000 loss=0.01785 lr=3.99e-05
[17:48:16]     train step 2600/4000 loss=0.01649 lr=3.20e-05
[17:48:21]     train step 2800/4000 loss=0.01501 lr=2.48e-05
[17:48:27]     train step 3000/4000 loss=0.01418 lr=1.82e-05
[17:48:33]     train step 3200/4000 loss=0.01311 lr=1.26e-05
[17:48:39]     train step 3400/4000 loss=0.01272 lr=8.08e-06
[17:48:44]     train step 3600/4000 loss=0.01225 lr=4.74e-06
[17:48:50]     train step 3800/4000 loss=0.01197 lr=2.69e-06
[17:48:56]     train step 4000/4000 loss=0.01181 lr=2.00e-06
[17:55:15]   [eval] SR=0.700
[17:55:16] DONE in 3158.8s | final_success=0.7
[17:55:16] [write] /weka/s226137394/DmNfull/distil/results/_compute/Door/state/safe/seed1/result.json
