[01:11:50] [env] loaded /weka/s226137394/DmNfull/.env
[01:11:50] ===== DISTIL | task=Lift modality=state ablation=allocation_random seed=3 budget=20 smoke=False device=cuda =====
[01:11:51] [bootstrap] loaded 8 shared demos from /weka/s226137394/DmNfull/distil/results/shared_bootstrap/Lift_state/Lift_state_ni8.pkl
[01:11:51] [kag] copied Lift.json + rendered .kag.txt into /weka/s226137394/DmNfull/distil/results/Lift/state/allocation_random/seed3/kag
[01:11:54] [init] using 8 bootstrap demos (shared with baselines)
[01:11:54] 
===== DISTIL Round 0 | dataset=8 trajs =====
[01:11:55]   [train] 8 trajs, 357 windows, state_dim=23 act_dim=7 params=4.26M steps=8000
[01:12:04]     train step 200/8000 loss=0.61395 lr=8.00e-05
[01:12:13]     train step 400/8000 loss=0.24338 lr=9.99e-05
[01:12:23]     train step 600/8000 loss=0.09059 lr=9.95e-05
[01:12:32]     train step 800/8000 loss=0.05509 lr=9.88e-05
[01:12:40]     train step 1000/8000 loss=0.03963 lr=9.78e-05
[01:12:49]     train step 1200/8000 loss=0.03130 lr=9.64e-05
[01:12:58]     train step 1400/8000 loss=0.02616 lr=9.48e-05
[01:13:07]     train step 1600/8000 loss=0.02221 lr=9.29e-05
[01:13:16]     train step 1800/8000 loss=0.01950 lr=9.07e-05
[01:13:25]     train step 2000/8000 loss=0.01663 lr=8.82e-05
[01:13:34]     train step 2200/8000 loss=0.01484 lr=8.55e-05
[01:13:43]     train step 2400/8000 loss=0.01286 lr=8.26e-05
[01:13:53]     train step 2600/8000 loss=0.01197 lr=7.94e-05
[01:14:01]     train step 2800/8000 loss=0.00994 lr=7.61e-05
[01:14:11]     train step 3000/8000 loss=0.00850 lr=7.26e-05
[01:14:20]     train step 3200/8000 loss=0.00827 lr=6.90e-05
[01:14:29]     train step 3400/8000 loss=0.00703 lr=6.52e-05
[01:14:38]     train step 3600/8000 loss=0.00613 lr=6.14e-05
[01:14:47]     train step 3800/8000 loss=0.00659 lr=5.75e-05
[01:14:56]     train step 4000/8000 loss=0.00542 lr=5.35e-05
[01:15:05]     train step 4200/8000 loss=0.00454 lr=4.95e-05
[01:15:14]     train step 4400/8000 loss=0.00439 lr=4.56e-05
[01:15:23]     train step 4600/8000 loss=0.00406 lr=4.16e-05
[01:15:32]     train step 4800/8000 loss=0.00381 lr=3.78e-05
[01:15:41]     train step 5000/8000 loss=0.00334 lr=3.40e-05
[01:15:50]     train step 5200/8000 loss=0.00306 lr=3.03e-05
[01:16:00]     train step 5400/8000 loss=0.00294 lr=2.68e-05
[01:16:09]     train step 5600/8000 loss=0.00280 lr=2.34e-05
[01:16:18]     train step 5800/8000 loss=0.00279 lr=2.02e-05
[01:16:27]     train step 6000/8000 loss=0.00261 lr=1.73e-05
[01:16:36]     train step 6200/8000 loss=0.00239 lr=1.45e-05
[01:16:45]     train step 6400/8000 loss=0.00229 lr=1.20e-05
[01:16:54]     train step 6600/8000 loss=0.00222 lr=9.69e-06
[01:17:03]     train step 6800/8000 loss=0.00219 lr=7.69e-06
[01:17:12]     train step 7000/8000 loss=0.00213 lr=5.98e-06
[01:17:21]     train step 7200/8000 loss=0.00209 lr=4.56e-06
[01:17:30]     train step 7400/8000 loss=0.00207 lr=3.45e-06
[01:17:39]     train step 7600/8000 loss=0.00202 lr=2.65e-06
[01:17:48]     train step 7800/8000 loss=0.00201 lr=2.16e-06
[01:17:57]     train step 8000/8000 loss=0.00198 lr=2.00e-06
[01:18:07]   [calibrate] threshold(alpha=0.99)=0.00303 over 1428 samples (median=0.00200)
[01:22:35]   [eval] pure-policy success=0.720 mean_len=120 (fixed 100-ep set)
[01:23:54]   [screen] 7/40 failures found
[01:23:55]   [collect a0] mode=select choice=random_alloc cited=[3000032] success=True len=42
[01:23:55] 
===== DISTIL Round 1 | dataset=9 trajs =====
[01:23:55]   [train] 9 trajs, 399 windows, state_dim=23 act_dim=7 params=4.26M steps=4000
[01:24:05]     train step 200/4000 loss=0.65119 lr=8.00e-05
[01:24:14]     train step 400/4000 loss=0.24525 lr=9.96e-05
[01:24:23]     train step 600/4000 loss=0.08702 lr=9.79e-05
[01:24:32]     train step 800/4000 loss=0.05268 lr=9.49e-05
[01:24:42]     train step 1000/4000 loss=0.03826 lr=9.07e-05
[01:24:51]     train step 1200/4000 loss=0.03081 lr=8.53e-05
[01:25:00]     train step 1400/4000 loss=0.02568 lr=7.90e-05
[01:25:09]     train step 1600/4000 loss=0.02165 lr=7.19e-05
[01:25:18]     train step 1800/4000 loss=0.01912 lr=6.42e-05
[01:25:28]     train step 2000/4000 loss=0.01613 lr=5.62e-05
[01:25:37]     train step 2200/4000 loss=0.01470 lr=4.80e-05
[01:25:46]     train step 2400/4000 loss=0.01265 lr=3.99e-05
[01:25:55]     train step 2600/4000 loss=0.01121 lr=3.20e-05
[01:26:04]     train step 2800/4000 loss=0.01042 lr=2.48e-05
[01:26:13]     train step 3000/4000 loss=0.00930 lr=1.82e-05
[01:26:23]     train step 3200/4000 loss=0.00862 lr=1.26e-05
[01:26:32]     train step 3400/4000 loss=0.00822 lr=8.08e-06
[01:26:41]     train step 3600/4000 loss=0.00786 lr=4.74e-06
[01:26:50]     train step 3800/4000 loss=0.00767 lr=2.69e-06
[01:27:00]     train step 4000/4000 loss=0.00759 lr=2.00e-06
[01:27:10]   [calibrate] threshold(alpha=0.99)=0.01225 over 1596 samples (median=0.00782)
[01:29:45]   [eval] pure-policy success=0.920 mean_len=69 (fixed 100-ep set)
[01:30:37]   [screen] 1/40 failures found
[01:30:37]   [collect a0] mode=select choice=random_alloc cited=[3000052] success=True len=41
[01:30:38] 
===== DISTIL Round 2 | dataset=10 trajs =====
[01:30:38]   [train] 10 trajs, 440 windows, state_dim=23 act_dim=7 params=4.26M steps=4000
[01:30:47]     train step 200/4000 loss=0.60380 lr=8.00e-05
[01:30:57]     train step 400/4000 loss=0.22938 lr=9.96e-05
[01:31:07]     train step 600/4000 loss=0.08655 lr=9.79e-05
[01:31:16]     train step 800/4000 loss=0.05672 lr=9.49e-05
[01:31:26]     train step 1000/4000 loss=0.04132 lr=9.07e-05
[01:31:35]     train step 1200/4000 loss=0.03359 lr=8.53e-05
[01:31:45]     train step 1400/4000 loss=0.02686 lr=7.90e-05
[01:31:54]     train step 1600/4000 loss=0.02308 lr=7.19e-05
[01:32:04]     train step 1800/4000 loss=0.01983 lr=6.42e-05
[01:32:13]     train step 2000/4000 loss=0.01796 lr=5.62e-05
[01:32:22]     train step 2200/4000 loss=0.01624 lr=4.80e-05
[01:32:31]     train step 2400/4000 loss=0.01491 lr=3.99e-05
[01:32:41]     train step 2600/4000 loss=0.01335 lr=3.20e-05
[01:32:50]     train step 2800/4000 loss=0.01240 lr=2.48e-05
[01:33:00]     train step 3000/4000 loss=0.01146 lr=1.82e-05
[01:33:09]     train step 3200/4000 loss=0.01081 lr=1.26e-05
[01:33:18]     train step 3400/4000 loss=0.01029 lr=8.08e-06
[01:33:28]     train step 3600/4000 loss=0.00997 lr=4.74e-06
[01:33:37]     train step 3800/4000 loss=0.00981 lr=2.69e-06
[01:33:46]     train step 4000/4000 loss=0.00961 lr=2.00e-06
[01:33:58]   [calibrate] threshold(alpha=0.99)=0.01790 over 1760 samples (median=0.00869)
[01:35:43]   [eval] pure-policy success=1.000 mean_len=46 (fixed 100-ep set)
[01:36:31]   [screen] 1/40 failures found
[01:36:31]   [collect a0] mode=select choice=random_alloc cited=[3000101] success=True len=41
[01:36:31] 
===== DISTIL Round 3 | dataset=11 trajs =====
[01:36:31]   [train] 11 trajs, 481 windows, state_dim=23 act_dim=7 params=4.26M steps=4000
[01:36:41]     train step 200/4000 loss=0.59383 lr=8.00e-05
[01:36:50]     train step 400/4000 loss=0.20631 lr=9.96e-05
[01:37:00]     train step 600/4000 loss=0.07808 lr=9.79e-05
[01:37:09]     train step 800/4000 loss=0.05080 lr=9.49e-05
[01:37:18]     train step 1000/4000 loss=0.03808 lr=9.07e-05
[01:37:28]     train step 1200/4000 loss=0.03007 lr=8.53e-05
[01:37:37]     train step 1400/4000 loss=0.02464 lr=7.90e-05
[01:37:46]     train step 1600/4000 loss=0.02105 lr=7.19e-05
[01:37:56]     train step 1800/4000 loss=0.01784 lr=6.42e-05
[01:38:05]     train step 2000/4000 loss=0.01627 lr=5.62e-05
[01:38:14]     train step 2200/4000 loss=0.01379 lr=4.80e-05
[01:38:23]     train step 2400/4000 loss=0.01231 lr=3.99e-05
[01:38:32]     train step 2600/4000 loss=0.01094 lr=3.20e-05
[01:38:42]     train step 2800/4000 loss=0.00980 lr=2.48e-05
[01:38:51]     train step 3000/4000 loss=0.00895 lr=1.82e-05
[01:39:00]     train step 3200/4000 loss=0.00829 lr=1.26e-05
[01:39:10]     train step 3400/4000 loss=0.00788 lr=8.08e-06
[01:39:19]     train step 3600/4000 loss=0.00753 lr=4.74e-06
[01:39:28]     train step 3800/4000 loss=0.00734 lr=2.69e-06
[01:39:38]     train step 4000/4000 loss=0.00727 lr=2.00e-06
[01:39:50]   [calibrate] threshold(alpha=0.99)=0.01181 over 1924 samples (median=0.00725)
[01:41:34]   [eval] pure-policy success=1.000 mean_len=46 (fixed 100-ep set)
[01:42:17]   [screen] 0/40 failures found
[01:42:17]   [screen] no usable failures — budget-free, next round (1/4 toward saturation stop)
[01:42:17] 
===== DISTIL Round 4 | dataset=11 trajs =====
[01:42:17]   [train] 11 trajs, 481 windows, state_dim=23 act_dim=7 params=4.26M steps=4000
[01:42:26]     train step 200/4000 loss=0.63813 lr=8.00e-05
[01:42:36]     train step 400/4000 loss=0.22802 lr=9.96e-05
[01:42:45]     train step 600/4000 loss=0.08227 lr=9.79e-05
[01:42:54]     train step 800/4000 loss=0.05210 lr=9.49e-05
[01:43:04]     train step 1000/4000 loss=0.03880 lr=9.07e-05
[01:43:13]     train step 1200/4000 loss=0.03038 lr=8.53e-05
[01:43:22]     train step 1400/4000 loss=0.02568 lr=7.90e-05
[01:43:32]     train step 1600/4000 loss=0.02165 lr=7.19e-05
[01:43:41]     train step 1800/4000 loss=0.01872 lr=6.42e-05
[01:43:50]     train step 2000/4000 loss=0.01629 lr=5.62e-05
[01:44:00]     train step 2200/4000 loss=0.01395 lr=4.80e-05
[01:44:09]     train step 2400/4000 loss=0.01230 lr=3.99e-05
[01:44:18]     train step 2600/4000 loss=0.01118 lr=3.20e-05
[01:44:28]     train step 2800/4000 loss=0.00987 lr=2.48e-05
[01:44:37]     train step 3000/4000 loss=0.00904 lr=1.82e-05
[01:44:46]     train step 3200/4000 loss=0.00849 lr=1.26e-05
[01:44:56]     train step 3400/4000 loss=0.00809 lr=8.08e-06
[01:45:05]     train step 3600/4000 loss=0.00772 lr=4.74e-06
[01:45:14]     train step 3800/4000 loss=0.00756 lr=2.69e-06
[01:45:24]     train step 4000/4000 loss=0.00740 lr=2.00e-06
[01:45:36]   [calibrate] threshold(alpha=0.99)=0.01209 over 1924 samples (median=0.00759)
[01:47:21]   [eval] pure-policy success=1.000 mean_len=46 (fixed 100-ep set)
[01:48:09]   [screen] 1/40 failures found
[01:48:09]   [collect a0] mode=select choice=random_alloc cited=[3000199] success=True len=39
[01:48:09] 
===== DISTIL Round 5 | dataset=12 trajs =====
[01:48:09]   [train] 12 trajs, 520 windows, state_dim=23 act_dim=7 params=4.26M steps=4000
[01:48:19]     train step 200/4000 loss=0.62483 lr=8.00e-05
[01:48:28]     train step 400/4000 loss=0.22494 lr=9.96e-05
[01:48:37]     train step 600/4000 loss=0.08936 lr=9.79e-05
[01:48:47]     train step 800/4000 loss=0.05593 lr=9.49e-05
[01:48:56]     train step 1000/4000 loss=0.04034 lr=9.07e-05
[01:49:04]     train step 1200/4000 loss=0.03145 lr=8.53e-05
[01:49:14]     train step 1400/4000 loss=0.02584 lr=7.90e-05
[01:49:23]     train step 1600/4000 loss=0.02188 lr=7.19e-05
[01:49:32]     train step 1800/4000 loss=0.01964 lr=6.42e-05
[01:49:42]     train step 2000/4000 loss=0.01672 lr=5.62e-05
[01:49:51]     train step 2200/4000 loss=0.01471 lr=4.80e-05
[01:50:00]     train step 2400/4000 loss=0.01284 lr=3.99e-05
[01:50:09]     train step 2600/4000 loss=0.01159 lr=3.20e-05
[01:50:19]     train step 2800/4000 loss=0.01045 lr=2.48e-05
[01:50:28]     train step 3000/4000 loss=0.00948 lr=1.82e-05
[01:50:37]     train step 3200/4000 loss=0.00886 lr=1.26e-05
[01:50:47]     train step 3400/4000 loss=0.00832 lr=8.08e-06
[01:50:56]     train step 3600/4000 loss=0.00797 lr=4.74e-06
[01:51:05]     train step 3800/4000 loss=0.00784 lr=2.69e-06
[01:51:15]     train step 4000/4000 loss=0.00766 lr=2.00e-06
[01:51:28]   [calibrate] threshold(alpha=0.99)=0.01485 over 2080 samples (median=0.00782)
[01:53:12]   [eval] pure-policy success=1.000 mean_len=46 (fixed 100-ep set)
[01:53:54]   [screen] 0/40 failures found
[01:53:54]   [screen] no usable failures — budget-free, next round (1/4 toward saturation stop)
[01:53:54] 
===== DISTIL Round 6 | dataset=12 trajs =====
[01:53:54]   [train] 12 trajs, 520 windows, state_dim=23 act_dim=7 params=4.26M steps=4000
[01:54:04]     train step 200/4000 loss=0.58957 lr=8.00e-05
[01:54:13]     train step 400/4000 loss=0.22538 lr=9.96e-05
[01:54:22]     train step 600/4000 loss=0.08143 lr=9.79e-05
[01:54:31]     train step 800/4000 loss=0.05345 lr=9.49e-05
[01:54:41]     train step 1000/4000 loss=0.03948 lr=9.07e-05
[01:54:50]     train step 1200/4000 loss=0.03163 lr=8.53e-05
[01:54:59]     train step 1400/4000 loss=0.02668 lr=7.90e-05
[01:55:09]     train step 1600/4000 loss=0.02210 lr=7.19e-05
[01:55:18]     train step 1800/4000 loss=0.01982 lr=6.42e-05
[01:55:27]     train step 2000/4000 loss=0.01728 lr=5.62e-05
[01:55:37]     train step 2200/4000 loss=0.01499 lr=4.80e-05
[01:55:44]     train step 2400/4000 loss=0.01328 lr=3.99e-05
[01:55:54]     train step 2600/4000 loss=0.01204 lr=3.20e-05
[01:56:03]     train step 2800/4000 loss=0.01092 lr=2.48e-05
[01:56:12]     train step 3000/4000 loss=0.00977 lr=1.82e-05
[01:56:22]     train step 3200/4000 loss=0.00921 lr=1.26e-05
[01:56:31]     train step 3400/4000 loss=0.00861 lr=8.08e-06
[01:56:40]     train step 3600/4000 loss=0.00825 lr=4.74e-06
[01:56:49]     train step 3800/4000 loss=0.00799 lr=2.69e-06
[01:56:59]     train step 4000/4000 loss=0.00787 lr=2.00e-06
[01:57:12]   [calibrate] threshold(alpha=0.99)=0.01605 over 2080 samples (median=0.00770)
[01:58:55]   [eval] pure-policy success=1.000 mean_len=46 (fixed 100-ep set)
[01:59:38]   [screen] 0/40 failures found
[01:59:38]   [screen] no usable failures — budget-free, next round (2/4 toward saturation stop)
[01:59:38] 
===== DISTIL Round 7 | dataset=12 trajs =====
[01:59:38]   [train] 12 trajs, 520 windows, state_dim=23 act_dim=7 params=4.26M steps=4000
[01:59:47]     train step 200/4000 loss=0.59476 lr=8.00e-05
[01:59:57]     train step 400/4000 loss=0.21338 lr=9.96e-05
[02:00:06]     train step 600/4000 loss=0.07955 lr=9.79e-05
[02:00:15]     train step 800/4000 loss=0.05008 lr=9.49e-05
[02:00:25]     train step 1000/4000 loss=0.03579 lr=9.07e-05
[02:00:34]     train step 1200/4000 loss=0.02865 lr=8.53e-05
[02:00:43]     train step 1400/4000 loss=0.02441 lr=7.90e-05
[02:00:53]     train step 1600/4000 loss=0.02099 lr=7.19e-05
[02:01:02]     train step 1800/4000 loss=0.01798 lr=6.42e-05
[02:01:12]     train step 2000/4000 loss=0.01577 lr=5.62e-05
[02:01:21]     train step 2200/4000 loss=0.01430 lr=4.80e-05
[02:01:28]     train step 2400/4000 loss=0.01254 lr=3.99e-05
[02:01:35]     train step 2600/4000 loss=0.01115 lr=3.20e-05
[02:01:45]     train step 2800/4000 loss=0.01009 lr=2.48e-05
[02:01:54]     train step 3000/4000 loss=0.00922 lr=1.82e-05
[02:02:03]     train step 3200/4000 loss=0.00874 lr=1.26e-05
[02:02:12]     train step 3400/4000 loss=0.00821 lr=8.08e-06
[02:02:22]     train step 3600/4000 loss=0.00798 lr=4.74e-06
[02:02:31]     train step 3800/4000 loss=0.00773 lr=2.69e-06
[02:02:40]     train step 4000/4000 loss=0.00764 lr=2.00e-06
[02:02:54]   [calibrate] threshold(alpha=0.99)=0.01497 over 2080 samples (median=0.00747)
[02:04:37]   [eval] pure-policy success=1.000 mean_len=46 (fixed 100-ep set)
[02:05:19]   [screen] 0/40 failures found
[02:05:19]   [screen] no usable failures — budget-free, next round (3/4 toward saturation stop)
[02:05:19] 
===== DISTIL Round 8 | dataset=12 trajs =====
[02:05:19]   [train] 12 trajs, 520 windows, state_dim=23 act_dim=7 params=4.26M steps=4000
[02:05:28]     train step 200/4000 loss=0.60205 lr=8.00e-05
[02:05:38]     train step 400/4000 loss=0.22372 lr=9.96e-05
[02:05:47]     train step 600/4000 loss=0.07935 lr=9.79e-05
[02:05:56]     train step 800/4000 loss=0.05120 lr=9.49e-05
[02:06:06]     train step 1000/4000 loss=0.03813 lr=9.07e-05
[02:06:15]     train step 1200/4000 loss=0.02954 lr=8.53e-05
[02:06:24]     train step 1400/4000 loss=0.02403 lr=7.90e-05
[02:06:33]     train step 1600/4000 loss=0.02050 lr=7.19e-05
[02:06:42]     train step 1800/4000 loss=0.01778 lr=6.42e-05
[02:06:52]     train step 2000/4000 loss=0.01509 lr=5.62e-05
[02:07:01]     train step 2200/4000 loss=0.01312 lr=4.80e-05
[02:07:08]     train step 2400/4000 loss=0.01161 lr=3.99e-05
[02:07:17]     train step 2600/4000 loss=0.01030 lr=3.20e-05
[02:07:26]     train step 2800/4000 loss=0.00919 lr=2.48e-05
[02:07:35]     train step 3000/4000 loss=0.00845 lr=1.82e-05
[02:07:45]     train step 3200/4000 loss=0.00797 lr=1.26e-05
[02:07:54]     train step 3400/4000 loss=0.00742 lr=8.08e-06
[02:08:03]     train step 3600/4000 loss=0.00711 lr=4.74e-06
[02:08:13]     train step 3800/4000 loss=0.00697 lr=2.69e-06
[02:08:22]     train step 4000/4000 loss=0.00689 lr=2.00e-06
[02:08:35]   [calibrate] threshold(alpha=0.99)=0.01307 over 2080 samples (median=0.00672)
[02:10:32]   [eval] pure-policy success=0.970 mean_len=52 (fixed 100-ep set)
[02:11:15]   [screen] 0/40 failures found
[02:11:15]   [screen] no usable failures for 4 consecutive rounds -> saturated (sr=0.970); stopping early
[02:11:15] 
[FINAL] DISTIL pure-policy success=0.97 | demos=12 (last frozen held-out eval)
[02:11:15] DONE in 3562.5s | final_success=0.97
[02:11:15] [write] /weka/s226137394/DmNfull/distil/results/Lift/state/allocation_random/seed3/result.json
