[18:06:51] [env] loaded /weka/s226137394/DmNfull/.env
[18:06:52] ===== DISTIL | task=Lift modality=state ablation=stagger seed=3 budget=20 smoke=False device=cuda =====
[18:06:53] [bootstrap] loaded 8 shared demos from /weka/s226137394/DmNfull/distil/results/shared_bootstrap/Lift_state/Lift_state_ni8.pkl
[18:06:57] 
===== stagger Round 0 | dataset=8 =====
[18:07:10]     train step 200/8000 loss=0.61264 lr=8.00e-05
[18:07:21]     train step 400/8000 loss=0.24752 lr=9.99e-05
[18:07:31]     train step 600/8000 loss=0.08548 lr=9.95e-05
[18:07:42]     train step 800/8000 loss=0.05432 lr=9.88e-05
[18:07:52]     train step 1000/8000 loss=0.03857 lr=9.78e-05
[18:08:02]     train step 1200/8000 loss=0.02960 lr=9.64e-05
[18:08:13]     train step 1400/8000 loss=0.02392 lr=9.48e-05
[18:08:23]     train step 1600/8000 loss=0.02066 lr=9.29e-05
[18:08:34]     train step 1800/8000 loss=0.01762 lr=9.07e-05
[18:08:44]     train step 2000/8000 loss=0.01522 lr=8.82e-05
[18:08:55]     train step 2200/8000 loss=0.01333 lr=8.55e-05
[18:09:06]     train step 2400/8000 loss=0.01127 lr=8.26e-05
[18:09:16]     train step 2600/8000 loss=0.01005 lr=7.94e-05
[18:09:27]     train step 2800/8000 loss=0.00956 lr=7.61e-05
[18:09:38]     train step 3000/8000 loss=0.00774 lr=7.26e-05
[18:09:48]     train step 3200/8000 loss=0.00681 lr=6.90e-05
[18:09:59]     train step 3400/8000 loss=0.00660 lr=6.52e-05
[18:10:10]     train step 3600/8000 loss=0.00571 lr=6.14e-05
[18:10:21]     train step 3800/8000 loss=0.00492 lr=5.75e-05
[18:10:31]     train step 4000/8000 loss=0.00458 lr=5.35e-05
[18:10:42]     train step 4200/8000 loss=0.00402 lr=4.95e-05
[18:10:53]     train step 4400/8000 loss=0.00410 lr=4.56e-05
[18:11:03]     train step 4600/8000 loss=0.00370 lr=4.16e-05
[18:11:14]     train step 4800/8000 loss=0.00331 lr=3.78e-05
[18:11:24]     train step 5000/8000 loss=0.00303 lr=3.40e-05
[18:11:34]     train step 5200/8000 loss=0.00304 lr=3.03e-05
[18:11:43]     train step 5400/8000 loss=0.00278 lr=2.68e-05
[18:11:53]     train step 5600/8000 loss=0.00255 lr=2.34e-05
[18:12:03]     train step 5800/8000 loss=0.00243 lr=2.02e-05
[18:12:13]     train step 6000/8000 loss=0.00229 lr=1.73e-05
[18:12:24]     train step 6200/8000 loss=0.00219 lr=1.45e-05
[18:12:34]     train step 6400/8000 loss=0.00214 lr=1.20e-05
[18:12:45]     train step 6600/8000 loss=0.00208 lr=9.69e-06
[18:12:56]     train step 6800/8000 loss=0.00203 lr=7.69e-06
[18:13:06]     train step 7000/8000 loss=0.00198 lr=5.98e-06
[18:13:17]     train step 7200/8000 loss=0.00196 lr=4.56e-06
[18:13:28]     train step 7400/8000 loss=0.00191 lr=3.45e-06
[18:13:38]     train step 7600/8000 loss=0.00192 lr=2.65e-06
[18:13:47]     train step 7800/8000 loss=0.00187 lr=2.16e-06
[18:13:58]     train step 8000/8000 loss=0.00187 lr=2.00e-06
[18:17:51]   [eval] SR=0.730
[18:17:58]   [stagger] intervention at t=10 (rollout 1) len=33
[18:17:58] 
===== stagger Round 1 | dataset=9 =====
[18:18:09]     train step 200/4000 loss=0.60976 lr=8.00e-05
[18:18:20]     train step 400/4000 loss=0.23719 lr=9.96e-05
[18:18:31]     train step 600/4000 loss=0.08266 lr=9.79e-05
[18:18:41]     train step 800/4000 loss=0.05094 lr=9.49e-05
[18:18:52]     train step 1000/4000 loss=0.03688 lr=9.07e-05
[18:19:02]     train step 1200/4000 loss=0.02959 lr=8.53e-05
[18:19:13]     train step 1400/4000 loss=0.02345 lr=7.90e-05
[18:19:24]     train step 1600/4000 loss=0.01963 lr=7.19e-05
[18:19:34]     train step 1800/4000 loss=0.01650 lr=6.42e-05
[18:19:45]     train step 2000/4000 loss=0.01497 lr=5.62e-05
[18:19:56]     train step 2200/4000 loss=0.01227 lr=4.80e-05
[18:20:06]     train step 2400/4000 loss=0.01068 lr=3.99e-05
[18:20:17]     train step 2600/4000 loss=0.00945 lr=3.20e-05
[18:20:27]     train step 2800/4000 loss=0.00870 lr=2.48e-05
[18:20:38]     train step 3000/4000 loss=0.00768 lr=1.82e-05
[18:20:48]     train step 3200/4000 loss=0.00708 lr=1.26e-05
[18:20:59]     train step 3400/4000 loss=0.00683 lr=8.08e-06
[18:21:09]     train step 3600/4000 loss=0.00652 lr=4.74e-06
[18:21:20]     train step 3800/4000 loss=0.00630 lr=2.69e-06
[18:21:31]     train step 4000/4000 loss=0.00618 lr=2.00e-06
[18:25:21]   [eval] SR=0.820
[18:25:24]   [stagger] intervention at t=22 (rollout 0) len=22
[18:25:24] 
===== stagger Round 2 | dataset=10 =====
[18:25:35]     train step 200/4000 loss=0.61018 lr=8.00e-05
[18:25:46]     train step 400/4000 loss=0.23283 lr=9.96e-05
[18:25:57]     train step 600/4000 loss=0.08271 lr=9.79e-05
[18:26:08]     train step 800/4000 loss=0.05111 lr=9.49e-05
[18:26:18]     train step 1000/4000 loss=0.03715 lr=9.07e-05
[18:26:29]     train step 1200/4000 loss=0.02946 lr=8.53e-05
[18:26:40]     train step 1400/4000 loss=0.02380 lr=7.90e-05
[18:26:51]     train step 1600/4000 loss=0.01995 lr=7.19e-05
[18:27:02]     train step 1800/4000 loss=0.01679 lr=6.42e-05
[18:27:12]     train step 2000/4000 loss=0.01436 lr=5.62e-05
[18:27:23]     train step 2200/4000 loss=0.01198 lr=4.80e-05
[18:27:34]     train step 2400/4000 loss=0.01029 lr=3.99e-05
[18:27:44]     train step 2600/4000 loss=0.00908 lr=3.20e-05
[18:27:55]     train step 2800/4000 loss=0.00823 lr=2.48e-05
[18:28:06]     train step 3000/4000 loss=0.00739 lr=1.82e-05
[18:28:16]     train step 3200/4000 loss=0.00673 lr=1.26e-05
[18:28:27]     train step 3400/4000 loss=0.00634 lr=8.08e-06
[18:28:38]     train step 3600/4000 loss=0.00610 lr=4.74e-06
[18:28:49]     train step 3800/4000 loss=0.00594 lr=2.69e-06
[18:29:00]     train step 4000/4000 loss=0.00580 lr=2.00e-06
[18:32:15]   [eval] SR=0.830
[18:32:19]   [stagger] intervention at t=29 (rollout 0) len=19
[18:32:19] 
===== stagger Round 3 | dataset=11 =====
[18:32:30]     train step 200/4000 loss=0.61098 lr=8.00e-05
[18:32:41]     train step 400/4000 loss=0.23322 lr=9.96e-05
[18:32:51]     train step 600/4000 loss=0.08192 lr=9.79e-05
[18:33:02]     train step 800/4000 loss=0.05110 lr=9.49e-05
[18:33:13]     train step 1000/4000 loss=0.03614 lr=9.07e-05
[18:33:24]     train step 1200/4000 loss=0.02920 lr=8.53e-05
[18:33:35]     train step 1400/4000 loss=0.02285 lr=7.90e-05
[18:33:45]     train step 1600/4000 loss=0.01970 lr=7.19e-05
[18:33:56]     train step 1800/4000 loss=0.01694 lr=6.42e-05
[18:34:07]     train step 2000/4000 loss=0.01423 lr=5.62e-05
[18:34:18]     train step 2200/4000 loss=0.01202 lr=4.80e-05
[18:34:29]     train step 2400/4000 loss=0.01015 lr=3.99e-05
[18:34:39]     train step 2600/4000 loss=0.00901 lr=3.20e-05
[18:34:50]     train step 2800/4000 loss=0.00828 lr=2.48e-05
[18:35:00]     train step 3000/4000 loss=0.00728 lr=1.82e-05
[18:35:11]     train step 3200/4000 loss=0.00675 lr=1.26e-05
[18:35:22]     train step 3400/4000 loss=0.00641 lr=8.08e-06
[18:35:32]     train step 3600/4000 loss=0.00616 lr=4.74e-06
[18:35:43]     train step 3800/4000 loss=0.00594 lr=2.69e-06
[18:35:54]     train step 4000/4000 loss=0.00582 lr=2.00e-06
[18:38:25]   [eval] SR=0.900
[18:38:27]   [stagger] intervention at t=22 (rollout 0) len=23
[18:38:28] 
===== stagger Round 4 | dataset=12 =====
[18:38:39]     train step 200/4000 loss=0.60399 lr=8.00e-05
[18:38:49]     train step 400/4000 loss=0.22576 lr=9.96e-05
[18:39:00]     train step 600/4000 loss=0.08032 lr=9.79e-05
[18:39:11]     train step 800/4000 loss=0.04892 lr=9.49e-05
[18:39:22]     train step 1000/4000 loss=0.03672 lr=9.07e-05
[18:39:32]     train step 1200/4000 loss=0.02873 lr=8.53e-05
[18:39:43]     train step 1400/4000 loss=0.02357 lr=7.90e-05
[18:39:54]     train step 1600/4000 loss=0.01937 lr=7.19e-05
[18:40:04]     train step 1800/4000 loss=0.01661 lr=6.42e-05
[18:40:15]     train step 2000/4000 loss=0.01429 lr=5.62e-05
[18:40:26]     train step 2200/4000 loss=0.01231 lr=4.80e-05
[18:40:37]     train step 2400/4000 loss=0.01056 lr=3.99e-05
[18:40:47]     train step 2600/4000 loss=0.00935 lr=3.20e-05
[18:40:58]     train step 2800/4000 loss=0.00836 lr=2.48e-05
[18:41:09]     train step 3000/4000 loss=0.00747 lr=1.82e-05
[18:41:20]     train step 3200/4000 loss=0.00691 lr=1.26e-05
[18:41:31]     train step 3400/4000 loss=0.00665 lr=8.08e-06
[18:41:41]     train step 3600/4000 loss=0.00628 lr=4.74e-06
[18:41:52]     train step 3800/4000 loss=0.00608 lr=2.69e-06
[18:42:03]     train step 4000/4000 loss=0.00598 lr=2.00e-06
[18:44:05]   [eval] SR=0.970
[18:44:22]   [stagger] intervention at t=4 (rollout 3) len=40
[18:44:22] 
===== stagger Round 5 | dataset=13 =====
[18:44:33]     train step 200/4000 loss=0.60079 lr=8.00e-05
[18:44:44]     train step 400/4000 loss=0.21904 lr=9.96e-05
[18:44:55]     train step 600/4000 loss=0.07871 lr=9.79e-05
[18:45:06]     train step 800/4000 loss=0.04927 lr=9.49e-05
[18:45:16]     train step 1000/4000 loss=0.03585 lr=9.07e-05
[18:45:27]     train step 1200/4000 loss=0.02909 lr=8.53e-05
[18:45:38]     train step 1400/4000 loss=0.02332 lr=7.90e-05
[18:45:49]     train step 1600/4000 loss=0.01994 lr=7.19e-05
[18:45:59]     train step 1800/4000 loss=0.01683 lr=6.42e-05
[18:46:10]     train step 2000/4000 loss=0.01422 lr=5.62e-05
[18:46:21]     train step 2200/4000 loss=0.01202 lr=4.80e-05
[18:46:32]     train step 2400/4000 loss=0.01065 lr=3.99e-05
[18:46:43]     train step 2600/4000 loss=0.00921 lr=3.20e-05
[18:46:53]     train step 2800/4000 loss=0.00819 lr=2.48e-05
[18:47:04]     train step 3000/4000 loss=0.00742 lr=1.82e-05
[18:47:15]     train step 3200/4000 loss=0.00680 lr=1.26e-05
[18:47:26]     train step 3400/4000 loss=0.00644 lr=8.08e-06
[18:47:37]     train step 3600/4000 loss=0.00614 lr=4.74e-06
[18:47:48]     train step 3800/4000 loss=0.00592 lr=2.69e-06
[18:47:59]     train step 4000/4000 loss=0.00583 lr=2.00e-06
[18:49:43]   [eval] SR=1.000
[18:49:44]   [stagger] intervention at t=11 (rollout 0) len=33
[18:49:45] 
===== stagger Round 6 | dataset=14 =====
[18:49:56]     train step 200/4000 loss=0.60311 lr=8.00e-05
[18:50:07]     train step 400/4000 loss=0.21995 lr=9.96e-05
[18:50:18]     train step 600/4000 loss=0.08035 lr=9.79e-05
[18:50:29]     train step 800/4000 loss=0.05052 lr=9.49e-05
[18:50:40]     train step 1000/4000 loss=0.03707 lr=9.07e-05
[18:50:51]     train step 1200/4000 loss=0.02903 lr=8.53e-05
[18:51:02]     train step 1400/4000 loss=0.02341 lr=7.90e-05
[18:51:13]     train step 1600/4000 loss=0.01942 lr=7.19e-05
[18:51:24]     train step 1800/4000 loss=0.01630 lr=6.42e-05
[18:51:35]     train step 2000/4000 loss=0.01405 lr=5.62e-05
[18:51:46]     train step 2200/4000 loss=0.01192 lr=4.80e-05
[18:51:57]     train step 2400/4000 loss=0.01035 lr=3.99e-05
[18:52:08]     train step 2600/4000 loss=0.00934 lr=3.20e-05
[18:52:19]     train step 2800/4000 loss=0.00831 lr=2.48e-05
[18:52:29]     train step 3000/4000 loss=0.00750 lr=1.82e-05
[18:52:40]     train step 3200/4000 loss=0.00695 lr=1.26e-05
[18:52:51]     train step 3400/4000 loss=0.00656 lr=8.08e-06
[18:53:02]     train step 3600/4000 loss=0.00632 lr=4.74e-06
[18:53:12]     train step 3800/4000 loss=0.00609 lr=2.69e-06
[18:53:23]     train step 4000/4000 loss=0.00598 lr=2.00e-06
[18:55:07]   [eval] SR=1.000
[18:55:12]   [stagger] intervention at t=41 (rollout 0) len=8
[18:55:12] 
===== stagger Round 7 | dataset=15 =====
[18:55:18]     train step 200/4000 loss=0.60237 lr=8.00e-05
[18:55:26]     train step 400/4000 loss=0.21854 lr=9.96e-05
[18:55:36]     train step 600/4000 loss=0.07855 lr=9.79e-05
[18:55:47]     train step 800/4000 loss=0.04991 lr=9.49e-05
[18:55:58]     train step 1000/4000 loss=0.03627 lr=9.07e-05
[18:56:09]     train step 1200/4000 loss=0.02802 lr=8.53e-05
[18:56:20]     train step 1400/4000 loss=0.02270 lr=7.90e-05
[18:56:31]     train step 1600/4000 loss=0.01891 lr=7.19e-05
[18:56:42]     train step 1800/4000 loss=0.01598 lr=6.42e-05
[18:56:52]     train step 2000/4000 loss=0.01373 lr=5.62e-05
[18:57:03]     train step 2200/4000 loss=0.01191 lr=4.80e-05
[18:57:14]     train step 2400/4000 loss=0.01008 lr=3.99e-05
[18:57:25]     train step 2600/4000 loss=0.00910 lr=3.20e-05
[18:57:36]     train step 2800/4000 loss=0.00817 lr=2.48e-05
[18:57:47]     train step 3000/4000 loss=0.00751 lr=1.82e-05
[18:57:58]     train step 3200/4000 loss=0.00672 lr=1.26e-05
[18:58:09]     train step 3400/4000 loss=0.00648 lr=8.08e-06
[18:58:19]     train step 3600/4000 loss=0.00611 lr=4.74e-06
[18:58:30]     train step 3800/4000 loss=0.00594 lr=2.69e-06
[18:58:41]     train step 4000/4000 loss=0.00584 lr=2.00e-06
[19:00:25]   [eval] SR=1.000
[19:00:44]   [stagger] intervention at t=33 (rollout 3) len=15
[19:00:44] 
===== stagger Round 8 | dataset=16 =====
[19:00:55]     train step 200/4000 loss=0.60399 lr=8.00e-05
[19:01:06]     train step 400/4000 loss=0.21885 lr=9.96e-05
[19:01:17]     train step 600/4000 loss=0.07951 lr=9.79e-05
[19:01:27]     train step 800/4000 loss=0.05023 lr=9.49e-05
[19:01:38]     train step 1000/4000 loss=0.03679 lr=9.07e-05
[19:01:49]     train step 1200/4000 loss=0.02929 lr=8.53e-05
[19:02:00]     train step 1400/4000 loss=0.02369 lr=7.90e-05
[19:02:11]     train step 1600/4000 loss=0.01996 lr=7.19e-05
[19:02:21]     train step 1800/4000 loss=0.01693 lr=6.42e-05
[19:02:32]     train step 2000/4000 loss=0.01445 lr=5.62e-05
[19:02:43]     train step 2200/4000 loss=0.01251 lr=4.80e-05
[19:02:54]     train step 2400/4000 loss=0.01093 lr=3.99e-05
[19:03:05]     train step 2600/4000 loss=0.00992 lr=3.20e-05
[19:03:15]     train step 2800/4000 loss=0.00879 lr=2.48e-05
[19:03:26]     train step 3000/4000 loss=0.00801 lr=1.82e-05
[19:03:37]     train step 3200/4000 loss=0.00743 lr=1.26e-05
[19:03:47]     train step 3400/4000 loss=0.00707 lr=8.08e-06
[19:03:58]     train step 3600/4000 loss=0.00670 lr=4.74e-06
[19:04:09]     train step 3800/4000 loss=0.00647 lr=2.69e-06
[19:04:20]     train step 4000/4000 loss=0.00636 lr=2.00e-06
[19:06:04]   [eval] SR=1.000
[19:06:07]   [stagger] intervention at t=19 (rollout 0) len=29
[19:06:07] 
===== stagger Round 9 | dataset=17 =====
[19:06:18]     train step 200/4000 loss=0.60230 lr=8.00e-05
[19:06:29]     train step 400/4000 loss=0.21753 lr=9.96e-05
[19:06:40]     train step 600/4000 loss=0.07970 lr=9.79e-05
[19:06:51]     train step 800/4000 loss=0.05038 lr=9.49e-05
[19:07:01]     train step 1000/4000 loss=0.03721 lr=9.07e-05
[19:07:12]     train step 1200/4000 loss=0.02940 lr=8.53e-05
[19:07:23]     train step 1400/4000 loss=0.02399 lr=7.90e-05
[19:07:34]     train step 1600/4000 loss=0.02000 lr=7.19e-05
[19:07:45]     train step 1800/4000 loss=0.01732 lr=6.42e-05
[19:07:56]     train step 2000/4000 loss=0.01483 lr=5.62e-05
[19:08:07]     train step 2200/4000 loss=0.01254 lr=4.80e-05
[19:08:16]     train step 2400/4000 loss=0.01074 lr=3.99e-05
[19:08:26]     train step 2600/4000 loss=0.00987 lr=3.20e-05
[19:08:37]     train step 2800/4000 loss=0.00886 lr=2.48e-05
[19:08:48]     train step 3000/4000 loss=0.00792 lr=1.82e-05
[19:08:59]     train step 3200/4000 loss=0.00733 lr=1.26e-05
[19:09:10]     train step 3400/4000 loss=0.00702 lr=8.08e-06
[19:09:20]     train step 3600/4000 loss=0.00669 lr=4.74e-06
[19:09:31]     train step 3800/4000 loss=0.00648 lr=2.69e-06
[19:09:42]     train step 4000/4000 loss=0.00637 lr=2.00e-06
[19:11:26]   [eval] SR=1.000
[19:11:37]   [stagger] intervention at t=4 (rollout 2) len=43
[19:11:37] 
===== stagger Round 10 | dataset=18 =====
[19:11:48]     train step 200/4000 loss=0.60424 lr=8.00e-05
[19:11:59]     train step 400/4000 loss=0.21625 lr=9.96e-05
[19:12:10]     train step 600/4000 loss=0.07889 lr=9.79e-05
[19:12:21]     train step 800/4000 loss=0.04958 lr=9.49e-05
[19:12:32]     train step 1000/4000 loss=0.03649 lr=9.07e-05
[19:12:43]     train step 1200/4000 loss=0.02911 lr=8.53e-05
[19:12:54]     train step 1400/4000 loss=0.02382 lr=7.90e-05
[19:13:04]     train step 1600/4000 loss=0.01976 lr=7.19e-05
[19:13:15]     train step 1800/4000 loss=0.01704 lr=6.42e-05
[19:13:26]     train step 2000/4000 loss=0.01437 lr=5.62e-05
[19:13:36]     train step 2200/4000 loss=0.01273 lr=4.80e-05
[19:13:47]     train step 2400/4000 loss=0.01111 lr=3.99e-05
[19:13:58]     train step 2600/4000 loss=0.00986 lr=3.20e-05
[19:14:08]     train step 2800/4000 loss=0.00883 lr=2.48e-05
[19:14:19]     train step 3000/4000 loss=0.00784 lr=1.82e-05
[19:14:30]     train step 3200/4000 loss=0.00736 lr=1.26e-05
[19:14:41]     train step 3400/4000 loss=0.00700 lr=8.08e-06
[19:14:51]     train step 3600/4000 loss=0.00664 lr=4.74e-06
[19:15:02]     train step 3800/4000 loss=0.00644 lr=2.69e-06
[19:15:13]     train step 4000/4000 loss=0.00633 lr=2.00e-06
[19:16:56]   [eval] SR=1.000
[19:16:58]   [stagger] intervention at t=14 (rollout 0) len=34
[19:16:58] 
===== stagger Round 11 | dataset=19 =====
[19:17:09]     train step 200/4000 loss=0.60312 lr=8.00e-05
[19:17:20]     train step 400/4000 loss=0.21697 lr=9.96e-05
[19:17:30]     train step 600/4000 loss=0.08019 lr=9.79e-05
[19:17:41]     train step 800/4000 loss=0.05030 lr=9.49e-05
[19:17:52]     train step 1000/4000 loss=0.03717 lr=9.07e-05
[19:18:02]     train step 1200/4000 loss=0.02932 lr=8.53e-05
[19:18:13]     train step 1400/4000 loss=0.02411 lr=7.90e-05
[19:18:24]     train step 1600/4000 loss=0.02034 lr=7.19e-05
[19:18:35]     train step 1800/4000 loss=0.01729 lr=6.42e-05
[19:18:46]     train step 2000/4000 loss=0.01495 lr=5.62e-05
[19:18:57]     train step 2200/4000 loss=0.01301 lr=4.80e-05
[19:19:08]     train step 2400/4000 loss=0.01162 lr=3.99e-05
[19:19:18]     train step 2600/4000 loss=0.00991 lr=3.20e-05
[19:19:29]     train step 2800/4000 loss=0.00925 lr=2.48e-05
[19:19:40]     train step 3000/4000 loss=0.00838 lr=1.82e-05
[19:19:51]     train step 3200/4000 loss=0.00768 lr=1.26e-05
[19:20:02]     train step 3400/4000 loss=0.00735 lr=8.08e-06
[19:20:13]     train step 3600/4000 loss=0.00708 lr=4.74e-06
[19:20:24]     train step 3800/4000 loss=0.00682 lr=2.69e-06
[19:20:34]     train step 4000/4000 loss=0.00672 lr=2.00e-06
[19:22:19]   [eval] SR=1.000
[19:23:02]   [stagger] intervention at t=21 (rollout 8) len=25
[19:23:02] 
===== stagger Round 12 | dataset=20 =====
[19:23:12]     train step 200/4000 loss=0.60512 lr=8.00e-05
[19:23:23]     train step 400/4000 loss=0.21670 lr=9.96e-05
[19:23:34]     train step 600/4000 loss=0.07751 lr=9.79e-05
[19:23:45]     train step 800/4000 loss=0.04933 lr=9.49e-05
[19:23:55]     train step 1000/4000 loss=0.03607 lr=9.07e-05
[19:24:06]     train step 1200/4000 loss=0.02922 lr=8.53e-05
[19:24:17]     train step 1400/4000 loss=0.02490 lr=7.90e-05
[19:24:27]     train step 1600/4000 loss=0.02025 lr=7.19e-05
[19:24:38]     train step 1800/4000 loss=0.01757 lr=6.42e-05
[19:24:49]     train step 2000/4000 loss=0.01499 lr=5.62e-05
[19:25:00]     train step 2200/4000 loss=0.01295 lr=4.80e-05
[19:25:11]     train step 2400/4000 loss=0.01144 lr=3.99e-05
[19:25:21]     train step 2600/4000 loss=0.01028 lr=3.20e-05
[19:25:32]     train step 2800/4000 loss=0.00925 lr=2.48e-05
[19:25:43]     train step 3000/4000 loss=0.00852 lr=1.82e-05
[19:25:54]     train step 3200/4000 loss=0.00781 lr=1.26e-05
[19:26:06]     train step 3400/4000 loss=0.00745 lr=8.08e-06
[19:26:16]     train step 3600/4000 loss=0.00709 lr=4.74e-06
[19:26:27]     train step 3800/4000 loss=0.00690 lr=2.69e-06
[19:26:38]     train step 4000/4000 loss=0.00678 lr=2.00e-06
[19:28:21]   [eval] SR=1.000
[19:28:45]   [stagger] intervention at t=35 (rollout 4) len=12
[19:28:45] 
===== stagger Round 13 | dataset=21 =====
[19:28:56]     train step 200/4000 loss=0.60454 lr=8.00e-05
[19:29:07]     train step 400/4000 loss=0.21612 lr=9.96e-05
[19:29:18]     train step 600/4000 loss=0.07982 lr=9.79e-05
[19:29:29]     train step 800/4000 loss=0.04932 lr=9.49e-05
[19:29:40]     train step 1000/4000 loss=0.03613 lr=9.07e-05
[19:29:50]     train step 1200/4000 loss=0.02928 lr=8.53e-05
[19:30:01]     train step 1400/4000 loss=0.02409 lr=7.90e-05
[19:30:12]     train step 1600/4000 loss=0.02103 lr=7.19e-05
[19:30:22]     train step 1800/4000 loss=0.01750 lr=6.42e-05
[19:30:33]     train step 2000/4000 loss=0.01522 lr=5.62e-05
[19:30:44]     train step 2200/4000 loss=0.01309 lr=4.80e-05
[19:30:55]     train step 2400/4000 loss=0.01147 lr=3.99e-05
[19:31:05]     train step 2600/4000 loss=0.00999 lr=3.20e-05
[19:31:15]     train step 2800/4000 loss=0.00903 lr=2.48e-05
[19:31:24]     train step 3000/4000 loss=0.00833 lr=1.82e-05
[19:31:31]     train step 3200/4000 loss=0.00755 lr=1.26e-05
[19:31:37]     train step 3400/4000 loss=0.00723 lr=8.08e-06
[19:31:43]     train step 3600/4000 loss=0.00691 lr=4.74e-06
[19:31:51]     train step 3800/4000 loss=0.00665 lr=2.69e-06
[19:32:02]     train step 4000/4000 loss=0.00656 lr=2.00e-06
[19:33:45]   [eval] SR=1.000
[19:33:50]   [stagger] intervention at t=39 (rollout 0) len=6
[19:33:50] 
===== stagger Round 14 | dataset=22 =====
[19:34:01]     train step 200/4000 loss=0.60522 lr=8.00e-05
[19:34:12]     train step 400/4000 loss=0.21796 lr=9.96e-05
[19:34:23]     train step 600/4000 loss=0.07803 lr=9.79e-05
[19:34:34]     train step 800/4000 loss=0.04839 lr=9.49e-05
[19:34:45]     train step 1000/4000 loss=0.03583 lr=9.07e-05
[19:34:57]     train step 1200/4000 loss=0.02882 lr=8.53e-05
[19:35:08]     train step 1400/4000 loss=0.02326 lr=7.90e-05
[19:35:19]     train step 1600/4000 loss=0.01996 lr=7.19e-05
[19:35:29]     train step 1800/4000 loss=0.01708 lr=6.42e-05
[19:35:40]     train step 2000/4000 loss=0.01441 lr=5.62e-05
[19:35:51]     train step 2200/4000 loss=0.01274 lr=4.80e-05
[19:36:02]     train step 2400/4000 loss=0.01088 lr=3.99e-05
[19:36:12]     train step 2600/4000 loss=0.01010 lr=3.20e-05
[19:36:23]     train step 2800/4000 loss=0.00891 lr=2.48e-05
[19:36:34]     train step 3000/4000 loss=0.00813 lr=1.82e-05
[19:36:45]     train step 3200/4000 loss=0.00748 lr=1.26e-05
[19:36:55]     train step 3400/4000 loss=0.00709 lr=8.08e-06
[19:37:06]     train step 3600/4000 loss=0.00677 lr=4.74e-06
[19:37:17]     train step 3800/4000 loss=0.00655 lr=2.69e-06
[19:37:27]     train step 4000/4000 loss=0.00644 lr=2.00e-06
[19:39:10]   [eval] SR=1.000
[19:39:35]   [stagger] intervention at t=36 (rollout 4) len=7
[19:39:35] 
===== stagger Round 15 | dataset=23 =====
[19:39:46]     train step 200/4000 loss=0.60560 lr=8.00e-05
[19:39:57]     train step 400/4000 loss=0.21988 lr=9.96e-05
[19:40:08]     train step 600/4000 loss=0.07940 lr=9.79e-05
[19:40:19]     train step 800/4000 loss=0.04896 lr=9.49e-05
[19:40:30]     train step 1000/4000 loss=0.03605 lr=9.07e-05
[19:40:41]     train step 1200/4000 loss=0.02946 lr=8.53e-05
[19:40:52]     train step 1400/4000 loss=0.02384 lr=7.90e-05
[19:41:03]     train step 1600/4000 loss=0.01965 lr=7.19e-05
[19:41:13]     train step 1800/4000 loss=0.01695 lr=6.42e-05
[19:41:24]     train step 2000/4000 loss=0.01457 lr=5.62e-05
[19:41:35]     train step 2200/4000 loss=0.01291 lr=4.80e-05
[19:41:46]     train step 2400/4000 loss=0.01147 lr=3.99e-05
[19:41:56]     train step 2600/4000 loss=0.01006 lr=3.20e-05
[19:42:07]     train step 2800/4000 loss=0.00922 lr=2.48e-05
[19:42:18]     train step 3000/4000 loss=0.00831 lr=1.82e-05
[19:42:29]     train step 3200/4000 loss=0.00757 lr=1.26e-05
[19:42:39]     train step 3400/4000 loss=0.00719 lr=8.08e-06
[19:42:50]     train step 3600/4000 loss=0.00692 lr=4.74e-06
[19:43:01]     train step 3800/4000 loss=0.00671 lr=2.69e-06
[19:43:11]     train step 4000/4000 loss=0.00660 lr=2.00e-06
[19:44:55]   [eval] SR=1.000
[19:45:00]   [stagger] intervention at t=0 (rollout 1) len=47
[19:45:01] 
===== stagger Round 16 | dataset=24 =====
[19:45:11]     train step 200/4000 loss=0.60505 lr=8.00e-05
[19:45:22]     train step 400/4000 loss=0.21909 lr=9.96e-05
[19:45:33]     train step 600/4000 loss=0.07764 lr=9.79e-05
[19:45:44]     train step 800/4000 loss=0.05004 lr=9.49e-05
[19:45:55]     train step 1000/4000 loss=0.03682 lr=9.07e-05
[19:46:06]     train step 1200/4000 loss=0.02953 lr=8.53e-05
[19:46:17]     train step 1400/4000 loss=0.02404 lr=7.90e-05
[19:46:28]     train step 1600/4000 loss=0.02010 lr=7.19e-05
[19:46:39]     train step 1800/4000 loss=0.01722 lr=6.42e-05
[19:46:50]     train step 2000/4000 loss=0.01483 lr=5.62e-05
[19:47:01]     train step 2200/4000 loss=0.01291 lr=4.80e-05
[19:47:12]     train step 2400/4000 loss=0.01118 lr=3.99e-05
[19:47:23]     train step 2600/4000 loss=0.00983 lr=3.20e-05
[19:47:33]     train step 2800/4000 loss=0.00902 lr=2.48e-05
[19:47:44]     train step 3000/4000 loss=0.00809 lr=1.82e-05
[19:47:55]     train step 3200/4000 loss=0.00754 lr=1.26e-05
[19:48:06]     train step 3400/4000 loss=0.00707 lr=8.08e-06
[19:48:16]     train step 3600/4000 loss=0.00678 lr=4.74e-06
[19:48:27]     train step 3800/4000 loss=0.00654 lr=2.69e-06
[19:48:38]     train step 4000/4000 loss=0.00643 lr=2.00e-06
[19:50:21]   [eval] SR=1.000
[19:50:22]   [stagger] intervention at t=9 (rollout 0) len=38
[19:50:23] 
===== stagger Round 17 | dataset=25 =====
[19:50:34]     train step 200/4000 loss=0.60455 lr=8.00e-05
[19:50:45]     train step 400/4000 loss=0.21581 lr=9.96e-05
[19:50:55]     train step 600/4000 loss=0.07773 lr=9.79e-05
[19:51:06]     train step 800/4000 loss=0.04912 lr=9.49e-05
[19:51:17]     train step 1000/4000 loss=0.03621 lr=9.07e-05
[19:51:28]     train step 1200/4000 loss=0.02927 lr=8.53e-05
[19:51:39]     train step 1400/4000 loss=0.02442 lr=7.90e-05
[19:51:50]     train step 1600/4000 loss=0.02032 lr=7.19e-05
[19:52:01]     train step 1800/4000 loss=0.01748 lr=6.42e-05
[19:52:12]     train step 2000/4000 loss=0.01482 lr=5.62e-05
[19:52:23]     train step 2200/4000 loss=0.01291 lr=4.80e-05
[19:52:34]     train step 2400/4000 loss=0.01146 lr=3.99e-05
[19:52:44]     train step 2600/4000 loss=0.01010 lr=3.20e-05
[19:52:55]     train step 2800/4000 loss=0.00925 lr=2.48e-05
[19:53:06]     train step 3000/4000 loss=0.00834 lr=1.82e-05
[19:53:17]     train step 3200/4000 loss=0.00779 lr=1.26e-05
[19:53:28]     train step 3400/4000 loss=0.00743 lr=8.08e-06
[19:53:38]     train step 3600/4000 loss=0.00709 lr=4.74e-06
[19:53:49]     train step 3800/4000 loss=0.00688 lr=2.69e-06
[19:54:00]     train step 4000/4000 loss=0.00677 lr=2.00e-06
[19:55:43]   [eval] SR=1.000
[19:55:57]   [stagger] intervention at t=37 (rollout 2) len=9
[19:55:58] 
===== stagger Round 18 | dataset=26 =====
[19:56:09]     train step 200/4000 loss=0.60471 lr=8.00e-05
[19:56:19]     train step 400/4000 loss=0.21800 lr=9.96e-05
[19:56:30]     train step 600/4000 loss=0.07970 lr=9.79e-05
[19:56:41]     train step 800/4000 loss=0.05016 lr=9.49e-05
[19:56:52]     train step 1000/4000 loss=0.03729 lr=9.07e-05
[19:57:03]     train step 1200/4000 loss=0.02931 lr=8.53e-05
[19:57:14]     train step 1400/4000 loss=0.02362 lr=7.90e-05
[19:57:25]     train step 1600/4000 loss=0.02003 lr=7.19e-05
[19:57:35]     train step 1800/4000 loss=0.01731 lr=6.42e-05
[19:57:47]     train step 2000/4000 loss=0.01484 lr=5.62e-05
[19:57:58]     train step 2200/4000 loss=0.01311 lr=4.80e-05
[19:58:09]     train step 2400/4000 loss=0.01108 lr=3.99e-05
[19:58:20]     train step 2600/4000 loss=0.00994 lr=3.20e-05
[19:58:31]     train step 2800/4000 loss=0.00906 lr=2.48e-05
[19:58:42]     train step 3000/4000 loss=0.00805 lr=1.82e-05
[19:58:52]     train step 3200/4000 loss=0.00745 lr=1.26e-05
[19:59:03]     train step 3400/4000 loss=0.00714 lr=8.08e-06
[19:59:14]     train step 3600/4000 loss=0.00670 lr=4.74e-06
[19:59:25]     train step 3800/4000 loss=0.00651 lr=2.69e-06
[19:59:36]     train step 4000/4000 loss=0.00641 lr=2.00e-06
[20:01:19]   [eval] SR=1.000
[20:01:21]   [stagger] intervention at t=17 (rollout 0) len=26
[20:01:21] 
===== stagger Round 19 | dataset=27 =====
[20:01:32]     train step 200/4000 loss=0.60469 lr=8.00e-05
[20:01:43]     train step 400/4000 loss=0.21843 lr=9.96e-05
[20:01:54]     train step 600/4000 loss=0.07902 lr=9.79e-05
[20:02:05]     train step 800/4000 loss=0.04913 lr=9.49e-05
[20:02:16]     train step 1000/4000 loss=0.03647 lr=9.07e-05
[20:02:26]     train step 1200/4000 loss=0.02909 lr=8.53e-05
[20:02:37]     train step 1400/4000 loss=0.02404 lr=7.90e-05
[20:02:48]     train step 1600/4000 loss=0.02046 lr=7.19e-05
[20:02:59]     train step 1800/4000 loss=0.01709 lr=6.42e-05
[20:03:10]     train step 2000/4000 loss=0.01466 lr=5.62e-05
[20:03:21]     train step 2200/4000 loss=0.01267 lr=4.80e-05
[20:03:31]     train step 2400/4000 loss=0.01130 lr=3.99e-05
[20:03:42]     train step 2600/4000 loss=0.01003 lr=3.20e-05
[20:03:53]     train step 2800/4000 loss=0.00902 lr=2.48e-05
[20:04:04]     train step 3000/4000 loss=0.00815 lr=1.82e-05
[20:04:15]     train step 3200/4000 loss=0.00759 lr=1.26e-05
[20:04:26]     train step 3400/4000 loss=0.00720 lr=8.08e-06
[20:04:37]     train step 3600/4000 loss=0.00692 lr=4.74e-06
[20:04:48]     train step 3800/4000 loss=0.00664 lr=2.69e-06
[20:04:59]     train step 4000/4000 loss=0.00651 lr=2.00e-06
[20:06:43]   [eval] SR=1.000
[20:06:47]   [stagger] intervention at t=39 (rollout 0) len=7
[20:06:47] 
===== stagger Round 20 | dataset=28 =====
[20:06:58]     train step 200/4000 loss=0.60460 lr=8.00e-05
[20:07:09]     train step 400/4000 loss=0.21475 lr=9.96e-05
[20:07:20]     train step 600/4000 loss=0.07737 lr=9.79e-05
[20:07:31]     train step 800/4000 loss=0.04913 lr=9.49e-05
[20:07:42]     train step 1000/4000 loss=0.03608 lr=9.07e-05
[20:07:52]     train step 1200/4000 loss=0.02927 lr=8.53e-05
[20:08:03]     train step 1400/4000 loss=0.02363 lr=7.90e-05
[20:08:14]     train step 1600/4000 loss=0.02031 lr=7.19e-05
[20:08:25]     train step 1800/4000 loss=0.01749 lr=6.42e-05
[20:08:36]     train step 2000/4000 loss=0.01498 lr=5.62e-05
[20:08:47]     train step 2200/4000 loss=0.01333 lr=4.80e-05
[20:08:58]     train step 2400/4000 loss=0.01139 lr=3.99e-05
[20:09:09]     train step 2600/4000 loss=0.01019 lr=3.20e-05
[20:09:20]     train step 2800/4000 loss=0.00913 lr=2.48e-05
[20:09:31]     train step 3000/4000 loss=0.00826 lr=1.82e-05
[20:09:42]     train step 3200/4000 loss=0.00772 lr=1.26e-05
[20:09:52]     train step 3400/4000 loss=0.00726 lr=8.08e-06
[20:10:02]     train step 3600/4000 loss=0.00697 lr=4.74e-06
[20:10:12]     train step 3800/4000 loss=0.00670 lr=2.69e-06
[20:10:23]     train step 4000/4000 loss=0.00661 lr=2.00e-06
[20:12:06]   [eval] SR=1.000
[20:12:07] DONE in 7510.4s | final_success=1.0
[20:12:07] [write] /weka/s226137394/DmNfull/distil/results/Lift/state/stagger/seed3/result.json
