[14:23:35] [env] loaded /weka/s226137394/DmNfull/.env
[14:23:36] ===== DISTIL | task=Lift modality=state ablation=safe seed=1 budget=20 smoke=False device=cuda =====
[14:23:36] [bootstrap] loaded 8 shared demos from /weka/s226137394/DmNfull/distil/results/shared_bootstrap/Lift_state/Lift_state_ni8.pkl
[14:23:38] 
===== safe Round 0 | dataset=8 =====
[14:23:44]     train step 200/8000 loss=0.60126 lr=8.00e-05
[14:23:48]     train step 400/8000 loss=0.24594 lr=9.99e-05
[14:23:52]     train step 600/8000 loss=0.09524 lr=9.95e-05
[14:23:56]     train step 800/8000 loss=0.05987 lr=9.88e-05
[14:24:00]     train step 1000/8000 loss=0.04392 lr=9.78e-05
[14:24:04]     train step 1200/8000 loss=0.03421 lr=9.64e-05
[14:24:08]     train step 1400/8000 loss=0.02799 lr=9.48e-05
[14:24:12]     train step 1600/8000 loss=0.02416 lr=9.29e-05
[14:24:16]     train step 1800/8000 loss=0.02034 lr=9.07e-05
[14:24:20]     train step 2000/8000 loss=0.01847 lr=8.82e-05
[14:24:24]     train step 2200/8000 loss=0.01667 lr=8.55e-05
[14:24:29]     train step 2400/8000 loss=0.01499 lr=8.26e-05
[14:24:33]     train step 2600/8000 loss=0.01223 lr=7.94e-05
[14:24:37]     train step 2800/8000 loss=0.01138 lr=7.61e-05
[14:24:41]     train step 3000/8000 loss=0.01042 lr=7.26e-05
[14:24:45]     train step 3200/8000 loss=0.00911 lr=6.90e-05
[14:24:49]     train step 3400/8000 loss=0.00899 lr=6.52e-05
[14:24:53]     train step 3600/8000 loss=0.00757 lr=6.14e-05
[14:24:57]     train step 3800/8000 loss=0.00685 lr=5.75e-05
[14:25:01]     train step 4000/8000 loss=0.00624 lr=5.35e-05
[14:25:05]     train step 4200/8000 loss=0.00586 lr=4.95e-05
[14:25:09]     train step 4400/8000 loss=0.00524 lr=4.56e-05
[14:25:13]     train step 4600/8000 loss=0.00491 lr=4.16e-05
[14:25:17]     train step 4800/8000 loss=0.00430 lr=3.78e-05
[14:25:21]     train step 5000/8000 loss=0.00389 lr=3.40e-05
[14:25:25]     train step 5200/8000 loss=0.00369 lr=3.03e-05
[14:25:29]     train step 5400/8000 loss=0.00348 lr=2.68e-05
[14:25:33]     train step 5600/8000 loss=0.00312 lr=2.34e-05
[14:25:37]     train step 5800/8000 loss=0.00295 lr=2.02e-05
[14:25:42]     train step 6000/8000 loss=0.00279 lr=1.73e-05
[14:25:46]     train step 6200/8000 loss=0.00266 lr=1.45e-05
[14:25:50]     train step 6400/8000 loss=0.00254 lr=1.20e-05
[14:25:54]     train step 6600/8000 loss=0.00248 lr=9.69e-06
[14:25:58]     train step 6800/8000 loss=0.00237 lr=7.69e-06
[14:26:02]     train step 7000/8000 loss=0.00232 lr=5.98e-06
[14:26:06]     train step 7200/8000 loss=0.00228 lr=4.56e-06
[14:26:10]     train step 7400/8000 loss=0.00224 lr=3.45e-06
[14:26:14]     train step 7600/8000 loss=0.00221 lr=2.65e-06
[14:26:18]     train step 7800/8000 loss=0.00220 lr=2.16e-06
[14:26:22]     train step 8000/8000 loss=0.00218 lr=2.00e-06
[14:29:35]   [eval] SR=0.730
[14:29:35]   [safe] intervention at t=0 (rollout 0) len=47
[14:29:35] 
===== safe Round 1 | dataset=9 =====
[14:29:40]     train step 200/4000 loss=0.59721 lr=8.00e-05
[14:29:44]     train step 400/4000 loss=0.23165 lr=9.96e-05
[14:29:48]     train step 600/4000 loss=0.09103 lr=9.79e-05
[14:29:52]     train step 800/4000 loss=0.05542 lr=9.49e-05
[14:29:56]     train step 1000/4000 loss=0.04073 lr=9.07e-05
[14:30:00]     train step 1200/4000 loss=0.03141 lr=8.53e-05
[14:30:04]     train step 1400/4000 loss=0.02604 lr=7.90e-05
[14:30:08]     train step 1600/4000 loss=0.02244 lr=7.19e-05
[14:30:12]     train step 1800/4000 loss=0.01906 lr=6.42e-05
[14:30:17]     train step 2000/4000 loss=0.01671 lr=5.62e-05
[14:30:21]     train step 2200/4000 loss=0.01474 lr=4.80e-05
[14:30:25]     train step 2400/4000 loss=0.01295 lr=3.99e-05
[14:30:29]     train step 2600/4000 loss=0.01181 lr=3.20e-05
[14:30:33]     train step 2800/4000 loss=0.01074 lr=2.48e-05
[14:30:37]     train step 3000/4000 loss=0.00981 lr=1.82e-05
[14:30:41]     train step 3200/4000 loss=0.00898 lr=1.26e-05
[14:30:45]     train step 3400/4000 loss=0.00857 lr=8.08e-06
[14:30:49]     train step 3600/4000 loss=0.00824 lr=4.74e-06
[14:30:53]     train step 3800/4000 loss=0.00802 lr=2.69e-06
[14:30:58]     train step 4000/4000 loss=0.00792 lr=2.00e-06
[14:33:32]   [eval] SR=0.830
[14:33:33]   [safe] intervention at t=0 (rollout 0) len=42
[14:33:33] 
===== safe Round 2 | dataset=10 =====
[14:33:37]     train step 200/4000 loss=0.59912 lr=8.00e-05
[14:33:41]     train step 400/4000 loss=0.22965 lr=9.96e-05
[14:33:46]     train step 600/4000 loss=0.08586 lr=9.79e-05
[14:33:50]     train step 800/4000 loss=0.05483 lr=9.49e-05
[14:33:54]     train step 1000/4000 loss=0.04154 lr=9.07e-05
[14:33:58]     train step 1200/4000 loss=0.03269 lr=8.53e-05
[14:34:02]     train step 1400/4000 loss=0.02760 lr=7.90e-05
[14:34:06]     train step 1600/4000 loss=0.02318 lr=7.19e-05
[14:34:10]     train step 1800/4000 loss=0.01973 lr=6.42e-05
[14:34:15]     train step 2000/4000 loss=0.01707 lr=5.62e-05
[14:34:19]     train step 2200/4000 loss=0.01547 lr=4.80e-05
[14:34:23]     train step 2400/4000 loss=0.01336 lr=3.99e-05
[14:34:27]     train step 2600/4000 loss=0.01201 lr=3.20e-05
[14:34:31]     train step 2800/4000 loss=0.01083 lr=2.48e-05
[14:34:35]     train step 3000/4000 loss=0.00995 lr=1.82e-05
[14:34:39]     train step 3200/4000 loss=0.00927 lr=1.26e-05
[14:34:43]     train step 3400/4000 loss=0.00890 lr=8.08e-06
[14:34:48]     train step 3600/4000 loss=0.00848 lr=4.74e-06
[14:34:52]     train step 3800/4000 loss=0.00833 lr=2.69e-06
[14:34:56]     train step 4000/4000 loss=0.00826 lr=2.00e-06
[14:37:12]   [eval] SR=0.850
[14:37:12]   [safe] intervention at t=0 (rollout 0) len=45
[14:37:12] 
===== safe Round 3 | dataset=11 =====
[14:37:17]     train step 200/4000 loss=0.60096 lr=8.00e-05
[14:37:21]     train step 400/4000 loss=0.22684 lr=9.96e-05
[14:37:25]     train step 600/4000 loss=0.08437 lr=9.79e-05
[14:37:29]     train step 800/4000 loss=0.05261 lr=9.49e-05
[14:37:33]     train step 1000/4000 loss=0.03940 lr=9.07e-05
[14:37:37]     train step 1200/4000 loss=0.03127 lr=8.53e-05
[14:37:42]     train step 1400/4000 loss=0.02604 lr=7.90e-05
[14:37:46]     train step 1600/4000 loss=0.02221 lr=7.19e-05
[14:37:50]     train step 1800/4000 loss=0.01981 lr=6.42e-05
[14:37:54]     train step 2000/4000 loss=0.01694 lr=5.62e-05
[14:37:58]     train step 2200/4000 loss=0.01521 lr=4.80e-05
[14:38:03]     train step 2400/4000 loss=0.01339 lr=3.99e-05
[14:38:07]     train step 2600/4000 loss=0.01204 lr=3.20e-05
[14:38:11]     train step 2800/4000 loss=0.01084 lr=2.48e-05
[14:38:15]     train step 3000/4000 loss=0.00993 lr=1.82e-05
[14:38:19]     train step 3200/4000 loss=0.00925 lr=1.26e-05
[14:38:23]     train step 3400/4000 loss=0.00897 lr=8.08e-06
[14:38:27]     train step 3600/4000 loss=0.00851 lr=4.74e-06
[14:38:32]     train step 3800/4000 loss=0.00833 lr=2.69e-06
[14:38:36]     train step 4000/4000 loss=0.00823 lr=2.00e-06
[14:40:02]   [eval] SR=0.980
[14:40:03]   [safe] intervention at t=3 (rollout 0) len=41
[14:40:03] 
===== safe Round 4 | dataset=12 =====
[14:40:08]     train step 200/4000 loss=0.60027 lr=8.00e-05
[14:40:12]     train step 400/4000 loss=0.22074 lr=9.96e-05
[14:40:16]     train step 600/4000 loss=0.08710 lr=9.79e-05
[14:40:20]     train step 800/4000 loss=0.05393 lr=9.49e-05
[14:40:24]     train step 1000/4000 loss=0.03893 lr=9.07e-05
[14:40:29]     train step 1200/4000 loss=0.03091 lr=8.53e-05
[14:40:33]     train step 1400/4000 loss=0.02552 lr=7.90e-05
[14:40:37]     train step 1600/4000 loss=0.02151 lr=7.19e-05
[14:40:41]     train step 1800/4000 loss=0.01848 lr=6.42e-05
[14:40:45]     train step 2000/4000 loss=0.01613 lr=5.62e-05
[14:40:49]     train step 2200/4000 loss=0.01359 lr=4.80e-05
[14:40:54]     train step 2400/4000 loss=0.01206 lr=3.99e-05
[14:40:58]     train step 2600/4000 loss=0.01089 lr=3.20e-05
[14:41:02]     train step 2800/4000 loss=0.00964 lr=2.48e-05
[14:41:06]     train step 3000/4000 loss=0.00888 lr=1.82e-05
[14:41:10]     train step 3200/4000 loss=0.00828 lr=1.26e-05
[14:41:15]     train step 3400/4000 loss=0.00793 lr=8.08e-06
[14:41:19]     train step 3600/4000 loss=0.00762 lr=4.74e-06
[14:41:23]     train step 3800/4000 loss=0.00746 lr=2.69e-06
[14:41:27]     train step 4000/4000 loss=0.00738 lr=2.00e-06
[14:42:46]   [eval] SR=1.000
[14:42:46]   [safe] intervention at t=0 (rollout 0) len=47
[14:42:46] 
===== safe Round 5 | dataset=13 =====
[14:42:51]     train step 200/4000 loss=0.60125 lr=8.00e-05
[14:42:55]     train step 400/4000 loss=0.22424 lr=9.96e-05
[14:42:59]     train step 600/4000 loss=0.08623 lr=9.79e-05
[14:43:03]     train step 800/4000 loss=0.05462 lr=9.49e-05
[14:43:07]     train step 1000/4000 loss=0.04050 lr=9.07e-05
[14:43:12]     train step 1200/4000 loss=0.03208 lr=8.53e-05
[14:43:16]     train step 1400/4000 loss=0.02626 lr=7.90e-05
[14:43:20]     train step 1600/4000 loss=0.02221 lr=7.19e-05
[14:43:24]     train step 1800/4000 loss=0.01914 lr=6.42e-05
[14:43:28]     train step 2000/4000 loss=0.01722 lr=5.62e-05
[14:43:33]     train step 2200/4000 loss=0.01483 lr=4.80e-05
[14:43:37]     train step 2400/4000 loss=0.01300 lr=3.99e-05
[14:43:41]     train step 2600/4000 loss=0.01162 lr=3.20e-05
[14:43:45]     train step 2800/4000 loss=0.01028 lr=2.48e-05
[14:43:49]     train step 3000/4000 loss=0.00939 lr=1.82e-05
[14:43:53]     train step 3200/4000 loss=0.00883 lr=1.26e-05
[14:43:58]     train step 3400/4000 loss=0.00854 lr=8.08e-06
[14:44:02]     train step 3600/4000 loss=0.00815 lr=4.74e-06
[14:44:06]     train step 3800/4000 loss=0.00794 lr=2.69e-06
[14:44:10]     train step 4000/4000 loss=0.00790 lr=2.00e-06
[14:45:27]   [eval] SR=1.000
[14:45:28]   [safe] intervention at t=0 (rollout 0) len=43
[14:45:28] 
===== safe Round 6 | dataset=14 =====
[14:45:32]     train step 200/4000 loss=0.60332 lr=8.00e-05
[14:45:36]     train step 400/4000 loss=0.22377 lr=9.96e-05
[14:45:40]     train step 600/4000 loss=0.08555 lr=9.79e-05
[14:45:44]     train step 800/4000 loss=0.05342 lr=9.49e-05
[14:45:49]     train step 1000/4000 loss=0.03924 lr=9.07e-05
[14:45:53]     train step 1200/4000 loss=0.03131 lr=8.53e-05
[14:45:57]     train step 1400/4000 loss=0.02588 lr=7.90e-05
[14:46:01]     train step 1600/4000 loss=0.02225 lr=7.19e-05
[14:46:05]     train step 1800/4000 loss=0.01875 lr=6.42e-05
[14:46:09]     train step 2000/4000 loss=0.01641 lr=5.62e-05
[14:46:14]     train step 2200/4000 loss=0.01441 lr=4.80e-05
[14:46:18]     train step 2400/4000 loss=0.01268 lr=3.99e-05
[14:46:22]     train step 2600/4000 loss=0.01111 lr=3.20e-05
[14:46:26]     train step 2800/4000 loss=0.00996 lr=2.48e-05
[14:46:30]     train step 3000/4000 loss=0.00923 lr=1.82e-05
[14:46:34]     train step 3200/4000 loss=0.00863 lr=1.26e-05
[14:46:39]     train step 3400/4000 loss=0.00831 lr=8.08e-06
[14:46:43]     train step 3600/4000 loss=0.00798 lr=4.74e-06
[14:46:47]     train step 3800/4000 loss=0.00782 lr=2.69e-06
[14:46:51]     train step 4000/4000 loss=0.00774 lr=2.00e-06
[14:48:08]   [eval] SR=1.000
[14:48:10]   [safe] intervention at t=13 (rollout 0) len=32
[14:48:10] 
===== safe Round 7 | dataset=15 =====
[14:48:14]     train step 200/4000 loss=0.60393 lr=8.00e-05
[14:48:18]     train step 400/4000 loss=0.22297 lr=9.96e-05
[14:48:22]     train step 600/4000 loss=0.08532 lr=9.79e-05
[14:48:27]     train step 800/4000 loss=0.05443 lr=9.49e-05
[14:48:31]     train step 1000/4000 loss=0.04000 lr=9.07e-05
[14:48:35]     train step 1200/4000 loss=0.03131 lr=8.53e-05
[14:48:39]     train step 1400/4000 loss=0.02629 lr=7.90e-05
[14:48:43]     train step 1600/4000 loss=0.02229 lr=7.19e-05
[14:48:47]     train step 1800/4000 loss=0.01940 lr=6.42e-05
[14:48:52]     train step 2000/4000 loss=0.01711 lr=5.62e-05
[14:48:56]     train step 2200/4000 loss=0.01481 lr=4.80e-05
[14:49:00]     train step 2400/4000 loss=0.01289 lr=3.99e-05
[14:49:04]     train step 2600/4000 loss=0.01183 lr=3.20e-05
[14:49:08]     train step 2800/4000 loss=0.01054 lr=2.48e-05
[14:49:12]     train step 3000/4000 loss=0.00963 lr=1.82e-05
[14:49:17]     train step 3200/4000 loss=0.00904 lr=1.26e-05
[14:49:21]     train step 3400/4000 loss=0.00877 lr=8.08e-06
[14:49:25]     train step 3600/4000 loss=0.00841 lr=4.74e-06
[14:49:29]     train step 3800/4000 loss=0.00825 lr=2.69e-06
[14:49:33]     train step 4000/4000 loss=0.00817 lr=2.00e-06
[14:50:50]   [eval] SR=1.000
[14:50:53]   [safe] intervention at t=13 (rollout 0) len=31
[14:50:53] 
===== safe Round 8 | dataset=16 =====
[14:50:57]     train step 200/4000 loss=0.60345 lr=8.00e-05
[14:51:01]     train step 400/4000 loss=0.22311 lr=9.96e-05
[14:51:05]     train step 600/4000 loss=0.08641 lr=9.79e-05
[14:51:09]     train step 800/4000 loss=0.05452 lr=9.49e-05
[14:51:14]     train step 1000/4000 loss=0.03998 lr=9.07e-05
[14:51:18]     train step 1200/4000 loss=0.03093 lr=8.53e-05
[14:51:22]     train step 1400/4000 loss=0.02607 lr=7.90e-05
[14:51:26]     train step 1600/4000 loss=0.02220 lr=7.19e-05
[14:51:30]     train step 1800/4000 loss=0.01889 lr=6.42e-05
[14:51:35]     train step 2000/4000 loss=0.01669 lr=5.62e-05
[14:51:39]     train step 2200/4000 loss=0.01431 lr=4.80e-05
[14:51:43]     train step 2400/4000 loss=0.01254 lr=3.99e-05
[14:51:47]     train step 2600/4000 loss=0.01144 lr=3.20e-05
[14:51:51]     train step 2800/4000 loss=0.01043 lr=2.48e-05
[14:51:55]     train step 3000/4000 loss=0.00960 lr=1.82e-05
[14:52:00]     train step 3200/4000 loss=0.00898 lr=1.26e-05
[14:52:04]     train step 3400/4000 loss=0.00873 lr=8.08e-06
[14:52:08]     train step 3600/4000 loss=0.00835 lr=4.74e-06
[14:52:12]     train step 3800/4000 loss=0.00818 lr=2.69e-06
[14:52:16]     train step 4000/4000 loss=0.00811 lr=2.00e-06
[14:53:34]   [eval] SR=1.000
[14:53:37]   [safe] intervention at t=20 (rollout 0) len=28
[14:53:37] 
===== safe Round 9 | dataset=17 =====
[14:53:41]     train step 200/4000 loss=0.60320 lr=8.00e-05
[14:53:45]     train step 400/4000 loss=0.22231 lr=9.96e-05
[14:53:50]     train step 600/4000 loss=0.08685 lr=9.79e-05
[14:53:54]     train step 800/4000 loss=0.05449 lr=9.49e-05
[14:53:58]     train step 1000/4000 loss=0.03953 lr=9.07e-05
[14:54:02]     train step 1200/4000 loss=0.03199 lr=8.53e-05
[14:54:06]     train step 1400/4000 loss=0.02715 lr=7.90e-05
[14:54:10]     train step 1600/4000 loss=0.02274 lr=7.19e-05
[14:54:14]     train step 1800/4000 loss=0.01952 lr=6.42e-05
[14:54:19]     train step 2000/4000 loss=0.01690 lr=5.62e-05
[14:54:23]     train step 2200/4000 loss=0.01522 lr=4.80e-05
[14:54:27]     train step 2400/4000 loss=0.01343 lr=3.99e-05
[14:54:31]     train step 2600/4000 loss=0.01229 lr=3.20e-05
[14:54:35]     train step 2800/4000 loss=0.01096 lr=2.48e-05
[14:54:39]     train step 3000/4000 loss=0.01017 lr=1.82e-05
[14:54:44]     train step 3200/4000 loss=0.00945 lr=1.26e-05
[14:54:48]     train step 3400/4000 loss=0.00916 lr=8.08e-06
[14:54:52]     train step 3600/4000 loss=0.00877 lr=4.74e-06
[14:54:56]     train step 3800/4000 loss=0.00854 lr=2.69e-06
[14:55:00]     train step 4000/4000 loss=0.00849 lr=2.00e-06
[14:56:18]   [eval] SR=1.000
[14:56:21]   [safe] intervention at t=24 (rollout 0) len=19
[14:56:21] 
===== safe Round 10 | dataset=18 =====
[14:56:26]     train step 200/4000 loss=0.60379 lr=8.00e-05
[14:56:30]     train step 400/4000 loss=0.22034 lr=9.96e-05
[14:56:34]     train step 600/4000 loss=0.08393 lr=9.79e-05
[14:56:38]     train step 800/4000 loss=0.05438 lr=9.49e-05
[14:56:43]     train step 1000/4000 loss=0.03995 lr=9.07e-05
[14:56:47]     train step 1200/4000 loss=0.03224 lr=8.53e-05
[14:56:51]     train step 1400/4000 loss=0.02672 lr=7.90e-05
[14:56:55]     train step 1600/4000 loss=0.02382 lr=7.19e-05
[14:56:59]     train step 1800/4000 loss=0.02018 lr=6.42e-05
[14:57:04]     train step 2000/4000 loss=0.01760 lr=5.62e-05
[14:57:08]     train step 2200/4000 loss=0.01576 lr=4.80e-05
[14:57:12]     train step 2400/4000 loss=0.01390 lr=3.99e-05
[14:57:16]     train step 2600/4000 loss=0.01269 lr=3.20e-05
[14:57:20]     train step 2800/4000 loss=0.01131 lr=2.48e-05
[14:57:25]     train step 3000/4000 loss=0.01050 lr=1.82e-05
[14:57:29]     train step 3200/4000 loss=0.00981 lr=1.26e-05
[14:57:33]     train step 3400/4000 loss=0.00959 lr=8.08e-06
[14:57:37]     train step 3600/4000 loss=0.00905 lr=4.74e-06
[14:57:41]     train step 3800/4000 loss=0.00886 lr=2.69e-06
[14:57:45]     train step 4000/4000 loss=0.00882 lr=2.00e-06
[14:59:09]   [eval] SR=0.980
[14:59:12]   [safe] intervention at t=19 (rollout 0) len=29
[14:59:12] 
===== safe Round 11 | dataset=19 =====
[14:59:17]     train step 200/4000 loss=0.60382 lr=8.00e-05
[14:59:21]     train step 400/4000 loss=0.22566 lr=9.96e-05
[14:59:25]     train step 600/4000 loss=0.08752 lr=9.79e-05
[14:59:29]     train step 800/4000 loss=0.05426 lr=9.49e-05
[14:59:33]     train step 1000/4000 loss=0.04014 lr=9.07e-05
[14:59:38]     train step 1200/4000 loss=0.03203 lr=8.53e-05
[14:59:42]     train step 1400/4000 loss=0.02667 lr=7.90e-05
[14:59:46]     train step 1600/4000 loss=0.02303 lr=7.19e-05
[14:59:50]     train step 1800/4000 loss=0.01982 lr=6.42e-05
[14:59:54]     train step 2000/4000 loss=0.01775 lr=5.62e-05
[14:59:59]     train step 2200/4000 loss=0.01538 lr=4.80e-05
[15:00:03]     train step 2400/4000 loss=0.01405 lr=3.99e-05
[15:00:07]     train step 2600/4000 loss=0.01273 lr=3.20e-05
[15:00:11]     train step 2800/4000 loss=0.01143 lr=2.48e-05
[15:00:15]     train step 3000/4000 loss=0.01066 lr=1.82e-05
[15:00:20]     train step 3200/4000 loss=0.01001 lr=1.26e-05
[15:00:24]     train step 3400/4000 loss=0.00962 lr=8.08e-06
[15:00:28]     train step 3600/4000 loss=0.00919 lr=4.74e-06
[15:00:32]     train step 3800/4000 loss=0.00902 lr=2.69e-06
[15:00:36]     train step 4000/4000 loss=0.00896 lr=2.00e-06
[15:01:56]   [eval] SR=0.990
[15:01:57]   [safe] intervention at t=3 (rollout 0) len=43
[15:01:57] 
===== safe Round 12 | dataset=20 =====
[15:02:01]     train step 200/4000 loss=0.60337 lr=8.00e-05
[15:02:06]     train step 400/4000 loss=0.22443 lr=9.96e-05
[15:02:10]     train step 600/4000 loss=0.08807 lr=9.79e-05
[15:02:14]     train step 800/4000 loss=0.05487 lr=9.49e-05
[15:02:18]     train step 1000/4000 loss=0.04094 lr=9.07e-05
[15:02:22]     train step 1200/4000 loss=0.03208 lr=8.53e-05
[15:02:26]     train step 1400/4000 loss=0.02663 lr=7.90e-05
[15:02:31]     train step 1600/4000 loss=0.02333 lr=7.19e-05
[15:02:35]     train step 1800/4000 loss=0.02011 lr=6.42e-05
[15:02:39]     train step 2000/4000 loss=0.01747 lr=5.62e-05
[15:02:43]     train step 2200/4000 loss=0.01553 lr=4.80e-05
[15:02:47]     train step 2400/4000 loss=0.01390 lr=3.99e-05
[15:02:51]     train step 2600/4000 loss=0.01242 lr=3.20e-05
[15:02:56]     train step 2800/4000 loss=0.01120 lr=2.48e-05
[15:03:00]     train step 3000/4000 loss=0.01057 lr=1.82e-05
[15:03:04]     train step 3200/4000 loss=0.00982 lr=1.26e-05
[15:03:08]     train step 3400/4000 loss=0.00941 lr=8.08e-06
[15:03:12]     train step 3600/4000 loss=0.00910 lr=4.74e-06
[15:03:16]     train step 3800/4000 loss=0.00891 lr=2.69e-06
[15:03:21]     train step 4000/4000 loss=0.00883 lr=2.00e-06
[15:04:41]   [eval] SR=0.990
[15:04:42]   [safe] intervention at t=2 (rollout 0) len=45
[15:04:42] 
===== safe Round 13 | dataset=21 =====
[15:04:46]     train step 200/4000 loss=0.60204 lr=8.00e-05
[15:04:50]     train step 400/4000 loss=0.22480 lr=9.96e-05
[15:04:55]     train step 600/4000 loss=0.08677 lr=9.79e-05
[15:04:59]     train step 800/4000 loss=0.05500 lr=9.49e-05
[15:05:03]     train step 1000/4000 loss=0.03947 lr=9.07e-05
[15:05:07]     train step 1200/4000 loss=0.03117 lr=8.53e-05
[15:05:11]     train step 1400/4000 loss=0.02718 lr=7.90e-05
[15:05:15]     train step 1600/4000 loss=0.02342 lr=7.19e-05
[15:05:20]     train step 1800/4000 loss=0.02030 lr=6.42e-05
[15:05:24]     train step 2000/4000 loss=0.01761 lr=5.62e-05
[15:05:28]     train step 2200/4000 loss=0.01576 lr=4.80e-05
[15:05:32]     train step 2400/4000 loss=0.01429 lr=3.99e-05
[15:05:36]     train step 2600/4000 loss=0.01288 lr=3.20e-05
[15:05:41]     train step 2800/4000 loss=0.01195 lr=2.48e-05
[15:05:45]     train step 3000/4000 loss=0.01112 lr=1.82e-05
[15:05:49]     train step 3200/4000 loss=0.01030 lr=1.26e-05
[15:05:53]     train step 3400/4000 loss=0.00992 lr=8.08e-06
[15:05:57]     train step 3600/4000 loss=0.00954 lr=4.74e-06
[15:06:02]     train step 3800/4000 loss=0.00937 lr=2.69e-06
[15:06:06]     train step 4000/4000 loss=0.00925 lr=2.00e-06
[15:07:29]   [eval] SR=0.980
[15:07:29]   [safe] intervention at t=0 (rollout 0) len=44
[15:07:29] 
===== safe Round 14 | dataset=22 =====
[15:07:34]     train step 200/4000 loss=0.60169 lr=8.00e-05
[15:07:38]     train step 400/4000 loss=0.22096 lr=9.96e-05
[15:07:42]     train step 600/4000 loss=0.08392 lr=9.79e-05
[15:07:46]     train step 800/4000 loss=0.05295 lr=9.49e-05
[15:07:50]     train step 1000/4000 loss=0.03897 lr=9.07e-05
[15:07:55]     train step 1200/4000 loss=0.03192 lr=8.53e-05
[15:07:59]     train step 1400/4000 loss=0.02690 lr=7.90e-05
[15:08:03]     train step 1600/4000 loss=0.02328 lr=7.19e-05
[15:08:07]     train step 1800/4000 loss=0.02016 lr=6.42e-05
[15:08:11]     train step 2000/4000 loss=0.01817 lr=5.62e-05
[15:08:16]     train step 2200/4000 loss=0.01621 lr=4.80e-05
[15:08:20]     train step 2400/4000 loss=0.01433 lr=3.99e-05
[15:08:24]     train step 2600/4000 loss=0.01300 lr=3.20e-05
[15:08:28]     train step 2800/4000 loss=0.01182 lr=2.48e-05
[15:08:32]     train step 3000/4000 loss=0.01133 lr=1.82e-05
[15:08:37]     train step 3200/4000 loss=0.01042 lr=1.26e-05
[15:08:41]     train step 3400/4000 loss=0.00995 lr=8.08e-06
[15:08:45]     train step 3600/4000 loss=0.00959 lr=4.74e-06
[15:08:49]     train step 3800/4000 loss=0.00939 lr=2.69e-06
[15:08:53]     train step 4000/4000 loss=0.00926 lr=2.00e-06
[15:10:10]   [eval] SR=1.000
[15:10:11]   [safe] intervention at t=4 (rollout 0) len=38
[15:10:11] 
===== safe Round 15 | dataset=23 =====
[15:10:15]     train step 200/4000 loss=0.60175 lr=8.00e-05
[15:10:19]     train step 400/4000 loss=0.21900 lr=9.96e-05
[15:10:24]     train step 600/4000 loss=0.08604 lr=9.79e-05
[15:10:28]     train step 800/4000 loss=0.05467 lr=9.49e-05
[15:10:32]     train step 1000/4000 loss=0.04076 lr=9.07e-05
[15:10:36]     train step 1200/4000 loss=0.03230 lr=8.53e-05
[15:10:40]     train step 1400/4000 loss=0.02664 lr=7.90e-05
[15:10:44]     train step 1600/4000 loss=0.02310 lr=7.19e-05
[15:10:49]     train step 1800/4000 loss=0.02039 lr=6.42e-05
[15:10:53]     train step 2000/4000 loss=0.01808 lr=5.62e-05
[15:10:57]     train step 2200/4000 loss=0.01592 lr=4.80e-05
[15:11:01]     train step 2400/4000 loss=0.01458 lr=3.99e-05
[15:11:05]     train step 2600/4000 loss=0.01310 lr=3.20e-05
[15:11:10]     train step 2800/4000 loss=0.01172 lr=2.48e-05
[15:11:14]     train step 3000/4000 loss=0.01102 lr=1.82e-05
[15:11:18]     train step 3200/4000 loss=0.01031 lr=1.26e-05
[15:11:22]     train step 3400/4000 loss=0.00993 lr=8.08e-06
[15:11:26]     train step 3600/4000 loss=0.00949 lr=4.74e-06
[15:11:30]     train step 3800/4000 loss=0.00935 lr=2.69e-06
[15:11:35]     train step 4000/4000 loss=0.00924 lr=2.00e-06
[15:12:53]   [eval] SR=1.000
[15:12:53]   [safe] intervention at t=0 (rollout 0) len=45
[15:12:53] 
===== safe Round 16 | dataset=24 =====
[15:12:58]     train step 200/4000 loss=0.59856 lr=8.00e-05
[15:13:02]     train step 400/4000 loss=0.22068 lr=9.96e-05
[15:13:06]     train step 600/4000 loss=0.08579 lr=9.79e-05
[15:13:10]     train step 800/4000 loss=0.05314 lr=9.49e-05
[15:13:15]     train step 1000/4000 loss=0.03911 lr=9.07e-05
[15:13:19]     train step 1200/4000 loss=0.03149 lr=8.53e-05
[15:13:23]     train step 1400/4000 loss=0.02652 lr=7.90e-05
[15:13:27]     train step 1600/4000 loss=0.02273 lr=7.19e-05
[15:13:31]     train step 1800/4000 loss=0.01999 lr=6.42e-05
[15:13:35]     train step 2000/4000 loss=0.01759 lr=5.62e-05
[15:13:40]     train step 2200/4000 loss=0.01608 lr=4.80e-05
[15:13:44]     train step 2400/4000 loss=0.01419 lr=3.99e-05
[15:13:48]     train step 2600/4000 loss=0.01303 lr=3.20e-05
[15:13:52]     train step 2800/4000 loss=0.01194 lr=2.48e-05
[15:13:56]     train step 3000/4000 loss=0.01106 lr=1.82e-05
[15:14:00]     train step 3200/4000 loss=0.01022 lr=1.26e-05
[15:14:05]     train step 3400/4000 loss=0.00993 lr=8.08e-06
[15:14:09]     train step 3600/4000 loss=0.00950 lr=4.74e-06
[15:14:13]     train step 3800/4000 loss=0.00930 lr=2.69e-06
[15:14:17]     train step 4000/4000 loss=0.00920 lr=2.00e-06
[15:15:34]   [eval] SR=1.000
[15:15:35]   [safe] intervention at t=3 (rollout 0) len=44
[15:15:35] 
===== safe Round 17 | dataset=25 =====
[15:15:40]     train step 200/4000 loss=0.59910 lr=8.00e-05
[15:15:44]     train step 400/4000 loss=0.21753 lr=9.96e-05
[15:15:48]     train step 600/4000 loss=0.08392 lr=9.79e-05
[15:15:52]     train step 800/4000 loss=0.05274 lr=9.49e-05
[15:15:56]     train step 1000/4000 loss=0.03856 lr=9.07e-05
[15:16:01]     train step 1200/4000 loss=0.03071 lr=8.53e-05
[15:16:05]     train step 1400/4000 loss=0.02662 lr=7.90e-05
[15:16:09]     train step 1600/4000 loss=0.02289 lr=7.19e-05
[15:16:13]     train step 1800/4000 loss=0.02006 lr=6.42e-05
[15:16:17]     train step 2000/4000 loss=0.01747 lr=5.62e-05
[15:16:21]     train step 2200/4000 loss=0.01569 lr=4.80e-05
[15:16:26]     train step 2400/4000 loss=0.01402 lr=3.99e-05
[15:16:30]     train step 2600/4000 loss=0.01298 lr=3.20e-05
[15:16:34]     train step 2800/4000 loss=0.01157 lr=2.48e-05
[15:16:38]     train step 3000/4000 loss=0.01094 lr=1.82e-05
[15:16:42]     train step 3200/4000 loss=0.01016 lr=1.26e-05
[15:16:47]     train step 3400/4000 loss=0.00992 lr=8.08e-06
[15:16:51]     train step 3600/4000 loss=0.00944 lr=4.74e-06
[15:16:55]     train step 3800/4000 loss=0.00924 lr=2.69e-06
[15:16:59]     train step 4000/4000 loss=0.00915 lr=2.00e-06
[15:18:15]   [eval] SR=1.000
[15:18:19]   [safe] intervention at t=27 (rollout 0) len=19
[15:18:19] 
===== safe Round 18 | dataset=26 =====
[15:18:24]     train step 200/4000 loss=0.59927 lr=8.00e-05
[15:18:28]     train step 400/4000 loss=0.21989 lr=9.96e-05
[15:18:32]     train step 600/4000 loss=0.08521 lr=9.79e-05
[15:18:36]     train step 800/4000 loss=0.05386 lr=9.49e-05
[15:18:40]     train step 1000/4000 loss=0.03973 lr=9.07e-05
[15:18:45]     train step 1200/4000 loss=0.03198 lr=8.53e-05
[15:18:49]     train step 1400/4000 loss=0.02718 lr=7.90e-05
[15:18:53]     train step 1600/4000 loss=0.02304 lr=7.19e-05
[15:18:57]     train step 1800/4000 loss=0.02002 lr=6.42e-05
[15:19:01]     train step 2000/4000 loss=0.01766 lr=5.62e-05
[15:19:06]     train step 2200/4000 loss=0.01585 lr=4.80e-05
[15:19:10]     train step 2400/4000 loss=0.01417 lr=3.99e-05
[15:19:14]     train step 2600/4000 loss=0.01303 lr=3.20e-05
[15:19:18]     train step 2800/4000 loss=0.01163 lr=2.48e-05
[15:19:22]     train step 3000/4000 loss=0.01095 lr=1.82e-05
[15:19:26]     train step 3200/4000 loss=0.01024 lr=1.26e-05
[15:19:31]     train step 3400/4000 loss=0.00982 lr=8.08e-06
[15:19:35]     train step 3600/4000 loss=0.00942 lr=4.74e-06
[15:19:39]     train step 3800/4000 loss=0.00923 lr=2.69e-06
[15:19:43]     train step 4000/4000 loss=0.00914 lr=2.00e-06
[15:21:01]   [eval] SR=1.000
[15:21:05]   [safe] intervention at t=24 (rollout 0) len=19
[15:21:05] 
===== safe Round 19 | dataset=27 =====
[15:21:09]     train step 200/4000 loss=0.59939 lr=8.00e-05
[15:21:13]     train step 400/4000 loss=0.21791 lr=9.96e-05
[15:21:17]     train step 600/4000 loss=0.08523 lr=9.79e-05
[15:21:22]     train step 800/4000 loss=0.05395 lr=9.49e-05
[15:21:26]     train step 1000/4000 loss=0.03941 lr=9.07e-05
[15:21:30]     train step 1200/4000 loss=0.03165 lr=8.53e-05
[15:21:34]     train step 1400/4000 loss=0.02656 lr=7.90e-05
[15:21:38]     train step 1600/4000 loss=0.02300 lr=7.19e-05
[15:21:43]     train step 1800/4000 loss=0.02016 lr=6.42e-05
[15:21:47]     train step 2000/4000 loss=0.01810 lr=5.62e-05
[15:21:51]     train step 2200/4000 loss=0.01598 lr=4.80e-05
[15:21:55]     train step 2400/4000 loss=0.01416 lr=3.99e-05
[15:21:59]     train step 2600/4000 loss=0.01303 lr=3.20e-05
[15:22:03]     train step 2800/4000 loss=0.01196 lr=2.48e-05
[15:22:08]     train step 3000/4000 loss=0.01099 lr=1.82e-05
[15:22:12]     train step 3200/4000 loss=0.01038 lr=1.26e-05
[15:22:16]     train step 3400/4000 loss=0.00996 lr=8.08e-06
[15:22:20]     train step 3600/4000 loss=0.00953 lr=4.74e-06
[15:22:24]     train step 3800/4000 loss=0.00933 lr=2.69e-06
[15:22:28]     train step 4000/4000 loss=0.00928 lr=2.00e-06
[15:23:45]   [eval] SR=1.000
[15:23:47]   [safe] intervention at t=13 (rollout 0) len=33
[15:23:48] 
===== safe Round 20 | dataset=28 =====
[15:23:52]     train step 200/4000 loss=0.59894 lr=8.00e-05
[15:23:56]     train step 400/4000 loss=0.22171 lr=9.96e-05
[15:24:00]     train step 600/4000 loss=0.08821 lr=9.79e-05
[15:24:04]     train step 800/4000 loss=0.05629 lr=9.49e-05
[15:24:08]     train step 1000/4000 loss=0.04061 lr=9.07e-05
[15:24:13]     train step 1200/4000 loss=0.03207 lr=8.53e-05
[15:24:17]     train step 1400/4000 loss=0.02698 lr=7.90e-05
[15:24:21]     train step 1600/4000 loss=0.02281 lr=7.19e-05
[15:24:25]     train step 1800/4000 loss=0.01967 lr=6.42e-05
[15:24:29]     train step 2000/4000 loss=0.01766 lr=5.62e-05
[15:24:33]     train step 2200/4000 loss=0.01585 lr=4.80e-05
[15:24:38]     train step 2400/4000 loss=0.01403 lr=3.99e-05
[15:24:42]     train step 2600/4000 loss=0.01301 lr=3.20e-05
[15:24:46]     train step 2800/4000 loss=0.01175 lr=2.48e-05
[15:24:50]     train step 3000/4000 loss=0.01080 lr=1.82e-05
[15:24:54]     train step 3200/4000 loss=0.01000 lr=1.26e-05
[15:24:58]     train step 3400/4000 loss=0.00970 lr=8.08e-06
[15:25:03]     train step 3600/4000 loss=0.00934 lr=4.74e-06
[15:25:07]     train step 3800/4000 loss=0.00915 lr=2.69e-06
[15:25:11]     train step 4000/4000 loss=0.00902 lr=2.00e-06
[15:26:29]   [eval] SR=1.000
[15:26:29] DONE in 3771.3s | final_success=1.0
[15:26:29] [write] /weka/s226137394/DmNfull/distil/results/Lift/state/safe/seed1/result.json
