[17:20:17] [env] loaded /weka/s226137394/DmNfull/.env
[17:20:18] ===== DISTIL | task=Lift modality=state ablation=stagger seed=1 budget=20 smoke=False device=cuda =====
[17:20:19] [bootstrap] loaded 8 shared demos from /weka/s226137394/DmNfull/distil/results/shared_bootstrap/Lift_state/Lift_state_ni8.pkl
[17:20:21] 
===== stagger Round 0 | dataset=8 =====
[17:20:33]     train step 200/8000 loss=0.60125 lr=8.00e-05
[17:20:44]     train step 400/8000 loss=0.24567 lr=9.99e-05
[17:20:54]     train step 600/8000 loss=0.09189 lr=9.95e-05
[17:21:04]     train step 800/8000 loss=0.05770 lr=9.88e-05
[17:21:15]     train step 1000/8000 loss=0.04262 lr=9.78e-05
[17:21:25]     train step 1200/8000 loss=0.03408 lr=9.64e-05
[17:21:35]     train step 1400/8000 loss=0.02859 lr=9.48e-05
[17:21:45]     train step 1600/8000 loss=0.02454 lr=9.29e-05
[17:21:56]     train step 1800/8000 loss=0.02035 lr=9.07e-05
[17:22:06]     train step 2000/8000 loss=0.01864 lr=8.82e-05
[17:22:16]     train step 2200/8000 loss=0.01661 lr=8.55e-05
[17:22:27]     train step 2400/8000 loss=0.01445 lr=8.26e-05
[17:22:37]     train step 2600/8000 loss=0.01274 lr=7.94e-05
[17:22:47]     train step 2800/8000 loss=0.01144 lr=7.61e-05
[17:22:57]     train step 3000/8000 loss=0.01036 lr=7.26e-05
[17:23:07]     train step 3200/8000 loss=0.00917 lr=6.90e-05
[17:23:18]     train step 3400/8000 loss=0.00860 lr=6.52e-05
[17:23:28]     train step 3600/8000 loss=0.00764 lr=6.14e-05
[17:23:38]     train step 3800/8000 loss=0.00691 lr=5.75e-05
[17:23:48]     train step 4000/8000 loss=0.00623 lr=5.35e-05
[17:23:59]     train step 4200/8000 loss=0.00553 lr=4.95e-05
[17:24:09]     train step 4400/8000 loss=0.00586 lr=4.56e-05
[17:24:19]     train step 4600/8000 loss=0.00511 lr=4.16e-05
[17:24:29]     train step 4800/8000 loss=0.00435 lr=3.78e-05
[17:24:40]     train step 5000/8000 loss=0.00389 lr=3.40e-05
[17:24:50]     train step 5200/8000 loss=0.00367 lr=3.03e-05
[17:25:00]     train step 5400/8000 loss=0.00341 lr=2.68e-05
[17:25:10]     train step 5600/8000 loss=0.00314 lr=2.34e-05
[17:25:20]     train step 5800/8000 loss=0.00298 lr=2.02e-05
[17:25:31]     train step 6000/8000 loss=0.00281 lr=1.73e-05
[17:25:41]     train step 6200/8000 loss=0.00268 lr=1.45e-05
[17:25:51]     train step 6400/8000 loss=0.00256 lr=1.20e-05
[17:26:01]     train step 6600/8000 loss=0.00249 lr=9.69e-06
[17:26:12]     train step 6800/8000 loss=0.00237 lr=7.69e-06
[17:26:22]     train step 7000/8000 loss=0.00233 lr=5.98e-06
[17:26:32]     train step 7200/8000 loss=0.00229 lr=4.56e-06
[17:26:42]     train step 7400/8000 loss=0.00225 lr=3.45e-06
[17:26:53]     train step 7600/8000 loss=0.00222 lr=2.65e-06
[17:27:03]     train step 7800/8000 loss=0.00221 lr=2.16e-06
[17:27:13]     train step 8000/8000 loss=0.00219 lr=2.00e-06
[17:31:43]   [eval] SR=0.730
[17:31:55]   [stagger] intervention at t=63 (rollout 1) len=27
[17:31:55] 
===== stagger Round 1 | dataset=9 =====
[17:32:06]     train step 200/4000 loss=0.59628 lr=8.00e-05
[17:32:16]     train step 400/4000 loss=0.23919 lr=9.96e-05
[17:32:27]     train step 600/4000 loss=0.08935 lr=9.79e-05
[17:32:37]     train step 800/4000 loss=0.05612 lr=9.49e-05
[17:32:47]     train step 1000/4000 loss=0.04122 lr=9.07e-05
[17:32:58]     train step 1200/4000 loss=0.03230 lr=8.53e-05
[17:33:08]     train step 1400/4000 loss=0.02668 lr=7.90e-05
[17:33:18]     train step 1600/4000 loss=0.02293 lr=7.19e-05
[17:33:28]     train step 1800/4000 loss=0.01952 lr=6.42e-05
[17:33:39]     train step 2000/4000 loss=0.01703 lr=5.62e-05
[17:33:49]     train step 2200/4000 loss=0.01483 lr=4.80e-05
[17:33:59]     train step 2400/4000 loss=0.01314 lr=3.99e-05
[17:34:10]     train step 2600/4000 loss=0.01153 lr=3.20e-05
[17:34:20]     train step 2800/4000 loss=0.01057 lr=2.48e-05
[17:34:30]     train step 3000/4000 loss=0.00963 lr=1.82e-05
[17:34:41]     train step 3200/4000 loss=0.00880 lr=1.26e-05
[17:34:51]     train step 3400/4000 loss=0.00844 lr=8.08e-06
[17:35:01]     train step 3600/4000 loss=0.00803 lr=4.74e-06
[17:35:12]     train step 3800/4000 loss=0.00789 lr=2.69e-06
[17:35:22]     train step 4000/4000 loss=0.00775 lr=2.00e-06
[17:39:14]   [eval] SR=0.780
[17:39:33]   [stagger] intervention at t=118 (rollout 1) len=20
[17:39:33] 
===== stagger Round 2 | dataset=10 =====
[17:39:44]     train step 200/4000 loss=0.59600 lr=8.00e-05
[17:39:54]     train step 400/4000 loss=0.23192 lr=9.96e-05
[17:40:05]     train step 600/4000 loss=0.08639 lr=9.79e-05
[17:40:15]     train step 800/4000 loss=0.05334 lr=9.49e-05
[17:40:25]     train step 1000/4000 loss=0.03908 lr=9.07e-05
[17:40:36]     train step 1200/4000 loss=0.03093 lr=8.53e-05
[17:40:46]     train step 1400/4000 loss=0.02617 lr=7.90e-05
[17:40:56]     train step 1600/4000 loss=0.02199 lr=7.19e-05
[17:41:07]     train step 1800/4000 loss=0.01872 lr=6.42e-05
[17:41:17]     train step 2000/4000 loss=0.01706 lr=5.62e-05
[17:41:28]     train step 2200/4000 loss=0.01458 lr=4.80e-05
[17:41:38]     train step 2400/4000 loss=0.01277 lr=3.99e-05
[17:41:48]     train step 2600/4000 loss=0.01125 lr=3.20e-05
[17:41:59]     train step 2800/4000 loss=0.01036 lr=2.48e-05
[17:42:09]     train step 3000/4000 loss=0.00933 lr=1.82e-05
[17:42:19]     train step 3200/4000 loss=0.00866 lr=1.26e-05
[17:42:30]     train step 3400/4000 loss=0.00818 lr=8.08e-06
[17:42:40]     train step 3600/4000 loss=0.00784 lr=4.74e-06
[17:42:51]     train step 3800/4000 loss=0.00756 lr=2.69e-06
[17:43:01]     train step 4000/4000 loss=0.00750 lr=2.00e-06
[17:45:15]   [eval] SR=0.940
[17:45:16]   [stagger] intervention at t=4 (rollout 0) len=41
[17:45:16] 
===== stagger Round 3 | dataset=11 =====
[17:45:27]     train step 200/4000 loss=0.59598 lr=8.00e-05
[17:45:37]     train step 400/4000 loss=0.23061 lr=9.96e-05
[17:45:48]     train step 600/4000 loss=0.08488 lr=9.79e-05
[17:45:58]     train step 800/4000 loss=0.05340 lr=9.49e-05
[17:46:08]     train step 1000/4000 loss=0.03889 lr=9.07e-05
[17:46:19]     train step 1200/4000 loss=0.03112 lr=8.53e-05
[17:46:29]     train step 1400/4000 loss=0.02564 lr=7.90e-05
[17:46:40]     train step 1600/4000 loss=0.02157 lr=7.19e-05
[17:46:50]     train step 1800/4000 loss=0.01852 lr=6.42e-05
[17:47:01]     train step 2000/4000 loss=0.01620 lr=5.62e-05
[17:47:11]     train step 2200/4000 loss=0.01405 lr=4.80e-05
[17:47:22]     train step 2400/4000 loss=0.01229 lr=3.99e-05
[17:47:32]     train step 2600/4000 loss=0.01085 lr=3.20e-05
[17:47:43]     train step 2800/4000 loss=0.00966 lr=2.48e-05
[17:47:53]     train step 3000/4000 loss=0.00896 lr=1.82e-05
[17:48:04]     train step 3200/4000 loss=0.00822 lr=1.26e-05
[17:48:14]     train step 3400/4000 loss=0.00787 lr=8.08e-06
[17:48:25]     train step 3600/4000 loss=0.00752 lr=4.74e-06
[17:48:35]     train step 3800/4000 loss=0.00729 lr=2.69e-06
[17:48:46]     train step 4000/4000 loss=0.00722 lr=2.00e-06
[17:50:56]   [eval] SR=0.960
[17:50:58]   [stagger] intervention at t=18 (rollout 0) len=26
[17:50:59] 
===== stagger Round 4 | dataset=12 =====
[17:51:10]     train step 200/4000 loss=0.59556 lr=8.00e-05
[17:51:21]     train step 400/4000 loss=0.22232 lr=9.96e-05
[17:51:31]     train step 600/4000 loss=0.08449 lr=9.79e-05
[17:51:42]     train step 800/4000 loss=0.05326 lr=9.49e-05
[17:51:52]     train step 1000/4000 loss=0.03940 lr=9.07e-05
[17:52:03]     train step 1200/4000 loss=0.03134 lr=8.53e-05
[17:52:13]     train step 1400/4000 loss=0.02569 lr=7.90e-05
[17:52:24]     train step 1600/4000 loss=0.02194 lr=7.19e-05
[17:52:34]     train step 1800/4000 loss=0.01889 lr=6.42e-05
[17:52:45]     train step 2000/4000 loss=0.01578 lr=5.62e-05
[17:52:56]     train step 2200/4000 loss=0.01405 lr=4.80e-05
[17:53:06]     train step 2400/4000 loss=0.01219 lr=3.99e-05
[17:53:17]     train step 2600/4000 loss=0.01105 lr=3.20e-05
[17:53:27]     train step 2800/4000 loss=0.01003 lr=2.48e-05
[17:53:38]     train step 3000/4000 loss=0.00921 lr=1.82e-05
[17:53:48]     train step 3200/4000 loss=0.00849 lr=1.26e-05
[17:53:59]     train step 3400/4000 loss=0.00806 lr=8.08e-06
[17:54:09]     train step 3600/4000 loss=0.00768 lr=4.74e-06
[17:54:20]     train step 3800/4000 loss=0.00752 lr=2.69e-06
[17:54:31]     train step 4000/4000 loss=0.00739 lr=2.00e-06
[17:56:23]   [eval] SR=0.990
[17:56:36]   [stagger] intervention at t=31 (rollout 2) len=15
[17:56:37] 
===== stagger Round 5 | dataset=13 =====
[17:56:48]     train step 200/4000 loss=0.59645 lr=8.00e-05
[17:56:58]     train step 400/4000 loss=0.22162 lr=9.96e-05
[17:57:09]     train step 600/4000 loss=0.08532 lr=9.79e-05
[17:57:19]     train step 800/4000 loss=0.05339 lr=9.49e-05
[17:57:30]     train step 1000/4000 loss=0.03980 lr=9.07e-05
[17:57:41]     train step 1200/4000 loss=0.03114 lr=8.53e-05
[17:57:51]     train step 1400/4000 loss=0.02582 lr=7.90e-05
[17:58:00]     train step 1600/4000 loss=0.02236 lr=7.19e-05
[17:58:09]     train step 1800/4000 loss=0.01904 lr=6.42e-05
[17:58:18]     train step 2000/4000 loss=0.01628 lr=5.62e-05
[17:58:24]     train step 2200/4000 loss=0.01391 lr=4.80e-05
[17:58:30]     train step 2400/4000 loss=0.01235 lr=3.99e-05
[17:58:36]     train step 2600/4000 loss=0.01102 lr=3.20e-05
[17:58:42]     train step 2800/4000 loss=0.00971 lr=2.48e-05
[17:58:52]     train step 3000/4000 loss=0.00900 lr=1.82e-05
[17:59:03]     train step 3200/4000 loss=0.00826 lr=1.26e-05
[17:59:13]     train step 3400/4000 loss=0.00794 lr=8.08e-06
[17:59:24]     train step 3600/4000 loss=0.00760 lr=4.74e-06
[17:59:35]     train step 3800/4000 loss=0.00743 lr=2.69e-06
[17:59:45]     train step 4000/4000 loss=0.00729 lr=2.00e-06
[18:01:40]   [eval] SR=0.990
[18:01:44]   [stagger] intervention at t=38 (rollout 0) len=12
[18:01:44] 
===== stagger Round 6 | dataset=14 =====
[18:01:55]     train step 200/4000 loss=0.59682 lr=8.00e-05
[18:02:06]     train step 400/4000 loss=0.22029 lr=9.96e-05
[18:02:17]     train step 600/4000 loss=0.08518 lr=9.79e-05
[18:02:27]     train step 800/4000 loss=0.05365 lr=9.49e-05
[18:02:38]     train step 1000/4000 loss=0.03927 lr=9.07e-05
[18:02:48]     train step 1200/4000 loss=0.03131 lr=8.53e-05
[18:02:59]     train step 1400/4000 loss=0.02632 lr=7.90e-05
[18:03:10]     train step 1600/4000 loss=0.02188 lr=7.19e-05
[18:03:20]     train step 1800/4000 loss=0.01860 lr=6.42e-05
[18:03:31]     train step 2000/4000 loss=0.01590 lr=5.62e-05
[18:03:42]     train step 2200/4000 loss=0.01393 lr=4.80e-05
[18:03:52]     train step 2400/4000 loss=0.01216 lr=3.99e-05
[18:04:03]     train step 2600/4000 loss=0.01078 lr=3.20e-05
[18:04:14]     train step 2800/4000 loss=0.01005 lr=2.48e-05
[18:04:24]     train step 3000/4000 loss=0.00901 lr=1.82e-05
[18:04:35]     train step 3200/4000 loss=0.00830 lr=1.26e-05
[18:04:46]     train step 3400/4000 loss=0.00798 lr=8.08e-06
[18:04:56]     train step 3600/4000 loss=0.00758 lr=4.74e-06
[18:05:07]     train step 3800/4000 loss=0.00742 lr=2.69e-06
[18:05:17]     train step 4000/4000 loss=0.00734 lr=2.00e-06
[18:07:12]   [eval] SR=0.980
[18:07:26]   [stagger] intervention at t=34 (rollout 2) len=14
[18:07:26] 
===== stagger Round 7 | dataset=15 =====
[18:07:37]     train step 200/4000 loss=0.59612 lr=8.00e-05
[18:07:48]     train step 400/4000 loss=0.22145 lr=9.96e-05
[18:07:58]     train step 600/4000 loss=0.08385 lr=9.79e-05
[18:08:09]     train step 800/4000 loss=0.05269 lr=9.49e-05
[18:08:20]     train step 1000/4000 loss=0.03807 lr=9.07e-05
[18:08:30]     train step 1200/4000 loss=0.03006 lr=8.53e-05
[18:08:41]     train step 1400/4000 loss=0.02514 lr=7.90e-05
[18:08:51]     train step 1600/4000 loss=0.02197 lr=7.19e-05
[18:09:02]     train step 1800/4000 loss=0.01873 lr=6.42e-05
[18:09:13]     train step 2000/4000 loss=0.01646 lr=5.62e-05
[18:09:23]     train step 2200/4000 loss=0.01469 lr=4.80e-05
[18:09:34]     train step 2400/4000 loss=0.01296 lr=3.99e-05
[18:09:44]     train step 2600/4000 loss=0.01173 lr=3.20e-05
[18:09:54]     train step 2800/4000 loss=0.01047 lr=2.48e-05
[18:10:05]     train step 3000/4000 loss=0.00964 lr=1.82e-05
[18:10:15]     train step 3200/4000 loss=0.00881 lr=1.26e-05
[18:10:26]     train step 3400/4000 loss=0.00849 lr=8.08e-06
[18:10:37]     train step 3600/4000 loss=0.00807 lr=4.74e-06
[18:10:47]     train step 3800/4000 loss=0.00785 lr=2.69e-06
[18:10:58]     train step 4000/4000 loss=0.00775 lr=2.00e-06
[18:12:54]   [eval] SR=0.980
[18:13:02]   [stagger] intervention at t=32 (rollout 1) len=15
[18:13:02] 
===== stagger Round 8 | dataset=16 =====
[18:13:13]     train step 200/4000 loss=0.59629 lr=8.00e-05
[18:13:24]     train step 400/4000 loss=0.21929 lr=9.96e-05
[18:13:34]     train step 600/4000 loss=0.08228 lr=9.79e-05
[18:13:45]     train step 800/4000 loss=0.05200 lr=9.49e-05
[18:13:55]     train step 1000/4000 loss=0.03797 lr=9.07e-05
[18:14:06]     train step 1200/4000 loss=0.03017 lr=8.53e-05
[18:14:17]     train step 1400/4000 loss=0.02606 lr=7.90e-05
[18:14:27]     train step 1600/4000 loss=0.02213 lr=7.19e-05
[18:14:38]     train step 1800/4000 loss=0.01868 lr=6.42e-05
[18:14:49]     train step 2000/4000 loss=0.01673 lr=5.62e-05
[18:14:59]     train step 2200/4000 loss=0.01436 lr=4.80e-05
[18:15:10]     train step 2400/4000 loss=0.01255 lr=3.99e-05
[18:15:21]     train step 2600/4000 loss=0.01133 lr=3.20e-05
[18:15:31]     train step 2800/4000 loss=0.01027 lr=2.48e-05
[18:15:42]     train step 3000/4000 loss=0.00930 lr=1.82e-05
[18:15:52]     train step 3200/4000 loss=0.00866 lr=1.26e-05
[18:16:03]     train step 3400/4000 loss=0.00836 lr=8.08e-06
[18:16:14]     train step 3600/4000 loss=0.00787 lr=4.74e-06
[18:16:24]     train step 3800/4000 loss=0.00771 lr=2.69e-06
[18:16:35]     train step 4000/4000 loss=0.00759 lr=2.00e-06
[18:18:26]   [eval] SR=0.990
[18:18:44]   [stagger] intervention at t=10 (rollout 3) len=36
[18:18:44] 
===== stagger Round 9 | dataset=17 =====
[18:18:55]     train step 200/4000 loss=0.59539 lr=8.00e-05
[18:19:05]     train step 400/4000 loss=0.22190 lr=9.96e-05
[18:19:16]     train step 600/4000 loss=0.08649 lr=9.79e-05
[18:19:27]     train step 800/4000 loss=0.05243 lr=9.49e-05
[18:19:37]     train step 1000/4000 loss=0.03895 lr=9.07e-05
[18:19:48]     train step 1200/4000 loss=0.03068 lr=8.53e-05
[18:19:59]     train step 1400/4000 loss=0.02600 lr=7.90e-05
[18:20:09]     train step 1600/4000 loss=0.02253 lr=7.19e-05
[18:20:20]     train step 1800/4000 loss=0.01911 lr=6.42e-05
[18:20:31]     train step 2000/4000 loss=0.01658 lr=5.62e-05
[18:20:41]     train step 2200/4000 loss=0.01465 lr=4.80e-05
[18:20:52]     train step 2400/4000 loss=0.01291 lr=3.99e-05
[18:21:03]     train step 2600/4000 loss=0.01165 lr=3.20e-05
[18:21:13]     train step 2800/4000 loss=0.01061 lr=2.48e-05
[18:21:24]     train step 3000/4000 loss=0.00966 lr=1.82e-05
[18:21:35]     train step 3200/4000 loss=0.00905 lr=1.26e-05
[18:21:45]     train step 3400/4000 loss=0.00862 lr=8.08e-06
[18:21:56]     train step 3600/4000 loss=0.00823 lr=4.74e-06
[18:22:07]     train step 3800/4000 loss=0.00799 lr=2.69e-06
[18:22:17]     train step 4000/4000 loss=0.00790 lr=2.00e-06
[18:24:07]   [eval] SR=0.990
[18:24:08]   [stagger] intervention at t=3 (rollout 0) len=40
[18:24:08] 
===== stagger Round 10 | dataset=18 =====
[18:24:14]     train step 200/4000 loss=0.59700 lr=8.00e-05
[18:24:23]     train step 400/4000 loss=0.21783 lr=9.96e-05
[18:24:34]     train step 600/4000 loss=0.08366 lr=9.79e-05
[18:24:45]     train step 800/4000 loss=0.05195 lr=9.49e-05
[18:24:55]     train step 1000/4000 loss=0.03782 lr=9.07e-05
[18:25:06]     train step 1200/4000 loss=0.03026 lr=8.53e-05
[18:25:16]     train step 1400/4000 loss=0.02562 lr=7.90e-05
[18:25:26]     train step 1600/4000 loss=0.02178 lr=7.19e-05
[18:25:35]     train step 1800/4000 loss=0.01912 lr=6.42e-05
[18:25:44]     train step 2000/4000 loss=0.01691 lr=5.62e-05
[18:25:50]     train step 2200/4000 loss=0.01503 lr=4.80e-05
[18:25:58]     train step 2400/4000 loss=0.01354 lr=3.99e-05
[18:26:06]     train step 2600/4000 loss=0.01231 lr=3.20e-05
[18:26:13]     train step 2800/4000 loss=0.01079 lr=2.48e-05
[18:26:21]     train step 3000/4000 loss=0.01016 lr=1.82e-05
[18:26:29]     train step 3200/4000 loss=0.00939 lr=1.26e-05
[18:26:39]     train step 3400/4000 loss=0.00899 lr=8.08e-06
[18:26:50]     train step 3600/4000 loss=0.00856 lr=4.74e-06
[18:27:00]     train step 3800/4000 loss=0.00835 lr=2.69e-06
[18:27:11]     train step 4000/4000 loss=0.00827 lr=2.00e-06
[18:29:11]   [eval] SR=0.970
[18:29:40]   [stagger] intervention at t=41 (rollout 5) len=3
[18:29:40] 
===== stagger Round 11 | dataset=19 =====
[18:29:51]     train step 200/4000 loss=0.59583 lr=8.00e-05
[18:30:02]     train step 400/4000 loss=0.21811 lr=9.96e-05
[18:30:12]     train step 600/4000 loss=0.08411 lr=9.79e-05
[18:30:23]     train step 800/4000 loss=0.05526 lr=9.49e-05
[18:30:34]     train step 1000/4000 loss=0.04046 lr=9.07e-05
[18:30:44]     train step 1200/4000 loss=0.03149 lr=8.53e-05
[18:30:55]     train step 1400/4000 loss=0.02637 lr=7.90e-05
[18:31:06]     train step 1600/4000 loss=0.02223 lr=7.19e-05
[18:31:16]     train step 1800/4000 loss=0.01929 lr=6.42e-05
[18:31:27]     train step 2000/4000 loss=0.01685 lr=5.62e-05
[18:31:38]     train step 2200/4000 loss=0.01485 lr=4.80e-05
[18:31:48]     train step 2400/4000 loss=0.01296 lr=3.99e-05
[18:31:59]     train step 2600/4000 loss=0.01159 lr=3.20e-05
[18:32:10]     train step 2800/4000 loss=0.01037 lr=2.48e-05
[18:32:20]     train step 3000/4000 loss=0.00951 lr=1.82e-05
[18:32:31]     train step 3200/4000 loss=0.00894 lr=1.26e-05
[18:32:41]     train step 3400/4000 loss=0.00858 lr=8.08e-06
[18:32:52]     train step 3600/4000 loss=0.00818 lr=4.74e-06
[18:33:03]     train step 3800/4000 loss=0.00797 lr=2.69e-06
[18:33:13]     train step 4000/4000 loss=0.00790 lr=2.00e-06
[18:35:16]   [eval] SR=0.960
[18:35:28]   [stagger] intervention at t=15 (rollout 2) len=28
[18:35:28] 
===== stagger Round 12 | dataset=20 =====
[18:35:39]     train step 200/4000 loss=0.59572 lr=8.00e-05
[18:35:50]     train step 400/4000 loss=0.22165 lr=9.96e-05
[18:36:00]     train step 600/4000 loss=0.08468 lr=9.79e-05
[18:36:11]     train step 800/4000 loss=0.05233 lr=9.49e-05
[18:36:22]     train step 1000/4000 loss=0.03932 lr=9.07e-05
[18:36:32]     train step 1200/4000 loss=0.03185 lr=8.53e-05
[18:36:43]     train step 1400/4000 loss=0.02651 lr=7.90e-05
[18:36:54]     train step 1600/4000 loss=0.02295 lr=7.19e-05
[18:37:04]     train step 1800/4000 loss=0.01921 lr=6.42e-05
[18:37:15]     train step 2000/4000 loss=0.01705 lr=5.62e-05
[18:37:26]     train step 2200/4000 loss=0.01484 lr=4.80e-05
[18:37:36]     train step 2400/4000 loss=0.01332 lr=3.99e-05
[18:37:47]     train step 2600/4000 loss=0.01193 lr=3.20e-05
[18:37:57]     train step 2800/4000 loss=0.01068 lr=2.48e-05
[18:38:08]     train step 3000/4000 loss=0.01003 lr=1.82e-05
[18:38:19]     train step 3200/4000 loss=0.00922 lr=1.26e-05
[18:38:29]     train step 3400/4000 loss=0.00895 lr=8.08e-06
[18:38:40]     train step 3600/4000 loss=0.00853 lr=4.74e-06
[18:38:51]     train step 3800/4000 loss=0.00831 lr=2.69e-06
[18:39:01]     train step 4000/4000 loss=0.00823 lr=2.00e-06
[18:40:55]   [eval] SR=0.990
[18:40:59]   [stagger] intervention at t=37 (rollout 0) len=7
[18:41:00] 
===== stagger Round 13 | dataset=21 =====
[18:41:10]     train step 200/4000 loss=0.59628 lr=8.00e-05
[18:41:21]     train step 400/4000 loss=0.22051 lr=9.96e-05
[18:41:32]     train step 600/4000 loss=0.08509 lr=9.79e-05
[18:41:42]     train step 800/4000 loss=0.05344 lr=9.49e-05
[18:41:53]     train step 1000/4000 loss=0.03912 lr=9.07e-05
[18:42:04]     train step 1200/4000 loss=0.03156 lr=8.53e-05
[18:42:14]     train step 1400/4000 loss=0.02643 lr=7.90e-05
[18:42:25]     train step 1600/4000 loss=0.02236 lr=7.19e-05
[18:42:35]     train step 1800/4000 loss=0.01951 lr=6.42e-05
[18:42:46]     train step 2000/4000 loss=0.01681 lr=5.62e-05
[18:42:57]     train step 2200/4000 loss=0.01502 lr=4.80e-05
[18:43:07]     train step 2400/4000 loss=0.01323 lr=3.99e-05
[18:43:18]     train step 2600/4000 loss=0.01181 lr=3.20e-05
[18:43:29]     train step 2800/4000 loss=0.01057 lr=2.48e-05
[18:43:39]     train step 3000/4000 loss=0.00979 lr=1.82e-05
[18:43:50]     train step 3200/4000 loss=0.00903 lr=1.26e-05
[18:44:01]     train step 3400/4000 loss=0.00873 lr=8.08e-06
[18:44:11]     train step 3600/4000 loss=0.00827 lr=4.74e-06
[18:44:22]     train step 3800/4000 loss=0.00810 lr=2.69e-06
[18:44:33]     train step 4000/4000 loss=0.00802 lr=2.00e-06
[18:46:35]   [eval] SR=0.960
[18:46:37]   [stagger] intervention at t=15 (rollout 0) len=28
[18:46:37] 
===== stagger Round 14 | dataset=22 =====
[18:46:48]     train step 200/4000 loss=0.59557 lr=8.00e-05
[18:46:59]     train step 400/4000 loss=0.21959 lr=9.96e-05
[18:47:09]     train step 600/4000 loss=0.08444 lr=9.79e-05
[18:47:20]     train step 800/4000 loss=0.05385 lr=9.49e-05
[18:47:31]     train step 1000/4000 loss=0.03953 lr=9.07e-05
[18:47:41]     train step 1200/4000 loss=0.03178 lr=8.53e-05
[18:47:52]     train step 1400/4000 loss=0.02604 lr=7.90e-05
[18:48:03]     train step 1600/4000 loss=0.02276 lr=7.19e-05
[18:48:13]     train step 1800/4000 loss=0.01957 lr=6.42e-05
[18:48:24]     train step 2000/4000 loss=0.01713 lr=5.62e-05
[18:48:35]     train step 2200/4000 loss=0.01541 lr=4.80e-05
[18:48:45]     train step 2400/4000 loss=0.01331 lr=3.99e-05
[18:48:56]     train step 2600/4000 loss=0.01241 lr=3.20e-05
[18:49:06]     train step 2800/4000 loss=0.01090 lr=2.48e-05
[18:49:17]     train step 3000/4000 loss=0.01015 lr=1.82e-05
[18:49:28]     train step 3200/4000 loss=0.00946 lr=1.26e-05
[18:49:38]     train step 3400/4000 loss=0.00908 lr=8.08e-06
[18:49:49]     train step 3600/4000 loss=0.00858 lr=4.74e-06
[18:50:00]     train step 3800/4000 loss=0.00841 lr=2.69e-06
[18:50:10]     train step 4000/4000 loss=0.00827 lr=2.00e-06
[18:52:12]   [eval] SR=0.970
[18:52:24]   [stagger] intervention at t=16 (rollout 2) len=31
[18:52:24] 
===== stagger Round 15 | dataset=23 =====
[18:52:35]     train step 200/4000 loss=0.59644 lr=8.00e-05
[18:52:46]     train step 400/4000 loss=0.21903 lr=9.96e-05
[18:52:56]     train step 600/4000 loss=0.08557 lr=9.79e-05
[18:53:07]     train step 800/4000 loss=0.05448 lr=9.49e-05
[18:53:18]     train step 1000/4000 loss=0.04078 lr=9.07e-05
[18:53:29]     train step 1200/4000 loss=0.03192 lr=8.53e-05
[18:53:39]     train step 1400/4000 loss=0.02653 lr=7.90e-05
[18:53:50]     train step 1600/4000 loss=0.02319 lr=7.19e-05
[18:54:00]     train step 1800/4000 loss=0.01989 lr=6.42e-05
[18:54:11]     train step 2000/4000 loss=0.01786 lr=5.62e-05
[18:54:22]     train step 2200/4000 loss=0.01529 lr=4.80e-05
[18:54:32]     train step 2400/4000 loss=0.01363 lr=3.99e-05
[18:54:43]     train step 2600/4000 loss=0.01222 lr=3.20e-05
[18:54:54]     train step 2800/4000 loss=0.01112 lr=2.48e-05
[18:55:04]     train step 3000/4000 loss=0.01007 lr=1.82e-05
[18:55:15]     train step 3200/4000 loss=0.00951 lr=1.26e-05
[18:55:26]     train step 3400/4000 loss=0.00915 lr=8.08e-06
[18:55:36]     train step 3600/4000 loss=0.00875 lr=4.74e-06
[18:55:47]     train step 3800/4000 loss=0.00849 lr=2.69e-06
[18:55:58]     train step 4000/4000 loss=0.00843 lr=2.00e-06
[18:58:11]   [eval] SR=0.940
[18:58:29]   [stagger] intervention at t=25 (rollout 3) len=18
[18:58:29] 
===== stagger Round 16 | dataset=24 =====
[18:58:40]     train step 200/4000 loss=0.59562 lr=8.00e-05
[18:58:51]     train step 400/4000 loss=0.21508 lr=9.96e-05
[18:59:01]     train step 600/4000 loss=0.08453 lr=9.79e-05
[18:59:12]     train step 800/4000 loss=0.05314 lr=9.49e-05
[18:59:23]     train step 1000/4000 loss=0.03918 lr=9.07e-05
[18:59:33]     train step 1200/4000 loss=0.03174 lr=8.53e-05
[18:59:44]     train step 1400/4000 loss=0.02644 lr=7.90e-05
[18:59:55]     train step 1600/4000 loss=0.02349 lr=7.19e-05
[19:00:05]     train step 1800/4000 loss=0.02011 lr=6.42e-05
[19:00:16]     train step 2000/4000 loss=0.01759 lr=5.62e-05
[19:00:27]     train step 2200/4000 loss=0.01573 lr=4.80e-05
[19:00:37]     train step 2400/4000 loss=0.01405 lr=3.99e-05
[19:00:48]     train step 2600/4000 loss=0.01281 lr=3.20e-05
[19:00:59]     train step 2800/4000 loss=0.01160 lr=2.48e-05
[19:01:09]     train step 3000/4000 loss=0.01081 lr=1.82e-05
[19:01:20]     train step 3200/4000 loss=0.00999 lr=1.26e-05
[19:01:31]     train step 3400/4000 loss=0.00959 lr=8.08e-06
[19:01:41]     train step 3600/4000 loss=0.00911 lr=4.74e-06
[19:01:52]     train step 3800/4000 loss=0.00892 lr=2.69e-06
[19:02:03]     train step 4000/4000 loss=0.00883 lr=2.00e-06
[19:04:13]   [eval] SR=0.950
[19:04:22]   [stagger] intervention at t=32 (rollout 1) len=18
[19:04:22] 
===== stagger Round 17 | dataset=25 =====
[19:04:33]     train step 200/4000 loss=0.59671 lr=8.00e-05
[19:04:44]     train step 400/4000 loss=0.21825 lr=9.96e-05
[19:04:54]     train step 600/4000 loss=0.08343 lr=9.79e-05
[19:05:05]     train step 800/4000 loss=0.05364 lr=9.49e-05
[19:05:16]     train step 1000/4000 loss=0.03978 lr=9.07e-05
[19:05:26]     train step 1200/4000 loss=0.03146 lr=8.53e-05
[19:05:37]     train step 1400/4000 loss=0.02599 lr=7.90e-05
[19:05:48]     train step 1600/4000 loss=0.02272 lr=7.19e-05
[19:05:58]     train step 1800/4000 loss=0.01982 lr=6.42e-05
[19:06:09]     train step 2000/4000 loss=0.01733 lr=5.62e-05
[19:06:20]     train step 2200/4000 loss=0.01522 lr=4.80e-05
[19:06:30]     train step 2400/4000 loss=0.01364 lr=3.99e-05
[19:06:41]     train step 2600/4000 loss=0.01231 lr=3.20e-05
[19:06:52]     train step 2800/4000 loss=0.01122 lr=2.48e-05
[19:07:02]     train step 3000/4000 loss=0.01031 lr=1.82e-05
[19:07:13]     train step 3200/4000 loss=0.00948 lr=1.26e-05
[19:07:24]     train step 3400/4000 loss=0.00913 lr=8.08e-06
[19:07:34]     train step 3600/4000 loss=0.00876 lr=4.74e-06
[19:07:45]     train step 3800/4000 loss=0.00855 lr=2.69e-06
[19:07:56]     train step 4000/4000 loss=0.00841 lr=2.00e-06
[19:10:00]   [eval] SR=0.960
[19:10:01]   [stagger] intervention at t=2 (rollout 0) len=45
[19:10:02] 
===== stagger Round 18 | dataset=26 =====
[19:10:13]     train step 200/4000 loss=0.59640 lr=8.00e-05
[19:10:24]     train step 400/4000 loss=0.21419 lr=9.96e-05
[19:10:34]     train step 600/4000 loss=0.08388 lr=9.79e-05
[19:10:45]     train step 800/4000 loss=0.05483 lr=9.49e-05
[19:10:56]     train step 1000/4000 loss=0.04011 lr=9.07e-05
[19:11:06]     train step 1200/4000 loss=0.03226 lr=8.53e-05
[19:11:17]     train step 1400/4000 loss=0.02678 lr=7.90e-05
[19:11:28]     train step 1600/4000 loss=0.02291 lr=7.19e-05
[19:11:38]     train step 1800/4000 loss=0.01957 lr=6.42e-05
[19:11:49]     train step 2000/4000 loss=0.01746 lr=5.62e-05
[19:12:00]     train step 2200/4000 loss=0.01524 lr=4.80e-05
[19:12:10]     train step 2400/4000 loss=0.01347 lr=3.99e-05
[19:12:21]     train step 2600/4000 loss=0.01214 lr=3.20e-05
[19:12:31]     train step 2800/4000 loss=0.01102 lr=2.48e-05
[19:12:42]     train step 3000/4000 loss=0.01029 lr=1.82e-05
[19:12:53]     train step 3200/4000 loss=0.00950 lr=1.26e-05
[19:13:03]     train step 3400/4000 loss=0.00913 lr=8.08e-06
[19:13:14]     train step 3600/4000 loss=0.00873 lr=4.74e-06
[19:13:25]     train step 3800/4000 loss=0.00856 lr=2.69e-06
[19:13:35]     train step 4000/4000 loss=0.00842 lr=2.00e-06
[19:15:34]   [eval] SR=0.970
[19:15:40]   [stagger] intervention at t=7 (rollout 1) len=38
[19:15:41] 
===== stagger Round 19 | dataset=27 =====
[19:15:51]     train step 200/4000 loss=0.59596 lr=8.00e-05
[19:16:02]     train step 400/4000 loss=0.21685 lr=9.96e-05
[19:16:12]     train step 600/4000 loss=0.08322 lr=9.79e-05
[19:16:23]     train step 800/4000 loss=0.05354 lr=9.49e-05
[19:16:34]     train step 1000/4000 loss=0.04053 lr=9.07e-05
[19:16:44]     train step 1200/4000 loss=0.03187 lr=8.53e-05
[19:16:55]     train step 1400/4000 loss=0.02692 lr=7.90e-05
[19:17:06]     train step 1600/4000 loss=0.02295 lr=7.19e-05
[19:17:16]     train step 1800/4000 loss=0.02007 lr=6.42e-05
[19:17:27]     train step 2000/4000 loss=0.01749 lr=5.62e-05
[19:17:38]     train step 2200/4000 loss=0.01530 lr=4.80e-05
[19:17:48]     train step 2400/4000 loss=0.01365 lr=3.99e-05
[19:17:59]     train step 2600/4000 loss=0.01226 lr=3.20e-05
[19:18:09]     train step 2800/4000 loss=0.01114 lr=2.48e-05
[19:18:20]     train step 3000/4000 loss=0.01031 lr=1.82e-05
[19:18:31]     train step 3200/4000 loss=0.00961 lr=1.26e-05
[19:18:41]     train step 3400/4000 loss=0.00914 lr=8.08e-06
[19:18:52]     train step 3600/4000 loss=0.00879 lr=4.74e-06
[19:19:03]     train step 3800/4000 loss=0.00858 lr=2.69e-06
[19:19:13]     train step 4000/4000 loss=0.00849 lr=2.00e-06
[19:21:10]   [eval] SR=0.980
[19:21:14]   [stagger] intervention at t=35 (rollout 0) len=11
[19:21:14] 
===== stagger Round 20 | dataset=28 =====
[19:21:25]     train step 200/4000 loss=0.59578 lr=8.00e-05
[19:21:35]     train step 400/4000 loss=0.21768 lr=9.96e-05
[19:21:46]     train step 600/4000 loss=0.08540 lr=9.79e-05
[19:21:57]     train step 800/4000 loss=0.05427 lr=9.49e-05
[19:22:07]     train step 1000/4000 loss=0.04035 lr=9.07e-05
[19:22:18]     train step 1200/4000 loss=0.03212 lr=8.53e-05
[19:22:29]     train step 1400/4000 loss=0.02703 lr=7.90e-05
[19:22:39]     train step 1600/4000 loss=0.02299 lr=7.19e-05
[19:22:50]     train step 1800/4000 loss=0.01996 lr=6.42e-05
[19:23:01]     train step 2000/4000 loss=0.01721 lr=5.62e-05
[19:23:11]     train step 2200/4000 loss=0.01534 lr=4.80e-05
[19:23:22]     train step 2400/4000 loss=0.01309 lr=3.99e-05
[19:23:32]     train step 2600/4000 loss=0.01201 lr=3.20e-05
[19:23:43]     train step 2800/4000 loss=0.01082 lr=2.48e-05
[19:23:53]     train step 3000/4000 loss=0.01009 lr=1.82e-05
[19:24:04]     train step 3200/4000 loss=0.00932 lr=1.26e-05
[19:24:14]     train step 3400/4000 loss=0.00902 lr=8.08e-06
[19:24:25]     train step 3600/4000 loss=0.00856 lr=4.74e-06
[19:24:36]     train step 3800/4000 loss=0.00841 lr=2.69e-06
[19:24:46]     train step 4000/4000 loss=0.00834 lr=2.00e-06
[19:26:42]   [eval] SR=0.980
[19:26:42] DONE in 7582.1s | final_success=0.98
[19:26:42] [write] /weka/s226137394/DmNfull/distil/results/Lift/state/stagger/seed1/result.json
