[16:33:37] [env] loaded /weka/s226137394/DmNfull/.env
[16:33:37] ===== DISTIL | task=Lift modality=state ablation=ensemble seed=4 budget=20 smoke=False device=cuda =====
[16:33:38] [bootstrap] loaded 8 shared demos from /weka/s226137394/DmNfull/distil/results/shared_bootstrap/Lift_state/Lift_state_ni8.pkl
[16:33:41] 
===== ensemble Round 0 | dataset=8 =====
[16:33:46]     train step 200/8000 loss=0.60198 lr=8.00e-05
[16:33:50]     train step 400/8000 loss=0.25553 lr=9.99e-05
[16:33:54]     train step 600/8000 loss=0.09408 lr=9.95e-05
[16:33:58]     train step 800/8000 loss=0.05540 lr=9.88e-05
[16:34:03]     train step 1000/8000 loss=0.03981 lr=9.78e-05
[16:34:07]     train step 1200/8000 loss=0.03178 lr=9.64e-05
[16:34:11]     train step 1400/8000 loss=0.02702 lr=9.48e-05
[16:34:15]     train step 1600/8000 loss=0.02259 lr=9.29e-05
[16:34:19]     train step 1800/8000 loss=0.01975 lr=9.07e-05
[16:34:23]     train step 2000/8000 loss=0.01728 lr=8.82e-05
[16:34:27]     train step 2200/8000 loss=0.01477 lr=8.55e-05
[16:34:31]     train step 2400/8000 loss=0.01301 lr=8.26e-05
[16:34:35]     train step 2600/8000 loss=0.01186 lr=7.94e-05
[16:34:39]     train step 2800/8000 loss=0.00975 lr=7.61e-05
[16:34:43]     train step 3000/8000 loss=0.00894 lr=7.26e-05
[16:34:48]     train step 3200/8000 loss=0.00792 lr=6.90e-05
[16:34:52]     train step 3400/8000 loss=0.00715 lr=6.52e-05
[16:34:56]     train step 3600/8000 loss=0.00624 lr=6.14e-05
[16:35:00]     train step 3800/8000 loss=0.00546 lr=5.75e-05
[16:35:04]     train step 4000/8000 loss=0.00597 lr=5.35e-05
[16:35:08]     train step 4200/8000 loss=0.00473 lr=4.95e-05
[16:35:12]     train step 4400/8000 loss=0.00420 lr=4.56e-05
[16:35:16]     train step 4600/8000 loss=0.00372 lr=4.16e-05
[16:35:20]     train step 4800/8000 loss=0.00368 lr=3.78e-05
[16:35:24]     train step 5000/8000 loss=0.00332 lr=3.40e-05
[16:35:28]     train step 5200/8000 loss=0.00342 lr=3.03e-05
[16:35:33]     train step 5400/8000 loss=0.00303 lr=2.68e-05
[16:35:37]     train step 5600/8000 loss=0.00280 lr=2.34e-05
[16:35:41]     train step 5800/8000 loss=0.00261 lr=2.02e-05
[16:35:45]     train step 6000/8000 loss=0.00251 lr=1.73e-05
[16:35:49]     train step 6200/8000 loss=0.00251 lr=1.45e-05
[16:35:53]     train step 6400/8000 loss=0.00236 lr=1.20e-05
[16:35:57]     train step 6600/8000 loss=0.00228 lr=9.69e-06
[16:36:01]     train step 6800/8000 loss=0.00222 lr=7.69e-06
[16:36:05]     train step 7000/8000 loss=0.00216 lr=5.98e-06
[16:36:09]     train step 7200/8000 loss=0.00216 lr=4.56e-06
[16:36:13]     train step 7400/8000 loss=0.00209 lr=3.45e-06
[16:36:17]     train step 7600/8000 loss=0.00209 lr=2.65e-06
[16:36:21]     train step 7800/8000 loss=0.00207 lr=2.16e-06
[16:36:25]     train step 8000/8000 loss=0.00206 lr=2.00e-06
[16:50:40]   [eval] SR=0.660
[16:50:41]   [ensemble] intervention at t=0 (rollout 0) len=47
[16:50:41] 
===== ensemble Round 1 | dataset=9 =====
[16:50:45]     train step 200/4000 loss=0.59878 lr=8.00e-05
[16:50:49]     train step 400/4000 loss=0.24172 lr=9.96e-05
[16:50:54]     train step 600/4000 loss=0.08679 lr=9.79e-05
[16:50:58]     train step 800/4000 loss=0.05217 lr=9.49e-05
[16:51:02]     train step 1000/4000 loss=0.03863 lr=9.07e-05
[16:51:06]     train step 1200/4000 loss=0.03030 lr=8.53e-05
[16:51:10]     train step 1400/4000 loss=0.02477 lr=7.90e-05
[16:51:14]     train step 1600/4000 loss=0.02054 lr=7.19e-05
[16:51:18]     train step 1800/4000 loss=0.01735 lr=6.42e-05
[16:51:23]     train step 2000/4000 loss=0.01549 lr=5.62e-05
[16:51:27]     train step 2200/4000 loss=0.01336 lr=4.80e-05
[16:51:31]     train step 2400/4000 loss=0.01131 lr=3.99e-05
[16:51:35]     train step 2600/4000 loss=0.01028 lr=3.20e-05
[16:51:39]     train step 2800/4000 loss=0.00908 lr=2.48e-05
[16:51:43]     train step 3000/4000 loss=0.00833 lr=1.82e-05
[16:51:47]     train step 3200/4000 loss=0.00762 lr=1.26e-05
[16:51:52]     train step 3400/4000 loss=0.00734 lr=8.08e-06
[16:51:56]     train step 3600/4000 loss=0.00696 lr=4.74e-06
[16:52:00]     train step 3800/4000 loss=0.00677 lr=2.69e-06
[16:52:04]     train step 4000/4000 loss=0.00665 lr=2.00e-06
[16:59:51]   [eval] SR=0.880
[16:59:52]   [ensemble] intervention at t=0 (rollout 0) len=42
[16:59:52] 
===== ensemble Round 2 | dataset=10 =====
[16:59:56]     train step 200/4000 loss=0.59596 lr=8.00e-05
[17:00:00]     train step 400/4000 loss=0.23047 lr=9.96e-05
[17:00:05]     train step 600/4000 loss=0.08358 lr=9.79e-05
[17:00:09]     train step 800/4000 loss=0.05147 lr=9.49e-05
[17:00:13]     train step 1000/4000 loss=0.03804 lr=9.07e-05
[17:00:17]     train step 1200/4000 loss=0.03065 lr=8.53e-05
[17:00:21]     train step 1400/4000 loss=0.02474 lr=7.90e-05
[17:00:26]     train step 1600/4000 loss=0.02067 lr=7.19e-05
[17:00:30]     train step 1800/4000 loss=0.01781 lr=6.42e-05
[17:00:34]     train step 2000/4000 loss=0.01531 lr=5.62e-05
[17:00:38]     train step 2200/4000 loss=0.01340 lr=4.80e-05
[17:00:42]     train step 2400/4000 loss=0.01141 lr=3.99e-05
[17:00:47]     train step 2600/4000 loss=0.01038 lr=3.20e-05
[17:00:51]     train step 2800/4000 loss=0.00914 lr=2.48e-05
[17:00:55]     train step 3000/4000 loss=0.00847 lr=1.82e-05
[17:00:59]     train step 3200/4000 loss=0.00775 lr=1.26e-05
[17:01:03]     train step 3400/4000 loss=0.00748 lr=8.08e-06
[17:01:07]     train step 3600/4000 loss=0.00722 lr=4.74e-06
[17:01:12]     train step 3800/4000 loss=0.00697 lr=2.69e-06
[17:01:16]     train step 4000/4000 loss=0.00685 lr=2.00e-06
[17:08:39]   [eval] SR=0.940
[17:08:39]   [ensemble] intervention at t=0 (rollout 0) len=45
[17:08:40] 
===== ensemble Round 3 | dataset=11 =====
[17:08:44]     train step 200/4000 loss=0.59738 lr=8.00e-05
[17:08:48]     train step 400/4000 loss=0.22646 lr=9.96e-05
[17:08:52]     train step 600/4000 loss=0.08243 lr=9.79e-05
[17:08:57]     train step 800/4000 loss=0.04949 lr=9.49e-05
[17:09:01]     train step 1000/4000 loss=0.03643 lr=9.07e-05
[17:09:05]     train step 1200/4000 loss=0.02952 lr=8.53e-05
[17:09:09]     train step 1400/4000 loss=0.02416 lr=7.90e-05
[17:09:14]     train step 1600/4000 loss=0.02089 lr=7.19e-05
[17:09:18]     train step 1800/4000 loss=0.01728 lr=6.42e-05
[17:09:22]     train step 2000/4000 loss=0.01602 lr=5.62e-05
[17:09:26]     train step 2200/4000 loss=0.01323 lr=4.80e-05
[17:09:31]     train step 2400/4000 loss=0.01119 lr=3.99e-05
[17:09:35]     train step 2600/4000 loss=0.01013 lr=3.20e-05
[17:09:39]     train step 2800/4000 loss=0.00915 lr=2.48e-05
[17:09:43]     train step 3000/4000 loss=0.00836 lr=1.82e-05
[17:09:48]     train step 3200/4000 loss=0.00781 lr=1.26e-05
[17:09:52]     train step 3400/4000 loss=0.00746 lr=8.08e-06
[17:09:56]     train step 3600/4000 loss=0.00723 lr=4.74e-06
[17:10:00]     train step 3800/4000 loss=0.00700 lr=2.69e-06
[17:10:04]     train step 4000/4000 loss=0.00690 lr=2.00e-06
[17:17:11]   [eval] SR=1.000
[17:17:17]   [ensemble] intervention at t=10 (rollout 0) len=34
[17:17:17] 
===== ensemble Round 4 | dataset=12 =====
[17:17:21]     train step 200/4000 loss=0.59556 lr=8.00e-05
[17:17:25]     train step 400/4000 loss=0.21640 lr=9.96e-05
[17:17:29]     train step 600/4000 loss=0.07997 lr=9.79e-05
[17:17:34]     train step 800/4000 loss=0.04890 lr=9.49e-05
[17:17:38]     train step 1000/4000 loss=0.03641 lr=9.07e-05
[17:17:42]     train step 1200/4000 loss=0.02901 lr=8.53e-05
[17:17:46]     train step 1400/4000 loss=0.02372 lr=7.90e-05
[17:17:51]     train step 1600/4000 loss=0.02007 lr=7.19e-05
[17:17:55]     train step 1800/4000 loss=0.01719 lr=6.42e-05
[17:17:59]     train step 2000/4000 loss=0.01502 lr=5.62e-05
[17:18:03]     train step 2200/4000 loss=0.01278 lr=4.80e-05
[17:18:08]     train step 2400/4000 loss=0.01157 lr=3.99e-05
[17:18:12]     train step 2600/4000 loss=0.01041 lr=3.20e-05
[17:18:16]     train step 2800/4000 loss=0.00912 lr=2.48e-05
[17:18:20]     train step 3000/4000 loss=0.00835 lr=1.82e-05
[17:18:25]     train step 3200/4000 loss=0.00762 lr=1.26e-05
[17:18:29]     train step 3400/4000 loss=0.00731 lr=8.08e-06
[17:18:33]     train step 3600/4000 loss=0.00705 lr=4.74e-06
[17:18:37]     train step 3800/4000 loss=0.00677 lr=2.69e-06
[17:18:41]     train step 4000/4000 loss=0.00665 lr=2.00e-06
[17:25:46]   [eval] SR=1.000
[17:25:47]   [ensemble] intervention at t=0 (rollout 0) len=47
[17:25:47] 
===== ensemble Round 5 | dataset=13 =====
[17:25:51]     train step 200/4000 loss=0.59641 lr=8.00e-05
[17:25:56]     train step 400/4000 loss=0.21612 lr=9.96e-05
[17:26:00]     train step 600/4000 loss=0.08117 lr=9.79e-05
[17:26:04]     train step 800/4000 loss=0.04975 lr=9.49e-05
[17:26:08]     train step 1000/4000 loss=0.03666 lr=9.07e-05
[17:26:12]     train step 1200/4000 loss=0.02920 lr=8.53e-05
[17:26:17]     train step 1400/4000 loss=0.02402 lr=7.90e-05
[17:26:21]     train step 1600/4000 loss=0.02022 lr=7.19e-05
[17:26:25]     train step 1800/4000 loss=0.01720 lr=6.42e-05
[17:26:29]     train step 2000/4000 loss=0.01485 lr=5.62e-05
[17:26:34]     train step 2200/4000 loss=0.01283 lr=4.80e-05
[17:26:38]     train step 2400/4000 loss=0.01123 lr=3.99e-05
[17:26:42]     train step 2600/4000 loss=0.01029 lr=3.20e-05
[17:26:46]     train step 2800/4000 loss=0.00917 lr=2.48e-05
[17:26:51]     train step 3000/4000 loss=0.00857 lr=1.82e-05
[17:26:55]     train step 3200/4000 loss=0.00776 lr=1.26e-05
[17:26:59]     train step 3400/4000 loss=0.00746 lr=8.08e-06
[17:27:03]     train step 3600/4000 loss=0.00725 lr=4.74e-06
[17:27:08]     train step 3800/4000 loss=0.00705 lr=2.69e-06
[17:27:12]     train step 4000/4000 loss=0.00690 lr=2.00e-06
[17:34:10]   [eval] SR=1.000
[17:34:11]   [ensemble] intervention at t=1 (rollout 0) len=42
[17:34:11] 
===== ensemble Round 6 | dataset=14 =====
[17:34:16]     train step 200/4000 loss=0.59682 lr=8.00e-05
[17:34:20]     train step 400/4000 loss=0.21417 lr=9.96e-05
[17:34:24]     train step 600/4000 loss=0.07882 lr=9.79e-05
[17:34:28]     train step 800/4000 loss=0.04824 lr=9.49e-05
[17:34:33]     train step 1000/4000 loss=0.03592 lr=9.07e-05
[17:34:37]     train step 1200/4000 loss=0.02930 lr=8.53e-05
[17:34:41]     train step 1400/4000 loss=0.02421 lr=7.90e-05
[17:34:45]     train step 1600/4000 loss=0.02059 lr=7.19e-05
[17:34:50]     train step 1800/4000 loss=0.01732 lr=6.42e-05
[17:34:54]     train step 2000/4000 loss=0.01479 lr=5.62e-05
[17:34:58]     train step 2200/4000 loss=0.01284 lr=4.80e-05
[17:35:02]     train step 2400/4000 loss=0.01133 lr=3.99e-05
[17:35:07]     train step 2600/4000 loss=0.01014 lr=3.20e-05
[17:35:11]     train step 2800/4000 loss=0.00917 lr=2.48e-05
[17:35:15]     train step 3000/4000 loss=0.00835 lr=1.82e-05
[17:35:19]     train step 3200/4000 loss=0.00765 lr=1.26e-05
[17:35:24]     train step 3400/4000 loss=0.00733 lr=8.08e-06
[17:35:28]     train step 3600/4000 loss=0.00705 lr=4.74e-06
[17:35:32]     train step 3800/4000 loss=0.00682 lr=2.69e-06
[17:35:36]     train step 4000/4000 loss=0.00672 lr=2.00e-06
[17:42:32]   [eval] SR=1.000
[17:42:46]   [ensemble] intervention at t=27 (rollout 0) len=18
[17:42:46] 
===== ensemble Round 7 | dataset=15 =====
[17:42:50]     train step 200/4000 loss=0.59740 lr=8.00e-05
[17:42:55]     train step 400/4000 loss=0.21546 lr=9.96e-05
[17:42:59]     train step 600/4000 loss=0.08094 lr=9.79e-05
[17:43:03]     train step 800/4000 loss=0.04970 lr=9.49e-05
[17:43:07]     train step 1000/4000 loss=0.03631 lr=9.07e-05
[17:43:12]     train step 1200/4000 loss=0.02933 lr=8.53e-05
[17:43:16]     train step 1400/4000 loss=0.02434 lr=7.90e-05
[17:43:20]     train step 1600/4000 loss=0.02063 lr=7.19e-05
[17:43:24]     train step 1800/4000 loss=0.01814 lr=6.42e-05
[17:43:28]     train step 2000/4000 loss=0.01498 lr=5.62e-05
[17:43:33]     train step 2200/4000 loss=0.01291 lr=4.80e-05
[17:43:37]     train step 2400/4000 loss=0.01171 lr=3.99e-05
[17:43:41]     train step 2600/4000 loss=0.01049 lr=3.20e-05
[17:43:45]     train step 2800/4000 loss=0.00949 lr=2.48e-05
[17:43:50]     train step 3000/4000 loss=0.00876 lr=1.82e-05
[17:43:54]     train step 3200/4000 loss=0.00802 lr=1.26e-05
[17:43:58]     train step 3400/4000 loss=0.00766 lr=8.08e-06
[17:44:02]     train step 3600/4000 loss=0.00741 lr=4.74e-06
[17:44:07]     train step 3800/4000 loss=0.00717 lr=2.69e-06
[17:44:11]     train step 4000/4000 loss=0.00708 lr=2.00e-06
[17:51:08]   [eval] SR=1.000
[17:51:20]   [ensemble] intervention at t=23 (rollout 0) len=22
[17:51:20] 
===== ensemble Round 8 | dataset=16 =====
[17:51:25]     train step 200/4000 loss=0.59734 lr=8.00e-05
[17:51:29]     train step 400/4000 loss=0.21504 lr=9.96e-05
[17:51:33]     train step 600/4000 loss=0.07835 lr=9.79e-05
[17:51:37]     train step 800/4000 loss=0.04884 lr=9.49e-05
[17:51:42]     train step 1000/4000 loss=0.03677 lr=9.07e-05
[17:51:46]     train step 1200/4000 loss=0.02915 lr=8.53e-05
[17:51:50]     train step 1400/4000 loss=0.02490 lr=7.90e-05
[17:51:54]     train step 1600/4000 loss=0.02077 lr=7.19e-05
[17:51:58]     train step 1800/4000 loss=0.01755 lr=6.42e-05
[17:52:03]     train step 2000/4000 loss=0.01581 lr=5.62e-05
[17:52:07]     train step 2200/4000 loss=0.01324 lr=4.80e-05
[17:52:11]     train step 2400/4000 loss=0.01169 lr=3.99e-05
[17:52:16]     train step 2600/4000 loss=0.01055 lr=3.20e-05
[17:52:20]     train step 2800/4000 loss=0.00956 lr=2.48e-05
[17:52:24]     train step 3000/4000 loss=0.00868 lr=1.82e-05
[17:52:28]     train step 3200/4000 loss=0.00785 lr=1.26e-05
[17:52:32]     train step 3400/4000 loss=0.00749 lr=8.08e-06
[17:52:37]     train step 3600/4000 loss=0.00726 lr=4.74e-06
[17:52:41]     train step 3800/4000 loss=0.00697 lr=2.69e-06
[17:52:45]     train step 4000/4000 loss=0.00688 lr=2.00e-06
[17:59:45]   [eval] SR=0.990
[17:59:59]   [ensemble] intervention at t=27 (rollout 0) len=21
[17:59:59] 
===== ensemble Round 9 | dataset=17 =====
[18:00:03]     train step 200/4000 loss=0.59646 lr=8.00e-05
[18:00:08]     train step 400/4000 loss=0.21425 lr=9.96e-05
[18:00:12]     train step 600/4000 loss=0.08056 lr=9.79e-05
[18:00:16]     train step 800/4000 loss=0.04931 lr=9.49e-05
[18:00:20]     train step 1000/4000 loss=0.03711 lr=9.07e-05
[18:00:25]     train step 1200/4000 loss=0.02983 lr=8.53e-05
[18:00:29]     train step 1400/4000 loss=0.02495 lr=7.90e-05
[18:00:33]     train step 1600/4000 loss=0.02179 lr=7.19e-05
[18:00:37]     train step 1800/4000 loss=0.01870 lr=6.42e-05
[18:00:42]     train step 2000/4000 loss=0.01621 lr=5.62e-05
[18:00:46]     train step 2200/4000 loss=0.01405 lr=4.80e-05
[18:00:50]     train step 2400/4000 loss=0.01233 lr=3.99e-05
[18:00:54]     train step 2600/4000 loss=0.01098 lr=3.20e-05
[18:00:59]     train step 2800/4000 loss=0.00991 lr=2.48e-05
[18:01:03]     train step 3000/4000 loss=0.00918 lr=1.82e-05
[18:01:07]     train step 3200/4000 loss=0.00848 lr=1.26e-05
[18:01:11]     train step 3400/4000 loss=0.00823 lr=8.08e-06
[18:01:16]     train step 3600/4000 loss=0.00792 lr=4.74e-06
[18:01:20]     train step 3800/4000 loss=0.00762 lr=2.69e-06
[18:01:24]     train step 4000/4000 loss=0.00748 lr=2.00e-06
[18:08:25]   [eval] SR=0.990
[18:08:38]   [ensemble] intervention at t=25 (rollout 0) len=17
[18:08:38] 
===== ensemble Round 10 | dataset=18 =====
[18:08:42]     train step 200/4000 loss=0.59621 lr=8.00e-05
[18:08:46]     train step 400/4000 loss=0.21551 lr=9.96e-05
[18:08:51]     train step 600/4000 loss=0.08008 lr=9.79e-05
[18:08:55]     train step 800/4000 loss=0.04967 lr=9.49e-05
[18:08:59]     train step 1000/4000 loss=0.03798 lr=9.07e-05
[18:09:03]     train step 1200/4000 loss=0.02984 lr=8.53e-05
[18:09:08]     train step 1400/4000 loss=0.02434 lr=7.90e-05
[18:09:12]     train step 1600/4000 loss=0.02075 lr=7.19e-05
[18:09:16]     train step 1800/4000 loss=0.01765 lr=6.42e-05
[18:09:20]     train step 2000/4000 loss=0.01537 lr=5.62e-05
[18:09:25]     train step 2200/4000 loss=0.01342 lr=4.80e-05
[18:09:29]     train step 2400/4000 loss=0.01182 lr=3.99e-05
[18:09:33]     train step 2600/4000 loss=0.01085 lr=3.20e-05
[18:09:37]     train step 2800/4000 loss=0.00957 lr=2.48e-05
[18:09:42]     train step 3000/4000 loss=0.00885 lr=1.82e-05
[18:09:46]     train step 3200/4000 loss=0.00819 lr=1.26e-05
[18:09:50]     train step 3400/4000 loss=0.00787 lr=8.08e-06
[18:09:54]     train step 3600/4000 loss=0.00762 lr=4.74e-06
[18:09:59]     train step 3800/4000 loss=0.00735 lr=2.69e-06
[18:10:03]     train step 4000/4000 loss=0.00722 lr=2.00e-06
[18:17:09]   [eval] SR=0.980
[18:17:24]   [ensemble] intervention at t=27 (rollout 0) len=21
[18:17:24] 
===== ensemble Round 11 | dataset=19 =====
[18:17:28]     train step 200/4000 loss=0.59617 lr=8.00e-05
[18:17:32]     train step 400/4000 loss=0.21251 lr=9.96e-05
[18:17:37]     train step 600/4000 loss=0.08048 lr=9.79e-05
[18:17:41]     train step 800/4000 loss=0.05051 lr=9.49e-05
[18:17:45]     train step 1000/4000 loss=0.03783 lr=9.07e-05
[18:17:50]     train step 1200/4000 loss=0.02992 lr=8.53e-05
[18:17:54]     train step 1400/4000 loss=0.02520 lr=7.90e-05
[18:17:58]     train step 1600/4000 loss=0.02111 lr=7.19e-05
[18:18:02]     train step 1800/4000 loss=0.01824 lr=6.42e-05
[18:18:07]     train step 2000/4000 loss=0.01581 lr=5.62e-05
[18:18:11]     train step 2200/4000 loss=0.01379 lr=4.80e-05
[18:18:15]     train step 2400/4000 loss=0.01256 lr=3.99e-05
[18:18:19]     train step 2600/4000 loss=0.01107 lr=3.20e-05
[18:18:24]     train step 2800/4000 loss=0.00998 lr=2.48e-05
[18:18:28]     train step 3000/4000 loss=0.00928 lr=1.82e-05
[18:18:32]     train step 3200/4000 loss=0.00850 lr=1.26e-05
[18:18:37]     train step 3400/4000 loss=0.00815 lr=8.08e-06
[18:18:41]     train step 3600/4000 loss=0.00784 lr=4.74e-06
[18:18:45]     train step 3800/4000 loss=0.00759 lr=2.69e-06
[18:18:49]     train step 4000/4000 loss=0.00745 lr=2.00e-06
[18:25:52]   [eval] SR=0.990
[18:26:06]   [ensemble] intervention at t=27 (rollout 0) len=20
[18:26:06] 
===== ensemble Round 12 | dataset=20 =====
[18:26:10]     train step 200/4000 loss=0.59626 lr=8.00e-05
[18:26:15]     train step 400/4000 loss=0.21302 lr=9.96e-05
[18:26:19]     train step 600/4000 loss=0.08195 lr=9.79e-05
[18:26:23]     train step 800/4000 loss=0.05101 lr=9.49e-05
[18:26:27]     train step 1000/4000 loss=0.03853 lr=9.07e-05
[18:26:31]     train step 1200/4000 loss=0.03157 lr=8.53e-05
[18:26:36]     train step 1400/4000 loss=0.02580 lr=7.90e-05
[18:26:40]     train step 1600/4000 loss=0.02210 lr=7.19e-05
[18:26:44]     train step 1800/4000 loss=0.01904 lr=6.42e-05
[18:26:48]     train step 2000/4000 loss=0.01633 lr=5.62e-05
[18:26:53]     train step 2200/4000 loss=0.01474 lr=4.80e-05
[18:26:57]     train step 2400/4000 loss=0.01304 lr=3.99e-05
[18:27:01]     train step 2600/4000 loss=0.01169 lr=3.20e-05
[18:27:05]     train step 2800/4000 loss=0.01056 lr=2.48e-05
[18:27:10]     train step 3000/4000 loss=0.00967 lr=1.82e-05
[18:27:14]     train step 3200/4000 loss=0.00881 lr=1.26e-05
[18:27:18]     train step 3400/4000 loss=0.00856 lr=8.08e-06
[18:27:22]     train step 3600/4000 loss=0.00820 lr=4.74e-06
[18:27:27]     train step 3800/4000 loss=0.00796 lr=2.69e-06
[18:27:31]     train step 4000/4000 loss=0.00781 lr=2.00e-06
[18:34:32]   [eval] SR=0.990
[18:34:45]   [ensemble] intervention at t=26 (rollout 0) len=20
[18:34:45] 
===== ensemble Round 13 | dataset=21 =====
[18:34:50]     train step 200/4000 loss=0.59588 lr=8.00e-05
[18:34:54]     train step 400/4000 loss=0.21067 lr=9.96e-05
[18:34:58]     train step 600/4000 loss=0.08318 lr=9.79e-05
[18:35:02]     train step 800/4000 loss=0.05159 lr=9.49e-05
[18:35:07]     train step 1000/4000 loss=0.03903 lr=9.07e-05
[18:35:11]     train step 1200/4000 loss=0.03155 lr=8.53e-05
[18:35:15]     train step 1400/4000 loss=0.02586 lr=7.90e-05
[18:35:19]     train step 1600/4000 loss=0.02236 lr=7.19e-05
[18:35:24]     train step 1800/4000 loss=0.01876 lr=6.42e-05
[18:35:28]     train step 2000/4000 loss=0.01649 lr=5.62e-05
[18:35:32]     train step 2200/4000 loss=0.01441 lr=4.80e-05
[18:35:36]     train step 2400/4000 loss=0.01256 lr=3.99e-05
[18:35:41]     train step 2600/4000 loss=0.01125 lr=3.20e-05
[18:35:45]     train step 2800/4000 loss=0.01030 lr=2.48e-05
[18:35:49]     train step 3000/4000 loss=0.00942 lr=1.82e-05
[18:35:53]     train step 3200/4000 loss=0.00877 lr=1.26e-05
[18:35:57]     train step 3400/4000 loss=0.00832 lr=8.08e-06
[18:36:02]     train step 3600/4000 loss=0.00808 lr=4.74e-06
[18:36:06]     train step 3800/4000 loss=0.00780 lr=2.69e-06
[18:36:10]     train step 4000/4000 loss=0.00767 lr=2.00e-06
[18:43:14]   [eval] SR=0.980
[18:43:14]   [ensemble] intervention at t=0 (rollout 0) len=44
[18:43:14] 
===== ensemble Round 14 | dataset=22 =====
[18:43:19]     train step 200/4000 loss=0.59538 lr=8.00e-05
[18:43:23]     train step 400/4000 loss=0.21231 lr=9.96e-05
[18:43:27]     train step 600/4000 loss=0.07969 lr=9.79e-05
[18:43:31]     train step 800/4000 loss=0.05049 lr=9.49e-05
[18:43:36]     train step 1000/4000 loss=0.03896 lr=9.07e-05
[18:43:40]     train step 1200/4000 loss=0.03087 lr=8.53e-05
[18:43:44]     train step 1400/4000 loss=0.02568 lr=7.90e-05
[18:43:48]     train step 1600/4000 loss=0.02235 lr=7.19e-05
[18:43:52]     train step 1800/4000 loss=0.01894 lr=6.42e-05
[18:43:57]     train step 2000/4000 loss=0.01622 lr=5.62e-05
[18:44:01]     train step 2200/4000 loss=0.01413 lr=4.80e-05
[18:44:05]     train step 2400/4000 loss=0.01250 lr=3.99e-05
[18:44:09]     train step 2600/4000 loss=0.01142 lr=3.20e-05
[18:44:14]     train step 2800/4000 loss=0.01010 lr=2.48e-05
[18:44:18]     train step 3000/4000 loss=0.00941 lr=1.82e-05
[18:44:22]     train step 3200/4000 loss=0.00859 lr=1.26e-05
[18:44:26]     train step 3400/4000 loss=0.00827 lr=8.08e-06
[18:44:31]     train step 3600/4000 loss=0.00796 lr=4.74e-06
[18:44:35]     train step 3800/4000 loss=0.00769 lr=2.69e-06
[18:44:39]     train step 4000/4000 loss=0.00763 lr=2.00e-06
[18:51:36]   [eval] SR=1.000
[18:51:48]   [ensemble] intervention at t=23 (rollout 0) len=18
[18:51:48] 
===== ensemble Round 15 | dataset=23 =====
[18:51:52]     train step 200/4000 loss=0.59515 lr=8.00e-05
[18:51:57]     train step 400/4000 loss=0.21577 lr=9.96e-05
[18:52:01]     train step 600/4000 loss=0.08377 lr=9.79e-05
[18:52:05]     train step 800/4000 loss=0.05089 lr=9.49e-05
[18:52:09]     train step 1000/4000 loss=0.03863 lr=9.07e-05
[18:52:14]     train step 1200/4000 loss=0.03051 lr=8.53e-05
[18:52:18]     train step 1400/4000 loss=0.02544 lr=7.90e-05
[18:52:22]     train step 1600/4000 loss=0.02195 lr=7.19e-05
[18:52:26]     train step 1800/4000 loss=0.01882 lr=6.42e-05
[18:52:31]     train step 2000/4000 loss=0.01634 lr=5.62e-05
[18:52:35]     train step 2200/4000 loss=0.01447 lr=4.80e-05
[18:52:39]     train step 2400/4000 loss=0.01259 lr=3.99e-05
[18:52:43]     train step 2600/4000 loss=0.01158 lr=3.20e-05
[18:52:48]     train step 2800/4000 loss=0.01024 lr=2.48e-05
[18:52:52]     train step 3000/4000 loss=0.00945 lr=1.82e-05
[18:52:56]     train step 3200/4000 loss=0.00883 lr=1.26e-05
[18:53:00]     train step 3400/4000 loss=0.00834 lr=8.08e-06
[18:53:05]     train step 3600/4000 loss=0.00803 lr=4.74e-06
[18:53:09]     train step 3800/4000 loss=0.00779 lr=2.69e-06
[18:53:13]     train step 4000/4000 loss=0.00766 lr=2.00e-06
[19:00:11]   [eval] SR=1.000
[19:00:11]   [ensemble] intervention at t=0 (rollout 0) len=45
[19:00:12] 
===== ensemble Round 16 | dataset=24 =====
[19:00:16]     train step 200/4000 loss=0.59086 lr=8.00e-05
[19:00:20]     train step 400/4000 loss=0.21097 lr=9.96e-05
[19:00:24]     train step 600/4000 loss=0.08265 lr=9.79e-05
[19:00:29]     train step 800/4000 loss=0.05128 lr=9.49e-05
[19:00:33]     train step 1000/4000 loss=0.03974 lr=9.07e-05
[19:00:37]     train step 1200/4000 loss=0.03144 lr=8.53e-05
[19:00:41]     train step 1400/4000 loss=0.02574 lr=7.90e-05
[19:00:45]     train step 1600/4000 loss=0.02164 lr=7.19e-05
[19:00:50]     train step 1800/4000 loss=0.01843 lr=6.42e-05
[19:00:54]     train step 2000/4000 loss=0.01610 lr=5.62e-05
[19:00:58]     train step 2200/4000 loss=0.01405 lr=4.80e-05
[19:01:02]     train step 2400/4000 loss=0.01225 lr=3.99e-05
[19:01:07]     train step 2600/4000 loss=0.01124 lr=3.20e-05
[19:01:11]     train step 2800/4000 loss=0.01010 lr=2.48e-05
[19:01:15]     train step 3000/4000 loss=0.00917 lr=1.82e-05
[19:01:19]     train step 3200/4000 loss=0.00846 lr=1.26e-05
[19:01:23]     train step 3400/4000 loss=0.00825 lr=8.08e-06
[19:01:28]     train step 3600/4000 loss=0.00793 lr=4.74e-06
[19:01:32]     train step 3800/4000 loss=0.00763 lr=2.69e-06
[19:01:36]     train step 4000/4000 loss=0.00751 lr=2.00e-06
[19:08:31]   [eval] SR=1.000
[19:08:45]   [ensemble] intervention at t=26 (rollout 0) len=21
[19:08:45] 
===== ensemble Round 17 | dataset=25 =====
[19:08:49]     train step 200/4000 loss=0.59085 lr=8.00e-05
[19:08:53]     train step 400/4000 loss=0.21092 lr=9.96e-05
[19:08:58]     train step 600/4000 loss=0.08135 lr=9.79e-05
[19:09:02]     train step 800/4000 loss=0.05131 lr=9.49e-05
[19:09:06]     train step 1000/4000 loss=0.03926 lr=9.07e-05
[19:09:11]     train step 1200/4000 loss=0.03140 lr=8.53e-05
[19:09:15]     train step 1400/4000 loss=0.02571 lr=7.90e-05
[19:09:19]     train step 1600/4000 loss=0.02208 lr=7.19e-05
[19:09:23]     train step 1800/4000 loss=0.01907 lr=6.42e-05
[19:09:28]     train step 2000/4000 loss=0.01678 lr=5.62e-05
[19:09:32]     train step 2200/4000 loss=0.01473 lr=4.80e-05
[19:09:36]     train step 2400/4000 loss=0.01274 lr=3.99e-05
[19:09:40]     train step 2600/4000 loss=0.01189 lr=3.20e-05
[19:09:44]     train step 2800/4000 loss=0.01027 lr=2.48e-05
[19:09:49]     train step 3000/4000 loss=0.00975 lr=1.82e-05
[19:09:53]     train step 3200/4000 loss=0.00897 lr=1.26e-05
[19:09:57]     train step 3400/4000 loss=0.00865 lr=8.08e-06
[19:10:01]     train step 3600/4000 loss=0.00824 lr=4.74e-06
[19:10:06]     train step 3800/4000 loss=0.00798 lr=2.69e-06
[19:10:10]     train step 4000/4000 loss=0.00787 lr=2.00e-06
[19:17:07]   [eval] SR=1.000
[19:17:21]   [ensemble] intervention at t=26 (rollout 0) len=21
[19:17:21] 
===== ensemble Round 18 | dataset=26 =====
[19:17:25]     train step 200/4000 loss=0.59033 lr=8.00e-05
[19:17:29]     train step 400/4000 loss=0.21168 lr=9.96e-05
[19:17:34]     train step 600/4000 loss=0.08212 lr=9.79e-05
[19:17:38]     train step 800/4000 loss=0.05058 lr=9.49e-05
[19:17:42]     train step 1000/4000 loss=0.03871 lr=9.07e-05
[19:17:46]     train step 1200/4000 loss=0.03158 lr=8.53e-05
[19:17:51]     train step 1400/4000 loss=0.02595 lr=7.90e-05
[19:17:55]     train step 1600/4000 loss=0.02226 lr=7.19e-05
[19:17:59]     train step 1800/4000 loss=0.01932 lr=6.42e-05
[19:18:03]     train step 2000/4000 loss=0.01661 lr=5.62e-05
[19:18:08]     train step 2200/4000 loss=0.01456 lr=4.80e-05
[19:18:12]     train step 2400/4000 loss=0.01303 lr=3.99e-05
[19:18:16]     train step 2600/4000 loss=0.01154 lr=3.20e-05
[19:18:20]     train step 2800/4000 loss=0.01045 lr=2.48e-05
[19:18:25]     train step 3000/4000 loss=0.00961 lr=1.82e-05
[19:18:29]     train step 3200/4000 loss=0.00877 lr=1.26e-05
[19:18:33]     train step 3400/4000 loss=0.00849 lr=8.08e-06
[19:18:37]     train step 3600/4000 loss=0.00825 lr=4.74e-06
[19:18:42]     train step 3800/4000 loss=0.00795 lr=2.69e-06
[19:18:46]     train step 4000/4000 loss=0.00780 lr=2.00e-06
[19:25:43]   [eval] SR=1.000
[19:25:56]   [ensemble] intervention at t=23 (rollout 0) len=21
[19:25:56] 
===== ensemble Round 19 | dataset=27 =====
[19:26:00]     train step 200/4000 loss=0.59026 lr=8.00e-05
[19:26:04]     train step 400/4000 loss=0.21203 lr=9.96e-05
[19:26:08]     train step 600/4000 loss=0.08540 lr=9.79e-05
[19:26:13]     train step 800/4000 loss=0.05234 lr=9.49e-05
[19:26:17]     train step 1000/4000 loss=0.03866 lr=9.07e-05
[19:26:21]     train step 1200/4000 loss=0.03172 lr=8.53e-05
[19:26:25]     train step 1400/4000 loss=0.02605 lr=7.90e-05
[19:26:30]     train step 1600/4000 loss=0.02198 lr=7.19e-05
[19:26:34]     train step 1800/4000 loss=0.01891 lr=6.42e-05
[19:26:38]     train step 2000/4000 loss=0.01688 lr=5.62e-05
[19:26:43]     train step 2200/4000 loss=0.01499 lr=4.80e-05
[19:26:47]     train step 2400/4000 loss=0.01289 lr=3.99e-05
[19:26:51]     train step 2600/4000 loss=0.01160 lr=3.20e-05
[19:26:55]     train step 2800/4000 loss=0.01054 lr=2.48e-05
[19:26:59]     train step 3000/4000 loss=0.00969 lr=1.82e-05
[19:27:04]     train step 3200/4000 loss=0.00898 lr=1.26e-05
[19:27:08]     train step 3400/4000 loss=0.00856 lr=8.08e-06
[19:27:12]     train step 3600/4000 loss=0.00827 lr=4.74e-06
[19:27:16]     train step 3800/4000 loss=0.00805 lr=2.69e-06
[19:27:21]     train step 4000/4000 loss=0.00788 lr=2.00e-06
[19:34:18]   [eval] SR=1.000
[19:34:32]   [ensemble] intervention at t=26 (rollout 0) len=21
[19:34:32] 
===== ensemble Round 20 | dataset=28 =====
[19:34:36]     train step 200/4000 loss=0.58978 lr=8.00e-05
[19:34:40]     train step 400/4000 loss=0.21046 lr=9.96e-05
[19:34:45]     train step 600/4000 loss=0.08200 lr=9.79e-05
[19:34:49]     train step 800/4000 loss=0.05045 lr=9.49e-05
[19:34:53]     train step 1000/4000 loss=0.03818 lr=9.07e-05
[19:34:58]     train step 1200/4000 loss=0.03073 lr=8.53e-05
[19:35:02]     train step 1400/4000 loss=0.02579 lr=7.90e-05
[19:35:06]     train step 1600/4000 loss=0.02214 lr=7.19e-05
[19:35:10]     train step 1800/4000 loss=0.01871 lr=6.42e-05
[19:35:15]     train step 2000/4000 loss=0.01623 lr=5.62e-05
[19:35:19]     train step 2200/4000 loss=0.01413 lr=4.80e-05
[19:35:23]     train step 2400/4000 loss=0.01274 lr=3.99e-05
[19:35:27]     train step 2600/4000 loss=0.01127 lr=3.20e-05
[19:35:32]     train step 2800/4000 loss=0.01018 lr=2.48e-05
[19:35:36]     train step 3000/4000 loss=0.00946 lr=1.82e-05
[19:35:40]     train step 3200/4000 loss=0.00864 lr=1.26e-05
[19:35:44]     train step 3400/4000 loss=0.00835 lr=8.08e-06
[19:35:49]     train step 3600/4000 loss=0.00805 lr=4.74e-06
[19:35:53]     train step 3800/4000 loss=0.00778 lr=2.69e-06
[19:35:57]     train step 4000/4000 loss=0.00767 lr=2.00e-06
[19:42:56]   [eval] SR=1.000
[19:42:56] DONE in 11356.3s | final_success=1.0
[19:42:56] [write] /weka/s226137394/DmNfull/distil/results/Lift/state/ensemble/seed4/result.json
