[18:13:44] [env] loaded /weka/s226137394/DmNfull/.env
[18:13:44] ===== DISTIL | task=GridWorld modality=image ablation=safe seed=1 budget=1 smoke=False device=cuda =====
[18:13:45] [bootstrap] 20/20 BFS demos
[18:13:45] [bootstrap] saved 20 shared GW demos to /weka/s226137394/DmNfull/distil/results/shared_bootstrap/GridWorld_state_ni20.pkl
[18:13:45] [kag] copied GridWorld.json + rendered .kag.txt into /weka/s226137394/DmNfull/distil/results/_compute/GridWorld/image/safe/seed1/kag
[18:13:45] [init] 20 bootstrap demos; arm=safe; budget=1; heldout=200
[18:13:45] 
===== GW[safe] Round 0 | demos=20 =====
[18:14:27]   [gw-train] 107 samples, 2000 steps, final_loss=0.0001
[18:14:27]   [gw-calibrate] entropy threshold(alpha=0.99)=0.6931 (median=0.0000)
[18:14:36]   [eval] heldout SR=0.465 (200 layouts)
[18:14:39]   [gate:safe] 27/40 failures, 29 queryable (tau=0.1)
[18:14:39]   [collect a0] ep=3000014 score=1.000 takeover_t=0 ok=True len=5
[18:14:39] 
===== GW[safe] Round 1 | demos=21 =====
[18:14:55]   [gw-train] 111 samples, 1000 steps, final_loss=0.0008
[18:14:56]   [gw-calibrate] entropy threshold(alpha=0.99)=0.6927 (median=0.0000)
[18:15:03]   [eval] heldout SR=0.535 (200 layouts)
[18:15:03] [stop] reached final_demos=21
[18:15:03] 
[FINAL] GridWorld[safe] SR=0.535 | demos=21
[18:15:03] DONE in 78.2s | final_success=0.535
[18:15:03] [write] /weka/s226137394/DmNfull/distil/results/_compute/GridWorld/image/safe/seed1/result.json
