[23:31:16] [env] loaded /weka/s226137394/DmNfull/.env
[23:31:17] ===== DISTIL | task=Lift modality=image ablation=allocation_random seed=5 budget=20 smoke=False device=cuda =====
[23:31:18] [bootstrap] loaded 8 shared demos from /weka/s226137394/DmNfull/distil/results/shared_bootstrap/Lift_image/Lift_image_ni8.pkl
[23:31:18] [kag] copied Lift.json + rendered .kag.txt into /weka/s226137394/DmNfull/distil/results/Lift/image/allocation_random/seed5/kag
[23:31:21] [init] using 8 bootstrap demos (shared with baselines)
[23:31:21] 
===== DISTIL Round 0 | dataset=8 trajs =====
[23:31:21]   [train] 8 trajs, 357 windows, state_dim=23 act_dim=7 params=4.61M steps=8000
[23:31:32]     train step 200/8000 loss=0.57066 lr=8.00e-05
[23:31:42]     train step 400/8000 loss=0.25803 lr=9.99e-05
[23:31:52]     train step 600/8000 loss=0.15377 lr=9.95e-05
[23:32:01]     train step 800/8000 loss=0.10455 lr=9.88e-05
[23:32:11]     train step 1000/8000 loss=0.07871 lr=9.78e-05
[23:32:21]     train step 1200/8000 loss=0.06114 lr=9.64e-05
[23:32:31]     train step 1400/8000 loss=0.05102 lr=9.48e-05
[23:32:41]     train step 1600/8000 loss=0.04306 lr=9.29e-05
[23:32:51]     train step 1800/8000 loss=0.03751 lr=9.07e-05
[23:33:00]     train step 2000/8000 loss=0.03293 lr=8.82e-05
[23:33:10]     train step 2200/8000 loss=0.02867 lr=8.55e-05
[23:33:21]     train step 2400/8000 loss=0.02654 lr=8.26e-05
[23:33:30]     train step 2600/8000 loss=0.02387 lr=7.94e-05
[23:33:40]     train step 2800/8000 loss=0.02099 lr=7.61e-05
[23:33:50]     train step 3000/8000 loss=0.01756 lr=7.26e-05
[23:34:00]     train step 3200/8000 loss=0.01602 lr=6.90e-05
[23:34:10]     train step 3400/8000 loss=0.01546 lr=6.52e-05
[23:34:20]     train step 3600/8000 loss=0.01371 lr=6.14e-05
[23:34:30]     train step 3800/8000 loss=0.01284 lr=5.75e-05
[23:34:40]     train step 4000/8000 loss=0.01181 lr=5.35e-05
[23:34:50]     train step 4200/8000 loss=0.01098 lr=4.95e-05
[23:35:00]     train step 4400/8000 loss=0.00968 lr=4.56e-05
[23:35:09]     train step 4600/8000 loss=0.00855 lr=4.16e-05
[23:35:19]     train step 4800/8000 loss=0.00778 lr=3.78e-05
[23:35:29]     train step 5000/8000 loss=0.00709 lr=3.40e-05
[23:35:39]     train step 5200/8000 loss=0.00623 lr=3.03e-05
[23:35:49]     train step 5400/8000 loss=0.00588 lr=2.68e-05
[23:35:59]     train step 5600/8000 loss=0.00532 lr=2.34e-05
[23:36:09]     train step 5800/8000 loss=0.00503 lr=2.02e-05
[23:36:19]     train step 6000/8000 loss=0.00466 lr=1.73e-05
[23:36:29]     train step 6200/8000 loss=0.00425 lr=1.45e-05
[23:36:39]     train step 6400/8000 loss=0.00417 lr=1.20e-05
[23:36:49]     train step 6600/8000 loss=0.00390 lr=9.69e-06
[23:36:59]     train step 6800/8000 loss=0.00364 lr=7.69e-06
[23:37:09]     train step 7000/8000 loss=0.00350 lr=5.98e-06
[23:37:19]     train step 7200/8000 loss=0.00343 lr=4.56e-06
[23:37:29]     train step 7400/8000 loss=0.00330 lr=3.45e-06
[23:37:39]     train step 7600/8000 loss=0.00325 lr=2.65e-06
[23:37:48]     train step 7800/8000 loss=0.00316 lr=2.16e-06
[23:37:58]     train step 8000/8000 loss=0.00316 lr=2.00e-06
[23:38:06]   [calibrate] threshold(alpha=0.99)=0.00483 over 1428 samples (median=0.00318)
[23:42:02]   [eval] pure-policy success=0.630 mean_len=135 (fixed 100-ep set)
[23:43:33]   [screen] 12/40 failures found
[23:43:35]   [collect a0] mode=select choice=random_alloc cited=[3000021] success=True len=41
[23:43:35] 
===== DISTIL Round 1 | dataset=9 trajs =====
[23:43:35]   [train] 9 trajs, 398 windows, state_dim=23 act_dim=7 params=4.61M steps=4000
[23:43:45]     train step 200/4000 loss=0.62683 lr=8.00e-05
[23:43:54]     train step 400/4000 loss=0.26476 lr=9.96e-05
[23:44:03]     train step 600/4000 loss=0.14622 lr=9.79e-05
[23:44:12]     train step 800/4000 loss=0.09872 lr=9.49e-05
[23:44:21]     train step 1000/4000 loss=0.07383 lr=9.07e-05
[23:44:30]     train step 1200/4000 loss=0.06230 lr=8.53e-05
[23:44:39]     train step 1400/4000 loss=0.05147 lr=7.90e-05
[23:44:49]     train step 1600/4000 loss=0.04400 lr=7.19e-05
[23:44:58]     train step 1800/4000 loss=0.03745 lr=6.42e-05
[23:45:07]     train step 2000/4000 loss=0.03329 lr=5.62e-05
[23:45:16]     train step 2200/4000 loss=0.02907 lr=4.80e-05
[23:45:25]     train step 2400/4000 loss=0.02572 lr=3.99e-05
[23:45:34]     train step 2600/4000 loss=0.02308 lr=3.20e-05
[23:45:44]     train step 2800/4000 loss=0.02151 lr=2.48e-05
[23:45:53]     train step 3000/4000 loss=0.01975 lr=1.82e-05
[23:46:02]     train step 3200/4000 loss=0.01795 lr=1.26e-05
[23:46:11]     train step 3400/4000 loss=0.01706 lr=8.08e-06
[23:46:20]     train step 3600/4000 loss=0.01583 lr=4.74e-06
[23:46:29]     train step 3800/4000 loss=0.01531 lr=2.69e-06
[23:46:38]     train step 4000/4000 loss=0.01514 lr=2.00e-06
[23:46:46]   [calibrate] threshold(alpha=0.99)=0.02795 over 1592 samples (median=0.01520)
[23:50:57]   [eval] pure-policy success=0.550 mean_len=145 (fixed 100-ep set)
[23:52:41]   [screen] 16/40 failures found
[23:52:50]   [collect a0] mode=select choice=random_alloc cited=[3000067] success=True len=32
[23:52:50] 
===== DISTIL Round 2 | dataset=10 trajs =====
[23:52:50]   [train] 10 trajs, 430 windows, state_dim=23 act_dim=7 params=4.61M steps=4000
[23:53:00]     train step 200/4000 loss=0.60553 lr=8.00e-05
[23:53:09]     train step 400/4000 loss=0.24717 lr=9.96e-05
[23:53:19]     train step 600/4000 loss=0.14401 lr=9.79e-05
[23:53:28]     train step 800/4000 loss=0.10241 lr=9.49e-05
[23:53:38]     train step 1000/4000 loss=0.07618 lr=9.07e-05
[23:53:47]     train step 1200/4000 loss=0.06162 lr=8.53e-05
[23:53:57]     train step 1400/4000 loss=0.05135 lr=7.90e-05
[23:54:06]     train step 1600/4000 loss=0.04248 lr=7.19e-05
[23:54:16]     train step 1800/4000 loss=0.03643 lr=6.42e-05
[23:54:25]     train step 2000/4000 loss=0.03132 lr=5.62e-05
[23:54:35]     train step 2200/4000 loss=0.02758 lr=4.80e-05
[23:54:44]     train step 2400/4000 loss=0.02480 lr=3.99e-05
[23:54:54]     train step 2600/4000 loss=0.02190 lr=3.20e-05
[23:55:04]     train step 2800/4000 loss=0.02035 lr=2.48e-05
[23:55:13]     train step 3000/4000 loss=0.01838 lr=1.82e-05
[23:55:22]     train step 3200/4000 loss=0.01694 lr=1.26e-05
[23:55:32]     train step 3400/4000 loss=0.01576 lr=8.08e-06
[23:55:41]     train step 3600/4000 loss=0.01475 lr=4.74e-06
[23:55:51]     train step 3800/4000 loss=0.01442 lr=2.69e-06
[23:56:00]     train step 4000/4000 loss=0.01397 lr=2.00e-06
[23:56:09]   [calibrate] threshold(alpha=0.99)=0.02613 over 1720 samples (median=0.01394)
[23:59:50]   [eval] pure-policy success=0.690 mean_len=127 (fixed 100-ep set)
[00:01:00]   [screen] 8/40 failures found
[00:01:04]   [collect a0] mode=select choice=random_alloc cited=[3000083] success=True len=25
[00:01:04] 
===== DISTIL Round 3 | dataset=11 trajs =====
[00:01:04]   [train] 11 trajs, 455 windows, state_dim=23 act_dim=7 params=4.61M steps=4000
[00:01:14]     train step 200/4000 loss=0.58688 lr=8.00e-05
[00:01:24]     train step 400/4000 loss=0.23641 lr=9.96e-05
[00:01:34]     train step 600/4000 loss=0.13993 lr=9.79e-05
[00:01:44]     train step 800/4000 loss=0.09985 lr=9.49e-05
[00:01:53]     train step 1000/4000 loss=0.07832 lr=9.07e-05
[00:02:03]     train step 1200/4000 loss=0.06463 lr=8.53e-05
[00:02:13]     train step 1400/4000 loss=0.05587 lr=7.90e-05
[00:02:23]     train step 1600/4000 loss=0.04722 lr=7.19e-05
[00:02:33]     train step 1800/4000 loss=0.04165 lr=6.42e-05
[00:02:42]     train step 2000/4000 loss=0.03678 lr=5.62e-05
[00:02:52]     train step 2200/4000 loss=0.03223 lr=4.80e-05
[00:03:02]     train step 2400/4000 loss=0.02904 lr=3.99e-05
[00:03:12]     train step 2600/4000 loss=0.02716 lr=3.20e-05
[00:03:21]     train step 2800/4000 loss=0.02452 lr=2.48e-05
[00:03:31]     train step 3000/4000 loss=0.02257 lr=1.82e-05
[00:03:41]     train step 3200/4000 loss=0.02098 lr=1.26e-05
[00:03:51]     train step 3400/4000 loss=0.01996 lr=8.08e-06
[00:04:01]     train step 3600/4000 loss=0.01894 lr=4.74e-06
[00:04:10]     train step 3800/4000 loss=0.01815 lr=2.69e-06
[00:04:20]     train step 4000/4000 loss=0.01792 lr=2.00e-06
[00:04:29]   [calibrate] threshold(alpha=0.99)=0.03447 over 1820 samples (median=0.01770)
[00:08:55]   [eval] pure-policy success=0.560 mean_len=153 (fixed 100-ep set)
[00:10:46]   [screen] 16/40 failures found
[00:10:54]   [collect a0] mode=select choice=random_alloc cited=[3000149] success=True len=31
[00:10:54] 
===== DISTIL Round 4 | dataset=12 trajs =====
[00:10:54]   [train] 12 trajs, 486 windows, state_dim=23 act_dim=7 params=4.61M steps=4000
[00:11:05]     train step 200/4000 loss=0.58649 lr=8.00e-05
[00:11:16]     train step 400/4000 loss=0.23133 lr=9.96e-05
[00:11:27]     train step 600/4000 loss=0.13025 lr=9.79e-05
[00:11:38]     train step 800/4000 loss=0.09410 lr=9.49e-05
[00:11:49]     train step 1000/4000 loss=0.07157 lr=9.07e-05
[00:12:00]     train step 1200/4000 loss=0.05837 lr=8.53e-05
[00:12:11]     train step 1400/4000 loss=0.04845 lr=7.90e-05
[00:12:21]     train step 1600/4000 loss=0.04058 lr=7.19e-05
[00:12:32]     train step 1800/4000 loss=0.03473 lr=6.42e-05
[00:12:43]     train step 2000/4000 loss=0.02951 lr=5.62e-05
[00:12:54]     train step 2200/4000 loss=0.02635 lr=4.80e-05
[00:13:05]     train step 2400/4000 loss=0.02296 lr=3.99e-05
[00:13:16]     train step 2600/4000 loss=0.02063 lr=3.20e-05
[00:13:27]     train step 2800/4000 loss=0.01878 lr=2.48e-05
[00:13:38]     train step 3000/4000 loss=0.01701 lr=1.82e-05
[00:13:49]     train step 3200/4000 loss=0.01598 lr=1.26e-05
[00:14:00]     train step 3400/4000 loss=0.01469 lr=8.08e-06
[00:14:11]     train step 3600/4000 loss=0.01390 lr=4.74e-06
[00:14:22]     train step 3800/4000 loss=0.01353 lr=2.69e-06
[00:14:33]     train step 4000/4000 loss=0.01316 lr=2.00e-06
[00:14:42]   [calibrate] threshold(alpha=0.99)=0.02425 over 1944 samples (median=0.01287)
[00:17:32]   [eval] pure-policy success=0.800 mean_len=98 (fixed 100-ep set)
[00:18:55]   [screen] 10/40 failures found
[00:18:59]   [collect a0] mode=select choice=random_alloc cited=[3000186] success=True len=25
[00:18:59] 
===== DISTIL Round 5 | dataset=13 trajs =====
[00:18:59]   [train] 13 trajs, 511 windows, state_dim=23 act_dim=7 params=4.61M steps=4000
[00:19:11]     train step 200/4000 loss=0.58170 lr=8.00e-05
[00:19:22]     train step 400/4000 loss=0.24741 lr=9.96e-05
[00:19:33]     train step 600/4000 loss=0.14017 lr=9.79e-05
[00:19:45]     train step 800/4000 loss=0.09956 lr=9.49e-05
[00:19:56]     train step 1000/4000 loss=0.07913 lr=9.07e-05
[00:20:07]     train step 1200/4000 loss=0.06483 lr=8.53e-05
[00:20:19]     train step 1400/4000 loss=0.05399 lr=7.90e-05
[00:20:30]     train step 1600/4000 loss=0.04802 lr=7.19e-05
[00:20:41]     train step 1800/4000 loss=0.04346 lr=6.42e-05
[00:20:53]     train step 2000/4000 loss=0.03865 lr=5.62e-05
[00:21:04]     train step 2200/4000 loss=0.03430 lr=4.80e-05
[00:21:15]     train step 2400/4000 loss=0.03175 lr=3.99e-05
[00:21:26]     train step 2600/4000 loss=0.02879 lr=3.20e-05
[00:21:38]     train step 2800/4000 loss=0.02622 lr=2.48e-05
[00:21:49]     train step 3000/4000 loss=0.02462 lr=1.82e-05
[00:22:00]     train step 3200/4000 loss=0.02294 lr=1.26e-05
[00:22:11]     train step 3400/4000 loss=0.02147 lr=8.08e-06
[00:22:23]     train step 3600/4000 loss=0.02036 lr=4.74e-06
[00:22:34]     train step 3800/4000 loss=0.01983 lr=2.69e-06
[00:22:45]     train step 4000/4000 loss=0.01945 lr=2.00e-06
[00:22:55]   [calibrate] threshold(alpha=0.99)=0.04313 over 2044 samples (median=0.01838)
[00:26:48]   [eval] pure-policy success=0.660 mean_len=134 (fixed 100-ep set)
[00:28:36]   [screen] 16/40 failures found
[00:28:48]   [collect a0] mode=select choice=random_alloc cited=[3000220] success=True len=27
[00:28:48] 
===== DISTIL Round 6 | dataset=14 trajs =====
[00:28:48]   [train] 14 trajs, 538 windows, state_dim=23 act_dim=7 params=4.61M steps=4000
[00:28:59]     train step 200/4000 loss=0.55908 lr=8.00e-05
[00:29:10]     train step 400/4000 loss=0.24049 lr=9.96e-05
[00:29:21]     train step 600/4000 loss=0.14685 lr=9.79e-05
[00:29:32]     train step 800/4000 loss=0.10106 lr=9.49e-05
[00:29:43]     train step 1000/4000 loss=0.08203 lr=9.07e-05
[00:29:54]     train step 1200/4000 loss=0.06800 lr=8.53e-05
[00:30:05]     train step 1400/4000 loss=0.05850 lr=7.90e-05
[00:30:16]     train step 1600/4000 loss=0.05024 lr=7.19e-05
[00:30:27]     train step 1800/4000 loss=0.04493 lr=6.42e-05
[00:30:38]     train step 2000/4000 loss=0.04165 lr=5.62e-05
[00:30:50]     train step 2200/4000 loss=0.03787 lr=4.80e-05
[00:31:01]     train step 2400/4000 loss=0.03618 lr=3.99e-05
[00:31:12]     train step 2600/4000 loss=0.03259 lr=3.20e-05
[00:31:23]     train step 2800/4000 loss=0.03013 lr=2.48e-05
[00:31:35]     train step 3000/4000 loss=0.02770 lr=1.82e-05
[00:31:46]     train step 3200/4000 loss=0.02644 lr=1.26e-05
[00:31:57]     train step 3400/4000 loss=0.02501 lr=8.08e-06
[00:32:08]     train step 3600/4000 loss=0.02364 lr=4.74e-06
[00:32:19]     train step 3800/4000 loss=0.02308 lr=2.69e-06
[00:32:30]     train step 4000/4000 loss=0.02270 lr=2.00e-06
[00:32:41]   [calibrate] threshold(alpha=0.99)=0.05230 over 2152 samples (median=0.02190)
[00:36:42]   [eval] pure-policy success=0.670 mean_len=139 (fixed 100-ep set)
[00:38:15]   [screen] 8/40 failures found
[00:38:22]   [collect a0] mode=select choice=random_alloc cited=[3000271] success=True len=29
[00:38:22] 
===== DISTIL Round 7 | dataset=15 trajs =====
[00:38:22]   [train] 15 trajs, 567 windows, state_dim=23 act_dim=7 params=4.61M steps=4000
[00:38:33]     train step 200/4000 loss=0.54806 lr=8.00e-05
[00:38:45]     train step 400/4000 loss=0.23066 lr=9.96e-05
[00:38:56]     train step 600/4000 loss=0.12716 lr=9.79e-05
[00:39:07]     train step 800/4000 loss=0.09115 lr=9.49e-05
[00:39:18]     train step 1000/4000 loss=0.07009 lr=9.07e-05
[00:39:29]     train step 1200/4000 loss=0.05920 lr=8.53e-05
[00:39:40]     train step 1400/4000 loss=0.05107 lr=7.90e-05
[00:39:52]     train step 1600/4000 loss=0.04356 lr=7.19e-05
[00:40:03]     train step 1800/4000 loss=0.03957 lr=6.42e-05
[00:40:14]     train step 2000/4000 loss=0.03433 lr=5.62e-05
[00:40:25]     train step 2200/4000 loss=0.03042 lr=4.80e-05
[00:40:36]     train step 2400/4000 loss=0.02741 lr=3.99e-05
[00:40:47]     train step 2600/4000 loss=0.02500 lr=3.20e-05
[00:40:58]     train step 2800/4000 loss=0.02237 lr=2.48e-05
[00:41:09]     train step 3000/4000 loss=0.02063 lr=1.82e-05
[00:41:20]     train step 3200/4000 loss=0.01920 lr=1.26e-05
[00:41:32]     train step 3400/4000 loss=0.01812 lr=8.08e-06
[00:41:43]     train step 3600/4000 loss=0.01729 lr=4.74e-06
[00:41:54]     train step 3800/4000 loss=0.01671 lr=2.69e-06
[00:42:05]     train step 4000/4000 loss=0.01635 lr=2.00e-06
[00:42:16]   [calibrate] threshold(alpha=0.99)=0.03074 over 2268 samples (median=0.01605)
[00:44:59]   [eval] pure-policy success=0.860 mean_len=94 (fixed 100-ep set)
[00:46:19]   [screen] 10/40 failures found
[00:46:25]   [collect a0] mode=select choice=random_alloc cited=[3000287] success=True len=31
[00:46:25] 
===== DISTIL Round 8 | dataset=16 trajs =====
[00:46:25]   [train] 16 trajs, 598 windows, state_dim=23 act_dim=7 params=4.61M steps=4000
[00:46:36]     train step 200/4000 loss=0.55731 lr=8.00e-05
[00:46:47]     train step 400/4000 loss=0.24071 lr=9.96e-05
[00:46:58]     train step 600/4000 loss=0.14301 lr=9.79e-05
[00:47:09]     train step 800/4000 loss=0.10121 lr=9.49e-05
[00:47:20]     train step 1000/4000 loss=0.07440 lr=9.07e-05
[00:47:32]     train step 1200/4000 loss=0.05868 lr=8.53e-05
[00:47:43]     train step 1400/4000 loss=0.04957 lr=7.90e-05
[00:47:54]     train step 1600/4000 loss=0.04216 lr=7.19e-05
[00:48:05]     train step 1800/4000 loss=0.03618 lr=6.42e-05
[00:48:16]     train step 2000/4000 loss=0.03107 lr=5.62e-05
[00:48:28]     train step 2200/4000 loss=0.02709 lr=4.80e-05
[00:48:39]     train step 2400/4000 loss=0.02427 lr=3.99e-05
[00:48:50]     train step 2600/4000 loss=0.02156 lr=3.20e-05
[00:49:02]     train step 2800/4000 loss=0.01993 lr=2.48e-05
[00:49:13]     train step 3000/4000 loss=0.01819 lr=1.82e-05
[00:49:24]     train step 3200/4000 loss=0.01698 lr=1.26e-05
[00:49:35]     train step 3400/4000 loss=0.01597 lr=8.08e-06
[00:49:47]     train step 3600/4000 loss=0.01524 lr=4.74e-06
[00:49:58]     train step 3800/4000 loss=0.01468 lr=2.69e-06
[00:50:09]     train step 4000/4000 loss=0.01434 lr=2.00e-06
[00:50:21]   [calibrate] threshold(alpha=0.99)=0.02667 over 2392 samples (median=0.01431)
[00:53:10]   [eval] pure-policy success=0.900 mean_len=97 (fixed 100-ep set)
[00:54:22]   [screen] 5/40 failures found
[00:54:25]   [collect a0] mode=select choice=random_alloc cited=[3000355] success=True len=27
[00:54:25] 
===== DISTIL Round 9 | dataset=17 trajs =====
[00:54:25]   [train] 17 trajs, 625 windows, state_dim=23 act_dim=7 params=4.61M steps=4000
[00:54:37]     train step 200/4000 loss=0.56430 lr=8.00e-05
[00:54:48]     train step 400/4000 loss=0.24941 lr=9.96e-05
[00:54:59]     train step 600/4000 loss=0.14364 lr=9.79e-05
[00:55:10]     train step 800/4000 loss=0.10202 lr=9.49e-05
[00:55:21]     train step 1000/4000 loss=0.08137 lr=9.07e-05
[00:55:32]     train step 1200/4000 loss=0.06673 lr=8.53e-05
[00:55:44]     train step 1400/4000 loss=0.05919 lr=7.90e-05
[00:55:55]     train step 1600/4000 loss=0.05269 lr=7.19e-05
[00:56:06]     train step 1800/4000 loss=0.04715 lr=6.42e-05
[00:56:17]     train step 2000/4000 loss=0.04430 lr=5.62e-05
[00:56:28]     train step 2200/4000 loss=0.04282 lr=4.80e-05
[00:56:39]     train step 2400/4000 loss=0.03785 lr=3.99e-05
[00:56:50]     train step 2600/4000 loss=0.03395 lr=3.20e-05
[00:57:02]     train step 2800/4000 loss=0.03147 lr=2.48e-05
[00:57:13]     train step 3000/4000 loss=0.02955 lr=1.82e-05
[00:57:24]     train step 3200/4000 loss=0.02796 lr=1.26e-05
[00:57:35]     train step 3400/4000 loss=0.02619 lr=8.08e-06
[00:57:46]     train step 3600/4000 loss=0.02543 lr=4.74e-06
[00:57:57]     train step 3800/4000 loss=0.02443 lr=2.69e-06
[00:58:08]     train step 4000/4000 loss=0.02408 lr=2.00e-06
[00:58:21]   [calibrate] threshold(alpha=0.99)=0.05163 over 2500 samples (median=0.02280)
[01:01:28]   [eval] pure-policy success=0.900 mean_len=108 (fixed 100-ep set)
[01:02:44]   [screen] 5/40 failures found
[01:02:49]   [collect a0] mode=select choice=random_alloc cited=[3000363] success=True len=28
[01:02:49] 
===== DISTIL Round 10 | dataset=18 trajs =====
[01:02:49]   [train] 18 trajs, 653 windows, state_dim=23 act_dim=7 params=4.61M steps=4000
[01:03:00]     train step 200/4000 loss=0.58363 lr=8.00e-05
[01:03:11]     train step 400/4000 loss=0.25013 lr=9.96e-05
[01:03:22]     train step 600/4000 loss=0.14112 lr=9.79e-05
[01:03:34]     train step 800/4000 loss=0.09946 lr=9.49e-05
[01:03:45]     train step 1000/4000 loss=0.07705 lr=9.07e-05
[01:03:56]     train step 1200/4000 loss=0.06461 lr=8.53e-05
[01:04:07]     train step 1400/4000 loss=0.05573 lr=7.90e-05
[01:04:18]     train step 1600/4000 loss=0.04944 lr=7.19e-05
[01:04:29]     train step 1800/4000 loss=0.04326 lr=6.42e-05
[01:04:40]     train step 2000/4000 loss=0.03943 lr=5.62e-05
[01:04:51]     train step 2200/4000 loss=0.03483 lr=4.80e-05
[01:05:02]     train step 2400/4000 loss=0.03131 lr=3.99e-05
[01:05:13]     train step 2600/4000 loss=0.03011 lr=3.20e-05
[01:05:24]     train step 2800/4000 loss=0.02695 lr=2.48e-05
[01:05:35]     train step 3000/4000 loss=0.02495 lr=1.82e-05
[01:05:46]     train step 3200/4000 loss=0.02304 lr=1.26e-05
[01:05:58]     train step 3400/4000 loss=0.02232 lr=8.08e-06
[01:06:09]     train step 3600/4000 loss=0.02110 lr=4.74e-06
[01:06:20]     train step 3800/4000 loss=0.02012 lr=2.69e-06
[01:06:32]     train step 4000/4000 loss=0.01992 lr=2.00e-06
[01:06:45]   [calibrate] threshold(alpha=0.99)=0.04144 over 2612 samples (median=0.01843)
[01:09:34]   [eval] pure-policy success=0.860 mean_len=98 (fixed 100-ep set)
[01:10:58]   [screen] 9/40 failures found
[01:11:02]   [collect a0] mode=select choice=random_alloc cited=[3000407] success=True len=21
[01:11:02] 
===== DISTIL Round 11 | dataset=19 trajs =====
[01:11:02]   [train] 19 trajs, 674 windows, state_dim=23 act_dim=7 params=4.61M steps=4000
[01:11:13]     train step 200/4000 loss=0.59605 lr=8.00e-05
[01:11:25]     train step 400/4000 loss=0.23938 lr=9.96e-05
[01:11:36]     train step 600/4000 loss=0.14496 lr=9.79e-05
[01:11:47]     train step 800/4000 loss=0.10866 lr=9.49e-05
[01:11:58]     train step 1000/4000 loss=0.08374 lr=9.07e-05
[01:12:09]     train step 1200/4000 loss=0.07182 lr=8.53e-05
[01:12:20]     train step 1400/4000 loss=0.06243 lr=7.90e-05
[01:12:31]     train step 1600/4000 loss=0.05349 lr=7.19e-05
[01:12:42]     train step 1800/4000 loss=0.04744 lr=6.42e-05
[01:12:54]     train step 2000/4000 loss=0.04211 lr=5.62e-05
[01:13:05]     train step 2200/4000 loss=0.03936 lr=4.80e-05
[01:13:16]     train step 2400/4000 loss=0.03595 lr=3.99e-05
[01:13:27]     train step 2600/4000 loss=0.03233 lr=3.20e-05
[01:13:38]     train step 2800/4000 loss=0.02976 lr=2.48e-05
[01:13:49]     train step 3000/4000 loss=0.02778 lr=1.82e-05
[01:14:00]     train step 3200/4000 loss=0.02552 lr=1.26e-05
[01:14:11]     train step 3400/4000 loss=0.02433 lr=8.08e-06
[01:14:22]     train step 3600/4000 loss=0.02351 lr=4.74e-06
[01:14:33]     train step 3800/4000 loss=0.02267 lr=2.69e-06
[01:14:45]     train step 4000/4000 loss=0.02202 lr=2.00e-06
[01:14:58]   [calibrate] threshold(alpha=0.99)=0.04491 over 2696 samples (median=0.02043)
[01:17:31]   [eval] pure-policy success=0.980 mean_len=87 (fixed 100-ep set)
[01:18:30]   [screen] 2/40 failures found
[01:18:33]   [collect a0] mode=select choice=random_alloc cited=[3000461] success=True len=21
[01:18:33] 
===== DISTIL Round 12 | dataset=20 trajs =====
[01:18:33]   [train] 20 trajs, 695 windows, state_dim=23 act_dim=7 params=4.61M steps=4000
[01:18:44]     train step 200/4000 loss=0.59037 lr=8.00e-05
[01:18:55]     train step 400/4000 loss=0.24073 lr=9.96e-05
[01:19:06]     train step 600/4000 loss=0.13889 lr=9.79e-05
[01:19:17]     train step 800/4000 loss=0.09779 lr=9.49e-05
[01:19:29]     train step 1000/4000 loss=0.07417 lr=9.07e-05
[01:19:40]     train step 1200/4000 loss=0.05912 lr=8.53e-05
[01:19:51]     train step 1400/4000 loss=0.04899 lr=7.90e-05
[01:20:02]     train step 1600/4000 loss=0.04206 lr=7.19e-05
[01:20:13]     train step 1800/4000 loss=0.03744 lr=6.42e-05
[01:20:24]     train step 2000/4000 loss=0.03231 lr=5.62e-05
[01:20:35]     train step 2200/4000 loss=0.02969 lr=4.80e-05
[01:20:46]     train step 2400/4000 loss=0.02640 lr=3.99e-05
[01:20:58]     train step 2600/4000 loss=0.02368 lr=3.20e-05
[01:21:09]     train step 2800/4000 loss=0.02206 lr=2.48e-05
[01:21:20]     train step 3000/4000 loss=0.02062 lr=1.82e-05
[01:21:31]     train step 3200/4000 loss=0.01907 lr=1.26e-05
[01:21:42]     train step 3400/4000 loss=0.01806 lr=8.08e-06
[01:21:53]     train step 3600/4000 loss=0.01702 lr=4.74e-06
[01:22:04]     train step 3800/4000 loss=0.01640 lr=2.69e-06
[01:22:15]     train step 4000/4000 loss=0.01615 lr=2.00e-06
[01:22:28]   [calibrate] threshold(alpha=0.99)=0.02992 over 2780 samples (median=0.01554)
[01:25:42]   [eval] pure-policy success=0.850 mean_len=111 (fixed 100-ep set)
[01:26:48]   [screen] 3/40 failures found
[01:26:51]   [collect a0] mode=select choice=random_alloc cited=[3000493] success=True len=26
[01:26:51] 
===== DISTIL Round 13 | dataset=21 trajs =====
[01:26:51]   [train] 21 trajs, 721 windows, state_dim=23 act_dim=7 params=4.61M steps=4000
[01:27:02]     train step 200/4000 loss=0.54803 lr=8.00e-05
[01:27:13]     train step 400/4000 loss=0.23861 lr=9.96e-05
[01:27:24]     train step 600/4000 loss=0.14166 lr=9.79e-05
[01:27:36]     train step 800/4000 loss=0.10292 lr=9.49e-05
[01:27:47]     train step 1000/4000 loss=0.07915 lr=9.07e-05
[01:27:58]     train step 1200/4000 loss=0.06528 lr=8.53e-05
[01:28:09]     train step 1400/4000 loss=0.05702 lr=7.90e-05
[01:28:20]     train step 1600/4000 loss=0.05103 lr=7.19e-05
[01:28:31]     train step 1800/4000 loss=0.04481 lr=6.42e-05
[01:28:43]     train step 2000/4000 loss=0.04047 lr=5.62e-05
[01:28:54]     train step 2200/4000 loss=0.03533 lr=4.80e-05
[01:29:05]     train step 2400/4000 loss=0.03256 lr=3.99e-05
[01:29:16]     train step 2600/4000 loss=0.02877 lr=3.20e-05
[01:29:28]     train step 2800/4000 loss=0.02642 lr=2.48e-05
[01:29:39]     train step 3000/4000 loss=0.02442 lr=1.82e-05
[01:29:50]     train step 3200/4000 loss=0.02267 lr=1.26e-05
[01:30:01]     train step 3400/4000 loss=0.02110 lr=8.08e-06
[01:30:12]     train step 3600/4000 loss=0.02029 lr=4.74e-06
[01:30:23]     train step 3800/4000 loss=0.01948 lr=2.69e-06
[01:30:35]     train step 4000/4000 loss=0.01910 lr=2.00e-06
[01:30:49]   [calibrate] threshold(alpha=0.99)=0.03817 over 2884 samples (median=0.01837)
[01:33:54]   [eval] pure-policy success=0.830 mean_len=107 (fixed 100-ep set)
[01:35:30]   [screen] 11/40 failures found
[01:35:37]   [collect a0] mode=select choice=random_alloc cited=[3000537] success=True len=31
[01:35:37] 
===== DISTIL Round 14 | dataset=22 trajs =====
[01:35:37]   [train] 22 trajs, 752 windows, state_dim=23 act_dim=7 params=4.61M steps=4000
[01:35:48]     train step 200/4000 loss=0.57626 lr=8.00e-05
[01:36:00]     train step 400/4000 loss=0.23140 lr=9.96e-05
[01:36:11]     train step 600/4000 loss=0.12911 lr=9.79e-05
[01:36:22]     train step 800/4000 loss=0.08925 lr=9.49e-05
[01:36:33]     train step 1000/4000 loss=0.07052 lr=9.07e-05
[01:36:44]     train step 1200/4000 loss=0.05935 lr=8.53e-05
[01:36:56]     train step 1400/4000 loss=0.04900 lr=7.90e-05
[01:37:07]     train step 1600/4000 loss=0.04328 lr=7.19e-05
[01:37:18]     train step 1800/4000 loss=0.03894 lr=6.42e-05
[01:37:29]     train step 2000/4000 loss=0.03513 lr=5.62e-05
[01:37:40]     train step 2200/4000 loss=0.03141 lr=4.80e-05
[01:37:51]     train step 2400/4000 loss=0.02977 lr=3.99e-05
[01:38:03]     train step 2600/4000 loss=0.02760 lr=3.20e-05
[01:38:14]     train step 2800/4000 loss=0.02553 lr=2.48e-05
[01:38:25]     train step 3000/4000 loss=0.02390 lr=1.82e-05
[01:38:36]     train step 3200/4000 loss=0.02226 lr=1.26e-05
[01:38:47]     train step 3400/4000 loss=0.02097 lr=8.08e-06
[01:38:58]     train step 3600/4000 loss=0.02023 lr=4.74e-06
[01:39:09]     train step 3800/4000 loss=0.01945 lr=2.69e-06
[01:39:21]     train step 4000/4000 loss=0.01905 lr=2.00e-06
[01:39:36]   [calibrate] threshold(alpha=0.99)=0.04324 over 3008 samples (median=0.01814)
[01:42:32]   [eval] pure-policy success=0.890 mean_len=101 (fixed 100-ep set)
[01:43:39]   [screen] 3/40 failures found
[01:43:43]   [collect a0] mode=select choice=random_alloc cited=[3000562] success=True len=26
[01:43:43] 
===== DISTIL Round 15 | dataset=23 trajs =====
[01:43:43]   [train] 23 trajs, 778 windows, state_dim=23 act_dim=7 params=4.61M steps=4000
[01:43:54]     train step 200/4000 loss=0.56748 lr=8.00e-05
[01:44:05]     train step 400/4000 loss=0.24022 lr=9.96e-05
[01:44:17]     train step 600/4000 loss=0.14391 lr=9.79e-05
[01:44:28]     train step 800/4000 loss=0.10257 lr=9.49e-05
[01:44:39]     train step 1000/4000 loss=0.08031 lr=9.07e-05
[01:44:50]     train step 1200/4000 loss=0.06671 lr=8.53e-05
[01:45:01]     train step 1400/4000 loss=0.06000 lr=7.90e-05
[01:45:12]     train step 1600/4000 loss=0.05204 lr=7.19e-05
[01:45:23]     train step 1800/4000 loss=0.04730 lr=6.42e-05
[01:45:34]     train step 2000/4000 loss=0.04254 lr=5.62e-05
[01:45:46]     train step 2200/4000 loss=0.03879 lr=4.80e-05
[01:45:57]     train step 2400/4000 loss=0.03653 lr=3.99e-05
[01:46:08]     train step 2600/4000 loss=0.03337 lr=3.20e-05
[01:46:19]     train step 2800/4000 loss=0.03068 lr=2.48e-05
[01:46:30]     train step 3000/4000 loss=0.02936 lr=1.82e-05
[01:46:41]     train step 3200/4000 loss=0.02730 lr=1.26e-05
[01:46:52]     train step 3400/4000 loss=0.02591 lr=8.08e-06
[01:47:03]     train step 3600/4000 loss=0.02503 lr=4.74e-06
[01:47:14]     train step 3800/4000 loss=0.02406 lr=2.69e-06
[01:47:25]     train step 4000/4000 loss=0.02355 lr=2.00e-06
[01:47:41]   [calibrate] threshold(alpha=0.99)=0.05591 over 3112 samples (median=0.02150)
[01:50:57]   [eval] pure-policy success=0.870 mean_len=113 (fixed 100-ep set)
[01:52:20]   [screen] 5/40 failures found
[01:52:26]   [collect a0] mode=select choice=random_alloc cited=[3000602] success=True len=27
[01:52:26] 
===== DISTIL Round 16 | dataset=24 trajs =====
[01:52:26]   [train] 24 trajs, 805 windows, state_dim=23 act_dim=7 params=4.61M steps=4000
[01:52:37]     train step 200/4000 loss=0.55062 lr=8.00e-05
[01:52:48]     train step 400/4000 loss=0.23938 lr=9.96e-05
[01:52:59]     train step 600/4000 loss=0.15095 lr=9.79e-05
[01:53:10]     train step 800/4000 loss=0.11048 lr=9.49e-05
[01:53:21]     train step 1000/4000 loss=0.08966 lr=9.07e-05
[01:53:32]     train step 1200/4000 loss=0.07392 lr=8.53e-05
[01:53:43]     train step 1400/4000 loss=0.06229 lr=7.90e-05
[01:53:54]     train step 1600/4000 loss=0.05401 lr=7.19e-05
[01:54:05]     train step 1800/4000 loss=0.05125 lr=6.42e-05
[01:54:16]     train step 2000/4000 loss=0.04524 lr=5.62e-05
[01:54:27]     train step 2200/4000 loss=0.04192 lr=4.80e-05
[01:54:38]     train step 2400/4000 loss=0.03758 lr=3.99e-05
[01:54:49]     train step 2600/4000 loss=0.03529 lr=3.20e-05
[01:55:01]     train step 2800/4000 loss=0.03220 lr=2.48e-05
[01:55:12]     train step 3000/4000 loss=0.03024 lr=1.82e-05
[01:55:23]     train step 3200/4000 loss=0.02863 lr=1.26e-05
[01:55:34]     train step 3400/4000 loss=0.02720 lr=8.08e-06
[01:55:45]     train step 3600/4000 loss=0.02586 lr=4.74e-06
[01:55:56]     train step 3800/4000 loss=0.02511 lr=2.69e-06
[01:56:07]     train step 4000/4000 loss=0.02469 lr=2.00e-06
[01:56:23]   [calibrate] threshold(alpha=0.99)=0.05791 over 3220 samples (median=0.02310)
[01:59:57]   [eval] pure-policy success=0.830 mean_len=123 (fixed 100-ep set)
[02:01:09]   [screen] 3/40 failures found
[02:01:14]   [collect a0] mode=select choice=random_alloc cited=[3000657] success=True len=27
[02:01:14] 
===== DISTIL Round 17 | dataset=25 trajs =====
[02:01:14]   [train] 25 trajs, 832 windows, state_dim=23 act_dim=7 params=4.61M steps=4000
[02:01:25]     train step 200/4000 loss=0.54299 lr=8.00e-05
[02:01:36]     train step 400/4000 loss=0.23818 lr=9.96e-05
[02:01:47]     train step 600/4000 loss=0.13802 lr=9.79e-05
[02:01:58]     train step 800/4000 loss=0.09959 lr=9.49e-05
[02:02:09]     train step 1000/4000 loss=0.07664 lr=9.07e-05
[02:02:20]     train step 1200/4000 loss=0.06400 lr=8.53e-05
[02:02:31]     train step 1400/4000 loss=0.05409 lr=7.90e-05
[02:02:42]     train step 1600/4000 loss=0.04710 lr=7.19e-05
[02:02:53]     train step 1800/4000 loss=0.04042 lr=6.42e-05
[02:03:04]     train step 2000/4000 loss=0.03695 lr=5.62e-05
[02:03:15]     train step 2200/4000 loss=0.03250 lr=4.80e-05
[02:03:27]     train step 2400/4000 loss=0.02964 lr=3.99e-05
[02:03:37]     train step 2600/4000 loss=0.02709 lr=3.20e-05
[02:03:48]     train step 2800/4000 loss=0.02509 lr=2.48e-05
[02:03:59]     train step 3000/4000 loss=0.02320 lr=1.82e-05
[02:04:10]     train step 3200/4000 loss=0.02157 lr=1.26e-05
[02:04:21]     train step 3400/4000 loss=0.02049 lr=8.08e-06
[02:04:32]     train step 3600/4000 loss=0.01963 lr=4.74e-06
[02:04:43]     train step 3800/4000 loss=0.01887 lr=2.69e-06
[02:04:54]     train step 4000/4000 loss=0.01850 lr=2.00e-06
[02:05:11]   [calibrate] threshold(alpha=0.99)=0.03853 over 3328 samples (median=0.01814)
[02:08:01]   [eval] pure-policy success=0.870 mean_len=98 (fixed 100-ep set)
[02:09:04]   [screen] 3/40 failures found
[02:09:06]   [collect a0] mode=select choice=random_alloc cited=[3000706] success=True len=28
[02:09:06] 
===== DISTIL Round 18 | dataset=26 trajs =====
[02:09:06]   [train] 26 trajs, 860 windows, state_dim=23 act_dim=7 params=4.61M steps=4000
[02:09:17]     train step 200/4000 loss=0.53646 lr=8.00e-05
[02:09:28]     train step 400/4000 loss=0.23239 lr=9.96e-05
[02:09:39]     train step 600/4000 loss=0.14189 lr=9.79e-05
[02:09:50]     train step 800/4000 loss=0.10256 lr=9.49e-05
[02:10:01]     train step 1000/4000 loss=0.08438 lr=9.07e-05
[02:10:12]     train step 1200/4000 loss=0.07065 lr=8.53e-05
[02:10:23]     train step 1400/4000 loss=0.06265 lr=7.90e-05
[02:10:34]     train step 1600/4000 loss=0.05523 lr=7.19e-05
[02:10:46]     train step 1800/4000 loss=0.04858 lr=6.42e-05
[02:10:57]     train step 2000/4000 loss=0.04306 lr=5.62e-05
[02:11:08]     train step 2200/4000 loss=0.03921 lr=4.80e-05
[02:11:19]     train step 2400/4000 loss=0.03592 lr=3.99e-05
[02:11:30]     train step 2600/4000 loss=0.03230 lr=3.20e-05
[02:11:41]     train step 2800/4000 loss=0.03056 lr=2.48e-05
[02:11:52]     train step 3000/4000 loss=0.02827 lr=1.82e-05
[02:12:03]     train step 3200/4000 loss=0.02641 lr=1.26e-05
[02:12:15]     train step 3400/4000 loss=0.02520 lr=8.08e-06
[02:12:26]     train step 3600/4000 loss=0.02435 lr=4.74e-06
[02:12:37]     train step 3800/4000 loss=0.02348 lr=2.69e-06
[02:12:48]     train step 4000/4000 loss=0.02296 lr=2.00e-06
[02:13:05]   [calibrate] threshold(alpha=0.99)=0.05159 over 3440 samples (median=0.02146)
[02:15:10]   [eval] pure-policy success=0.950 mean_len=72 (fixed 100-ep set)
[02:16:06]   [screen] 0/40 failures found
[02:16:06]   [screen] no usable failures — budget-free, next round (1/4 toward saturation stop)
[02:16:06] 
===== DISTIL Round 19 | dataset=26 trajs =====
[02:16:06]   [train] 26 trajs, 860 windows, state_dim=23 act_dim=7 params=4.61M steps=4000
[02:16:17]     train step 200/4000 loss=0.55855 lr=8.00e-05
[02:16:28]     train step 400/4000 loss=0.23461 lr=9.96e-05
[02:16:39]     train step 600/4000 loss=0.14139 lr=9.79e-05
[02:16:50]     train step 800/4000 loss=0.10198 lr=9.49e-05
[02:17:01]     train step 1000/4000 loss=0.07886 lr=9.07e-05
[02:17:12]     train step 1200/4000 loss=0.06419 lr=8.53e-05
[02:17:23]     train step 1400/4000 loss=0.05392 lr=7.90e-05
[02:17:34]     train step 1600/4000 loss=0.04530 lr=7.19e-05
[02:17:45]     train step 1800/4000 loss=0.03920 lr=6.42e-05
[02:17:56]     train step 2000/4000 loss=0.03500 lr=5.62e-05
[02:18:07]     train step 2200/4000 loss=0.03068 lr=4.80e-05
[02:18:18]     train step 2400/4000 loss=0.02778 lr=3.99e-05
[02:18:29]     train step 2600/4000 loss=0.02541 lr=3.20e-05
[02:18:40]     train step 2800/4000 loss=0.02313 lr=2.48e-05
[02:18:51]     train step 3000/4000 loss=0.02157 lr=1.82e-05
[02:19:02]     train step 3200/4000 loss=0.02020 lr=1.26e-05
[02:19:13]     train step 3400/4000 loss=0.01882 lr=8.08e-06
[02:19:25]     train step 3600/4000 loss=0.01805 lr=4.74e-06
[02:19:36]     train step 3800/4000 loss=0.01751 lr=2.69e-06
[02:19:47]     train step 4000/4000 loss=0.01714 lr=2.00e-06
[02:20:04]   [calibrate] threshold(alpha=0.99)=0.03861 over 3440 samples (median=0.01642)
[02:23:34]   [eval] pure-policy success=0.750 mean_len=121 (fixed 100-ep set)
[02:24:41]   [screen] 7/40 failures found
[02:24:45]   [collect a0] mode=select choice=random_alloc cited=[3000768] success=True len=23
[02:24:45] 
===== DISTIL Round 20 | dataset=27 trajs =====
[02:24:45]   [train] 27 trajs, 883 windows, state_dim=23 act_dim=7 params=4.61M steps=4000
[02:24:56]     train step 200/4000 loss=0.55853 lr=8.00e-05
[02:25:07]     train step 400/4000 loss=0.24255 lr=9.96e-05
[02:25:18]     train step 600/4000 loss=0.14709 lr=9.79e-05
[02:25:29]     train step 800/4000 loss=0.10457 lr=9.49e-05
[02:25:40]     train step 1000/4000 loss=0.08414 lr=9.07e-05
[02:25:51]     train step 1200/4000 loss=0.07388 lr=8.53e-05
[02:26:02]     train step 1400/4000 loss=0.06432 lr=7.90e-05
[02:26:13]     train step 1600/4000 loss=0.05598 lr=7.19e-05
[02:26:24]     train step 1800/4000 loss=0.05030 lr=6.42e-05
[02:26:35]     train step 2000/4000 loss=0.04594 lr=5.62e-05
[02:26:46]     train step 2200/4000 loss=0.04182 lr=4.80e-05
[02:26:57]     train step 2400/4000 loss=0.03710 lr=3.99e-05
[02:27:08]     train step 2600/4000 loss=0.03514 lr=3.20e-05
[02:27:19]     train step 2800/4000 loss=0.03196 lr=2.48e-05
[02:27:31]     train step 3000/4000 loss=0.02966 lr=1.82e-05
[02:27:42]     train step 3200/4000 loss=0.02796 lr=1.26e-05
[02:27:53]     train step 3400/4000 loss=0.02665 lr=8.08e-06
[02:28:04]     train step 3600/4000 loss=0.02543 lr=4.74e-06
[02:28:16]     train step 3800/4000 loss=0.02468 lr=2.69e-06
[02:28:27]     train step 4000/4000 loss=0.02421 lr=2.00e-06
[02:28:44]   [calibrate] threshold(alpha=0.99)=0.05460 over 3532 samples (median=0.02165)
[02:31:30]   [eval] pure-policy success=0.920 mean_len=95 (fixed 100-ep set)
[02:32:43]   [screen] 6/40 failures found
[02:32:48]   [collect a0] mode=select choice=random_alloc cited=[3000834] success=True len=23
[02:32:48] 
===== DISTIL Round 21 | dataset=28 trajs =====
[02:32:48]   [train] 28 trajs, 906 windows, state_dim=23 act_dim=7 params=4.61M steps=4000
[02:32:59]     train step 200/4000 loss=0.55370 lr=8.00e-05
[02:33:10]     train step 400/4000 loss=0.24444 lr=9.96e-05
[02:33:21]     train step 600/4000 loss=0.14433 lr=9.79e-05
[02:33:32]     train step 800/4000 loss=0.10267 lr=9.49e-05
[02:33:43]     train step 1000/4000 loss=0.08241 lr=9.07e-05
[02:33:54]     train step 1200/4000 loss=0.06885 lr=8.53e-05
[02:34:05]     train step 1400/4000 loss=0.05990 lr=7.90e-05
[02:34:16]     train step 1600/4000 loss=0.05235 lr=7.19e-05
[02:34:27]     train step 1800/4000 loss=0.04963 lr=6.42e-05
[02:34:38]     train step 2000/4000 loss=0.04430 lr=5.62e-05
[02:34:49]     train step 2200/4000 loss=0.04065 lr=4.80e-05
[02:35:00]     train step 2400/4000 loss=0.03694 lr=3.99e-05
[02:35:11]     train step 2600/4000 loss=0.03365 lr=3.20e-05
[02:35:22]     train step 2800/4000 loss=0.03183 lr=2.48e-05
[02:35:33]     train step 3000/4000 loss=0.02914 lr=1.82e-05
[02:35:44]     train step 3200/4000 loss=0.02783 lr=1.26e-05
[02:35:55]     train step 3400/4000 loss=0.02633 lr=8.08e-06
[02:36:06]     train step 3600/4000 loss=0.02543 lr=4.74e-06
[02:36:17]     train step 3800/4000 loss=0.02436 lr=2.69e-06
[02:36:28]     train step 4000/4000 loss=0.02410 lr=2.00e-06
[02:36:46]   [calibrate] threshold(alpha=0.99)=0.05152 over 3624 samples (median=0.02261)
[02:39:53]   [eval] pure-policy success=0.870 mean_len=107 (fixed 100-ep set)
[02:39:53] [stop] reached final_demos=28 (28 trajs), sr=0.870
[02:39:53] 
[FINAL] DISTIL pure-policy success=0.87 | demos=28 (last frozen held-out eval)
[02:39:53] DONE in 11313.3s | final_success=0.87
[02:39:53] [write] /weka/s226137394/DmNfull/distil/results/Lift/image/allocation_random/seed5/result.json
