[01:44:24] [env] loaded /weka/s226137394/DmNfull/.env
[01:44:25] ===== DISTIL | task=Lift modality=state ablation=decision_heuristic seed=5 budget=20 smoke=False device=cuda =====
[01:44:25] [bootstrap] loaded 8 shared demos from /weka/s226137394/DmNfull/distil/results/shared_bootstrap/Lift_state/Lift_state_ni8.pkl
[01:44:25] [kag] copied Lift.json + rendered .kag.txt into /weka/s226137394/DmNfull/distil/results/Lift/state/decision_heuristic/seed5/kag
[01:44:27] [init] using 8 bootstrap demos (shared with baselines)
[01:44:27] 
===== DISTIL Round 0 | dataset=8 trajs =====
[01:44:28]   [train] 8 trajs, 357 windows, state_dim=23 act_dim=7 params=4.26M steps=8000
[01:44:33]     train step 200/8000 loss=0.59749 lr=8.00e-05
[01:44:37]     train step 400/8000 loss=0.26399 lr=9.99e-05
[01:44:41]     train step 600/8000 loss=0.10005 lr=9.95e-05
[01:44:45]     train step 800/8000 loss=0.06014 lr=9.88e-05
[01:44:49]     train step 1000/8000 loss=0.04243 lr=9.78e-05
[01:44:53]     train step 1200/8000 loss=0.03372 lr=9.64e-05
[01:44:56]     train step 1400/8000 loss=0.02839 lr=9.48e-05
[01:45:00]     train step 1600/8000 loss=0.02444 lr=9.29e-05
[01:45:04]     train step 1800/8000 loss=0.02084 lr=9.07e-05
[01:45:08]     train step 2000/8000 loss=0.01942 lr=8.82e-05
[01:45:12]     train step 2200/8000 loss=0.01649 lr=8.55e-05
[01:45:16]     train step 2400/8000 loss=0.01437 lr=8.26e-05
[01:45:20]     train step 2600/8000 loss=0.01295 lr=7.94e-05
[01:45:24]     train step 2800/8000 loss=0.01168 lr=7.61e-05
[01:45:28]     train step 3000/8000 loss=0.01015 lr=7.26e-05
[01:45:32]     train step 3200/8000 loss=0.00926 lr=6.90e-05
[01:45:36]     train step 3400/8000 loss=0.00832 lr=6.52e-05
[01:45:40]     train step 3600/8000 loss=0.00760 lr=6.14e-05
[01:45:44]     train step 3800/8000 loss=0.00659 lr=5.75e-05
[01:45:48]     train step 4000/8000 loss=0.00625 lr=5.35e-05
[01:45:52]     train step 4200/8000 loss=0.00599 lr=4.95e-05
[01:45:56]     train step 4400/8000 loss=0.00530 lr=4.56e-05
[01:46:00]     train step 4600/8000 loss=0.00453 lr=4.16e-05
[01:46:04]     train step 4800/8000 loss=0.00437 lr=3.78e-05
[01:46:08]     train step 5000/8000 loss=0.00405 lr=3.40e-05
[01:46:12]     train step 5200/8000 loss=0.00380 lr=3.03e-05
[01:46:16]     train step 5400/8000 loss=0.00340 lr=2.68e-05
[01:46:20]     train step 5600/8000 loss=0.00321 lr=2.34e-05
[01:46:24]     train step 5800/8000 loss=0.00295 lr=2.02e-05
[01:46:28]     train step 6000/8000 loss=0.00282 lr=1.73e-05
[01:46:32]     train step 6200/8000 loss=0.00268 lr=1.45e-05
[01:46:36]     train step 6400/8000 loss=0.00257 lr=1.20e-05
[01:46:40]     train step 6600/8000 loss=0.00250 lr=9.69e-06
[01:46:44]     train step 6800/8000 loss=0.00241 lr=7.69e-06
[01:46:48]     train step 7000/8000 loss=0.00235 lr=5.98e-06
[01:46:52]     train step 7200/8000 loss=0.00231 lr=4.56e-06
[01:46:56]     train step 7400/8000 loss=0.00225 lr=3.45e-06
[01:47:00]     train step 7600/8000 loss=0.00223 lr=2.65e-06
[01:47:04]     train step 7800/8000 loss=0.00220 lr=2.16e-06
[01:47:08]     train step 8000/8000 loss=0.00219 lr=2.00e-06
[01:47:14]   [calibrate] threshold(alpha=0.99)=0.00332 over 1428 samples (median=0.00220)
[01:50:35]   [eval] pure-policy success=0.630 mean_len=125 (fixed 100-ep set)
[01:51:29]   [screen] 5/40 failures found
[01:51:30]   [collect a0] mode=bridge choice=geometric_bridge cited=[3000004, 3000011] success=True len=49
[01:51:30] 
===== DISTIL Round 1 | dataset=9 trajs =====
[01:51:30]   [train] 9 trajs, 406 windows, state_dim=23 act_dim=7 params=4.26M steps=4000
[01:51:34]     train step 200/4000 loss=0.57566 lr=8.00e-05
[01:51:38]     train step 400/4000 loss=0.23007 lr=9.96e-05
[01:51:42]     train step 600/4000 loss=0.09060 lr=9.79e-05
[01:51:46]     train step 800/4000 loss=0.05666 lr=9.49e-05
[01:51:50]     train step 1000/4000 loss=0.04118 lr=9.07e-05
[01:51:54]     train step 1200/4000 loss=0.03289 lr=8.53e-05
[01:51:58]     train step 1400/4000 loss=0.02624 lr=7.90e-05
[01:52:02]     train step 1600/4000 loss=0.02254 lr=7.19e-05
[01:52:07]     train step 1800/4000 loss=0.01935 lr=6.42e-05
[01:52:11]     train step 2000/4000 loss=0.01676 lr=5.62e-05
[01:52:15]     train step 2200/4000 loss=0.01424 lr=4.80e-05
[01:52:19]     train step 2400/4000 loss=0.01255 lr=3.99e-05
[01:52:23]     train step 2600/4000 loss=0.01108 lr=3.20e-05
[01:52:27]     train step 2800/4000 loss=0.00996 lr=2.48e-05
[01:52:31]     train step 3000/4000 loss=0.00910 lr=1.82e-05
[01:52:35]     train step 3200/4000 loss=0.00854 lr=1.26e-05
[01:52:39]     train step 3400/4000 loss=0.00769 lr=8.08e-06
[01:52:43]     train step 3600/4000 loss=0.00735 lr=4.74e-06
[01:52:47]     train step 3800/4000 loss=0.00712 lr=2.69e-06
[01:52:51]     train step 4000/4000 loss=0.00699 lr=2.00e-06
[01:52:58]   [calibrate] threshold(alpha=0.99)=0.01067 over 1624 samples (median=0.00721)
[01:55:18]   [eval] pure-policy success=0.860 mean_len=88 (fixed 100-ep set)
[01:56:13]   [screen] 6/40 failures found
[01:56:14]   [collect a0] mode=bridge choice=geometric_bridge cited=[3000052, 3000059] success=True len=43
[01:56:14] 
===== DISTIL Round 2 | dataset=10 trajs =====
[01:56:14]   [train] 10 trajs, 449 windows, state_dim=23 act_dim=7 params=4.26M steps=4000
[01:56:18]     train step 200/4000 loss=0.57394 lr=8.00e-05
[01:56:22]     train step 400/4000 loss=0.21236 lr=9.96e-05
[01:56:26]     train step 600/4000 loss=0.07919 lr=9.79e-05
[01:56:30]     train step 800/4000 loss=0.04952 lr=9.49e-05
[01:56:35]     train step 1000/4000 loss=0.03715 lr=9.07e-05
[01:56:39]     train step 1200/4000 loss=0.02943 lr=8.53e-05
[01:56:43]     train step 1400/4000 loss=0.02520 lr=7.90e-05
[01:56:47]     train step 1600/4000 loss=0.02160 lr=7.19e-05
[01:56:51]     train step 1800/4000 loss=0.01916 lr=6.42e-05
[01:56:55]     train step 2000/4000 loss=0.01634 lr=5.62e-05
[01:56:59]     train step 2200/4000 loss=0.01413 lr=4.80e-05
[01:57:03]     train step 2400/4000 loss=0.01256 lr=3.99e-05
[01:57:08]     train step 2600/4000 loss=0.01140 lr=3.20e-05
[01:57:12]     train step 2800/4000 loss=0.01007 lr=2.48e-05
[01:57:16]     train step 3000/4000 loss=0.00922 lr=1.82e-05
[01:57:20]     train step 3200/4000 loss=0.00864 lr=1.26e-05
[01:57:24]     train step 3400/4000 loss=0.00812 lr=8.08e-06
[01:57:28]     train step 3600/4000 loss=0.00787 lr=4.74e-06
[01:57:32]     train step 3800/4000 loss=0.00776 lr=2.69e-06
[01:57:36]     train step 4000/4000 loss=0.00753 lr=2.00e-06
[01:57:44]   [calibrate] threshold(alpha=0.99)=0.01235 over 1796 samples (median=0.00770)
[01:59:26]   [eval] pure-policy success=0.930 mean_len=62 (fixed 100-ep set)
[01:59:57]   [screen] 0/40 failures found
[01:59:57]   [screen] no usable failures — budget-free, next round (1/4 toward saturation stop)
[01:59:57] 
===== DISTIL Round 3 | dataset=10 trajs =====
[01:59:57]   [train] 10 trajs, 449 windows, state_dim=23 act_dim=7 params=4.26M steps=4000
[02:00:01]     train step 200/4000 loss=0.62398 lr=8.00e-05
[02:00:05]     train step 400/4000 loss=0.22812 lr=9.96e-05
[02:00:09]     train step 600/4000 loss=0.09008 lr=9.79e-05
[02:00:13]     train step 800/4000 loss=0.05807 lr=9.49e-05
[02:00:17]     train step 1000/4000 loss=0.04315 lr=9.07e-05
[02:00:21]     train step 1200/4000 loss=0.03344 lr=8.53e-05
[02:00:25]     train step 1400/4000 loss=0.02841 lr=7.90e-05
[02:00:30]     train step 1600/4000 loss=0.02393 lr=7.19e-05
[02:00:34]     train step 1800/4000 loss=0.02085 lr=6.42e-05
[02:00:38]     train step 2000/4000 loss=0.01885 lr=5.62e-05
[02:00:42]     train step 2200/4000 loss=0.01643 lr=4.80e-05
[02:00:46]     train step 2400/4000 loss=0.01476 lr=3.99e-05
[02:00:50]     train step 2600/4000 loss=0.01323 lr=3.20e-05
[02:00:54]     train step 2800/4000 loss=0.01182 lr=2.48e-05
[02:00:58]     train step 3000/4000 loss=0.01092 lr=1.82e-05
[02:01:02]     train step 3200/4000 loss=0.00986 lr=1.26e-05
[02:01:06]     train step 3400/4000 loss=0.00935 lr=8.08e-06
[02:01:11]     train step 3600/4000 loss=0.00901 lr=4.74e-06
[02:01:15]     train step 3800/4000 loss=0.00874 lr=2.69e-06
[02:01:19]     train step 4000/4000 loss=0.00864 lr=2.00e-06
[02:01:27]   [calibrate] threshold(alpha=0.99)=0.01443 over 1796 samples (median=0.00878)
[02:02:51]   [eval] pure-policy success=0.980 mean_len=52 (fixed 100-ep set)
[02:03:25]   [screen] 1/40 failures found
[02:03:26]   [collect a0] mode=select choice=geometric_select cited=[3000157] success=True len=41
[02:03:26] 
===== DISTIL Round 4 | dataset=11 trajs =====
[02:03:26]   [train] 11 trajs, 490 windows, state_dim=23 act_dim=7 params=4.26M steps=4000
[02:03:30]     train step 200/4000 loss=0.62753 lr=8.00e-05
[02:03:34]     train step 400/4000 loss=0.21881 lr=9.96e-05
[02:03:38]     train step 600/4000 loss=0.07936 lr=9.79e-05
[02:03:43]     train step 800/4000 loss=0.05181 lr=9.49e-05
[02:03:47]     train step 1000/4000 loss=0.03823 lr=9.07e-05
[02:03:51]     train step 1200/4000 loss=0.03099 lr=8.53e-05
[02:03:55]     train step 1400/4000 loss=0.02594 lr=7.90e-05
[02:03:59]     train step 1600/4000 loss=0.02177 lr=7.19e-05
[02:04:03]     train step 1800/4000 loss=0.01901 lr=6.42e-05
[02:04:08]     train step 2000/4000 loss=0.01639 lr=5.62e-05
[02:04:12]     train step 2200/4000 loss=0.01405 lr=4.80e-05
[02:04:16]     train step 2400/4000 loss=0.01274 lr=3.99e-05
[02:04:20]     train step 2600/4000 loss=0.01161 lr=3.20e-05
[02:04:24]     train step 2800/4000 loss=0.01074 lr=2.48e-05
[02:04:28]     train step 3000/4000 loss=0.00982 lr=1.82e-05
[02:04:33]     train step 3200/4000 loss=0.00924 lr=1.26e-05
[02:04:37]     train step 3400/4000 loss=0.00887 lr=8.08e-06
[02:04:41]     train step 3600/4000 loss=0.00863 lr=4.74e-06
[02:04:45]     train step 3800/4000 loss=0.00837 lr=2.69e-06
[02:04:49]     train step 4000/4000 loss=0.00834 lr=2.00e-06
[02:04:58]   [calibrate] threshold(alpha=0.99)=0.02766 over 1960 samples (median=0.00785)
[02:06:14]   [eval] pure-policy success=1.000 mean_len=47 (fixed 100-ep set)
[02:06:50]   [screen] 1/40 failures found
[02:06:51]   [collect a0] mode=select choice=geometric_select cited=[3000199] success=True len=21
[02:06:51] 
===== DISTIL Round 5 | dataset=12 trajs =====
[02:06:51]   [train] 12 trajs, 511 windows, state_dim=23 act_dim=7 params=4.26M steps=4000
[02:06:55]     train step 200/4000 loss=0.61383 lr=8.00e-05
[02:06:59]     train step 400/4000 loss=0.21162 lr=9.96e-05
[02:07:04]     train step 600/4000 loss=0.08050 lr=9.79e-05
[02:07:08]     train step 800/4000 loss=0.05140 lr=9.49e-05
[02:07:12]     train step 1000/4000 loss=0.03915 lr=9.07e-05
[02:07:16]     train step 1200/4000 loss=0.03110 lr=8.53e-05
[02:07:20]     train step 1400/4000 loss=0.02608 lr=7.90e-05
[02:07:24]     train step 1600/4000 loss=0.02282 lr=7.19e-05
[02:07:28]     train step 1800/4000 loss=0.01982 lr=6.42e-05
[02:07:33]     train step 2000/4000 loss=0.01758 lr=5.62e-05
[02:07:37]     train step 2200/4000 loss=0.01557 lr=4.80e-05
[02:07:41]     train step 2400/4000 loss=0.01386 lr=3.99e-05
[02:07:45]     train step 2600/4000 loss=0.01263 lr=3.20e-05
[02:07:49]     train step 2800/4000 loss=0.01158 lr=2.48e-05
[02:07:53]     train step 3000/4000 loss=0.01054 lr=1.82e-05
[02:07:58]     train step 3200/4000 loss=0.00980 lr=1.26e-05
[02:08:02]     train step 3400/4000 loss=0.00931 lr=8.08e-06
[02:08:06]     train step 3600/4000 loss=0.00904 lr=4.74e-06
[02:08:10]     train step 3800/4000 loss=0.00880 lr=2.69e-06
[02:08:14]     train step 4000/4000 loss=0.00872 lr=2.00e-06
[02:08:23]   [calibrate] threshold(alpha=0.99)=0.02987 over 2044 samples (median=0.00839)
[02:09:40]   [eval] pure-policy success=1.000 mean_len=47 (fixed 100-ep set)
[02:10:11]   [screen] 0/40 failures found
[02:10:11]   [screen] no usable failures — budget-free, next round (1/4 toward saturation stop)
[02:10:11] 
===== DISTIL Round 6 | dataset=12 trajs =====
[02:10:11]   [train] 12 trajs, 511 windows, state_dim=23 act_dim=7 params=4.26M steps=4000
[02:10:15]     train step 200/4000 loss=0.60240 lr=8.00e-05
[02:10:19]     train step 400/4000 loss=0.22165 lr=9.96e-05
[02:10:23]     train step 600/4000 loss=0.07906 lr=9.79e-05
[02:10:27]     train step 800/4000 loss=0.04980 lr=9.49e-05
[02:10:32]     train step 1000/4000 loss=0.03723 lr=9.07e-05
[02:10:36]     train step 1200/4000 loss=0.02977 lr=8.53e-05
[02:10:40]     train step 1400/4000 loss=0.02466 lr=7.90e-05
[02:10:44]     train step 1600/4000 loss=0.02142 lr=7.19e-05
[02:10:48]     train step 1800/4000 loss=0.01857 lr=6.42e-05
[02:10:52]     train step 2000/4000 loss=0.01625 lr=5.62e-05
[02:10:57]     train step 2200/4000 loss=0.01468 lr=4.80e-05
[02:11:01]     train step 2400/4000 loss=0.01337 lr=3.99e-05
[02:11:05]     train step 2600/4000 loss=0.01194 lr=3.20e-05
[02:11:09]     train step 2800/4000 loss=0.01091 lr=2.48e-05
[02:11:13]     train step 3000/4000 loss=0.01014 lr=1.82e-05
[02:11:17]     train step 3200/4000 loss=0.00953 lr=1.26e-05
[02:11:22]     train step 3400/4000 loss=0.00912 lr=8.08e-06
[02:11:26]     train step 3600/4000 loss=0.00888 lr=4.74e-06
[02:11:30]     train step 3800/4000 loss=0.00868 lr=2.69e-06
[02:11:34]     train step 4000/4000 loss=0.00857 lr=2.00e-06
[02:11:43]   [calibrate] threshold(alpha=0.99)=0.02917 over 2044 samples (median=0.00819)
[02:13:03]   [eval] pure-policy success=0.990 mean_len=49 (fixed 100-ep set)
[02:13:35]   [screen] 0/40 failures found
[02:13:35]   [screen] no usable failures — budget-free, next round (2/4 toward saturation stop)
[02:13:35] 
===== DISTIL Round 7 | dataset=12 trajs =====
[02:13:35]   [train] 12 trajs, 511 windows, state_dim=23 act_dim=7 params=4.26M steps=4000
[02:13:39]     train step 200/4000 loss=0.59924 lr=8.00e-05
[02:13:43]     train step 400/4000 loss=0.22591 lr=9.96e-05
[02:13:47]     train step 600/4000 loss=0.08189 lr=9.79e-05
[02:13:51]     train step 800/4000 loss=0.05218 lr=9.49e-05
[02:13:56]     train step 1000/4000 loss=0.03752 lr=9.07e-05
[02:14:00]     train step 1200/4000 loss=0.02998 lr=8.53e-05
[02:14:04]     train step 1400/4000 loss=0.02490 lr=7.90e-05
[02:14:08]     train step 1600/4000 loss=0.02116 lr=7.19e-05
[02:14:12]     train step 1800/4000 loss=0.01842 lr=6.42e-05
[02:14:16]     train step 2000/4000 loss=0.01596 lr=5.62e-05
[02:14:21]     train step 2200/4000 loss=0.01405 lr=4.80e-05
[02:14:25]     train step 2400/4000 loss=0.01246 lr=3.99e-05
[02:14:29]     train step 2600/4000 loss=0.01120 lr=3.20e-05
[02:14:33]     train step 2800/4000 loss=0.01025 lr=2.48e-05
[02:14:37]     train step 3000/4000 loss=0.00962 lr=1.82e-05
[02:14:41]     train step 3200/4000 loss=0.00917 lr=1.26e-05
[02:14:46]     train step 3400/4000 loss=0.00860 lr=8.08e-06
[02:14:50]     train step 3600/4000 loss=0.00845 lr=4.74e-06
[02:14:54]     train step 3800/4000 loss=0.00815 lr=2.69e-06
[02:14:58]     train step 4000/4000 loss=0.00818 lr=2.00e-06
[02:15:07]   [calibrate] threshold(alpha=0.99)=0.02781 over 2044 samples (median=0.00781)
[02:16:24]   [eval] pure-policy success=0.990 mean_len=48 (fixed 100-ep set)
[02:16:55]   [screen] 0/40 failures found
[02:16:55]   [screen] no usable failures — budget-free, next round (3/4 toward saturation stop)
[02:16:55] 
===== DISTIL Round 8 | dataset=12 trajs =====
[02:16:55]   [train] 12 trajs, 511 windows, state_dim=23 act_dim=7 params=4.26M steps=4000
[02:16:59]     train step 200/4000 loss=0.64139 lr=8.00e-05
[02:17:03]     train step 400/4000 loss=0.23718 lr=9.96e-05
[02:17:07]     train step 600/4000 loss=0.08841 lr=9.79e-05
[02:17:12]     train step 800/4000 loss=0.05568 lr=9.49e-05
[02:17:16]     train step 1000/4000 loss=0.04122 lr=9.07e-05
[02:17:20]     train step 1200/4000 loss=0.03365 lr=8.53e-05
[02:17:24]     train step 1400/4000 loss=0.02746 lr=7.90e-05
[02:17:28]     train step 1600/4000 loss=0.02390 lr=7.19e-05
[02:17:32]     train step 1800/4000 loss=0.02072 lr=6.42e-05
[02:17:36]     train step 2000/4000 loss=0.01824 lr=5.62e-05
[02:17:40]     train step 2200/4000 loss=0.01618 lr=4.80e-05
[02:17:45]     train step 2400/4000 loss=0.01400 lr=3.99e-05
[02:17:49]     train step 2600/4000 loss=0.01245 lr=3.20e-05
[02:17:53]     train step 2800/4000 loss=0.01136 lr=2.48e-05
[02:17:57]     train step 3000/4000 loss=0.01051 lr=1.82e-05
[02:18:01]     train step 3200/4000 loss=0.00977 lr=1.26e-05
[02:18:06]     train step 3400/4000 loss=0.00943 lr=8.08e-06
[02:18:10]     train step 3600/4000 loss=0.00902 lr=4.74e-06
[02:18:14]     train step 3800/4000 loss=0.00896 lr=2.69e-06
[02:18:18]     train step 4000/4000 loss=0.00874 lr=2.00e-06
[02:18:27]   [calibrate] threshold(alpha=0.99)=0.02992 over 2044 samples (median=0.00861)
[02:19:45]   [eval] pure-policy success=0.990 mean_len=48 (fixed 100-ep set)
[02:20:16]   [screen] 0/40 failures found
[02:20:16]   [screen] no usable failures for 4 consecutive rounds -> saturated (sr=0.990); stopping early
[02:20:16] 
[FINAL] DISTIL pure-policy success=0.99 | demos=12 (last frozen held-out eval)
[02:20:16] DONE in 2149.6s | final_success=0.99
[02:20:16] [write] /weka/s226137394/DmNfull/distil/results/Lift/state/decision_heuristic/seed5/result.json
