[01:11:49] [env] loaded /weka/s226137394/DmNfull/.env
[01:11:50] ===== DISTIL | task=Lift modality=state ablation=allocation_random seed=4 budget=20 smoke=False device=cuda =====
[01:11:51] [bootstrap] loaded 8 shared demos from /weka/s226137394/DmNfull/distil/results/shared_bootstrap/Lift_state/Lift_state_ni8.pkl
[01:11:51] [kag] copied Lift.json + rendered .kag.txt into /weka/s226137394/DmNfull/distil/results/Lift/state/allocation_random/seed4/kag
[01:11:53] [init] using 8 bootstrap demos (shared with baselines)
[01:11:53] 
===== DISTIL Round 0 | dataset=8 trajs =====
[01:11:53]   [train] 8 trajs, 357 windows, state_dim=23 act_dim=7 params=4.26M steps=8000
[01:12:05]     train step 200/8000 loss=0.63121 lr=8.00e-05
[01:12:16]     train step 400/8000 loss=0.24310 lr=9.99e-05
[01:12:26]     train step 600/8000 loss=0.08943 lr=9.95e-05
[01:12:37]     train step 800/8000 loss=0.05706 lr=9.88e-05
[01:12:47]     train step 1000/8000 loss=0.04198 lr=9.78e-05
[01:12:58]     train step 1200/8000 loss=0.03151 lr=9.64e-05
[01:13:08]     train step 1400/8000 loss=0.02642 lr=9.48e-05
[01:13:19]     train step 1600/8000 loss=0.02259 lr=9.29e-05
[01:13:29]     train step 1800/8000 loss=0.01977 lr=9.07e-05
[01:13:40]     train step 2000/8000 loss=0.01714 lr=8.82e-05
[01:13:50]     train step 2200/8000 loss=0.01508 lr=8.55e-05
[01:14:01]     train step 2400/8000 loss=0.01372 lr=8.26e-05
[01:14:11]     train step 2600/8000 loss=0.01124 lr=7.94e-05
[01:14:21]     train step 2800/8000 loss=0.01063 lr=7.61e-05
[01:14:32]     train step 3000/8000 loss=0.00982 lr=7.26e-05
[01:14:42]     train step 3200/8000 loss=0.00773 lr=6.90e-05
[01:14:53]     train step 3400/8000 loss=0.00695 lr=6.52e-05
[01:15:03]     train step 3600/8000 loss=0.00683 lr=6.14e-05
[01:15:14]     train step 3800/8000 loss=0.00531 lr=5.75e-05
[01:15:24]     train step 4000/8000 loss=0.00489 lr=5.35e-05
[01:15:35]     train step 4200/8000 loss=0.00460 lr=4.95e-05
[01:15:45]     train step 4400/8000 loss=0.00399 lr=4.56e-05
[01:15:55]     train step 4600/8000 loss=0.00396 lr=4.16e-05
[01:16:06]     train step 4800/8000 loss=0.00358 lr=3.78e-05
[01:16:16]     train step 5000/8000 loss=0.00331 lr=3.40e-05
[01:16:27]     train step 5200/8000 loss=0.00310 lr=3.03e-05
[01:16:37]     train step 5400/8000 loss=0.00302 lr=2.68e-05
[01:16:48]     train step 5600/8000 loss=0.00266 lr=2.34e-05
[01:16:58]     train step 5800/8000 loss=0.00254 lr=2.02e-05
[01:17:09]     train step 6000/8000 loss=0.00242 lr=1.73e-05
[01:17:19]     train step 6200/8000 loss=0.00239 lr=1.45e-05
[01:17:29]     train step 6400/8000 loss=0.00233 lr=1.20e-05
[01:17:40]     train step 6600/8000 loss=0.00221 lr=9.69e-06
[01:17:50]     train step 6800/8000 loss=0.00216 lr=7.69e-06
[01:18:00]     train step 7000/8000 loss=0.00210 lr=5.98e-06
[01:18:11]     train step 7200/8000 loss=0.00208 lr=4.56e-06
[01:18:21]     train step 7400/8000 loss=0.00204 lr=3.45e-06
[01:18:32]     train step 7600/8000 loss=0.00200 lr=2.65e-06
[01:18:42]     train step 7800/8000 loss=0.00198 lr=2.16e-06
[01:18:52]     train step 8000/8000 loss=0.00196 lr=2.00e-06
[01:19:02]   [calibrate] threshold(alpha=0.99)=0.00316 over 1428 samples (median=0.00198)
[01:23:13]   [eval] pure-policy success=0.710 mean_len=111 (fixed 100-ep set)
[01:24:15]   [screen] 3/40 failures found
[01:24:15]   [collect a0] mode=select choice=random_alloc cited=[3000034] success=True len=41
[01:24:15] 
===== DISTIL Round 1 | dataset=9 trajs =====
[01:24:15]   [train] 9 trajs, 398 windows, state_dim=23 act_dim=7 params=4.26M steps=4000
[01:24:26]     train step 200/4000 loss=0.62447 lr=8.00e-05
[01:24:37]     train step 400/4000 loss=0.23522 lr=9.96e-05
[01:24:47]     train step 600/4000 loss=0.08295 lr=9.79e-05
[01:24:58]     train step 800/4000 loss=0.05226 lr=9.49e-05
[01:25:08]     train step 1000/4000 loss=0.03692 lr=9.07e-05
[01:25:19]     train step 1200/4000 loss=0.02907 lr=8.53e-05
[01:25:29]     train step 1400/4000 loss=0.02385 lr=7.90e-05
[01:25:40]     train step 1600/4000 loss=0.02053 lr=7.19e-05
[01:25:51]     train step 1800/4000 loss=0.01719 lr=6.42e-05
[01:26:01]     train step 2000/4000 loss=0.01489 lr=5.62e-05
[01:26:12]     train step 2200/4000 loss=0.01284 lr=4.80e-05
[01:26:22]     train step 2400/4000 loss=0.01158 lr=3.99e-05
[01:26:33]     train step 2600/4000 loss=0.01054 lr=3.20e-05
[01:26:43]     train step 2800/4000 loss=0.00956 lr=2.48e-05
[01:26:54]     train step 3000/4000 loss=0.00853 lr=1.82e-05
[01:27:04]     train step 3200/4000 loss=0.00804 lr=1.26e-05
[01:27:15]     train step 3400/4000 loss=0.00752 lr=8.08e-06
[01:27:25]     train step 3600/4000 loss=0.00718 lr=4.74e-06
[01:27:36]     train step 3800/4000 loss=0.00699 lr=2.69e-06
[01:27:47]     train step 4000/4000 loss=0.00689 lr=2.00e-06
[01:27:57]   [calibrate] threshold(alpha=0.99)=0.01326 over 1592 samples (median=0.00682)
[01:30:54]   [eval] pure-policy success=0.900 mean_len=77 (fixed 100-ep set)
[01:31:58]   [screen] 2/40 failures found
[01:31:59]   [collect a0] mode=select choice=random_alloc cited=[3000052] success=True len=41
[01:31:59] 
===== DISTIL Round 2 | dataset=10 trajs =====
[01:31:59]   [train] 10 trajs, 439 windows, state_dim=23 act_dim=7 params=4.26M steps=4000
[01:32:10]     train step 200/4000 loss=0.64062 lr=8.00e-05
[01:32:21]     train step 400/4000 loss=0.23800 lr=9.96e-05
[01:32:31]     train step 600/4000 loss=0.08544 lr=9.79e-05
[01:32:42]     train step 800/4000 loss=0.05238 lr=9.49e-05
[01:32:53]     train step 1000/4000 loss=0.03921 lr=9.07e-05
[01:33:03]     train step 1200/4000 loss=0.03075 lr=8.53e-05
[01:33:14]     train step 1400/4000 loss=0.02501 lr=7.90e-05
[01:33:25]     train step 1600/4000 loss=0.02126 lr=7.19e-05
[01:33:35]     train step 1800/4000 loss=0.01826 lr=6.42e-05
[01:33:46]     train step 2000/4000 loss=0.01543 lr=5.62e-05
[01:33:57]     train step 2200/4000 loss=0.01367 lr=4.80e-05
[01:34:07]     train step 2400/4000 loss=0.01233 lr=3.99e-05
[01:34:18]     train step 2600/4000 loss=0.01076 lr=3.20e-05
[01:34:29]     train step 2800/4000 loss=0.00994 lr=2.48e-05
[01:34:39]     train step 3000/4000 loss=0.00892 lr=1.82e-05
[01:34:50]     train step 3200/4000 loss=0.00840 lr=1.26e-05
[01:35:00]     train step 3400/4000 loss=0.00794 lr=8.08e-06
[01:35:11]     train step 3600/4000 loss=0.00760 lr=4.74e-06
[01:35:22]     train step 3800/4000 loss=0.00751 lr=2.69e-06
[01:35:32]     train step 4000/4000 loss=0.00745 lr=2.00e-06
[01:35:44]   [calibrate] threshold(alpha=0.99)=0.01343 over 1756 samples (median=0.00735)
[01:37:31]   [eval] pure-policy success=1.000 mean_len=46 (fixed 100-ep set)
[01:38:21]   [screen] 0/40 failures found
[01:38:21]   [screen] no usable failures — budget-free, next round (1/4 toward saturation stop)
[01:38:21] 
===== DISTIL Round 3 | dataset=10 trajs =====
[01:38:21]   [train] 10 trajs, 439 windows, state_dim=23 act_dim=7 params=4.26M steps=4000
[01:38:31]     train step 200/4000 loss=0.63068 lr=8.00e-05
[01:38:42]     train step 400/4000 loss=0.24149 lr=9.96e-05
[01:38:53]     train step 600/4000 loss=0.08488 lr=9.79e-05
[01:39:03]     train step 800/4000 loss=0.05053 lr=9.49e-05
[01:39:14]     train step 1000/4000 loss=0.03724 lr=9.07e-05
[01:39:24]     train step 1200/4000 loss=0.02999 lr=8.53e-05
[01:39:35]     train step 1400/4000 loss=0.02494 lr=7.90e-05
[01:39:45]     train step 1600/4000 loss=0.02075 lr=7.19e-05
[01:39:56]     train step 1800/4000 loss=0.01778 lr=6.42e-05
[01:40:07]     train step 2000/4000 loss=0.01563 lr=5.62e-05
[01:40:17]     train step 2200/4000 loss=0.01417 lr=4.80e-05
[01:40:28]     train step 2400/4000 loss=0.01240 lr=3.99e-05
[01:40:38]     train step 2600/4000 loss=0.01123 lr=3.20e-05
[01:40:49]     train step 2800/4000 loss=0.01003 lr=2.48e-05
[01:41:00]     train step 3000/4000 loss=0.00921 lr=1.82e-05
[01:41:10]     train step 3200/4000 loss=0.00861 lr=1.26e-05
[01:41:21]     train step 3400/4000 loss=0.00806 lr=8.08e-06
[01:41:31]     train step 3600/4000 loss=0.00780 lr=4.74e-06
[01:41:42]     train step 3800/4000 loss=0.00760 lr=2.69e-06
[01:41:53]     train step 4000/4000 loss=0.00744 lr=2.00e-06
[01:42:05]   [calibrate] threshold(alpha=0.99)=0.01350 over 1756 samples (median=0.00733)
[01:43:55]   [eval] pure-policy success=1.000 mean_len=48 (fixed 100-ep set)
[01:44:39]   [screen] 0/40 failures found
[01:44:39]   [screen] no usable failures — budget-free, next round (2/4 toward saturation stop)
[01:44:39] 
===== DISTIL Round 4 | dataset=10 trajs =====
[01:44:39]   [train] 10 trajs, 439 windows, state_dim=23 act_dim=7 params=4.26M steps=4000
[01:44:49]     train step 200/4000 loss=0.58861 lr=8.00e-05
[01:45:00]     train step 400/4000 loss=0.21695 lr=9.96e-05
[01:45:11]     train step 600/4000 loss=0.08188 lr=9.79e-05
[01:45:21]     train step 800/4000 loss=0.05121 lr=9.49e-05
[01:45:32]     train step 1000/4000 loss=0.03758 lr=9.07e-05
[01:45:42]     train step 1200/4000 loss=0.03039 lr=8.53e-05
[01:45:53]     train step 1400/4000 loss=0.02525 lr=7.90e-05
[01:46:04]     train step 1600/4000 loss=0.02152 lr=7.19e-05
[01:46:14]     train step 1800/4000 loss=0.01822 lr=6.42e-05
[01:46:25]     train step 2000/4000 loss=0.01578 lr=5.62e-05
[01:46:35]     train step 2200/4000 loss=0.01378 lr=4.80e-05
[01:46:46]     train step 2400/4000 loss=0.01208 lr=3.99e-05
[01:46:57]     train step 2600/4000 loss=0.01070 lr=3.20e-05
[01:47:07]     train step 2800/4000 loss=0.00971 lr=2.48e-05
[01:47:18]     train step 3000/4000 loss=0.00867 lr=1.82e-05
[01:47:28]     train step 3200/4000 loss=0.00805 lr=1.26e-05
[01:47:39]     train step 3400/4000 loss=0.00755 lr=8.08e-06
[01:47:50]     train step 3600/4000 loss=0.00729 lr=4.74e-06
[01:48:00]     train step 3800/4000 loss=0.00704 lr=2.69e-06
[01:48:11]     train step 4000/4000 loss=0.00697 lr=2.00e-06
[01:48:23]   [calibrate] threshold(alpha=0.99)=0.01211 over 1756 samples (median=0.00709)
[01:50:24]   [eval] pure-policy success=0.980 mean_len=53 (fixed 100-ep set)
[01:51:18]   [screen] 2/40 failures found
[01:51:18]   [collect a0] mode=select choice=random_alloc cited=[3000199] success=True len=40
[01:51:18] 
===== DISTIL Round 5 | dataset=11 trajs =====
[01:51:18]   [train] 11 trajs, 479 windows, state_dim=23 act_dim=7 params=4.26M steps=4000
[01:51:29]     train step 200/4000 loss=0.59210 lr=8.00e-05
[01:51:40]     train step 400/4000 loss=0.21938 lr=9.96e-05
[01:51:50]     train step 600/4000 loss=0.07826 lr=9.79e-05
[01:52:01]     train step 800/4000 loss=0.04819 lr=9.49e-05
[01:52:12]     train step 1000/4000 loss=0.03621 lr=9.07e-05
[01:52:22]     train step 1200/4000 loss=0.02865 lr=8.53e-05
[01:52:33]     train step 1400/4000 loss=0.02348 lr=7.90e-05
[01:52:44]     train step 1600/4000 loss=0.02023 lr=7.19e-05
[01:52:54]     train step 1800/4000 loss=0.01683 lr=6.42e-05
[01:53:05]     train step 2000/4000 loss=0.01482 lr=5.62e-05
[01:53:16]     train step 2200/4000 loss=0.01278 lr=4.80e-05
[01:53:26]     train step 2400/4000 loss=0.01113 lr=3.99e-05
[01:53:37]     train step 2600/4000 loss=0.00976 lr=3.20e-05
[01:53:48]     train step 2800/4000 loss=0.00888 lr=2.48e-05
[01:53:58]     train step 3000/4000 loss=0.00811 lr=1.82e-05
[01:54:09]     train step 3200/4000 loss=0.00746 lr=1.26e-05
[01:54:20]     train step 3400/4000 loss=0.00702 lr=8.08e-06
[01:54:31]     train step 3600/4000 loss=0.00680 lr=4.74e-06
[01:54:41]     train step 3800/4000 loss=0.00656 lr=2.69e-06
[01:54:52]     train step 4000/4000 loss=0.00646 lr=2.00e-06
[01:55:05]   [calibrate] threshold(alpha=0.99)=0.01198 over 1916 samples (median=0.00644)
[01:56:57]   [eval] pure-policy success=1.000 mean_len=48 (fixed 100-ep set)
[01:57:41]   [screen] 0/40 failures found
[01:57:41]   [screen] no usable failures — budget-free, next round (1/4 toward saturation stop)
[01:57:41] 
===== DISTIL Round 6 | dataset=11 trajs =====
[01:57:41]   [train] 11 trajs, 479 windows, state_dim=23 act_dim=7 params=4.26M steps=4000
[01:57:52]     train step 200/4000 loss=0.60994 lr=8.00e-05
[01:58:03]     train step 400/4000 loss=0.22873 lr=9.96e-05
[01:58:13]     train step 600/4000 loss=0.08576 lr=9.79e-05
[01:58:24]     train step 800/4000 loss=0.05418 lr=9.49e-05
[01:58:35]     train step 1000/4000 loss=0.03915 lr=9.07e-05
[01:58:45]     train step 1200/4000 loss=0.03126 lr=8.53e-05
[01:58:56]     train step 1400/4000 loss=0.02621 lr=7.90e-05
[01:59:07]     train step 1600/4000 loss=0.02204 lr=7.19e-05
[01:59:18]     train step 1800/4000 loss=0.01915 lr=6.42e-05
[01:59:28]     train step 2000/4000 loss=0.01644 lr=5.62e-05
[01:59:39]     train step 2200/4000 loss=0.01445 lr=4.80e-05
[01:59:50]     train step 2400/4000 loss=0.01241 lr=3.99e-05
[02:00:01]     train step 2600/4000 loss=0.01130 lr=3.20e-05
[02:00:11]     train step 2800/4000 loss=0.01013 lr=2.48e-05
[02:00:22]     train step 3000/4000 loss=0.00930 lr=1.82e-05
[02:00:33]     train step 3200/4000 loss=0.00868 lr=1.26e-05
[02:00:44]     train step 3400/4000 loss=0.00816 lr=8.08e-06
[02:00:55]     train step 3600/4000 loss=0.00789 lr=4.74e-06
[02:01:06]     train step 3800/4000 loss=0.00761 lr=2.69e-06
[02:01:17]     train step 4000/4000 loss=0.00758 lr=2.00e-06
[02:01:30]   [calibrate] threshold(alpha=0.99)=0.01380 over 1916 samples (median=0.00756)
[02:03:32]   [eval] pure-policy success=0.980 mean_len=53 (fixed 100-ep set)
[02:04:19]   [screen] 0/40 failures found
[02:04:19]   [screen] no usable failures — budget-free, next round (2/4 toward saturation stop)
[02:04:19] 
===== DISTIL Round 7 | dataset=11 trajs =====
[02:04:19]   [train] 11 trajs, 479 windows, state_dim=23 act_dim=7 params=4.26M steps=4000
[02:04:30]     train step 200/4000 loss=0.58299 lr=8.00e-05
[02:04:41]     train step 400/4000 loss=0.22130 lr=9.96e-05
[02:04:51]     train step 600/4000 loss=0.08285 lr=9.79e-05
[02:05:02]     train step 800/4000 loss=0.05122 lr=9.49e-05
[02:05:13]     train step 1000/4000 loss=0.03702 lr=9.07e-05
[02:05:24]     train step 1200/4000 loss=0.02973 lr=8.53e-05
[02:05:34]     train step 1400/4000 loss=0.02423 lr=7.90e-05
[02:05:45]     train step 1600/4000 loss=0.02011 lr=7.19e-05
[02:05:56]     train step 1800/4000 loss=0.01757 lr=6.42e-05
[02:06:06]     train step 2000/4000 loss=0.01473 lr=5.62e-05
[02:06:17]     train step 2200/4000 loss=0.01264 lr=4.80e-05
[02:06:28]     train step 2400/4000 loss=0.01164 lr=3.99e-05
[02:06:38]     train step 2600/4000 loss=0.01002 lr=3.20e-05
[02:06:49]     train step 2800/4000 loss=0.00923 lr=2.48e-05
[02:07:00]     train step 3000/4000 loss=0.00836 lr=1.82e-05
[02:07:10]     train step 3200/4000 loss=0.00791 lr=1.26e-05
[02:07:21]     train step 3400/4000 loss=0.00736 lr=8.08e-06
[02:07:32]     train step 3600/4000 loss=0.00713 lr=4.74e-06
[02:07:42]     train step 3800/4000 loss=0.00697 lr=2.69e-06
[02:07:53]     train step 4000/4000 loss=0.00689 lr=2.00e-06
[02:08:06]   [calibrate] threshold(alpha=0.99)=0.01270 over 1916 samples (median=0.00675)
[02:10:04]   [eval] pure-policy success=0.980 mean_len=51 (fixed 100-ep set)
[02:10:48]   [screen] 0/40 failures found
[02:10:48]   [screen] no usable failures — budget-free, next round (3/4 toward saturation stop)
[02:10:48] 
===== DISTIL Round 8 | dataset=11 trajs =====
[02:10:48]   [train] 11 trajs, 479 windows, state_dim=23 act_dim=7 params=4.26M steps=4000
[02:10:59]     train step 200/4000 loss=0.61576 lr=8.00e-05
[02:11:10]     train step 400/4000 loss=0.22191 lr=9.96e-05
[02:11:20]     train step 600/4000 loss=0.08338 lr=9.79e-05
[02:11:31]     train step 800/4000 loss=0.05259 lr=9.49e-05
[02:11:42]     train step 1000/4000 loss=0.03890 lr=9.07e-05
[02:11:53]     train step 1200/4000 loss=0.03100 lr=8.53e-05
[02:12:04]     train step 1400/4000 loss=0.02628 lr=7.90e-05
[02:12:14]     train step 1600/4000 loss=0.02286 lr=7.19e-05
[02:12:25]     train step 1800/4000 loss=0.01938 lr=6.42e-05
[02:12:36]     train step 2000/4000 loss=0.01728 lr=5.62e-05
[02:12:47]     train step 2200/4000 loss=0.01521 lr=4.80e-05
[02:12:57]     train step 2400/4000 loss=0.01395 lr=3.99e-05
[02:13:08]     train step 2600/4000 loss=0.01270 lr=3.20e-05
[02:13:19]     train step 2800/4000 loss=0.01137 lr=2.48e-05
[02:13:29]     train step 3000/4000 loss=0.01057 lr=1.82e-05
[02:13:40]     train step 3200/4000 loss=0.00971 lr=1.26e-05
[02:13:51]     train step 3400/4000 loss=0.00939 lr=8.08e-06
[02:14:02]     train step 3600/4000 loss=0.00909 lr=4.74e-06
[02:14:12]     train step 3800/4000 loss=0.00882 lr=2.69e-06
[02:14:23]     train step 4000/4000 loss=0.00871 lr=2.00e-06
[02:14:36]   [calibrate] threshold(alpha=0.99)=0.01577 over 1916 samples (median=0.00860)
[02:16:35]   [eval] pure-policy success=0.980 mean_len=52 (fixed 100-ep set)
[02:17:21]   [screen] 0/40 failures found
[02:17:21]   [screen] no usable failures for 4 consecutive rounds -> saturated (sr=0.980); stopping early
[02:17:21] 
[FINAL] DISTIL pure-policy success=0.98 | demos=11 (last frozen held-out eval)
[02:17:21] DONE in 3929.3s | final_success=0.98
[02:17:21] [write] /weka/s226137394/DmNfull/distil/results/Lift/state/allocation_random/seed4/result.json
