[01:10:25] [env] loaded /weka/s226137394/DmNfull/.env
[01:10:25] ===== DISTIL | task=Lift modality=state ablation=allocation_random seed=2 budget=20 smoke=False device=cuda =====
[01:10:26] [bootstrap] loaded 8 shared demos from /weka/s226137394/DmNfull/distil/results/shared_bootstrap/Lift_state/Lift_state_ni8.pkl
[01:10:26] [kag] copied Lift.json + rendered .kag.txt into /weka/s226137394/DmNfull/distil/results/Lift/state/allocation_random/seed2/kag
[01:10:28] [init] using 8 bootstrap demos (shared with baselines)
[01:10:28] 
===== DISTIL Round 0 | dataset=8 trajs =====
[01:10:29]   [train] 8 trajs, 357 windows, state_dim=23 act_dim=7 params=4.26M steps=8000
[01:10:36]     train step 200/8000 loss=0.62834 lr=8.00e-05
[01:10:42]     train step 400/8000 loss=0.25358 lr=9.99e-05
[01:10:48]     train step 600/8000 loss=0.09414 lr=9.95e-05
[01:10:54]     train step 800/8000 loss=0.05654 lr=9.88e-05
[01:11:00]     train step 1000/8000 loss=0.04149 lr=9.78e-05
[01:11:05]     train step 1200/8000 loss=0.03308 lr=9.64e-05
[01:11:11]     train step 1400/8000 loss=0.02741 lr=9.48e-05
[01:11:16]     train step 1600/8000 loss=0.02371 lr=9.29e-05
[01:11:22]     train step 1800/8000 loss=0.02022 lr=9.07e-05
[01:11:27]     train step 2000/8000 loss=0.01850 lr=8.82e-05
[01:11:33]     train step 2200/8000 loss=0.01591 lr=8.55e-05
[01:11:39]     train step 2400/8000 loss=0.01458 lr=8.26e-05
[01:11:44]     train step 2600/8000 loss=0.01224 lr=7.94e-05
[01:11:50]     train step 2800/8000 loss=0.01115 lr=7.61e-05
[01:11:55]     train step 3000/8000 loss=0.01039 lr=7.26e-05
[01:12:01]     train step 3200/8000 loss=0.00894 lr=6.90e-05
[01:12:06]     train step 3400/8000 loss=0.00782 lr=6.52e-05
[01:12:12]     train step 3600/8000 loss=0.00720 lr=6.14e-05
[01:12:17]     train step 3800/8000 loss=0.00687 lr=5.75e-05
[01:12:23]     train step 4000/8000 loss=0.00641 lr=5.35e-05
[01:12:28]     train step 4200/8000 loss=0.00553 lr=4.95e-05
[01:12:34]     train step 4400/8000 loss=0.00478 lr=4.56e-05
[01:12:40]     train step 4600/8000 loss=0.00478 lr=4.16e-05
[01:12:45]     train step 4800/8000 loss=0.00407 lr=3.78e-05
[01:12:51]     train step 5000/8000 loss=0.00376 lr=3.40e-05
[01:12:56]     train step 5200/8000 loss=0.00355 lr=3.03e-05
[01:13:02]     train step 5400/8000 loss=0.00318 lr=2.68e-05
[01:13:07]     train step 5600/8000 loss=0.00302 lr=2.34e-05
[01:13:13]     train step 5800/8000 loss=0.00278 lr=2.02e-05
[01:13:18]     train step 6000/8000 loss=0.00275 lr=1.73e-05
[01:13:24]     train step 6200/8000 loss=0.00257 lr=1.45e-05
[01:13:29]     train step 6400/8000 loss=0.00256 lr=1.20e-05
[01:13:35]     train step 6600/8000 loss=0.00248 lr=9.69e-06
[01:13:40]     train step 6800/8000 loss=0.00236 lr=7.69e-06
[01:13:46]     train step 7000/8000 loss=0.00230 lr=5.98e-06
[01:13:52]     train step 7200/8000 loss=0.00228 lr=4.56e-06
[01:13:57]     train step 7400/8000 loss=0.00223 lr=3.45e-06
[01:14:03]     train step 7600/8000 loss=0.00221 lr=2.65e-06
[01:14:08]     train step 7800/8000 loss=0.00218 lr=2.16e-06
[01:14:14]     train step 8000/8000 loss=0.00218 lr=2.00e-06
[01:14:24]   [calibrate] threshold(alpha=0.99)=0.00334 over 1428 samples (median=0.00219)
[01:18:46]   [eval] pure-policy success=0.690 mean_len=116 (fixed 100-ep set)
[01:19:58]   [screen] 5/40 failures found
[01:19:59]   [collect a0] mode=select choice=random_alloc cited=[3000032] success=True len=42
[01:19:59] 
===== DISTIL Round 1 | dataset=9 trajs =====
[01:19:59]   [train] 9 trajs, 399 windows, state_dim=23 act_dim=7 params=4.26M steps=4000
[01:20:05]     train step 200/4000 loss=0.61511 lr=8.00e-05
[01:20:11]     train step 400/4000 loss=0.23551 lr=9.96e-05
[01:20:16]     train step 600/4000 loss=0.08645 lr=9.79e-05
[01:20:22]     train step 800/4000 loss=0.05467 lr=9.49e-05
[01:20:27]     train step 1000/4000 loss=0.04094 lr=9.07e-05
[01:20:33]     train step 1200/4000 loss=0.03228 lr=8.53e-05
[01:20:38]     train step 1400/4000 loss=0.02606 lr=7.90e-05
[01:20:44]     train step 1600/4000 loss=0.02171 lr=7.19e-05
[01:20:50]     train step 1800/4000 loss=0.01893 lr=6.42e-05
[01:20:55]     train step 2000/4000 loss=0.01660 lr=5.62e-05
[01:21:01]     train step 2200/4000 loss=0.01456 lr=4.80e-05
[01:21:06]     train step 2400/4000 loss=0.01269 lr=3.99e-05
[01:21:12]     train step 2600/4000 loss=0.01129 lr=3.20e-05
[01:21:18]     train step 2800/4000 loss=0.01009 lr=2.48e-05
[01:21:23]     train step 3000/4000 loss=0.00905 lr=1.82e-05
[01:21:29]     train step 3200/4000 loss=0.00837 lr=1.26e-05
[01:21:34]     train step 3400/4000 loss=0.00784 lr=8.08e-06
[01:21:40]     train step 3600/4000 loss=0.00743 lr=4.74e-06
[01:21:45]     train step 3800/4000 loss=0.00721 lr=2.69e-06
[01:21:51]     train step 4000/4000 loss=0.00715 lr=2.00e-06
[01:22:02]   [calibrate] threshold(alpha=0.99)=0.01114 over 1596 samples (median=0.00729)
[01:24:54]   [eval] pure-policy success=0.890 mean_len=77 (fixed 100-ep set)
[01:26:05]   [screen] 5/40 failures found
[01:26:06]   [collect a0] mode=select choice=random_alloc cited=[3000051] success=True len=42
[01:26:06] 
===== DISTIL Round 2 | dataset=10 trajs =====
[01:26:06]   [train] 10 trajs, 441 windows, state_dim=23 act_dim=7 params=4.26M steps=4000
[01:26:12]     train step 200/4000 loss=0.58044 lr=8.00e-05
[01:26:18]     train step 400/4000 loss=0.21147 lr=9.96e-05
[01:26:23]     train step 600/4000 loss=0.07959 lr=9.79e-05
[01:26:29]     train step 800/4000 loss=0.04998 lr=9.49e-05
[01:26:35]     train step 1000/4000 loss=0.03655 lr=9.07e-05
[01:26:40]     train step 1200/4000 loss=0.02910 lr=8.53e-05
[01:26:46]     train step 1400/4000 loss=0.02413 lr=7.90e-05
[01:26:52]     train step 1600/4000 loss=0.02027 lr=7.19e-05
[01:26:57]     train step 1800/4000 loss=0.01725 lr=6.42e-05
[01:27:03]     train step 2000/4000 loss=0.01538 lr=5.62e-05
[01:27:09]     train step 2200/4000 loss=0.01413 lr=4.80e-05
[01:27:14]     train step 2400/4000 loss=0.01246 lr=3.99e-05
[01:27:20]     train step 2600/4000 loss=0.01104 lr=3.20e-05
[01:27:26]     train step 2800/4000 loss=0.00987 lr=2.48e-05
[01:27:31]     train step 3000/4000 loss=0.00955 lr=1.82e-05
[01:27:37]     train step 3200/4000 loss=0.00858 lr=1.26e-05
[01:27:43]     train step 3400/4000 loss=0.00808 lr=8.08e-06
[01:27:48]     train step 3600/4000 loss=0.00778 lr=4.74e-06
[01:27:54]     train step 3800/4000 loss=0.00753 lr=2.69e-06
[01:28:00]     train step 4000/4000 loss=0.00745 lr=2.00e-06
[01:28:11]   [calibrate] threshold(alpha=0.99)=0.01226 over 1764 samples (median=0.00749)
[01:30:08]   [eval] pure-policy success=0.980 mean_len=51 (fixed 100-ep set)
[01:30:57]   [screen] 1/40 failures found
[01:30:57]   [collect a0] mode=select choice=random_alloc cited=[3000091] success=True len=41
[01:30:58] 
===== DISTIL Round 3 | dataset=11 trajs =====
[01:30:58]   [train] 11 trajs, 482 windows, state_dim=23 act_dim=7 params=4.26M steps=4000
[01:31:04]     train step 200/4000 loss=0.58560 lr=8.00e-05
[01:31:09]     train step 400/4000 loss=0.22307 lr=9.96e-05
[01:31:15]     train step 600/4000 loss=0.08085 lr=9.79e-05
[01:31:21]     train step 800/4000 loss=0.05120 lr=9.49e-05
[01:31:27]     train step 1000/4000 loss=0.03773 lr=9.07e-05
[01:31:32]     train step 1200/4000 loss=0.03006 lr=8.53e-05
[01:31:38]     train step 1400/4000 loss=0.02483 lr=7.90e-05
[01:31:44]     train step 1600/4000 loss=0.02072 lr=7.19e-05
[01:31:50]     train step 1800/4000 loss=0.01810 lr=6.42e-05
[01:31:55]     train step 2000/4000 loss=0.01532 lr=5.62e-05
[01:32:01]     train step 2200/4000 loss=0.01352 lr=4.80e-05
[01:32:07]     train step 2400/4000 loss=0.01198 lr=3.99e-05
[01:32:12]     train step 2600/4000 loss=0.01068 lr=3.20e-05
[01:32:18]     train step 2800/4000 loss=0.00969 lr=2.48e-05
[01:32:24]     train step 3000/4000 loss=0.00869 lr=1.82e-05
[01:32:30]     train step 3200/4000 loss=0.00809 lr=1.26e-05
[01:32:35]     train step 3400/4000 loss=0.00758 lr=8.08e-06
[01:32:41]     train step 3600/4000 loss=0.00729 lr=4.74e-06
[01:32:47]     train step 3800/4000 loss=0.00714 lr=2.69e-06
[01:32:53]     train step 4000/4000 loss=0.00702 lr=2.00e-06
[01:33:05]   [calibrate] threshold(alpha=0.99)=0.01227 over 1928 samples (median=0.00698)
[01:35:00]   [eval] pure-policy success=0.980 mean_len=50 (fixed 100-ep set)
[01:35:48]   [screen] 1/40 failures found
[01:35:49]   [collect a0] mode=select choice=random_alloc cited=[3000127] success=True len=15
[01:35:49] 
===== DISTIL Round 4 | dataset=12 trajs =====
[01:35:49]   [train] 12 trajs, 497 windows, state_dim=23 act_dim=7 params=4.26M steps=4000
[01:35:55]     train step 200/4000 loss=0.65209 lr=8.00e-05
[01:36:01]     train step 400/4000 loss=0.21884 lr=9.96e-05
[01:36:07]     train step 600/4000 loss=0.07718 lr=9.79e-05
[01:36:12]     train step 800/4000 loss=0.04879 lr=9.49e-05
[01:36:18]     train step 1000/4000 loss=0.03521 lr=9.07e-05
[01:36:24]     train step 1200/4000 loss=0.02846 lr=8.53e-05
[01:36:30]     train step 1400/4000 loss=0.02338 lr=7.90e-05
[01:36:35]     train step 1600/4000 loss=0.02089 lr=7.19e-05
[01:36:41]     train step 1800/4000 loss=0.01791 lr=6.42e-05
[01:36:47]     train step 2000/4000 loss=0.01527 lr=5.62e-05
[01:36:53]     train step 2200/4000 loss=0.01390 lr=4.80e-05
[01:36:58]     train step 2400/4000 loss=0.01191 lr=3.99e-05
[01:37:04]     train step 2600/4000 loss=0.01080 lr=3.20e-05
[01:37:10]     train step 2800/4000 loss=0.00955 lr=2.48e-05
[01:37:16]     train step 3000/4000 loss=0.00884 lr=1.82e-05
[01:37:21]     train step 3200/4000 loss=0.00806 lr=1.26e-05
[01:37:27]     train step 3400/4000 loss=0.00768 lr=8.08e-06
[01:37:33]     train step 3600/4000 loss=0.00736 lr=4.74e-06
[01:37:39]     train step 3800/4000 loss=0.00712 lr=2.69e-06
[01:37:44]     train step 4000/4000 loss=0.00707 lr=2.00e-06
[01:37:57]   [calibrate] threshold(alpha=0.99)=0.01316 over 1988 samples (median=0.00713)
[01:39:43]   [eval] pure-policy success=1.000 mean_len=46 (fixed 100-ep set)
[01:40:26]   [screen] 0/40 failures found
[01:40:26]   [screen] no usable failures — budget-free, next round (1/4 toward saturation stop)
[01:40:26] 
===== DISTIL Round 5 | dataset=12 trajs =====
[01:40:26]   [train] 12 trajs, 497 windows, state_dim=23 act_dim=7 params=4.26M steps=4000
[01:40:32]     train step 200/4000 loss=0.58617 lr=8.00e-05
[01:40:38]     train step 400/4000 loss=0.23268 lr=9.96e-05
[01:40:44]     train step 600/4000 loss=0.08199 lr=9.79e-05
[01:40:49]     train step 800/4000 loss=0.05046 lr=9.49e-05
[01:40:55]     train step 1000/4000 loss=0.03689 lr=9.07e-05
[01:41:01]     train step 1200/4000 loss=0.02948 lr=8.53e-05
[01:41:07]     train step 1400/4000 loss=0.02450 lr=7.90e-05
[01:41:12]     train step 1600/4000 loss=0.02125 lr=7.19e-05
[01:41:18]     train step 1800/4000 loss=0.01799 lr=6.42e-05
[01:41:24]     train step 2000/4000 loss=0.01597 lr=5.62e-05
[01:41:29]     train step 2200/4000 loss=0.01383 lr=4.80e-05
[01:41:35]     train step 2400/4000 loss=0.01194 lr=3.99e-05
[01:41:41]     train step 2600/4000 loss=0.01084 lr=3.20e-05
[01:41:47]     train step 2800/4000 loss=0.00996 lr=2.48e-05
[01:41:52]     train step 3000/4000 loss=0.00896 lr=1.82e-05
[01:41:58]     train step 3200/4000 loss=0.00843 lr=1.26e-05
[01:42:04]     train step 3400/4000 loss=0.00811 lr=8.08e-06
[01:42:10]     train step 3600/4000 loss=0.00781 lr=4.74e-06
[01:42:15]     train step 3800/4000 loss=0.00767 lr=2.69e-06
[01:42:21]     train step 4000/4000 loss=0.00752 lr=2.00e-06
[01:42:34]   [calibrate] threshold(alpha=0.99)=0.01449 over 1988 samples (median=0.00769)
[01:44:20]   [eval] pure-policy success=1.000 mean_len=46 (fixed 100-ep set)
[01:45:03]   [screen] 0/40 failures found
[01:45:03]   [screen] no usable failures — budget-free, next round (2/4 toward saturation stop)
[01:45:03] 
===== DISTIL Round 6 | dataset=12 trajs =====
[01:45:03]   [train] 12 trajs, 497 windows, state_dim=23 act_dim=7 params=4.26M steps=4000
[01:45:09]     train step 200/4000 loss=0.58479 lr=8.00e-05
[01:45:15]     train step 400/4000 loss=0.22611 lr=9.96e-05
[01:45:20]     train step 600/4000 loss=0.08373 lr=9.79e-05
[01:45:26]     train step 800/4000 loss=0.05126 lr=9.49e-05
[01:45:32]     train step 1000/4000 loss=0.03775 lr=9.07e-05
[01:45:38]     train step 1200/4000 loss=0.02940 lr=8.53e-05
[01:45:43]     train step 1400/4000 loss=0.02480 lr=7.90e-05
[01:45:49]     train step 1600/4000 loss=0.02138 lr=7.19e-05
[01:45:55]     train step 1800/4000 loss=0.01884 lr=6.42e-05
[01:46:01]     train step 2000/4000 loss=0.01718 lr=5.62e-05
[01:46:06]     train step 2200/4000 loss=0.01544 lr=4.80e-05
[01:46:12]     train step 2400/4000 loss=0.01368 lr=3.99e-05
[01:46:18]     train step 2600/4000 loss=0.01251 lr=3.20e-05
[01:46:24]     train step 2800/4000 loss=0.01123 lr=2.48e-05
[01:46:29]     train step 3000/4000 loss=0.01032 lr=1.82e-05
[01:46:35]     train step 3200/4000 loss=0.00962 lr=1.26e-05
[01:46:41]     train step 3400/4000 loss=0.00913 lr=8.08e-06
[01:46:47]     train step 3600/4000 loss=0.00872 lr=4.74e-06
[01:46:52]     train step 3800/4000 loss=0.00862 lr=2.69e-06
[01:46:58]     train step 4000/4000 loss=0.00847 lr=2.00e-06
[01:47:11]   [calibrate] threshold(alpha=0.99)=0.01713 over 1988 samples (median=0.00774)
[01:48:57]   [eval] pure-policy success=1.000 mean_len=46 (fixed 100-ep set)
[01:49:40]   [screen] 0/40 failures found
[01:49:40]   [screen] no usable failures — budget-free, next round (3/4 toward saturation stop)
[01:49:40] 
===== DISTIL Round 7 | dataset=12 trajs =====
[01:49:40]   [train] 12 trajs, 497 windows, state_dim=23 act_dim=7 params=4.26M steps=4000
[01:49:46]     train step 200/4000 loss=0.62873 lr=8.00e-05
[01:49:51]     train step 400/4000 loss=0.22308 lr=9.96e-05
[01:49:57]     train step 600/4000 loss=0.08334 lr=9.79e-05
[01:50:03]     train step 800/4000 loss=0.05117 lr=9.49e-05
[01:50:09]     train step 1000/4000 loss=0.03878 lr=9.07e-05
[01:50:14]     train step 1200/4000 loss=0.03078 lr=8.53e-05
[01:50:20]     train step 1400/4000 loss=0.02590 lr=7.90e-05
[01:50:26]     train step 1600/4000 loss=0.02192 lr=7.19e-05
[01:50:31]     train step 1800/4000 loss=0.01901 lr=6.42e-05
[01:50:37]     train step 2000/4000 loss=0.01616 lr=5.62e-05
[01:50:43]     train step 2200/4000 loss=0.01443 lr=4.80e-05
[01:50:49]     train step 2400/4000 loss=0.01264 lr=3.99e-05
[01:50:55]     train step 2600/4000 loss=0.01134 lr=3.20e-05
[01:51:00]     train step 2800/4000 loss=0.01027 lr=2.48e-05
[01:51:06]     train step 3000/4000 loss=0.00922 lr=1.82e-05
[01:51:12]     train step 3200/4000 loss=0.00867 lr=1.26e-05
[01:51:18]     train step 3400/4000 loss=0.00821 lr=8.08e-06
[01:51:23]     train step 3600/4000 loss=0.00788 lr=4.74e-06
[01:51:29]     train step 3800/4000 loss=0.00776 lr=2.69e-06
[01:51:35]     train step 4000/4000 loss=0.00755 lr=2.00e-06
[01:51:48]   [calibrate] threshold(alpha=0.99)=0.01457 over 1988 samples (median=0.00761)
[01:53:48]   [eval] pure-policy success=0.970 mean_len=53 (fixed 100-ep set)
[01:54:34]   [screen] 0/40 failures found
[01:54:34]   [screen] no usable failures for 4 consecutive rounds -> saturated (sr=0.970); stopping early
[01:54:34] 
[FINAL] DISTIL pure-policy success=0.97 | demos=12 (last frozen held-out eval)
[01:54:34] DONE in 2646.7s | final_success=0.97
[01:54:34] [write] /weka/s226137394/DmNfull/distil/results/Lift/state/allocation_random/seed2/result.json
