[01:10:25] [env] loaded /weka/s226137394/DmNfull/.env
[01:10:25] ===== DISTIL | task=Lift modality=state ablation=allocation_random seed=1 budget=20 smoke=False device=cuda =====
[01:10:26] [bootstrap] loaded 8 shared demos from /weka/s226137394/DmNfull/distil/results/shared_bootstrap/Lift_state/Lift_state_ni8.pkl
[01:10:26] [kag] copied Lift.json + rendered .kag.txt into /weka/s226137394/DmNfull/distil/results/Lift/state/allocation_random/seed1/kag
[01:10:28] [init] using 8 bootstrap demos (shared with baselines)
[01:10:28] 
===== DISTIL Round 0 | dataset=8 trajs =====
[01:10:29]   [train] 8 trajs, 357 windows, state_dim=23 act_dim=7 params=4.26M steps=8000
[01:10:36]     train step 200/8000 loss=0.60032 lr=8.00e-05
[01:10:42]     train step 400/8000 loss=0.24848 lr=9.99e-05
[01:10:47]     train step 600/8000 loss=0.08813 lr=9.95e-05
[01:10:53]     train step 800/8000 loss=0.05280 lr=9.88e-05
[01:10:59]     train step 1000/8000 loss=0.03827 lr=9.78e-05
[01:11:04]     train step 1200/8000 loss=0.03041 lr=9.64e-05
[01:11:10]     train step 1400/8000 loss=0.02604 lr=9.48e-05
[01:11:15]     train step 1600/8000 loss=0.02178 lr=9.29e-05
[01:11:21]     train step 1800/8000 loss=0.01945 lr=9.07e-05
[01:11:26]     train step 2000/8000 loss=0.01689 lr=8.82e-05
[01:11:32]     train step 2200/8000 loss=0.01509 lr=8.55e-05
[01:11:37]     train step 2400/8000 loss=0.01341 lr=8.26e-05
[01:11:43]     train step 2600/8000 loss=0.01230 lr=7.94e-05
[01:11:49]     train step 2800/8000 loss=0.01037 lr=7.61e-05
[01:11:54]     train step 3000/8000 loss=0.00995 lr=7.26e-05
[01:12:00]     train step 3200/8000 loss=0.00845 lr=6.90e-05
[01:12:05]     train step 3400/8000 loss=0.00818 lr=6.52e-05
[01:12:11]     train step 3600/8000 loss=0.00693 lr=6.14e-05
[01:12:16]     train step 3800/8000 loss=0.00641 lr=5.75e-05
[01:12:22]     train step 4000/8000 loss=0.00581 lr=5.35e-05
[01:12:27]     train step 4200/8000 loss=0.00533 lr=4.95e-05
[01:12:33]     train step 4400/8000 loss=0.00485 lr=4.56e-05
[01:12:38]     train step 4600/8000 loss=0.00470 lr=4.16e-05
[01:12:44]     train step 4800/8000 loss=0.00406 lr=3.78e-05
[01:12:49]     train step 5000/8000 loss=0.00361 lr=3.40e-05
[01:12:55]     train step 5200/8000 loss=0.00343 lr=3.03e-05
[01:13:00]     train step 5400/8000 loss=0.00318 lr=2.68e-05
[01:13:06]     train step 5600/8000 loss=0.00287 lr=2.34e-05
[01:13:11]     train step 5800/8000 loss=0.00270 lr=2.02e-05
[01:13:17]     train step 6000/8000 loss=0.00263 lr=1.73e-05
[01:13:22]     train step 6200/8000 loss=0.00264 lr=1.45e-05
[01:13:28]     train step 6400/8000 loss=0.00239 lr=1.20e-05
[01:13:34]     train step 6600/8000 loss=0.00231 lr=9.69e-06
[01:13:39]     train step 6800/8000 loss=0.00231 lr=7.69e-06
[01:13:45]     train step 7000/8000 loss=0.00220 lr=5.98e-06
[01:13:50]     train step 7200/8000 loss=0.00218 lr=4.56e-06
[01:13:56]     train step 7400/8000 loss=0.00214 lr=3.45e-06
[01:14:01]     train step 7600/8000 loss=0.00211 lr=2.65e-06
[01:14:07]     train step 7800/8000 loss=0.00209 lr=2.16e-06
[01:14:12]     train step 8000/8000 loss=0.00207 lr=2.00e-06
[01:14:22]   [calibrate] threshold(alpha=0.99)=0.00314 over 1428 samples (median=0.00208)
[01:19:02]   [eval] pure-policy success=0.720 mean_len=123 (fixed 100-ep set)
[01:20:21]   [screen] 5/40 failures found
[01:20:22]   [collect a0] mode=select choice=random_alloc cited=[3000019] success=True len=44
[01:20:22] 
===== DISTIL Round 1 | dataset=9 trajs =====
[01:20:22]   [train] 9 trajs, 401 windows, state_dim=23 act_dim=7 params=4.26M steps=4000
[01:20:28]     train step 200/4000 loss=0.61818 lr=8.00e-05
[01:20:33]     train step 400/4000 loss=0.24662 lr=9.96e-05
[01:20:39]     train step 600/4000 loss=0.08913 lr=9.79e-05
[01:20:44]     train step 800/4000 loss=0.05372 lr=9.49e-05
[01:20:50]     train step 1000/4000 loss=0.03837 lr=9.07e-05
[01:20:55]     train step 1200/4000 loss=0.03013 lr=8.53e-05
[01:21:01]     train step 1400/4000 loss=0.02570 lr=7.90e-05
[01:21:07]     train step 1600/4000 loss=0.02083 lr=7.19e-05
[01:21:12]     train step 1800/4000 loss=0.01769 lr=6.42e-05
[01:21:18]     train step 2000/4000 loss=0.01578 lr=5.62e-05
[01:21:23]     train step 2200/4000 loss=0.01376 lr=4.80e-05
[01:21:29]     train step 2400/4000 loss=0.01257 lr=3.99e-05
[01:21:35]     train step 2600/4000 loss=0.01087 lr=3.20e-05
[01:21:40]     train step 2800/4000 loss=0.00995 lr=2.48e-05
[01:21:46]     train step 3000/4000 loss=0.00893 lr=1.82e-05
[01:21:51]     train step 3200/4000 loss=0.00823 lr=1.26e-05
[01:21:57]     train step 3400/4000 loss=0.00789 lr=8.08e-06
[01:22:02]     train step 3600/4000 loss=0.00754 lr=4.74e-06
[01:22:08]     train step 3800/4000 loss=0.00725 lr=2.69e-06
[01:22:14]     train step 4000/4000 loss=0.00727 lr=2.00e-06
[01:22:24]   [calibrate] threshold(alpha=0.99)=0.01273 over 1604 samples (median=0.00718)
[01:25:13]   [eval] pure-policy success=0.870 mean_len=75 (fixed 100-ep set)
[01:26:12]   [screen] 3/40 failures found
[01:26:12]   [collect a0] mode=select choice=random_alloc cited=[3000052] success=True len=41
[01:26:12] 
===== DISTIL Round 2 | dataset=10 trajs =====
[01:26:12]   [train] 10 trajs, 442 windows, state_dim=23 act_dim=7 params=4.26M steps=4000
[01:26:18]     train step 200/4000 loss=0.61637 lr=8.00e-05
[01:26:24]     train step 400/4000 loss=0.22877 lr=9.96e-05
[01:26:30]     train step 600/4000 loss=0.08515 lr=9.79e-05
[01:26:35]     train step 800/4000 loss=0.05040 lr=9.49e-05
[01:26:41]     train step 1000/4000 loss=0.03751 lr=9.07e-05
[01:26:47]     train step 1200/4000 loss=0.02955 lr=8.53e-05
[01:26:52]     train step 1400/4000 loss=0.02461 lr=7.90e-05
[01:26:58]     train step 1600/4000 loss=0.02067 lr=7.19e-05
[01:27:04]     train step 1800/4000 loss=0.01758 lr=6.42e-05
[01:27:09]     train step 2000/4000 loss=0.01490 lr=5.62e-05
[01:27:15]     train step 2200/4000 loss=0.01310 lr=4.80e-05
[01:27:21]     train step 2400/4000 loss=0.01160 lr=3.99e-05
[01:27:26]     train step 2600/4000 loss=0.01044 lr=3.20e-05
[01:27:32]     train step 2800/4000 loss=0.00919 lr=2.48e-05
[01:27:38]     train step 3000/4000 loss=0.00841 lr=1.82e-05
[01:27:43]     train step 3200/4000 loss=0.00780 lr=1.26e-05
[01:27:49]     train step 3400/4000 loss=0.00735 lr=8.08e-06
[01:27:55]     train step 3600/4000 loss=0.00700 lr=4.74e-06
[01:28:00]     train step 3800/4000 loss=0.00680 lr=2.69e-06
[01:28:06]     train step 4000/4000 loss=0.00679 lr=2.00e-06
[01:28:17]   [calibrate] threshold(alpha=0.99)=0.01127 over 1768 samples (median=0.00674)
[01:30:02]   [eval] pure-policy success=1.000 mean_len=46 (fixed 100-ep set)
[01:30:55]   [screen] 1/40 failures found
[01:30:55]   [collect a0] mode=select choice=random_alloc cited=[3000101] success=True len=40
[01:30:55] 
===== DISTIL Round 3 | dataset=11 trajs =====
[01:30:55]   [train] 11 trajs, 482 windows, state_dim=23 act_dim=7 params=4.26M steps=4000
[01:31:01]     train step 200/4000 loss=0.62414 lr=8.00e-05
[01:31:07]     train step 400/4000 loss=0.24944 lr=9.96e-05
[01:31:13]     train step 600/4000 loss=0.09200 lr=9.79e-05
[01:31:19]     train step 800/4000 loss=0.05560 lr=9.49e-05
[01:31:24]     train step 1000/4000 loss=0.04003 lr=9.07e-05
[01:31:30]     train step 1200/4000 loss=0.03165 lr=8.53e-05
[01:31:36]     train step 1400/4000 loss=0.02550 lr=7.90e-05
[01:31:42]     train step 1600/4000 loss=0.02126 lr=7.19e-05
[01:31:47]     train step 1800/4000 loss=0.01830 lr=6.42e-05
[01:31:53]     train step 2000/4000 loss=0.01639 lr=5.62e-05
[01:31:59]     train step 2200/4000 loss=0.01396 lr=4.80e-05
[01:32:05]     train step 2400/4000 loss=0.01233 lr=3.99e-05
[01:32:10]     train step 2600/4000 loss=0.01111 lr=3.20e-05
[01:32:16]     train step 2800/4000 loss=0.01002 lr=2.48e-05
[01:32:22]     train step 3000/4000 loss=0.00913 lr=1.82e-05
[01:32:27]     train step 3200/4000 loss=0.00842 lr=1.26e-05
[01:32:33]     train step 3400/4000 loss=0.00790 lr=8.08e-06
[01:32:39]     train step 3600/4000 loss=0.00764 lr=4.74e-06
[01:32:45]     train step 3800/4000 loss=0.00745 lr=2.69e-06
[01:32:50]     train step 4000/4000 loss=0.00738 lr=2.00e-06
[01:33:03]   [calibrate] threshold(alpha=0.99)=0.01354 over 1928 samples (median=0.00735)
[01:34:54]   [eval] pure-policy success=1.000 mean_len=48 (fixed 100-ep set)
[01:35:37]   [screen] 0/40 failures found
[01:35:37]   [screen] no usable failures — budget-free, next round (1/4 toward saturation stop)
[01:35:37] 
===== DISTIL Round 4 | dataset=11 trajs =====
[01:35:37]   [train] 11 trajs, 482 windows, state_dim=23 act_dim=7 params=4.26M steps=4000
[01:35:43]     train step 200/4000 loss=0.65986 lr=8.00e-05
[01:35:48]     train step 400/4000 loss=0.24217 lr=9.96e-05
[01:35:54]     train step 600/4000 loss=0.08329 lr=9.79e-05
[01:36:00]     train step 800/4000 loss=0.05047 lr=9.49e-05
[01:36:06]     train step 1000/4000 loss=0.03783 lr=9.07e-05
[01:36:11]     train step 1200/4000 loss=0.03052 lr=8.53e-05
[01:36:17]     train step 1400/4000 loss=0.02496 lr=7.90e-05
[01:36:23]     train step 1600/4000 loss=0.02138 lr=7.19e-05
[01:36:29]     train step 1800/4000 loss=0.01847 lr=6.42e-05
[01:36:34]     train step 2000/4000 loss=0.01634 lr=5.62e-05
[01:36:40]     train step 2200/4000 loss=0.01438 lr=4.80e-05
[01:36:46]     train step 2400/4000 loss=0.01298 lr=3.99e-05
[01:36:51]     train step 2600/4000 loss=0.01150 lr=3.20e-05
[01:36:57]     train step 2800/4000 loss=0.01041 lr=2.48e-05
[01:37:03]     train step 3000/4000 loss=0.00948 lr=1.82e-05
[01:37:09]     train step 3200/4000 loss=0.00877 lr=1.26e-05
[01:37:14]     train step 3400/4000 loss=0.00821 lr=8.08e-06
[01:37:20]     train step 3600/4000 loss=0.00795 lr=4.74e-06
[01:37:26]     train step 3800/4000 loss=0.00770 lr=2.69e-06
[01:37:31]     train step 4000/4000 loss=0.00761 lr=2.00e-06
[01:37:44]   [calibrate] threshold(alpha=0.99)=0.01540 over 1928 samples (median=0.00715)
[01:39:30]   [eval] pure-policy success=1.000 mean_len=46 (fixed 100-ep set)
[01:40:13]   [screen] 0/40 failures found
[01:40:13]   [screen] no usable failures — budget-free, next round (2/4 toward saturation stop)
[01:40:13] 
===== DISTIL Round 5 | dataset=11 trajs =====
[01:40:13]   [train] 11 trajs, 482 windows, state_dim=23 act_dim=7 params=4.26M steps=4000
[01:40:19]     train step 200/4000 loss=0.57795 lr=8.00e-05
[01:40:25]     train step 400/4000 loss=0.20937 lr=9.96e-05
[01:40:30]     train step 600/4000 loss=0.08323 lr=9.79e-05
[01:40:36]     train step 800/4000 loss=0.05478 lr=9.49e-05
[01:40:42]     train step 1000/4000 loss=0.03993 lr=9.07e-05
[01:40:47]     train step 1200/4000 loss=0.03202 lr=8.53e-05
[01:40:53]     train step 1400/4000 loss=0.02641 lr=7.90e-05
[01:40:59]     train step 1600/4000 loss=0.02233 lr=7.19e-05
[01:41:04]     train step 1800/4000 loss=0.01951 lr=6.42e-05
[01:41:10]     train step 2000/4000 loss=0.01714 lr=5.62e-05
[01:41:16]     train step 2200/4000 loss=0.01491 lr=4.80e-05
[01:41:22]     train step 2400/4000 loss=0.01347 lr=3.99e-05
[01:41:27]     train step 2600/4000 loss=0.01218 lr=3.20e-05
[01:41:33]     train step 2800/4000 loss=0.01094 lr=2.48e-05
[01:41:39]     train step 3000/4000 loss=0.00989 lr=1.82e-05
[01:41:44]     train step 3200/4000 loss=0.00920 lr=1.26e-05
[01:41:50]     train step 3400/4000 loss=0.00857 lr=8.08e-06
[01:41:56]     train step 3600/4000 loss=0.00830 lr=4.74e-06
[01:42:02]     train step 3800/4000 loss=0.00805 lr=2.69e-06
[01:42:07]     train step 4000/4000 loss=0.00793 lr=2.00e-06
[01:42:20]   [calibrate] threshold(alpha=0.99)=0.01391 over 1928 samples (median=0.00803)
[01:44:06]   [eval] pure-policy success=1.000 mean_len=46 (fixed 100-ep set)
[01:44:48]   [screen] 0/40 failures found
[01:44:49]   [screen] no usable failures — budget-free, next round (3/4 toward saturation stop)
[01:44:49] 
===== DISTIL Round 6 | dataset=11 trajs =====
[01:44:49]   [train] 11 trajs, 482 windows, state_dim=23 act_dim=7 params=4.26M steps=4000
[01:44:54]     train step 200/4000 loss=0.59215 lr=8.00e-05
[01:45:00]     train step 400/4000 loss=0.20814 lr=9.96e-05
[01:45:06]     train step 600/4000 loss=0.08647 lr=9.79e-05
[01:45:12]     train step 800/4000 loss=0.05505 lr=9.49e-05
[01:45:17]     train step 1000/4000 loss=0.04026 lr=9.07e-05
[01:45:23]     train step 1200/4000 loss=0.03173 lr=8.53e-05
[01:45:29]     train step 1400/4000 loss=0.02721 lr=7.90e-05
[01:45:34]     train step 1600/4000 loss=0.02286 lr=7.19e-05
[01:45:40]     train step 1800/4000 loss=0.02010 lr=6.42e-05
[01:45:46]     train step 2000/4000 loss=0.01706 lr=5.62e-05
[01:45:52]     train step 2200/4000 loss=0.01470 lr=4.80e-05
[01:45:57]     train step 2400/4000 loss=0.01312 lr=3.99e-05
[01:46:03]     train step 2600/4000 loss=0.01144 lr=3.20e-05
[01:46:09]     train step 2800/4000 loss=0.01022 lr=2.48e-05
[01:46:14]     train step 3000/4000 loss=0.00925 lr=1.82e-05
[01:46:20]     train step 3200/4000 loss=0.00849 lr=1.26e-05
[01:46:26]     train step 3400/4000 loss=0.00796 lr=8.08e-06
[01:46:32]     train step 3600/4000 loss=0.00761 lr=4.74e-06
[01:46:37]     train step 3800/4000 loss=0.00733 lr=2.69e-06
[01:46:43]     train step 4000/4000 loss=0.00723 lr=2.00e-06
[01:46:56]   [calibrate] threshold(alpha=0.99)=0.01315 over 1928 samples (median=0.00742)
[01:48:43]   [eval] pure-policy success=1.000 mean_len=47 (fixed 100-ep set)
[01:49:32]   [screen] 1/40 failures found
[01:49:32]   [collect a0] mode=select choice=random_alloc cited=[3000272] success=True len=45
[01:49:32] 
===== DISTIL Round 7 | dataset=12 trajs =====
[01:49:32]   [train] 12 trajs, 527 windows, state_dim=23 act_dim=7 params=4.26M steps=4000
[01:49:38]     train step 200/4000 loss=0.60469 lr=8.00e-05
[01:49:44]     train step 400/4000 loss=0.21668 lr=9.96e-05
[01:49:50]     train step 600/4000 loss=0.08238 lr=9.79e-05
[01:49:55]     train step 800/4000 loss=0.05055 lr=9.49e-05
[01:50:01]     train step 1000/4000 loss=0.03641 lr=9.07e-05
[01:50:07]     train step 1200/4000 loss=0.02928 lr=8.53e-05
[01:50:13]     train step 1400/4000 loss=0.02414 lr=7.90e-05
[01:50:18]     train step 1600/4000 loss=0.02051 lr=7.19e-05
[01:50:24]     train step 1800/4000 loss=0.01800 lr=6.42e-05
[01:50:30]     train step 2000/4000 loss=0.01531 lr=5.62e-05
[01:50:35]     train step 2200/4000 loss=0.01367 lr=4.80e-05
[01:50:41]     train step 2400/4000 loss=0.01197 lr=3.99e-05
[01:50:47]     train step 2600/4000 loss=0.01083 lr=3.20e-05
[01:50:53]     train step 2800/4000 loss=0.00970 lr=2.48e-05
[01:50:58]     train step 3000/4000 loss=0.00886 lr=1.82e-05
[01:51:04]     train step 3200/4000 loss=0.00816 lr=1.26e-05
[01:51:10]     train step 3400/4000 loss=0.00776 lr=8.08e-06
[01:51:16]     train step 3600/4000 loss=0.00745 lr=4.74e-06
[01:51:21]     train step 3800/4000 loss=0.00731 lr=2.69e-06
[01:51:27]     train step 4000/4000 loss=0.00724 lr=2.00e-06
[01:51:41]   [calibrate] threshold(alpha=0.99)=0.01264 over 2108 samples (median=0.00723)
[01:53:24]   [eval] pure-policy success=1.000 mean_len=45 (fixed 100-ep set)
[01:54:07]   [screen] 0/40 failures found
[01:54:08]   [screen] no usable failures — budget-free, next round (1/4 toward saturation stop)
[01:54:08] 
===== DISTIL Round 8 | dataset=12 trajs =====
[01:54:08]   [train] 12 trajs, 527 windows, state_dim=23 act_dim=7 params=4.26M steps=4000
[01:54:13]     train step 200/4000 loss=0.59991 lr=8.00e-05
[01:54:19]     train step 400/4000 loss=0.23456 lr=9.96e-05
[01:54:25]     train step 600/4000 loss=0.08944 lr=9.79e-05
[01:54:30]     train step 800/4000 loss=0.05585 lr=9.49e-05
[01:54:36]     train step 1000/4000 loss=0.04050 lr=9.07e-05
[01:54:42]     train step 1200/4000 loss=0.03200 lr=8.53e-05
[01:54:48]     train step 1400/4000 loss=0.02681 lr=7.90e-05
[01:54:53]     train step 1600/4000 loss=0.02256 lr=7.19e-05
[01:54:59]     train step 1800/4000 loss=0.01991 lr=6.42e-05
[01:55:05]     train step 2000/4000 loss=0.01710 lr=5.62e-05
[01:55:11]     train step 2200/4000 loss=0.01530 lr=4.80e-05
[01:55:16]     train step 2400/4000 loss=0.01401 lr=3.99e-05
[01:55:22]     train step 2600/4000 loss=0.01259 lr=3.20e-05
[01:55:28]     train step 2800/4000 loss=0.01133 lr=2.48e-05
[01:55:34]     train step 3000/4000 loss=0.01037 lr=1.82e-05
[01:55:39]     train step 3200/4000 loss=0.00977 lr=1.26e-05
[01:55:45]     train step 3400/4000 loss=0.00931 lr=8.08e-06
[01:55:51]     train step 3600/4000 loss=0.00887 lr=4.74e-06
[01:55:57]     train step 3800/4000 loss=0.00878 lr=2.69e-06
[01:56:02]     train step 4000/4000 loss=0.00864 lr=2.00e-06
[01:56:16]   [calibrate] threshold(alpha=0.99)=0.01642 over 2108 samples (median=0.00864)
[01:57:59]   [eval] pure-policy success=1.000 mean_len=45 (fixed 100-ep set)
[01:58:43]   [screen] 0/40 failures found
[01:58:43]   [screen] no usable failures — budget-free, next round (2/4 toward saturation stop)
[01:58:43] 
===== DISTIL Round 9 | dataset=12 trajs =====
[01:58:43]   [train] 12 trajs, 527 windows, state_dim=23 act_dim=7 params=4.26M steps=4000
[01:58:49]     train step 200/4000 loss=0.65031 lr=8.00e-05
[01:58:55]     train step 400/4000 loss=0.22479 lr=9.96e-05
[01:59:00]     train step 600/4000 loss=0.08429 lr=9.79e-05
[01:59:06]     train step 800/4000 loss=0.05236 lr=9.49e-05
[01:59:12]     train step 1000/4000 loss=0.03840 lr=9.07e-05
[01:59:18]     train step 1200/4000 loss=0.03010 lr=8.53e-05
[01:59:23]     train step 1400/4000 loss=0.02545 lr=7.90e-05
[01:59:29]     train step 1600/4000 loss=0.02172 lr=7.19e-05
[01:59:35]     train step 1800/4000 loss=0.01887 lr=6.42e-05
[01:59:41]     train step 2000/4000 loss=0.01608 lr=5.62e-05
[01:59:46]     train step 2200/4000 loss=0.01453 lr=4.80e-05
[01:59:52]     train step 2400/4000 loss=0.01304 lr=3.99e-05
[01:59:58]     train step 2600/4000 loss=0.01166 lr=3.20e-05
[02:00:04]     train step 2800/4000 loss=0.01065 lr=2.48e-05
[02:00:09]     train step 3000/4000 loss=0.00987 lr=1.82e-05
[02:00:15]     train step 3200/4000 loss=0.00911 lr=1.26e-05
[02:00:21]     train step 3400/4000 loss=0.00873 lr=8.08e-06
[02:00:27]     train step 3600/4000 loss=0.00835 lr=4.74e-06
[02:00:32]     train step 3800/4000 loss=0.00820 lr=2.69e-06
[02:00:38]     train step 4000/4000 loss=0.00813 lr=2.00e-06
[02:00:52]   [calibrate] threshold(alpha=0.99)=0.01551 over 2108 samples (median=0.00827)
[02:02:35]   [eval] pure-policy success=1.000 mean_len=46 (fixed 100-ep set)
[02:03:18]   [screen] 0/40 failures found
[02:03:18]   [screen] no usable failures — budget-free, next round (3/4 toward saturation stop)
[02:03:18] 
===== DISTIL Round 10 | dataset=12 trajs =====
[02:03:18]   [train] 12 trajs, 527 windows, state_dim=23 act_dim=7 params=4.26M steps=4000
[02:03:24]     train step 200/4000 loss=0.57977 lr=8.00e-05
[02:03:30]     train step 400/4000 loss=0.21003 lr=9.96e-05
[02:03:36]     train step 600/4000 loss=0.07952 lr=9.79e-05
[02:03:41]     train step 800/4000 loss=0.05187 lr=9.49e-05
[02:03:47]     train step 1000/4000 loss=0.03954 lr=9.07e-05
[02:03:53]     train step 1200/4000 loss=0.03058 lr=8.53e-05
[02:03:59]     train step 1400/4000 loss=0.02525 lr=7.90e-05
[02:04:04]     train step 1600/4000 loss=0.02150 lr=7.19e-05
[02:04:10]     train step 1800/4000 loss=0.01859 lr=6.42e-05
[02:04:16]     train step 2000/4000 loss=0.01615 lr=5.62e-05
[02:04:21]     train step 2200/4000 loss=0.01423 lr=4.80e-05
[02:04:27]     train step 2400/4000 loss=0.01249 lr=3.99e-05
[02:04:33]     train step 2600/4000 loss=0.01113 lr=3.20e-05
[02:04:38]     train step 2800/4000 loss=0.00983 lr=2.48e-05
[02:04:44]     train step 3000/4000 loss=0.00894 lr=1.82e-05
[02:04:50]     train step 3200/4000 loss=0.00840 lr=1.26e-05
[02:04:56]     train step 3400/4000 loss=0.00787 lr=8.08e-06
[02:05:01]     train step 3600/4000 loss=0.00754 lr=4.74e-06
[02:05:07]     train step 3800/4000 loss=0.00735 lr=2.69e-06
[02:05:13]     train step 4000/4000 loss=0.00729 lr=2.00e-06
[02:05:27]   [calibrate] threshold(alpha=0.99)=0.01217 over 2108 samples (median=0.00736)
[02:07:09]   [eval] pure-policy success=1.000 mean_len=45 (fixed 100-ep set)
[02:07:56]   [screen] 1/40 failures found
[02:07:57]   [collect a0] mode=select choice=random_alloc cited=[3000403] success=True len=31
[02:07:58] 
===== DISTIL Round 11 | dataset=13 trajs =====
[02:07:58]   [train] 13 trajs, 558 windows, state_dim=23 act_dim=7 params=4.26M steps=4000
[02:08:03]     train step 200/4000 loss=0.57303 lr=8.00e-05
[02:08:09]     train step 400/4000 loss=0.21188 lr=9.96e-05
[02:08:15]     train step 600/4000 loss=0.07866 lr=9.79e-05
[02:08:21]     train step 800/4000 loss=0.05039 lr=9.49e-05
[02:08:26]     train step 1000/4000 loss=0.03872 lr=9.07e-05
[02:08:32]     train step 1200/4000 loss=0.03014 lr=8.53e-05
[02:08:38]     train step 1400/4000 loss=0.02618 lr=7.90e-05
[02:08:43]     train step 1600/4000 loss=0.02186 lr=7.19e-05
[02:08:49]     train step 1800/4000 loss=0.01906 lr=6.42e-05
[02:08:55]     train step 2000/4000 loss=0.01710 lr=5.62e-05
[02:09:00]     train step 2200/4000 loss=0.01491 lr=4.80e-05
[02:09:06]     train step 2400/4000 loss=0.01364 lr=3.99e-05
[02:09:12]     train step 2600/4000 loss=0.01203 lr=3.20e-05
[02:09:18]     train step 2800/4000 loss=0.01090 lr=2.48e-05
[02:09:23]     train step 3000/4000 loss=0.01016 lr=1.82e-05
[02:09:29]     train step 3200/4000 loss=0.00951 lr=1.26e-05
[02:09:35]     train step 3400/4000 loss=0.00912 lr=8.08e-06
[02:09:40]     train step 3600/4000 loss=0.00873 lr=4.74e-06
[02:09:46]     train step 3800/4000 loss=0.00852 lr=2.69e-06
[02:09:52]     train step 4000/4000 loss=0.00838 lr=2.00e-06
[02:10:06]   [calibrate] threshold(alpha=0.99)=0.01704 over 2232 samples (median=0.00848)
[02:11:49]   [eval] pure-policy success=1.000 mean_len=45 (fixed 100-ep set)
[02:12:32]   [screen] 0/40 failures found
[02:12:32]   [screen] no usable failures — budget-free, next round (1/4 toward saturation stop)
[02:12:32] 
===== DISTIL Round 12 | dataset=13 trajs =====
[02:12:32]   [train] 13 trajs, 558 windows, state_dim=23 act_dim=7 params=4.26M steps=4000
[02:12:38]     train step 200/4000 loss=0.60397 lr=8.00e-05
[02:12:44]     train step 400/4000 loss=0.22333 lr=9.96e-05
[02:12:50]     train step 600/4000 loss=0.08435 lr=9.79e-05
[02:12:55]     train step 800/4000 loss=0.05375 lr=9.49e-05
[02:13:01]     train step 1000/4000 loss=0.03931 lr=9.07e-05
[02:13:07]     train step 1200/4000 loss=0.03020 lr=8.53e-05
[02:13:13]     train step 1400/4000 loss=0.02501 lr=7.90e-05
[02:13:18]     train step 1600/4000 loss=0.02094 lr=7.19e-05
[02:13:24]     train step 1800/4000 loss=0.01821 lr=6.42e-05
[02:13:30]     train step 2000/4000 loss=0.01536 lr=5.62e-05
[02:13:35]     train step 2200/4000 loss=0.01340 lr=4.80e-05
[02:13:41]     train step 2400/4000 loss=0.01197 lr=3.99e-05
[02:13:47]     train step 2600/4000 loss=0.01038 lr=3.20e-05
[02:13:53]     train step 2800/4000 loss=0.00951 lr=2.48e-05
[02:13:59]     train step 3000/4000 loss=0.00861 lr=1.82e-05
[02:14:04]     train step 3200/4000 loss=0.00799 lr=1.26e-05
[02:14:10]     train step 3400/4000 loss=0.00767 lr=8.08e-06
[02:14:16]     train step 3600/4000 loss=0.00730 lr=4.74e-06
[02:14:21]     train step 3800/4000 loss=0.00709 lr=2.69e-06
[02:14:27]     train step 4000/4000 loss=0.00699 lr=2.00e-06
[02:14:42]   [calibrate] threshold(alpha=0.99)=0.01415 over 2232 samples (median=0.00701)
[02:16:30]   [eval] pure-policy success=0.990 mean_len=47 (fixed 100-ep set)
[02:17:13]   [screen] 0/40 failures found
[02:17:13]   [screen] no usable failures — budget-free, next round (2/4 toward saturation stop)
[02:17:13] 
===== DISTIL Round 13 | dataset=13 trajs =====
[02:17:13]   [train] 13 trajs, 558 windows, state_dim=23 act_dim=7 params=4.26M steps=4000
[02:17:19]     train step 200/4000 loss=0.56658 lr=8.00e-05
[02:17:25]     train step 400/4000 loss=0.19860 lr=9.96e-05
[02:17:30]     train step 600/4000 loss=0.07572 lr=9.79e-05
[02:17:36]     train step 800/4000 loss=0.04896 lr=9.49e-05
[02:17:42]     train step 1000/4000 loss=0.03700 lr=9.07e-05
[02:17:48]     train step 1200/4000 loss=0.03000 lr=8.53e-05
[02:17:53]     train step 1400/4000 loss=0.02562 lr=7.90e-05
[02:17:59]     train step 1600/4000 loss=0.02232 lr=7.19e-05
[02:18:05]     train step 1800/4000 loss=0.01915 lr=6.42e-05
[02:18:10]     train step 2000/4000 loss=0.01718 lr=5.62e-05
[02:18:16]     train step 2200/4000 loss=0.01544 lr=4.80e-05
[02:18:22]     train step 2400/4000 loss=0.01405 lr=3.99e-05
[02:18:28]     train step 2600/4000 loss=0.01281 lr=3.20e-05
[02:18:33]     train step 2800/4000 loss=0.01170 lr=2.48e-05
[02:18:39]     train step 3000/4000 loss=0.01080 lr=1.82e-05
[02:18:45]     train step 3200/4000 loss=0.01019 lr=1.26e-05
[02:18:51]     train step 3400/4000 loss=0.00982 lr=8.08e-06
[02:18:56]     train step 3600/4000 loss=0.00946 lr=4.74e-06
[02:19:02]     train step 3800/4000 loss=0.00929 lr=2.69e-06
[02:19:08]     train step 4000/4000 loss=0.00915 lr=2.00e-06
[02:19:22]   [calibrate] threshold(alpha=0.99)=0.01939 over 2232 samples (median=0.00874)
[02:21:05]   [eval] pure-policy success=1.000 mean_len=45 (fixed 100-ep set)
[02:21:48]   [screen] 0/40 failures found
[02:21:49]   [screen] no usable failures — budget-free, next round (3/4 toward saturation stop)
[02:21:49] 
===== DISTIL Round 14 | dataset=13 trajs =====
[02:21:49]   [train] 13 trajs, 558 windows, state_dim=23 act_dim=7 params=4.26M steps=4000
[02:21:54]     train step 200/4000 loss=0.56783 lr=8.00e-05
[02:22:00]     train step 400/4000 loss=0.20176 lr=9.96e-05
[02:22:06]     train step 600/4000 loss=0.08100 lr=9.79e-05
[02:22:12]     train step 800/4000 loss=0.05445 lr=9.49e-05
[02:22:17]     train step 1000/4000 loss=0.04074 lr=9.07e-05
[02:22:23]     train step 1200/4000 loss=0.03191 lr=8.53e-05
[02:22:29]     train step 1400/4000 loss=0.02669 lr=7.90e-05
[02:22:35]     train step 1600/4000 loss=0.02265 lr=7.19e-05
[02:22:40]     train step 1800/4000 loss=0.01994 lr=6.42e-05
[02:22:46]     train step 2000/4000 loss=0.01738 lr=5.62e-05
[02:22:52]     train step 2200/4000 loss=0.01547 lr=4.80e-05
[02:22:57]     train step 2400/4000 loss=0.01353 lr=3.99e-05
[02:23:03]     train step 2600/4000 loss=0.01185 lr=3.20e-05
[02:23:09]     train step 2800/4000 loss=0.01059 lr=2.48e-05
[02:23:15]     train step 3000/4000 loss=0.00986 lr=1.82e-05
[02:23:20]     train step 3200/4000 loss=0.00924 lr=1.26e-05
[02:23:26]     train step 3400/4000 loss=0.00854 lr=8.08e-06
[02:23:32]     train step 3600/4000 loss=0.00830 lr=4.74e-06
[02:23:38]     train step 3800/4000 loss=0.00809 lr=2.69e-06
[02:23:43]     train step 4000/4000 loss=0.00800 lr=2.00e-06
[02:23:58]   [calibrate] threshold(alpha=0.99)=0.01530 over 2232 samples (median=0.00811)
[02:25:41]   [eval] pure-policy success=1.000 mean_len=45 (fixed 100-ep set)
[02:26:24]   [screen] 0/40 failures found
[02:26:24]   [screen] no usable failures for 4 consecutive rounds -> saturated (sr=1.000); stopping early
[02:26:24] 
[FINAL] DISTIL pure-policy success=1.0 | demos=13 (last frozen held-out eval)
[02:26:25] DONE in 4557.6s | final_success=1.0
[02:26:25] [write] /weka/s226137394/DmNfull/distil/results/Lift/state/allocation_random/seed1/result.json
