[16:46:08] [env] loaded /weka/s226137394/DmNfull/.env
[16:46:11] ===== DISTIL | task=Lift modality=state ablation=thrifty seed=1 budget=20 smoke=False device=cuda =====
[16:46:12] [bootstrap] loaded 8 shared demos from /weka/s226137394/DmNfull/distil/results/shared_bootstrap/Lift_state/Lift_state_ni8.pkl
[16:46:14] 
===== thrifty Round 0 | dataset=8 =====
[16:46:20]     train step 200/8000 loss=0.60126 lr=8.00e-05
[16:46:24]     train step 400/8000 loss=0.24606 lr=9.99e-05
[16:46:28]     train step 600/8000 loss=0.09436 lr=9.95e-05
[16:46:32]     train step 800/8000 loss=0.05851 lr=9.88e-05
[16:46:36]     train step 1000/8000 loss=0.04297 lr=9.78e-05
[16:46:40]     train step 1200/8000 loss=0.03397 lr=9.64e-05
[16:46:44]     train step 1400/8000 loss=0.02819 lr=9.48e-05
[16:46:48]     train step 1600/8000 loss=0.02410 lr=9.29e-05
[16:46:52]     train step 1800/8000 loss=0.02002 lr=9.07e-05
[16:46:56]     train step 2000/8000 loss=0.01808 lr=8.82e-05
[16:47:00]     train step 2200/8000 loss=0.01626 lr=8.55e-05
[16:47:04]     train step 2400/8000 loss=0.01484 lr=8.26e-05
[16:47:08]     train step 2600/8000 loss=0.01247 lr=7.94e-05
[16:47:12]     train step 2800/8000 loss=0.01183 lr=7.61e-05
[16:47:16]     train step 3000/8000 loss=0.01077 lr=7.26e-05
[16:47:20]     train step 3200/8000 loss=0.00912 lr=6.90e-05
[16:47:24]     train step 3400/8000 loss=0.00851 lr=6.52e-05
[16:47:28]     train step 3600/8000 loss=0.00755 lr=6.14e-05
[16:47:32]     train step 3800/8000 loss=0.00693 lr=5.75e-05
[16:47:36]     train step 4000/8000 loss=0.00633 lr=5.35e-05
[16:47:40]     train step 4200/8000 loss=0.00562 lr=4.95e-05
[16:47:44]     train step 4400/8000 loss=0.00555 lr=4.56e-05
[16:47:48]     train step 4600/8000 loss=0.00502 lr=4.16e-05
[16:47:52]     train step 4800/8000 loss=0.00437 lr=3.78e-05
[16:47:56]     train step 5000/8000 loss=0.00391 lr=3.40e-05
[16:48:00]     train step 5200/8000 loss=0.00379 lr=3.03e-05
[16:48:04]     train step 5400/8000 loss=0.00352 lr=2.68e-05
[16:48:08]     train step 5600/8000 loss=0.00314 lr=2.34e-05
[16:48:12]     train step 5800/8000 loss=0.00299 lr=2.02e-05
[16:48:16]     train step 6000/8000 loss=0.00280 lr=1.73e-05
[16:48:20]     train step 6200/8000 loss=0.00269 lr=1.45e-05
[16:48:24]     train step 6400/8000 loss=0.00256 lr=1.20e-05
[16:48:28]     train step 6600/8000 loss=0.00250 lr=9.69e-06
[16:48:32]     train step 6800/8000 loss=0.00237 lr=7.69e-06
[16:48:36]     train step 7000/8000 loss=0.00233 lr=5.98e-06
[16:48:40]     train step 7200/8000 loss=0.00230 lr=4.56e-06
[16:48:44]     train step 7400/8000 loss=0.00226 lr=3.45e-06
[16:48:48]     train step 7600/8000 loss=0.00223 lr=2.65e-06
[16:48:52]     train step 7800/8000 loss=0.00221 lr=2.16e-06
[16:48:56]     train step 8000/8000 loss=0.00219 lr=2.00e-06
[17:02:59]   [eval] SR=0.690
[17:02:59]   [thrifty] intervention at t=0 (rollout 0) len=47
[17:02:59] 
===== thrifty Round 1 | dataset=9 =====
[17:03:04]     train step 200/4000 loss=0.59724 lr=8.00e-05
[17:03:08]     train step 400/4000 loss=0.23156 lr=9.96e-05
[17:03:12]     train step 600/4000 loss=0.08941 lr=9.79e-05
[17:03:16]     train step 800/4000 loss=0.05466 lr=9.49e-05
[17:03:20]     train step 1000/4000 loss=0.04055 lr=9.07e-05
[17:03:24]     train step 1200/4000 loss=0.03145 lr=8.53e-05
[17:03:28]     train step 1400/4000 loss=0.02634 lr=7.90e-05
[17:03:32]     train step 1600/4000 loss=0.02232 lr=7.19e-05
[17:03:36]     train step 1800/4000 loss=0.01903 lr=6.42e-05
[17:03:41]     train step 2000/4000 loss=0.01676 lr=5.62e-05
[17:03:45]     train step 2200/4000 loss=0.01464 lr=4.80e-05
[17:03:49]     train step 2400/4000 loss=0.01280 lr=3.99e-05
[17:03:53]     train step 2600/4000 loss=0.01162 lr=3.20e-05
[17:03:57]     train step 2800/4000 loss=0.01047 lr=2.48e-05
[17:04:01]     train step 3000/4000 loss=0.00980 lr=1.82e-05
[17:04:05]     train step 3200/4000 loss=0.00898 lr=1.26e-05
[17:04:09]     train step 3400/4000 loss=0.00855 lr=8.08e-06
[17:04:13]     train step 3600/4000 loss=0.00819 lr=4.74e-06
[17:04:17]     train step 3800/4000 loss=0.00798 lr=2.69e-06
[17:04:21]     train step 4000/4000 loss=0.00789 lr=2.00e-06
[17:12:25]   [eval] SR=0.820
[17:12:26]   [thrifty] intervention at t=0 (rollout 0) len=43
[17:12:26] 
===== thrifty Round 2 | dataset=10 =====
[17:12:31]     train step 200/4000 loss=0.59927 lr=8.00e-05
[17:12:35]     train step 400/4000 loss=0.22708 lr=9.96e-05
[17:12:39]     train step 600/4000 loss=0.08756 lr=9.79e-05
[17:12:43]     train step 800/4000 loss=0.05421 lr=9.49e-05
[17:12:47]     train step 1000/4000 loss=0.03929 lr=9.07e-05
[17:12:51]     train step 1200/4000 loss=0.03231 lr=8.53e-05
[17:12:55]     train step 1400/4000 loss=0.02638 lr=7.90e-05
[17:12:59]     train step 1600/4000 loss=0.02219 lr=7.19e-05
[17:13:04]     train step 1800/4000 loss=0.01884 lr=6.42e-05
[17:13:08]     train step 2000/4000 loss=0.01652 lr=5.62e-05
[17:13:12]     train step 2200/4000 loss=0.01471 lr=4.80e-05
[17:13:16]     train step 2400/4000 loss=0.01271 lr=3.99e-05
[17:13:20]     train step 2600/4000 loss=0.01169 lr=3.20e-05
[17:13:24]     train step 2800/4000 loss=0.01044 lr=2.48e-05
[17:13:28]     train step 3000/4000 loss=0.00959 lr=1.82e-05
[17:13:33]     train step 3200/4000 loss=0.00888 lr=1.26e-05
[17:13:37]     train step 3400/4000 loss=0.00856 lr=8.08e-06
[17:13:41]     train step 3600/4000 loss=0.00815 lr=4.74e-06
[17:13:45]     train step 3800/4000 loss=0.00796 lr=2.69e-06
[17:13:49]     train step 4000/4000 loss=0.00788 lr=2.00e-06
[17:21:34]   [eval] SR=0.860
[17:21:34]   [thrifty] intervention at t=0 (rollout 0) len=45
[17:21:34] 
===== thrifty Round 3 | dataset=11 =====
[17:21:39]     train step 200/4000 loss=0.60057 lr=8.00e-05
[17:21:43]     train step 400/4000 loss=0.22725 lr=9.96e-05
[17:21:47]     train step 600/4000 loss=0.08559 lr=9.79e-05
[17:21:51]     train step 800/4000 loss=0.05269 lr=9.49e-05
[17:21:56]     train step 1000/4000 loss=0.03945 lr=9.07e-05
[17:22:00]     train step 1200/4000 loss=0.03045 lr=8.53e-05
[17:22:04]     train step 1400/4000 loss=0.02661 lr=7.90e-05
[17:22:08]     train step 1600/4000 loss=0.02200 lr=7.19e-05
[17:22:12]     train step 1800/4000 loss=0.01905 lr=6.42e-05
[17:22:16]     train step 2000/4000 loss=0.01699 lr=5.62e-05
[17:22:20]     train step 2200/4000 loss=0.01481 lr=4.80e-05
[17:22:25]     train step 2400/4000 loss=0.01305 lr=3.99e-05
[17:22:29]     train step 2600/4000 loss=0.01159 lr=3.20e-05
[17:22:33]     train step 2800/4000 loss=0.01042 lr=2.48e-05
[17:22:37]     train step 3000/4000 loss=0.00980 lr=1.82e-05
[17:22:41]     train step 3200/4000 loss=0.00891 lr=1.26e-05
[17:22:45]     train step 3400/4000 loss=0.00862 lr=8.08e-06
[17:22:50]     train step 3600/4000 loss=0.00823 lr=4.74e-06
[17:22:54]     train step 3800/4000 loss=0.00805 lr=2.69e-06
[17:22:58]     train step 4000/4000 loss=0.00796 lr=2.00e-06
[17:30:03]   [eval] SR=0.960
[17:30:04]   [thrifty] intervention at t=0 (rollout 0) len=44
[17:30:04] 
===== thrifty Round 4 | dataset=12 =====
[17:30:08]     train step 200/4000 loss=0.60078 lr=8.00e-05
[17:30:12]     train step 400/4000 loss=0.22183 lr=9.96e-05
[17:30:17]     train step 600/4000 loss=0.08537 lr=9.79e-05
[17:30:21]     train step 800/4000 loss=0.05339 lr=9.49e-05
[17:30:25]     train step 1000/4000 loss=0.03886 lr=9.07e-05
[17:30:29]     train step 1200/4000 loss=0.03118 lr=8.53e-05
[17:30:33]     train step 1400/4000 loss=0.02588 lr=7.90e-05
[17:30:37]     train step 1600/4000 loss=0.02177 lr=7.19e-05
[17:30:42]     train step 1800/4000 loss=0.01856 lr=6.42e-05
[17:30:46]     train step 2000/4000 loss=0.01643 lr=5.62e-05
[17:30:50]     train step 2200/4000 loss=0.01413 lr=4.80e-05
[17:30:54]     train step 2400/4000 loss=0.01207 lr=3.99e-05
[17:30:58]     train step 2600/4000 loss=0.01088 lr=3.20e-05
[17:31:02]     train step 2800/4000 loss=0.00981 lr=2.48e-05
[17:31:07]     train step 3000/4000 loss=0.00916 lr=1.82e-05
[17:31:11]     train step 3200/4000 loss=0.00840 lr=1.26e-05
[17:31:15]     train step 3400/4000 loss=0.00808 lr=8.08e-06
[17:31:19]     train step 3600/4000 loss=0.00772 lr=4.74e-06
[17:31:23]     train step 3800/4000 loss=0.00759 lr=2.69e-06
[17:31:27]     train step 4000/4000 loss=0.00748 lr=2.00e-06
[17:38:21]   [eval] SR=0.990
[17:38:22]   [thrifty] intervention at t=0 (rollout 0) len=47
[17:38:22] 
===== thrifty Round 5 | dataset=13 =====
[17:38:26]     train step 200/4000 loss=0.60111 lr=8.00e-05
[17:38:31]     train step 400/4000 loss=0.22180 lr=9.96e-05
[17:38:35]     train step 600/4000 loss=0.08693 lr=9.79e-05
[17:38:39]     train step 800/4000 loss=0.05549 lr=9.49e-05
[17:38:43]     train step 1000/4000 loss=0.03958 lr=9.07e-05
[17:38:47]     train step 1200/4000 loss=0.03142 lr=8.53e-05
[17:38:52]     train step 1400/4000 loss=0.02627 lr=7.90e-05
[17:38:56]     train step 1600/4000 loss=0.02233 lr=7.19e-05
[17:39:00]     train step 1800/4000 loss=0.01900 lr=6.42e-05
[17:39:04]     train step 2000/4000 loss=0.01671 lr=5.62e-05
[17:39:08]     train step 2200/4000 loss=0.01449 lr=4.80e-05
[17:39:12]     train step 2400/4000 loss=0.01267 lr=3.99e-05
[17:39:17]     train step 2600/4000 loss=0.01111 lr=3.20e-05
[17:39:21]     train step 2800/4000 loss=0.01006 lr=2.48e-05
[17:39:25]     train step 3000/4000 loss=0.00924 lr=1.82e-05
[17:39:29]     train step 3200/4000 loss=0.00848 lr=1.26e-05
[17:39:33]     train step 3400/4000 loss=0.00815 lr=8.08e-06
[17:39:37]     train step 3600/4000 loss=0.00783 lr=4.74e-06
[17:39:42]     train step 3800/4000 loss=0.00765 lr=2.69e-06
[17:39:46]     train step 4000/4000 loss=0.00752 lr=2.00e-06
[17:46:37]   [eval] SR=1.000
[17:46:38]   [thrifty] intervention at t=0 (rollout 0) len=43
[17:46:38] 
===== thrifty Round 6 | dataset=14 =====
[17:46:42]     train step 200/4000 loss=0.60348 lr=8.00e-05
[17:46:46]     train step 400/4000 loss=0.22643 lr=9.96e-05
[17:46:50]     train step 600/4000 loss=0.08752 lr=9.79e-05
[17:46:55]     train step 800/4000 loss=0.05328 lr=9.49e-05
[17:46:59]     train step 1000/4000 loss=0.03885 lr=9.07e-05
[17:47:03]     train step 1200/4000 loss=0.03054 lr=8.53e-05
[17:47:07]     train step 1400/4000 loss=0.02522 lr=7.90e-05
[17:47:11]     train step 1600/4000 loss=0.02148 lr=7.19e-05
[17:47:16]     train step 1800/4000 loss=0.01821 lr=6.42e-05
[17:47:20]     train step 2000/4000 loss=0.01616 lr=5.62e-05
[17:47:24]     train step 2200/4000 loss=0.01375 lr=4.80e-05
[17:47:28]     train step 2400/4000 loss=0.01211 lr=3.99e-05
[17:47:32]     train step 2600/4000 loss=0.01100 lr=3.20e-05
[17:47:36]     train step 2800/4000 loss=0.00990 lr=2.48e-05
[17:47:41]     train step 3000/4000 loss=0.00912 lr=1.82e-05
[17:47:45]     train step 3200/4000 loss=0.00837 lr=1.26e-05
[17:47:49]     train step 3400/4000 loss=0.00802 lr=8.08e-06
[17:47:53]     train step 3600/4000 loss=0.00771 lr=4.74e-06
[17:47:57]     train step 3800/4000 loss=0.00758 lr=2.69e-06
[17:48:01]     train step 4000/4000 loss=0.00745 lr=2.00e-06
[17:54:53]   [eval] SR=1.000
[17:54:54]   [thrifty] intervention at t=0 (rollout 0) len=46
[17:54:54] 
===== thrifty Round 7 | dataset=15 =====
[17:54:58]     train step 200/4000 loss=0.60387 lr=8.00e-05
[17:55:02]     train step 400/4000 loss=0.22375 lr=9.96e-05
[17:55:06]     train step 600/4000 loss=0.08684 lr=9.79e-05
[17:55:11]     train step 800/4000 loss=0.05385 lr=9.49e-05
[17:55:15]     train step 1000/4000 loss=0.03850 lr=9.07e-05
[17:55:19]     train step 1200/4000 loss=0.03006 lr=8.53e-05
[17:55:23]     train step 1400/4000 loss=0.02521 lr=7.90e-05
[17:55:27]     train step 1600/4000 loss=0.02132 lr=7.19e-05
[17:55:32]     train step 1800/4000 loss=0.01815 lr=6.42e-05
[17:55:36]     train step 2000/4000 loss=0.01608 lr=5.62e-05
[17:55:40]     train step 2200/4000 loss=0.01425 lr=4.80e-05
[17:55:44]     train step 2400/4000 loss=0.01252 lr=3.99e-05
[17:55:48]     train step 2600/4000 loss=0.01098 lr=3.20e-05
[17:55:52]     train step 2800/4000 loss=0.01010 lr=2.48e-05
[17:55:57]     train step 3000/4000 loss=0.00923 lr=1.82e-05
[17:56:01]     train step 3200/4000 loss=0.00850 lr=1.26e-05
[17:56:05]     train step 3400/4000 loss=0.00822 lr=8.08e-06
[17:56:09]     train step 3600/4000 loss=0.00780 lr=4.74e-06
[17:56:13]     train step 3800/4000 loss=0.00765 lr=2.69e-06
[17:56:17]     train step 4000/4000 loss=0.00758 lr=2.00e-06
[18:03:07]   [eval] SR=1.000
[18:03:08]   [thrifty] intervention at t=0 (rollout 0) len=44
[18:03:08] 
===== thrifty Round 8 | dataset=16 =====
[18:03:12]     train step 200/4000 loss=0.60203 lr=8.00e-05
[18:03:16]     train step 400/4000 loss=0.22072 lr=9.96e-05
[18:03:20]     train step 600/4000 loss=0.08566 lr=9.79e-05
[18:03:24]     train step 800/4000 loss=0.05444 lr=9.49e-05
[18:03:29]     train step 1000/4000 loss=0.03883 lr=9.07e-05
[18:03:33]     train step 1200/4000 loss=0.03047 lr=8.53e-05
[18:03:37]     train step 1400/4000 loss=0.02552 lr=7.90e-05
[18:03:41]     train step 1600/4000 loss=0.02216 lr=7.19e-05
[18:03:45]     train step 1800/4000 loss=0.01879 lr=6.42e-05
[18:03:49]     train step 2000/4000 loss=0.01631 lr=5.62e-05
[18:03:54]     train step 2200/4000 loss=0.01447 lr=4.80e-05
[18:03:58]     train step 2400/4000 loss=0.01257 lr=3.99e-05
[18:04:02]     train step 2600/4000 loss=0.01153 lr=3.20e-05
[18:04:06]     train step 2800/4000 loss=0.01033 lr=2.48e-05
[18:04:10]     train step 3000/4000 loss=0.00946 lr=1.82e-05
[18:04:14]     train step 3200/4000 loss=0.00879 lr=1.26e-05
[18:04:19]     train step 3400/4000 loss=0.00851 lr=8.08e-06
[18:04:23]     train step 3600/4000 loss=0.00822 lr=4.74e-06
[18:04:27]     train step 3800/4000 loss=0.00802 lr=2.69e-06
[18:04:31]     train step 4000/4000 loss=0.00792 lr=2.00e-06
[18:11:21]   [eval] SR=1.000
[18:11:22]   [thrifty] intervention at t=0 (rollout 0) len=48
[18:11:22] 
===== thrifty Round 9 | dataset=17 =====
[18:11:27]     train step 200/4000 loss=0.60111 lr=8.00e-05
[18:11:31]     train step 400/4000 loss=0.22031 lr=9.96e-05
[18:11:35]     train step 600/4000 loss=0.08336 lr=9.79e-05
[18:11:39]     train step 800/4000 loss=0.05326 lr=9.49e-05
[18:11:43]     train step 1000/4000 loss=0.03971 lr=9.07e-05
[18:11:48]     train step 1200/4000 loss=0.03145 lr=8.53e-05
[18:11:52]     train step 1400/4000 loss=0.02601 lr=7.90e-05
[18:11:56]     train step 1600/4000 loss=0.02270 lr=7.19e-05
[18:12:00]     train step 1800/4000 loss=0.01955 lr=6.42e-05
[18:12:04]     train step 2000/4000 loss=0.01756 lr=5.62e-05
[18:12:08]     train step 2200/4000 loss=0.01524 lr=4.80e-05
[18:12:13]     train step 2400/4000 loss=0.01329 lr=3.99e-05
[18:12:17]     train step 2600/4000 loss=0.01207 lr=3.20e-05
[18:12:21]     train step 2800/4000 loss=0.01056 lr=2.48e-05
[18:12:25]     train step 3000/4000 loss=0.00996 lr=1.82e-05
[18:12:29]     train step 3200/4000 loss=0.00926 lr=1.26e-05
[18:12:33]     train step 3400/4000 loss=0.00898 lr=8.08e-06
[18:12:38]     train step 3600/4000 loss=0.00853 lr=4.74e-06
[18:12:42]     train step 3800/4000 loss=0.00838 lr=2.69e-06
[18:12:46]     train step 4000/4000 loss=0.00829 lr=2.00e-06
[18:19:40]   [eval] SR=0.990
[18:19:41]   [thrifty] intervention at t=0 (rollout 0) len=44
[18:19:41] 
===== thrifty Round 10 | dataset=18 =====
[18:19:45]     train step 200/4000 loss=0.60214 lr=8.00e-05
[18:19:49]     train step 400/4000 loss=0.22477 lr=9.96e-05
[18:19:53]     train step 600/4000 loss=0.08625 lr=9.79e-05
[18:19:58]     train step 800/4000 loss=0.05365 lr=9.49e-05
[18:20:02]     train step 1000/4000 loss=0.03875 lr=9.07e-05
[18:20:06]     train step 1200/4000 loss=0.03110 lr=8.53e-05
[18:20:10]     train step 1400/4000 loss=0.02573 lr=7.90e-05
[18:20:14]     train step 1600/4000 loss=0.02223 lr=7.19e-05
[18:20:18]     train step 1800/4000 loss=0.01939 lr=6.42e-05
[18:20:23]     train step 2000/4000 loss=0.01721 lr=5.62e-05
[18:20:27]     train step 2200/4000 loss=0.01506 lr=4.80e-05
[18:20:31]     train step 2400/4000 loss=0.01336 lr=3.99e-05
[18:20:35]     train step 2600/4000 loss=0.01194 lr=3.20e-05
[18:20:39]     train step 2800/4000 loss=0.01099 lr=2.48e-05
[18:20:44]     train step 3000/4000 loss=0.01010 lr=1.82e-05
[18:20:48]     train step 3200/4000 loss=0.00940 lr=1.26e-05
[18:20:52]     train step 3400/4000 loss=0.00907 lr=8.08e-06
[18:20:56]     train step 3600/4000 loss=0.00868 lr=4.74e-06
[18:21:00]     train step 3800/4000 loss=0.00855 lr=2.69e-06
[18:21:04]     train step 4000/4000 loss=0.00844 lr=2.00e-06
[18:27:58]   [eval] SR=0.990
[18:27:58]   [thrifty] intervention at t=0 (rollout 0) len=48
[18:27:59] 
===== thrifty Round 11 | dataset=19 =====
[18:28:03]     train step 200/4000 loss=0.60213 lr=8.00e-05
[18:28:07]     train step 400/4000 loss=0.22091 lr=9.96e-05
[18:28:11]     train step 600/4000 loss=0.08310 lr=9.79e-05
[18:28:15]     train step 800/4000 loss=0.05300 lr=9.49e-05
[18:28:19]     train step 1000/4000 loss=0.03916 lr=9.07e-05
[18:28:24]     train step 1200/4000 loss=0.03079 lr=8.53e-05
[18:28:28]     train step 1400/4000 loss=0.02650 lr=7.90e-05
[18:28:32]     train step 1600/4000 loss=0.02247 lr=7.19e-05
[18:28:36]     train step 1800/4000 loss=0.01945 lr=6.42e-05
[18:28:40]     train step 2000/4000 loss=0.01720 lr=5.62e-05
[18:28:44]     train step 2200/4000 loss=0.01529 lr=4.80e-05
[18:28:49]     train step 2400/4000 loss=0.01362 lr=3.99e-05
[18:28:53]     train step 2600/4000 loss=0.01210 lr=3.20e-05
[18:28:57]     train step 2800/4000 loss=0.01094 lr=2.48e-05
[18:29:01]     train step 3000/4000 loss=0.01012 lr=1.82e-05
[18:29:05]     train step 3200/4000 loss=0.00945 lr=1.26e-05
[18:29:09]     train step 3400/4000 loss=0.00908 lr=8.08e-06
[18:29:13]     train step 3600/4000 loss=0.00872 lr=4.74e-06
[18:29:18]     train step 3800/4000 loss=0.00854 lr=2.69e-06
[18:29:22]     train step 4000/4000 loss=0.00847 lr=2.00e-06
[18:36:12]   [eval] SR=1.000
[18:36:12]   [thrifty] intervention at t=0 (rollout 0) len=47
[18:36:12] 
===== thrifty Round 12 | dataset=20 =====
[18:36:17]     train step 200/4000 loss=0.60183 lr=8.00e-05
[18:36:21]     train step 400/4000 loss=0.21988 lr=9.96e-05
[18:36:25]     train step 600/4000 loss=0.08531 lr=9.79e-05
[18:36:29]     train step 800/4000 loss=0.05352 lr=9.49e-05
[18:36:33]     train step 1000/4000 loss=0.03938 lr=9.07e-05
[18:36:38]     train step 1200/4000 loss=0.03115 lr=8.53e-05
[18:36:42]     train step 1400/4000 loss=0.02624 lr=7.90e-05
[18:36:46]     train step 1600/4000 loss=0.02270 lr=7.19e-05
[18:36:50]     train step 1800/4000 loss=0.01933 lr=6.42e-05
[18:36:54]     train step 2000/4000 loss=0.01700 lr=5.62e-05
[18:36:58]     train step 2200/4000 loss=0.01506 lr=4.80e-05
[18:37:03]     train step 2400/4000 loss=0.01333 lr=3.99e-05
[18:37:07]     train step 2600/4000 loss=0.01224 lr=3.20e-05
[18:37:11]     train step 2800/4000 loss=0.01100 lr=2.48e-05
[18:37:15]     train step 3000/4000 loss=0.01023 lr=1.82e-05
[18:37:19]     train step 3200/4000 loss=0.00949 lr=1.26e-05
[18:37:23]     train step 3400/4000 loss=0.00918 lr=8.08e-06
[18:37:27]     train step 3600/4000 loss=0.00877 lr=4.74e-06
[18:37:32]     train step 3800/4000 loss=0.00858 lr=2.69e-06
[18:37:36]     train step 4000/4000 loss=0.00854 lr=2.00e-06
[18:44:28]   [eval] SR=0.990
[18:44:29]   [thrifty] intervention at t=0 (rollout 0) len=47
[18:44:29] 
===== thrifty Round 13 | dataset=21 =====
[18:44:33]     train step 200/4000 loss=0.60072 lr=8.00e-05
[18:44:38]     train step 400/4000 loss=0.21894 lr=9.96e-05
[18:44:42]     train step 600/4000 loss=0.08597 lr=9.79e-05
[18:44:46]     train step 800/4000 loss=0.05357 lr=9.49e-05
[18:44:50]     train step 1000/4000 loss=0.03903 lr=9.07e-05
[18:44:54]     train step 1200/4000 loss=0.03152 lr=8.53e-05
[18:44:58]     train step 1400/4000 loss=0.02624 lr=7.90e-05
[18:45:03]     train step 1600/4000 loss=0.02238 lr=7.19e-05
[18:45:07]     train step 1800/4000 loss=0.01963 lr=6.42e-05
[18:45:11]     train step 2000/4000 loss=0.01747 lr=5.62e-05
[18:45:15]     train step 2200/4000 loss=0.01593 lr=4.80e-05
[18:45:19]     train step 2400/4000 loss=0.01417 lr=3.99e-05
[18:45:23]     train step 2600/4000 loss=0.01272 lr=3.20e-05
[18:45:27]     train step 2800/4000 loss=0.01140 lr=2.48e-05
[18:45:32]     train step 3000/4000 loss=0.01044 lr=1.82e-05
[18:45:36]     train step 3200/4000 loss=0.00981 lr=1.26e-05
[18:45:40]     train step 3400/4000 loss=0.00941 lr=8.08e-06
[18:45:44]     train step 3600/4000 loss=0.00897 lr=4.74e-06
[18:45:48]     train step 3800/4000 loss=0.00883 lr=2.69e-06
[18:45:52]     train step 4000/4000 loss=0.00871 lr=2.00e-06
[18:52:41]   [eval] SR=1.000
[18:52:42]   [thrifty] intervention at t=0 (rollout 0) len=44
[18:52:42] 
===== thrifty Round 14 | dataset=22 =====
[18:52:46]     train step 200/4000 loss=0.60074 lr=8.00e-05
[18:52:50]     train step 400/4000 loss=0.21961 lr=9.96e-05
[18:52:54]     train step 600/4000 loss=0.08761 lr=9.79e-05
[18:52:59]     train step 800/4000 loss=0.05538 lr=9.49e-05
[18:53:03]     train step 1000/4000 loss=0.04047 lr=9.07e-05
[18:53:07]     train step 1200/4000 loss=0.03184 lr=8.53e-05
[18:53:11]     train step 1400/4000 loss=0.02669 lr=7.90e-05
[18:53:15]     train step 1600/4000 loss=0.02296 lr=7.19e-05
[18:53:19]     train step 1800/4000 loss=0.01959 lr=6.42e-05
[18:53:24]     train step 2000/4000 loss=0.01759 lr=5.62e-05
[18:53:28]     train step 2200/4000 loss=0.01548 lr=4.80e-05
[18:53:32]     train step 2400/4000 loss=0.01363 lr=3.99e-05
[18:53:36]     train step 2600/4000 loss=0.01210 lr=3.20e-05
[18:53:40]     train step 2800/4000 loss=0.01121 lr=2.48e-05
[18:53:44]     train step 3000/4000 loss=0.01019 lr=1.82e-05
[18:53:48]     train step 3200/4000 loss=0.00953 lr=1.26e-05
[18:53:53]     train step 3400/4000 loss=0.00927 lr=8.08e-06
[18:53:57]     train step 3600/4000 loss=0.00880 lr=4.74e-06
[18:54:01]     train step 3800/4000 loss=0.00868 lr=2.69e-06
[18:54:05]     train step 4000/4000 loss=0.00857 lr=2.00e-06
[19:00:54]   [eval] SR=1.000
[19:00:55]   [thrifty] intervention at t=0 (rollout 0) len=43
[19:00:55] 
===== thrifty Round 15 | dataset=23 =====
[19:00:59]     train step 200/4000 loss=0.60044 lr=8.00e-05
[19:01:03]     train step 400/4000 loss=0.21948 lr=9.96e-05
[19:01:07]     train step 600/4000 loss=0.08428 lr=9.79e-05
[19:01:11]     train step 800/4000 loss=0.05341 lr=9.49e-05
[19:01:16]     train step 1000/4000 loss=0.03991 lr=9.07e-05
[19:01:20]     train step 1200/4000 loss=0.03159 lr=8.53e-05
[19:01:24]     train step 1400/4000 loss=0.02625 lr=7.90e-05
[19:01:28]     train step 1600/4000 loss=0.02256 lr=7.19e-05
[19:01:32]     train step 1800/4000 loss=0.01973 lr=6.42e-05
[19:01:36]     train step 2000/4000 loss=0.01743 lr=5.62e-05
[19:01:41]     train step 2200/4000 loss=0.01585 lr=4.80e-05
[19:01:45]     train step 2400/4000 loss=0.01389 lr=3.99e-05
[19:01:49]     train step 2600/4000 loss=0.01262 lr=3.20e-05
[19:01:53]     train step 2800/4000 loss=0.01143 lr=2.48e-05
[19:01:57]     train step 3000/4000 loss=0.01045 lr=1.82e-05
[19:02:01]     train step 3200/4000 loss=0.00973 lr=1.26e-05
[19:02:06]     train step 3400/4000 loss=0.00941 lr=8.08e-06
[19:02:10]     train step 3600/4000 loss=0.00898 lr=4.74e-06
[19:02:14]     train step 3800/4000 loss=0.00883 lr=2.69e-06
[19:02:18]     train step 4000/4000 loss=0.00874 lr=2.00e-06
[19:09:10]   [eval] SR=0.990
[19:09:11]   [thrifty] intervention at t=0 (rollout 0) len=45
[19:09:11] 
===== thrifty Round 16 | dataset=24 =====
[19:09:15]     train step 200/4000 loss=0.59729 lr=8.00e-05
[19:09:20]     train step 400/4000 loss=0.21913 lr=9.96e-05
[19:09:24]     train step 600/4000 loss=0.08580 lr=9.79e-05
[19:09:28]     train step 800/4000 loss=0.05413 lr=9.49e-05
[19:09:32]     train step 1000/4000 loss=0.03871 lr=9.07e-05
[19:09:36]     train step 1200/4000 loss=0.03045 lr=8.53e-05
[19:09:40]     train step 1400/4000 loss=0.02559 lr=7.90e-05
[19:09:45]     train step 1600/4000 loss=0.02237 lr=7.19e-05
[19:09:49]     train step 1800/4000 loss=0.01894 lr=6.42e-05
[19:09:53]     train step 2000/4000 loss=0.01678 lr=5.62e-05
[19:09:57]     train step 2200/4000 loss=0.01501 lr=4.80e-05
[19:10:01]     train step 2400/4000 loss=0.01359 lr=3.99e-05
[19:10:05]     train step 2600/4000 loss=0.01231 lr=3.20e-05
[19:10:09]     train step 2800/4000 loss=0.01125 lr=2.48e-05
[19:10:14]     train step 3000/4000 loss=0.01021 lr=1.82e-05
[19:10:18]     train step 3200/4000 loss=0.00946 lr=1.26e-05
[19:10:22]     train step 3400/4000 loss=0.00930 lr=8.08e-06
[19:10:26]     train step 3600/4000 loss=0.00890 lr=4.74e-06
[19:10:30]     train step 3800/4000 loss=0.00872 lr=2.69e-06
[19:10:34]     train step 4000/4000 loss=0.00862 lr=2.00e-06
[19:17:23]   [eval] SR=1.000
[19:17:24]   [thrifty] intervention at t=0 (rollout 0) len=47
[19:17:24] 
===== thrifty Round 17 | dataset=25 =====
[19:17:29]     train step 200/4000 loss=0.59827 lr=8.00e-05
[19:17:33]     train step 400/4000 loss=0.22110 lr=9.96e-05
[19:17:37]     train step 600/4000 loss=0.08553 lr=9.79e-05
[19:17:41]     train step 800/4000 loss=0.05398 lr=9.49e-05
[19:17:45]     train step 1000/4000 loss=0.03900 lr=9.07e-05
[19:17:49]     train step 1200/4000 loss=0.03083 lr=8.53e-05
[19:17:54]     train step 1400/4000 loss=0.02602 lr=7.90e-05
[19:17:58]     train step 1600/4000 loss=0.02213 lr=7.19e-05
[19:18:02]     train step 1800/4000 loss=0.01917 lr=6.42e-05
[19:18:06]     train step 2000/4000 loss=0.01685 lr=5.62e-05
[19:18:10]     train step 2200/4000 loss=0.01474 lr=4.80e-05
[19:18:14]     train step 2400/4000 loss=0.01318 lr=3.99e-05
[19:18:19]     train step 2600/4000 loss=0.01202 lr=3.20e-05
[19:18:23]     train step 2800/4000 loss=0.01096 lr=2.48e-05
[19:18:27]     train step 3000/4000 loss=0.01013 lr=1.82e-05
[19:18:31]     train step 3200/4000 loss=0.00936 lr=1.26e-05
[19:18:35]     train step 3400/4000 loss=0.00910 lr=8.08e-06
[19:18:39]     train step 3600/4000 loss=0.00874 lr=4.74e-06
[19:18:44]     train step 3800/4000 loss=0.00861 lr=2.69e-06
[19:18:48]     train step 4000/4000 loss=0.00852 lr=2.00e-06
[19:25:37]   [eval] SR=1.000
[19:25:38]   [thrifty] intervention at t=0 (rollout 0) len=48
[19:25:38] 
===== thrifty Round 18 | dataset=26 =====
[19:25:42]     train step 200/4000 loss=0.59808 lr=8.00e-05
[19:25:46]     train step 400/4000 loss=0.21787 lr=9.96e-05
[19:25:50]     train step 600/4000 loss=0.08523 lr=9.79e-05
[19:25:55]     train step 800/4000 loss=0.05292 lr=9.49e-05
[19:25:59]     train step 1000/4000 loss=0.03911 lr=9.07e-05
[19:26:03]     train step 1200/4000 loss=0.03128 lr=8.53e-05
[19:26:07]     train step 1400/4000 loss=0.02585 lr=7.90e-05
[19:26:11]     train step 1600/4000 loss=0.02196 lr=7.19e-05
[19:26:15]     train step 1800/4000 loss=0.01915 lr=6.42e-05
[19:26:20]     train step 2000/4000 loss=0.01680 lr=5.62e-05
[19:26:24]     train step 2200/4000 loss=0.01498 lr=4.80e-05
[19:26:28]     train step 2400/4000 loss=0.01373 lr=3.99e-05
[19:26:32]     train step 2600/4000 loss=0.01246 lr=3.20e-05
[19:26:36]     train step 2800/4000 loss=0.01109 lr=2.48e-05
[19:26:40]     train step 3000/4000 loss=0.01027 lr=1.82e-05
[19:26:45]     train step 3200/4000 loss=0.00968 lr=1.26e-05
[19:26:49]     train step 3400/4000 loss=0.00938 lr=8.08e-06
[19:26:53]     train step 3600/4000 loss=0.00896 lr=4.74e-06
[19:26:57]     train step 3800/4000 loss=0.00886 lr=2.69e-06
[19:27:01]     train step 4000/4000 loss=0.00871 lr=2.00e-06
[19:33:49]   [eval] SR=1.000
[19:33:50]   [thrifty] intervention at t=0 (rollout 0) len=43
[19:33:50] 
===== thrifty Round 19 | dataset=27 =====
[19:33:54]     train step 200/4000 loss=0.59727 lr=8.00e-05
[19:33:58]     train step 400/4000 loss=0.21753 lr=9.96e-05
[19:34:03]     train step 600/4000 loss=0.08535 lr=9.79e-05
[19:34:07]     train step 800/4000 loss=0.05232 lr=9.49e-05
[19:34:11]     train step 1000/4000 loss=0.03851 lr=9.07e-05
[19:34:15]     train step 1200/4000 loss=0.03009 lr=8.53e-05
[19:34:19]     train step 1400/4000 loss=0.02541 lr=7.90e-05
[19:34:23]     train step 1600/4000 loss=0.02204 lr=7.19e-05
[19:34:27]     train step 1800/4000 loss=0.01922 lr=6.42e-05
[19:34:32]     train step 2000/4000 loss=0.01701 lr=5.62e-05
[19:34:36]     train step 2200/4000 loss=0.01519 lr=4.80e-05
[19:34:40]     train step 2400/4000 loss=0.01363 lr=3.99e-05
[19:34:44]     train step 2600/4000 loss=0.01238 lr=3.20e-05
[19:34:48]     train step 2800/4000 loss=0.01136 lr=2.48e-05
[19:34:52]     train step 3000/4000 loss=0.01037 lr=1.82e-05
[19:34:57]     train step 3200/4000 loss=0.00978 lr=1.26e-05
[19:35:01]     train step 3400/4000 loss=0.00939 lr=8.08e-06
[19:35:05]     train step 3600/4000 loss=0.00898 lr=4.74e-06
[19:35:09]     train step 3800/4000 loss=0.00878 lr=2.69e-06
[19:35:13]     train step 4000/4000 loss=0.00872 lr=2.00e-06
[19:42:02]   [eval] SR=1.000
[19:42:03]   [thrifty] intervention at t=0 (rollout 0) len=46
[19:42:03] 
===== thrifty Round 20 | dataset=28 =====
[19:42:07]     train step 200/4000 loss=0.59709 lr=8.00e-05
[19:42:11]     train step 400/4000 loss=0.21691 lr=9.96e-05
[19:42:15]     train step 600/4000 loss=0.08166 lr=9.79e-05
[19:42:19]     train step 800/4000 loss=0.05250 lr=9.49e-05
[19:42:24]     train step 1000/4000 loss=0.03860 lr=9.07e-05
[19:42:28]     train step 1200/4000 loss=0.03123 lr=8.53e-05
[19:42:32]     train step 1400/4000 loss=0.02606 lr=7.90e-05
[19:42:36]     train step 1600/4000 loss=0.02209 lr=7.19e-05
[19:42:40]     train step 1800/4000 loss=0.01950 lr=6.42e-05
[19:42:44]     train step 2000/4000 loss=0.01746 lr=5.62e-05
[19:42:49]     train step 2200/4000 loss=0.01582 lr=4.80e-05
[19:42:53]     train step 2400/4000 loss=0.01381 lr=3.99e-05
[19:42:57]     train step 2600/4000 loss=0.01267 lr=3.20e-05
[19:43:01]     train step 2800/4000 loss=0.01162 lr=2.48e-05
[19:43:05]     train step 3000/4000 loss=0.01064 lr=1.82e-05
[19:43:09]     train step 3200/4000 loss=0.01002 lr=1.26e-05
[19:43:13]     train step 3400/4000 loss=0.00967 lr=8.08e-06
[19:43:18]     train step 3600/4000 loss=0.00922 lr=4.74e-06
[19:43:22]     train step 3800/4000 loss=0.00903 lr=2.69e-06
[19:43:26]     train step 4000/4000 loss=0.00898 lr=2.00e-06
[19:50:17]   [eval] SR=1.000
[19:50:17] DONE in 11043.6s | final_success=1.0
[19:50:17] [write] /weka/s226137394/DmNfull/distil/results/Lift/state/thrifty/seed1/result.json
