[15:43:38] [env] loaded /weka/s226137394/DmNfull/.env
[15:43:40] ===== DISTIL | task=Lift modality=state ablation=dropout seed=2 budget=20 smoke=False device=cuda =====
[15:43:41] [bootstrap] loaded 8 shared demos from /weka/s226137394/DmNfull/distil/results/shared_bootstrap/Lift_state/Lift_state_ni8.pkl
[15:43:44] 
===== dropout Round 0 | dataset=8 =====
[15:43:50]     train step 200/8000 loss=0.62269 lr=8.00e-05
[15:43:54]     train step 400/8000 loss=0.24642 lr=9.99e-05
[15:43:58]     train step 600/8000 loss=0.09265 lr=9.95e-05
[15:44:02]     train step 800/8000 loss=0.05734 lr=9.88e-05
[15:44:05]     train step 1000/8000 loss=0.04048 lr=9.78e-05
[15:44:09]     train step 1200/8000 loss=0.03282 lr=9.64e-05
[15:44:13]     train step 1400/8000 loss=0.02729 lr=9.48e-05
[15:44:17]     train step 1600/8000 loss=0.02325 lr=9.29e-05
[15:44:21]     train step 1800/8000 loss=0.01974 lr=9.07e-05
[15:44:25]     train step 2000/8000 loss=0.01744 lr=8.82e-05
[15:44:29]     train step 2200/8000 loss=0.01562 lr=8.55e-05
[15:44:33]     train step 2400/8000 loss=0.01363 lr=8.26e-05
[15:44:37]     train step 2600/8000 loss=0.01229 lr=7.94e-05
[15:44:41]     train step 2800/8000 loss=0.01124 lr=7.61e-05
[15:44:45]     train step 3000/8000 loss=0.00997 lr=7.26e-05
[15:44:49]     train step 3200/8000 loss=0.00951 lr=6.90e-05
[15:44:53]     train step 3400/8000 loss=0.00827 lr=6.52e-05
[15:44:57]     train step 3600/8000 loss=0.00711 lr=6.14e-05
[15:45:01]     train step 3800/8000 loss=0.00641 lr=5.75e-05
[15:45:05]     train step 4000/8000 loss=0.00607 lr=5.35e-05
[15:45:09]     train step 4200/8000 loss=0.00557 lr=4.95e-05
[15:45:13]     train step 4400/8000 loss=0.00483 lr=4.56e-05
[15:45:17]     train step 4600/8000 loss=0.00479 lr=4.16e-05
[15:45:21]     train step 4800/8000 loss=0.00404 lr=3.78e-05
[15:45:25]     train step 5000/8000 loss=0.00365 lr=3.40e-05
[15:45:29]     train step 5200/8000 loss=0.00360 lr=3.03e-05
[15:45:33]     train step 5400/8000 loss=0.00346 lr=2.68e-05
[15:45:37]     train step 5600/8000 loss=0.00304 lr=2.34e-05
[15:45:41]     train step 5800/8000 loss=0.00295 lr=2.02e-05
[15:45:45]     train step 6000/8000 loss=0.00272 lr=1.73e-05
[15:45:48]     train step 6200/8000 loss=0.00272 lr=1.45e-05
[15:45:53]     train step 6400/8000 loss=0.00256 lr=1.20e-05
[15:45:56]     train step 6600/8000 loss=0.00249 lr=9.69e-06
[15:46:00]     train step 6800/8000 loss=0.00236 lr=7.69e-06
[15:46:04]     train step 7000/8000 loss=0.00236 lr=5.98e-06
[15:46:08]     train step 7200/8000 loss=0.00227 lr=4.56e-06
[15:46:12]     train step 7400/8000 loss=0.00225 lr=3.45e-06
[15:46:16]     train step 7600/8000 loss=0.00225 lr=2.65e-06
[15:46:20]     train step 7800/8000 loss=0.00221 lr=2.16e-06
[15:46:24]     train step 8000/8000 loss=0.00221 lr=2.00e-06
[15:49:28]   [eval] SR=0.750
[15:49:29]   [dropout] intervention at t=0 (rollout 0) len=47
[15:49:29] 
===== dropout Round 1 | dataset=9 =====
[15:49:34]     train step 200/4000 loss=0.62084 lr=8.00e-05
[15:49:38]     train step 400/4000 loss=0.23333 lr=9.96e-05
[15:49:42]     train step 600/4000 loss=0.08543 lr=9.79e-05
[15:49:46]     train step 800/4000 loss=0.05273 lr=9.49e-05
[15:49:50]     train step 1000/4000 loss=0.03924 lr=9.07e-05
[15:49:54]     train step 1200/4000 loss=0.03077 lr=8.53e-05
[15:49:58]     train step 1400/4000 loss=0.02551 lr=7.90e-05
[15:50:02]     train step 1600/4000 loss=0.02146 lr=7.19e-05
[15:50:06]     train step 1800/4000 loss=0.01852 lr=6.42e-05
[15:50:10]     train step 2000/4000 loss=0.01581 lr=5.62e-05
[15:50:14]     train step 2200/4000 loss=0.01408 lr=4.80e-05
[15:50:18]     train step 2400/4000 loss=0.01257 lr=3.99e-05
[15:50:22]     train step 2600/4000 loss=0.01106 lr=3.20e-05
[15:50:26]     train step 2800/4000 loss=0.01006 lr=2.48e-05
[15:50:30]     train step 3000/4000 loss=0.00917 lr=1.82e-05
[15:50:34]     train step 3200/4000 loss=0.00849 lr=1.26e-05
[15:50:38]     train step 3400/4000 loss=0.00799 lr=8.08e-06
[15:50:42]     train step 3600/4000 loss=0.00768 lr=4.74e-06
[15:50:46]     train step 3800/4000 loss=0.00753 lr=2.69e-06
[15:50:50]     train step 4000/4000 loss=0.00744 lr=2.00e-06
[15:52:46]   [eval] SR=0.910
[15:52:48]   [dropout] intervention at t=0 (rollout 0) len=43
[15:52:48] 
===== dropout Round 2 | dataset=10 =====
[15:52:52]     train step 200/4000 loss=0.61991 lr=8.00e-05
[15:52:56]     train step 400/4000 loss=0.23076 lr=9.96e-05
[15:53:00]     train step 600/4000 loss=0.08397 lr=9.79e-05
[15:53:04]     train step 800/4000 loss=0.05222 lr=9.49e-05
[15:53:08]     train step 1000/4000 loss=0.03720 lr=9.07e-05
[15:53:12]     train step 1200/4000 loss=0.02948 lr=8.53e-05
[15:53:16]     train step 1400/4000 loss=0.02443 lr=7.90e-05
[15:53:21]     train step 1600/4000 loss=0.02073 lr=7.19e-05
[15:53:25]     train step 1800/4000 loss=0.01835 lr=6.42e-05
[15:53:29]     train step 2000/4000 loss=0.01584 lr=5.62e-05
[15:53:33]     train step 2200/4000 loss=0.01392 lr=4.80e-05
[15:53:37]     train step 2400/4000 loss=0.01265 lr=3.99e-05
[15:53:41]     train step 2600/4000 loss=0.01133 lr=3.20e-05
[15:53:45]     train step 2800/4000 loss=0.01018 lr=2.48e-05
[15:53:49]     train step 3000/4000 loss=0.00940 lr=1.82e-05
[15:53:53]     train step 3200/4000 loss=0.00873 lr=1.26e-05
[15:53:57]     train step 3400/4000 loss=0.00821 lr=8.08e-06
[15:54:01]     train step 3600/4000 loss=0.00791 lr=4.74e-06
[15:54:05]     train step 3800/4000 loss=0.00781 lr=2.69e-06
[15:54:09]     train step 4000/4000 loss=0.00768 lr=2.00e-06
[15:55:44]   [eval] SR=0.970
[15:55:45]   [dropout] intervention at t=0 (rollout 0) len=45
[15:55:46] 
===== dropout Round 3 | dataset=11 =====
[15:55:50]     train step 200/4000 loss=0.61836 lr=8.00e-05
[15:55:54]     train step 400/4000 loss=0.22826 lr=9.96e-05
[15:55:58]     train step 600/4000 loss=0.08305 lr=9.79e-05
[15:56:02]     train step 800/4000 loss=0.05118 lr=9.49e-05
[15:56:07]     train step 1000/4000 loss=0.03800 lr=9.07e-05
[15:56:11]     train step 1200/4000 loss=0.02982 lr=8.53e-05
[15:56:15]     train step 1400/4000 loss=0.02438 lr=7.90e-05
[15:56:19]     train step 1600/4000 loss=0.02117 lr=7.19e-05
[15:56:23]     train step 1800/4000 loss=0.01800 lr=6.42e-05
[15:56:27]     train step 2000/4000 loss=0.01581 lr=5.62e-05
[15:56:31]     train step 2200/4000 loss=0.01410 lr=4.80e-05
[15:56:36]     train step 2400/4000 loss=0.01265 lr=3.99e-05
[15:56:40]     train step 2600/4000 loss=0.01115 lr=3.20e-05
[15:56:44]     train step 2800/4000 loss=0.01013 lr=2.48e-05
[15:56:48]     train step 3000/4000 loss=0.00925 lr=1.82e-05
[15:56:52]     train step 3200/4000 loss=0.00871 lr=1.26e-05
[15:56:56]     train step 3400/4000 loss=0.00822 lr=8.08e-06
[15:57:00]     train step 3600/4000 loss=0.00789 lr=4.74e-06
[15:57:04]     train step 3800/4000 loss=0.00779 lr=2.69e-06
[15:57:09]     train step 4000/4000 loss=0.00773 lr=2.00e-06
[15:58:26]   [eval] SR=1.000
[15:58:30]   [dropout] intervention at t=4 (rollout 0) len=40
[15:58:30] 
===== dropout Round 4 | dataset=12 =====
[15:58:35]     train step 200/4000 loss=0.61620 lr=8.00e-05
[15:58:39]     train step 400/4000 loss=0.21660 lr=9.96e-05
[15:58:43]     train step 600/4000 loss=0.08232 lr=9.79e-05
[15:58:47]     train step 800/4000 loss=0.05082 lr=9.49e-05
[15:58:51]     train step 1000/4000 loss=0.03762 lr=9.07e-05
[15:58:55]     train step 1200/4000 loss=0.03003 lr=8.53e-05
[15:58:59]     train step 1400/4000 loss=0.02423 lr=7.90e-05
[15:59:04]     train step 1600/4000 loss=0.02067 lr=7.19e-05
[15:59:08]     train step 1800/4000 loss=0.01782 lr=6.42e-05
[15:59:12]     train step 2000/4000 loss=0.01519 lr=5.62e-05
[15:59:16]     train step 2200/4000 loss=0.01293 lr=4.80e-05
[15:59:20]     train step 2400/4000 loss=0.01154 lr=3.99e-05
[15:59:24]     train step 2600/4000 loss=0.01024 lr=3.20e-05
[15:59:28]     train step 2800/4000 loss=0.00934 lr=2.48e-05
[15:59:32]     train step 3000/4000 loss=0.00832 lr=1.82e-05
[15:59:37]     train step 3200/4000 loss=0.00779 lr=1.26e-05
[15:59:41]     train step 3400/4000 loss=0.00732 lr=8.08e-06
[15:59:45]     train step 3600/4000 loss=0.00712 lr=4.74e-06
[15:59:49]     train step 3800/4000 loss=0.00697 lr=2.69e-06
[15:59:53]     train step 4000/4000 loss=0.00692 lr=2.00e-06
[16:01:13]   [eval] SR=1.000
[16:01:14]   [dropout] intervention at t=0 (rollout 0) len=47
[16:01:14] 
===== dropout Round 5 | dataset=13 =====
[16:01:18]     train step 200/4000 loss=0.61571 lr=8.00e-05
[16:01:22]     train step 400/4000 loss=0.21677 lr=9.96e-05
[16:01:26]     train step 600/4000 loss=0.08131 lr=9.79e-05
[16:01:30]     train step 800/4000 loss=0.05014 lr=9.49e-05
[16:01:35]     train step 1000/4000 loss=0.03680 lr=9.07e-05
[16:01:39]     train step 1200/4000 loss=0.02977 lr=8.53e-05
[16:01:43]     train step 1400/4000 loss=0.02407 lr=7.90e-05
[16:01:47]     train step 1600/4000 loss=0.02045 lr=7.19e-05
[16:01:51]     train step 1800/4000 loss=0.01744 lr=6.42e-05
[16:01:55]     train step 2000/4000 loss=0.01556 lr=5.62e-05
[16:01:59]     train step 2200/4000 loss=0.01381 lr=4.80e-05
[16:02:03]     train step 2400/4000 loss=0.01200 lr=3.99e-05
[16:02:08]     train step 2600/4000 loss=0.01043 lr=3.20e-05
[16:02:12]     train step 2800/4000 loss=0.00968 lr=2.48e-05
[16:02:16]     train step 3000/4000 loss=0.00878 lr=1.82e-05
[16:02:20]     train step 3200/4000 loss=0.00825 lr=1.26e-05
[16:02:24]     train step 3400/4000 loss=0.00778 lr=8.08e-06
[16:02:28]     train step 3600/4000 loss=0.00757 lr=4.74e-06
[16:02:32]     train step 3800/4000 loss=0.00746 lr=2.69e-06
[16:02:36]     train step 4000/4000 loss=0.00738 lr=2.00e-06
[16:03:54]   [eval] SR=1.000
[16:03:55]   [dropout] intervention at t=0 (rollout 0) len=43
[16:03:55] 
===== dropout Round 6 | dataset=14 =====
[16:03:59]     train step 200/4000 loss=0.61731 lr=8.00e-05
[16:04:03]     train step 400/4000 loss=0.21836 lr=9.96e-05
[16:04:07]     train step 600/4000 loss=0.08175 lr=9.79e-05
[16:04:11]     train step 800/4000 loss=0.05064 lr=9.49e-05
[16:04:16]     train step 1000/4000 loss=0.03676 lr=9.07e-05
[16:04:20]     train step 1200/4000 loss=0.02845 lr=8.53e-05
[16:04:24]     train step 1400/4000 loss=0.02344 lr=7.90e-05
[16:04:28]     train step 1600/4000 loss=0.01935 lr=7.19e-05
[16:04:32]     train step 1800/4000 loss=0.01666 lr=6.42e-05
[16:04:36]     train step 2000/4000 loss=0.01492 lr=5.62e-05
[16:04:40]     train step 2200/4000 loss=0.01238 lr=4.80e-05
[16:04:44]     train step 2400/4000 loss=0.01082 lr=3.99e-05
[16:04:49]     train step 2600/4000 loss=0.00985 lr=3.20e-05
[16:04:53]     train step 2800/4000 loss=0.00880 lr=2.48e-05
[16:04:57]     train step 3000/4000 loss=0.00800 lr=1.82e-05
[16:05:01]     train step 3200/4000 loss=0.00752 lr=1.26e-05
[16:05:05]     train step 3400/4000 loss=0.00714 lr=8.08e-06
[16:05:09]     train step 3600/4000 loss=0.00688 lr=4.74e-06
[16:05:13]     train step 3800/4000 loss=0.00677 lr=2.69e-06
[16:05:17]     train step 4000/4000 loss=0.00670 lr=2.00e-06
[16:06:36]   [eval] SR=0.990
[16:06:57]   [dropout] intervention at t=24 (rollout 0) len=21
[16:06:57] 
===== dropout Round 7 | dataset=15 =====
[16:07:01]     train step 200/4000 loss=0.61798 lr=8.00e-05
[16:07:05]     train step 400/4000 loss=0.21840 lr=9.96e-05
[16:07:09]     train step 600/4000 loss=0.08063 lr=9.79e-05
[16:07:13]     train step 800/4000 loss=0.05190 lr=9.49e-05
[16:07:17]     train step 1000/4000 loss=0.03700 lr=9.07e-05
[16:07:21]     train step 1200/4000 loss=0.02908 lr=8.53e-05
[16:07:26]     train step 1400/4000 loss=0.02396 lr=7.90e-05
[16:07:30]     train step 1600/4000 loss=0.02073 lr=7.19e-05
[16:07:34]     train step 1800/4000 loss=0.01755 lr=6.42e-05
[16:07:38]     train step 2000/4000 loss=0.01524 lr=5.62e-05
[16:07:42]     train step 2200/4000 loss=0.01325 lr=4.80e-05
[16:07:46]     train step 2400/4000 loss=0.01175 lr=3.99e-05
[16:07:50]     train step 2600/4000 loss=0.01045 lr=3.20e-05
[16:07:54]     train step 2800/4000 loss=0.00932 lr=2.48e-05
[16:07:58]     train step 3000/4000 loss=0.00864 lr=1.82e-05
[16:08:03]     train step 3200/4000 loss=0.00801 lr=1.26e-05
[16:08:07]     train step 3400/4000 loss=0.00752 lr=8.08e-06
[16:08:11]     train step 3600/4000 loss=0.00734 lr=4.74e-06
[16:08:15]     train step 3800/4000 loss=0.00716 lr=2.69e-06
[16:08:19]     train step 4000/4000 loss=0.00710 lr=2.00e-06
[16:09:34]   [eval] SR=1.000
[16:09:51]   [dropout] intervention at t=19 (rollout 0) len=26
[16:09:51] 
===== dropout Round 8 | dataset=16 =====
[16:09:55]     train step 200/4000 loss=0.61731 lr=8.00e-05
[16:09:59]     train step 400/4000 loss=0.22036 lr=9.96e-05
[16:10:03]     train step 600/4000 loss=0.08348 lr=9.79e-05
[16:10:07]     train step 800/4000 loss=0.05129 lr=9.49e-05
[16:10:12]     train step 1000/4000 loss=0.03799 lr=9.07e-05
[16:10:16]     train step 1200/4000 loss=0.02956 lr=8.53e-05
[16:10:20]     train step 1400/4000 loss=0.02456 lr=7.90e-05
[16:10:24]     train step 1600/4000 loss=0.02021 lr=7.19e-05
[16:10:28]     train step 1800/4000 loss=0.01711 lr=6.42e-05
[16:10:32]     train step 2000/4000 loss=0.01454 lr=5.62e-05
[16:10:36]     train step 2200/4000 loss=0.01260 lr=4.80e-05
[16:10:40]     train step 2400/4000 loss=0.01108 lr=3.99e-05
[16:10:45]     train step 2600/4000 loss=0.00983 lr=3.20e-05
[16:10:49]     train step 2800/4000 loss=0.00880 lr=2.48e-05
[16:10:53]     train step 3000/4000 loss=0.00817 lr=1.82e-05
[16:10:57]     train step 3200/4000 loss=0.00771 lr=1.26e-05
[16:11:01]     train step 3400/4000 loss=0.00711 lr=8.08e-06
[16:11:05]     train step 3600/4000 loss=0.00688 lr=4.74e-06
[16:11:09]     train step 3800/4000 loss=0.00673 lr=2.69e-06
[16:11:13]     train step 4000/4000 loss=0.00667 lr=2.00e-06
[16:12:29]   [eval] SR=1.000
[16:12:37]   [dropout] intervention at t=8 (rollout 0) len=40
[16:12:37] 
===== dropout Round 9 | dataset=17 =====
[16:12:41]     train step 200/4000 loss=0.61614 lr=8.00e-05
[16:12:45]     train step 400/4000 loss=0.21937 lr=9.96e-05
[16:12:49]     train step 600/4000 loss=0.08072 lr=9.79e-05
[16:12:53]     train step 800/4000 loss=0.05069 lr=9.49e-05
[16:12:57]     train step 1000/4000 loss=0.03763 lr=9.07e-05
[16:13:02]     train step 1200/4000 loss=0.03001 lr=8.53e-05
[16:13:06]     train step 1400/4000 loss=0.02432 lr=7.90e-05
[16:13:10]     train step 1600/4000 loss=0.02124 lr=7.19e-05
[16:13:14]     train step 1800/4000 loss=0.01785 lr=6.42e-05
[16:13:18]     train step 2000/4000 loss=0.01555 lr=5.62e-05
[16:13:22]     train step 2200/4000 loss=0.01341 lr=4.80e-05
[16:13:26]     train step 2400/4000 loss=0.01181 lr=3.99e-05
[16:13:30]     train step 2600/4000 loss=0.01052 lr=3.20e-05
[16:13:34]     train step 2800/4000 loss=0.00947 lr=2.48e-05
[16:13:39]     train step 3000/4000 loss=0.00879 lr=1.82e-05
[16:13:43]     train step 3200/4000 loss=0.00820 lr=1.26e-05
[16:13:47]     train step 3400/4000 loss=0.00771 lr=8.08e-06
[16:13:51]     train step 3600/4000 loss=0.00747 lr=4.74e-06
[16:13:55]     train step 3800/4000 loss=0.00736 lr=2.69e-06
[16:13:59]     train step 4000/4000 loss=0.00725 lr=2.00e-06
[16:15:20]   [eval] SR=1.000
[16:15:41]   [dropout] intervention at t=24 (rollout 0) len=20
[16:15:41] 
===== dropout Round 10 | dataset=18 =====
[16:15:45]     train step 200/4000 loss=0.61573 lr=8.00e-05
[16:15:49]     train step 400/4000 loss=0.21643 lr=9.96e-05
[16:15:53]     train step 600/4000 loss=0.08146 lr=9.79e-05
[16:15:57]     train step 800/4000 loss=0.05132 lr=9.49e-05
[16:16:01]     train step 1000/4000 loss=0.03731 lr=9.07e-05
[16:16:06]     train step 1200/4000 loss=0.02874 lr=8.53e-05
[16:16:10]     train step 1400/4000 loss=0.02452 lr=7.90e-05
[16:16:14]     train step 1600/4000 loss=0.02062 lr=7.19e-05
[16:16:18]     train step 1800/4000 loss=0.01796 lr=6.42e-05
[16:16:22]     train step 2000/4000 loss=0.01567 lr=5.62e-05
[16:16:26]     train step 2200/4000 loss=0.01327 lr=4.80e-05
[16:16:30]     train step 2400/4000 loss=0.01172 lr=3.99e-05
[16:16:34]     train step 2600/4000 loss=0.01052 lr=3.20e-05
[16:16:39]     train step 2800/4000 loss=0.00938 lr=2.48e-05
[16:16:43]     train step 3000/4000 loss=0.00868 lr=1.82e-05
[16:16:47]     train step 3200/4000 loss=0.00810 lr=1.26e-05
[16:16:51]     train step 3400/4000 loss=0.00760 lr=8.08e-06
[16:16:55]     train step 3600/4000 loss=0.00730 lr=4.74e-06
[16:16:59]     train step 3800/4000 loss=0.00724 lr=2.69e-06
[16:17:03]     train step 4000/4000 loss=0.00708 lr=2.00e-06
[16:18:20]   [eval] SR=1.000
[16:18:21]   [dropout] intervention at t=0 (rollout 0) len=48
[16:18:21] 
===== dropout Round 11 | dataset=19 =====
[16:18:25]     train step 200/4000 loss=0.61751 lr=8.00e-05
[16:18:29]     train step 400/4000 loss=0.22060 lr=9.96e-05
[16:18:33]     train step 600/4000 loss=0.08053 lr=9.79e-05
[16:18:37]     train step 800/4000 loss=0.04977 lr=9.49e-05
[16:18:42]     train step 1000/4000 loss=0.03669 lr=9.07e-05
[16:18:46]     train step 1200/4000 loss=0.02900 lr=8.53e-05
[16:18:50]     train step 1400/4000 loss=0.02368 lr=7.90e-05
[16:18:54]     train step 1600/4000 loss=0.02015 lr=7.19e-05
[16:18:58]     train step 1800/4000 loss=0.01729 lr=6.42e-05
[16:19:02]     train step 2000/4000 loss=0.01516 lr=5.62e-05
[16:19:06]     train step 2200/4000 loss=0.01330 lr=4.80e-05
[16:19:10]     train step 2400/4000 loss=0.01189 lr=3.99e-05
[16:19:15]     train step 2600/4000 loss=0.01058 lr=3.20e-05
[16:19:19]     train step 2800/4000 loss=0.00985 lr=2.48e-05
[16:19:23]     train step 3000/4000 loss=0.00885 lr=1.82e-05
[16:19:27]     train step 3200/4000 loss=0.00823 lr=1.26e-05
[16:19:31]     train step 3400/4000 loss=0.00762 lr=8.08e-06
[16:19:35]     train step 3600/4000 loss=0.00735 lr=4.74e-06
[16:19:39]     train step 3800/4000 loss=0.00726 lr=2.69e-06
[16:19:43]     train step 4000/4000 loss=0.00716 lr=2.00e-06
[16:20:59]   [eval] SR=1.000
[16:21:00]   [dropout] intervention at t=0 (rollout 0) len=47
[16:21:00] 
===== dropout Round 12 | dataset=20 =====
[16:21:04]     train step 200/4000 loss=0.61730 lr=8.00e-05
[16:21:08]     train step 400/4000 loss=0.21796 lr=9.96e-05
[16:21:12]     train step 600/4000 loss=0.08080 lr=9.79e-05
[16:21:16]     train step 800/4000 loss=0.05079 lr=9.49e-05
[16:21:21]     train step 1000/4000 loss=0.03744 lr=9.07e-05
[16:21:25]     train step 1200/4000 loss=0.02898 lr=8.53e-05
[16:21:29]     train step 1400/4000 loss=0.02380 lr=7.90e-05
[16:21:33]     train step 1600/4000 loss=0.02045 lr=7.19e-05
[16:21:37]     train step 1800/4000 loss=0.01733 lr=6.42e-05
[16:21:41]     train step 2000/4000 loss=0.01535 lr=5.62e-05
[16:21:45]     train step 2200/4000 loss=0.01303 lr=4.80e-05
[16:21:49]     train step 2400/4000 loss=0.01188 lr=3.99e-05
[16:21:53]     train step 2600/4000 loss=0.01068 lr=3.20e-05
[16:21:58]     train step 2800/4000 loss=0.00957 lr=2.48e-05
[16:22:02]     train step 3000/4000 loss=0.00876 lr=1.82e-05
[16:22:06]     train step 3200/4000 loss=0.00807 lr=1.26e-05
[16:22:10]     train step 3400/4000 loss=0.00762 lr=8.08e-06
[16:22:14]     train step 3600/4000 loss=0.00737 lr=4.74e-06
[16:22:18]     train step 3800/4000 loss=0.00723 lr=2.69e-06
[16:22:22]     train step 4000/4000 loss=0.00713 lr=2.00e-06
[16:23:38]   [eval] SR=1.000
[16:23:40]   [dropout] intervention at t=1 (rollout 0) len=46
[16:23:40] 
===== dropout Round 13 | dataset=21 =====
[16:23:44]     train step 200/4000 loss=0.61627 lr=8.00e-05
[16:23:48]     train step 400/4000 loss=0.21765 lr=9.96e-05
[16:23:53]     train step 600/4000 loss=0.08199 lr=9.79e-05
[16:23:57]     train step 800/4000 loss=0.05112 lr=9.49e-05
[16:24:01]     train step 1000/4000 loss=0.03746 lr=9.07e-05
[16:24:05]     train step 1200/4000 loss=0.02916 lr=8.53e-05
[16:24:09]     train step 1400/4000 loss=0.02441 lr=7.90e-05
[16:24:13]     train step 1600/4000 loss=0.02063 lr=7.19e-05
[16:24:17]     train step 1800/4000 loss=0.01772 lr=6.42e-05
[16:24:21]     train step 2000/4000 loss=0.01522 lr=5.62e-05
[16:24:26]     train step 2200/4000 loss=0.01337 lr=4.80e-05
[16:24:30]     train step 2400/4000 loss=0.01220 lr=3.99e-05
[16:24:34]     train step 2600/4000 loss=0.01074 lr=3.20e-05
[16:24:38]     train step 2800/4000 loss=0.00971 lr=2.48e-05
[16:24:42]     train step 3000/4000 loss=0.00886 lr=1.82e-05
[16:24:46]     train step 3200/4000 loss=0.00832 lr=1.26e-05
[16:24:50]     train step 3400/4000 loss=0.00778 lr=8.08e-06
[16:24:54]     train step 3600/4000 loss=0.00757 lr=4.74e-06
[16:24:59]     train step 3800/4000 loss=0.00744 lr=2.69e-06
[16:25:03]     train step 4000/4000 loss=0.00734 lr=2.00e-06
[16:26:18]   [eval] SR=1.000
[16:26:20]   [dropout] intervention at t=0 (rollout 0) len=44
[16:26:20] 
===== dropout Round 14 | dataset=22 =====
[16:26:24]     train step 200/4000 loss=0.61578 lr=8.00e-05
[16:26:28]     train step 400/4000 loss=0.21676 lr=9.96e-05
[16:26:32]     train step 600/4000 loss=0.08154 lr=9.79e-05
[16:26:36]     train step 800/4000 loss=0.04946 lr=9.49e-05
[16:26:40]     train step 1000/4000 loss=0.03649 lr=9.07e-05
[16:26:45]     train step 1200/4000 loss=0.02904 lr=8.53e-05
[16:26:49]     train step 1400/4000 loss=0.02363 lr=7.90e-05
[16:26:53]     train step 1600/4000 loss=0.01977 lr=7.19e-05
[16:26:57]     train step 1800/4000 loss=0.01743 lr=6.42e-05
[16:27:01]     train step 2000/4000 loss=0.01524 lr=5.62e-05
[16:27:05]     train step 2200/4000 loss=0.01330 lr=4.80e-05
[16:27:09]     train step 2400/4000 loss=0.01166 lr=3.99e-05
[16:27:13]     train step 2600/4000 loss=0.01062 lr=3.20e-05
[16:27:17]     train step 2800/4000 loss=0.00975 lr=2.48e-05
[16:27:22]     train step 3000/4000 loss=0.00893 lr=1.82e-05
[16:27:26]     train step 3200/4000 loss=0.00827 lr=1.26e-05
[16:27:30]     train step 3400/4000 loss=0.00779 lr=8.08e-06
[16:27:34]     train step 3600/4000 loss=0.00755 lr=4.74e-06
[16:27:38]     train step 3800/4000 loss=0.00742 lr=2.69e-06
[16:27:42]     train step 4000/4000 loss=0.00736 lr=2.00e-06
[16:28:58]   [eval] SR=1.000
[16:29:14]   [dropout] intervention at t=19 (rollout 0) len=24
[16:29:14] 
===== dropout Round 15 | dataset=23 =====
[16:29:18]     train step 200/4000 loss=0.61604 lr=8.00e-05
[16:29:23]     train step 400/4000 loss=0.21465 lr=9.96e-05
[16:29:27]     train step 600/4000 loss=0.08018 lr=9.79e-05
[16:29:31]     train step 800/4000 loss=0.04966 lr=9.49e-05
[16:29:35]     train step 1000/4000 loss=0.03651 lr=9.07e-05
[16:29:39]     train step 1200/4000 loss=0.02897 lr=8.53e-05
[16:29:43]     train step 1400/4000 loss=0.02522 lr=7.90e-05
[16:29:47]     train step 1600/4000 loss=0.02022 lr=7.19e-05
[16:29:51]     train step 1800/4000 loss=0.01755 lr=6.42e-05
[16:29:55]     train step 2000/4000 loss=0.01522 lr=5.62e-05
[16:30:00]     train step 2200/4000 loss=0.01322 lr=4.80e-05
[16:30:04]     train step 2400/4000 loss=0.01185 lr=3.99e-05
[16:30:08]     train step 2600/4000 loss=0.01058 lr=3.20e-05
[16:30:12]     train step 2800/4000 loss=0.00959 lr=2.48e-05
[16:30:16]     train step 3000/4000 loss=0.00867 lr=1.82e-05
[16:30:20]     train step 3200/4000 loss=0.00819 lr=1.26e-05
[16:30:24]     train step 3400/4000 loss=0.00761 lr=8.08e-06
[16:30:28]     train step 3600/4000 loss=0.00735 lr=4.74e-06
[16:30:32]     train step 3800/4000 loss=0.00722 lr=2.69e-06
[16:30:37]     train step 4000/4000 loss=0.00712 lr=2.00e-06
[16:31:52]   [eval] SR=1.000
[16:31:53]   [dropout] intervention at t=0 (rollout 0) len=45
[16:31:53] 
===== dropout Round 16 | dataset=24 =====
[16:31:57]     train step 200/4000 loss=0.61227 lr=8.00e-05
[16:32:02]     train step 400/4000 loss=0.21495 lr=9.96e-05
[16:32:06]     train step 600/4000 loss=0.08058 lr=9.79e-05
[16:32:10]     train step 800/4000 loss=0.05048 lr=9.49e-05
[16:32:14]     train step 1000/4000 loss=0.03657 lr=9.07e-05
[16:32:18]     train step 1200/4000 loss=0.02945 lr=8.53e-05
[16:32:22]     train step 1400/4000 loss=0.02419 lr=7.90e-05
[16:32:26]     train step 1600/4000 loss=0.02001 lr=7.19e-05
[16:32:30]     train step 1800/4000 loss=0.01701 lr=6.42e-05
[16:32:35]     train step 2000/4000 loss=0.01503 lr=5.62e-05
[16:32:39]     train step 2200/4000 loss=0.01338 lr=4.80e-05
[16:32:43]     train step 2400/4000 loss=0.01183 lr=3.99e-05
[16:32:47]     train step 2600/4000 loss=0.01051 lr=3.20e-05
[16:32:51]     train step 2800/4000 loss=0.00959 lr=2.48e-05
[16:32:55]     train step 3000/4000 loss=0.00878 lr=1.82e-05
[16:32:59]     train step 3200/4000 loss=0.00831 lr=1.26e-05
[16:33:03]     train step 3400/4000 loss=0.00781 lr=8.08e-06
[16:33:07]     train step 3600/4000 loss=0.00750 lr=4.74e-06
[16:33:12]     train step 3800/4000 loss=0.00743 lr=2.69e-06
[16:33:16]     train step 4000/4000 loss=0.00733 lr=2.00e-06
[16:34:34]   [eval] SR=0.990
[16:34:49]   [dropout] intervention at t=17 (rollout 0) len=30
[16:34:49] 
===== dropout Round 17 | dataset=25 =====
[16:34:53]     train step 200/4000 loss=0.61274 lr=8.00e-05
[16:34:57]     train step 400/4000 loss=0.21621 lr=9.96e-05
[16:35:02]     train step 600/4000 loss=0.08068 lr=9.79e-05
[16:35:06]     train step 800/4000 loss=0.05014 lr=9.49e-05
[16:35:10]     train step 1000/4000 loss=0.03656 lr=9.07e-05
[16:35:14]     train step 1200/4000 loss=0.02988 lr=8.53e-05
[16:35:18]     train step 1400/4000 loss=0.02426 lr=7.90e-05
[16:35:22]     train step 1600/4000 loss=0.02035 lr=7.19e-05
[16:35:26]     train step 1800/4000 loss=0.01728 lr=6.42e-05
[16:35:30]     train step 2000/4000 loss=0.01496 lr=5.62e-05
[16:35:35]     train step 2200/4000 loss=0.01296 lr=4.80e-05
[16:35:39]     train step 2400/4000 loss=0.01156 lr=3.99e-05
[16:35:43]     train step 2600/4000 loss=0.01033 lr=3.20e-05
[16:35:47]     train step 2800/4000 loss=0.00934 lr=2.48e-05
[16:35:51]     train step 3000/4000 loss=0.00857 lr=1.82e-05
[16:35:55]     train step 3200/4000 loss=0.00796 lr=1.26e-05
[16:35:59]     train step 3400/4000 loss=0.00754 lr=8.08e-06
[16:36:03]     train step 3600/4000 loss=0.00722 lr=4.74e-06
[16:36:08]     train step 3800/4000 loss=0.00715 lr=2.69e-06
[16:36:12]     train step 4000/4000 loss=0.00708 lr=2.00e-06
[16:37:30]   [eval] SR=0.990
[16:37:32]   [dropout] intervention at t=1 (rollout 0) len=47
[16:37:32] 
===== dropout Round 18 | dataset=26 =====
[16:37:37]     train step 200/4000 loss=0.61237 lr=8.00e-05
[16:37:41]     train step 400/4000 loss=0.21511 lr=9.96e-05
[16:37:45]     train step 600/4000 loss=0.08157 lr=9.79e-05
[16:37:49]     train step 800/4000 loss=0.05113 lr=9.49e-05
[16:37:53]     train step 1000/4000 loss=0.03791 lr=9.07e-05
[16:37:57]     train step 1200/4000 loss=0.02999 lr=8.53e-05
[16:38:01]     train step 1400/4000 loss=0.02400 lr=7.90e-05
[16:38:05]     train step 1600/4000 loss=0.02043 lr=7.19e-05
[16:38:10]     train step 1800/4000 loss=0.01772 lr=6.42e-05
[16:38:14]     train step 2000/4000 loss=0.01536 lr=5.62e-05
[16:38:18]     train step 2200/4000 loss=0.01334 lr=4.80e-05
[16:38:22]     train step 2400/4000 loss=0.01195 lr=3.99e-05
[16:38:26]     train step 2600/4000 loss=0.01052 lr=3.20e-05
[16:38:30]     train step 2800/4000 loss=0.00958 lr=2.48e-05
[16:38:34]     train step 3000/4000 loss=0.00878 lr=1.82e-05
[16:38:38]     train step 3200/4000 loss=0.00826 lr=1.26e-05
[16:38:43]     train step 3400/4000 loss=0.00781 lr=8.08e-06
[16:38:47]     train step 3600/4000 loss=0.00753 lr=4.74e-06
[16:38:51]     train step 3800/4000 loss=0.00738 lr=2.69e-06
[16:38:55]     train step 4000/4000 loss=0.00734 lr=2.00e-06
[16:40:10]   [eval] SR=1.000
[16:40:31]   [dropout] intervention at t=24 (rollout 0) len=20
[16:40:31] 
===== dropout Round 19 | dataset=27 =====
[16:40:35]     train step 200/4000 loss=0.61204 lr=8.00e-05
[16:40:39]     train step 400/4000 loss=0.21676 lr=9.96e-05
[16:40:43]     train step 600/4000 loss=0.08254 lr=9.79e-05
[16:40:47]     train step 800/4000 loss=0.05096 lr=9.49e-05
[16:40:51]     train step 1000/4000 loss=0.03703 lr=9.07e-05
[16:40:55]     train step 1200/4000 loss=0.02923 lr=8.53e-05
[16:41:00]     train step 1400/4000 loss=0.02447 lr=7.90e-05
[16:41:04]     train step 1600/4000 loss=0.02077 lr=7.19e-05
[16:41:08]     train step 1800/4000 loss=0.01763 lr=6.42e-05
[16:41:12]     train step 2000/4000 loss=0.01544 lr=5.62e-05
[16:41:16]     train step 2200/4000 loss=0.01357 lr=4.80e-05
[16:41:20]     train step 2400/4000 loss=0.01230 lr=3.99e-05
[16:41:24]     train step 2600/4000 loss=0.01067 lr=3.20e-05
[16:41:28]     train step 2800/4000 loss=0.00974 lr=2.48e-05
[16:41:32]     train step 3000/4000 loss=0.00888 lr=1.82e-05
[16:41:37]     train step 3200/4000 loss=0.00829 lr=1.26e-05
[16:41:41]     train step 3400/4000 loss=0.00782 lr=8.08e-06
[16:41:45]     train step 3600/4000 loss=0.00751 lr=4.74e-06
[16:41:49]     train step 3800/4000 loss=0.00739 lr=2.69e-06
[16:41:53]     train step 4000/4000 loss=0.00734 lr=2.00e-06
[16:43:08]   [eval] SR=1.000
[16:43:09]   [dropout] intervention at t=0 (rollout 0) len=46
[16:43:09] 
===== dropout Round 20 | dataset=28 =====
[16:43:13]     train step 200/4000 loss=0.61183 lr=8.00e-05
[16:43:18]     train step 400/4000 loss=0.21339 lr=9.96e-05
[16:43:22]     train step 600/4000 loss=0.08160 lr=9.79e-05
[16:43:26]     train step 800/4000 loss=0.05189 lr=9.49e-05
[16:43:30]     train step 1000/4000 loss=0.03748 lr=9.07e-05
[16:43:34]     train step 1200/4000 loss=0.02988 lr=8.53e-05
[16:43:38]     train step 1400/4000 loss=0.02479 lr=7.90e-05
[16:43:42]     train step 1600/4000 loss=0.02115 lr=7.19e-05
[16:43:46]     train step 1800/4000 loss=0.01808 lr=6.42e-05
[16:43:51]     train step 2000/4000 loss=0.01589 lr=5.62e-05
[16:43:55]     train step 2200/4000 loss=0.01386 lr=4.80e-05
[16:43:59]     train step 2400/4000 loss=0.01198 lr=3.99e-05
[16:44:03]     train step 2600/4000 loss=0.01076 lr=3.20e-05
[16:44:07]     train step 2800/4000 loss=0.00983 lr=2.48e-05
[16:44:11]     train step 3000/4000 loss=0.00913 lr=1.82e-05
[16:44:15]     train step 3200/4000 loss=0.00850 lr=1.26e-05
[16:44:19]     train step 3400/4000 loss=0.00798 lr=8.08e-06
[16:44:23]     train step 3600/4000 loss=0.00770 lr=4.74e-06
[16:44:27]     train step 3800/4000 loss=0.00755 lr=2.69e-06
[16:44:32]     train step 4000/4000 loss=0.00749 lr=2.00e-06
[16:45:47]   [eval] SR=1.000
[16:45:47] DONE in 3723.9s | final_success=1.0
[16:45:47] [write] /weka/s226137394/DmNfull/distil/results/Lift/state/dropout/seed2/result.json
