[19:07:01] [env] loaded /weka/s226137394/DmNfull/.env
[19:07:03] ===== DISTIL | task=Lift modality=state ablation=stagger seed=5 budget=20 smoke=False device=cuda =====
[19:07:04] [bootstrap] loaded 8 shared demos from /weka/s226137394/DmNfull/distil/results/shared_bootstrap/Lift_state/Lift_state_ni8.pkl
[19:07:06] 
===== stagger Round 0 | dataset=8 =====
[19:07:12]     train step 200/8000 loss=0.59670 lr=8.00e-05
[19:07:16]     train step 400/8000 loss=0.23638 lr=9.99e-05
[19:07:20]     train step 600/8000 loss=0.08574 lr=9.95e-05
[19:07:24]     train step 800/8000 loss=0.05526 lr=9.88e-05
[19:07:28]     train step 1000/8000 loss=0.04055 lr=9.78e-05
[19:07:32]     train step 1200/8000 loss=0.03243 lr=9.64e-05
[19:07:36]     train step 1400/8000 loss=0.02628 lr=9.48e-05
[19:07:40]     train step 1600/8000 loss=0.02311 lr=9.29e-05
[19:07:44]     train step 1800/8000 loss=0.01953 lr=9.07e-05
[19:07:48]     train step 2000/8000 loss=0.01658 lr=8.82e-05
[19:07:52]     train step 2200/8000 loss=0.01441 lr=8.55e-05
[19:07:56]     train step 2400/8000 loss=0.01317 lr=8.26e-05
[19:08:00]     train step 2600/8000 loss=0.01161 lr=7.94e-05
[19:08:04]     train step 2800/8000 loss=0.01037 lr=7.61e-05
[19:08:08]     train step 3000/8000 loss=0.00945 lr=7.26e-05
[19:08:12]     train step 3200/8000 loss=0.00815 lr=6.90e-05
[19:08:16]     train step 3400/8000 loss=0.00747 lr=6.52e-05
[19:08:20]     train step 3600/8000 loss=0.00681 lr=6.14e-05
[19:08:25]     train step 3800/8000 loss=0.00547 lr=5.75e-05
[19:08:29]     train step 4000/8000 loss=0.00534 lr=5.35e-05
[19:08:33]     train step 4200/8000 loss=0.00489 lr=4.95e-05
[19:08:37]     train step 4400/8000 loss=0.00440 lr=4.56e-05
[19:08:41]     train step 4600/8000 loss=0.00405 lr=4.16e-05
[19:08:45]     train step 4800/8000 loss=0.00389 lr=3.78e-05
[19:08:49]     train step 5000/8000 loss=0.00350 lr=3.40e-05
[19:08:53]     train step 5200/8000 loss=0.00317 lr=3.03e-05
[19:08:57]     train step 5400/8000 loss=0.00307 lr=2.68e-05
[19:09:01]     train step 5600/8000 loss=0.00304 lr=2.34e-05
[19:09:05]     train step 5800/8000 loss=0.00290 lr=2.02e-05
[19:09:09]     train step 6000/8000 loss=0.00268 lr=1.73e-05
[19:09:13]     train step 6200/8000 loss=0.00259 lr=1.45e-05
[19:09:17]     train step 6400/8000 loss=0.00246 lr=1.20e-05
[19:09:21]     train step 6600/8000 loss=0.00240 lr=9.69e-06
[19:09:25]     train step 6800/8000 loss=0.00232 lr=7.69e-06
[19:09:29]     train step 7000/8000 loss=0.00227 lr=5.98e-06
[19:09:33]     train step 7200/8000 loss=0.00222 lr=4.56e-06
[19:09:37]     train step 7400/8000 loss=0.00221 lr=3.45e-06
[19:09:41]     train step 7600/8000 loss=0.00216 lr=2.65e-06
[19:09:45]     train step 7800/8000 loss=0.00217 lr=2.16e-06
[19:09:49]     train step 8000/8000 loss=0.00214 lr=2.00e-06
[19:13:05]   [eval] SR=0.690
[19:13:17]   [stagger] intervention at t=100 (rollout 1) len=34
[19:13:17] 
===== stagger Round 1 | dataset=9 =====
[19:13:21]     train step 200/4000 loss=0.58944 lr=8.00e-05
[19:13:26]     train step 400/4000 loss=0.22116 lr=9.96e-05
[19:13:30]     train step 600/4000 loss=0.08356 lr=9.79e-05
[19:13:34]     train step 800/4000 loss=0.05417 lr=9.49e-05
[19:13:38]     train step 1000/4000 loss=0.03957 lr=9.07e-05
[19:13:42]     train step 1200/4000 loss=0.03163 lr=8.53e-05
[19:13:46]     train step 1400/4000 loss=0.02598 lr=7.90e-05
[19:13:50]     train step 1600/4000 loss=0.02241 lr=7.19e-05
[19:13:54]     train step 1800/4000 loss=0.01930 lr=6.42e-05
[19:13:58]     train step 2000/4000 loss=0.01662 lr=5.62e-05
[19:14:02]     train step 2200/4000 loss=0.01496 lr=4.80e-05
[19:14:06]     train step 2400/4000 loss=0.01270 lr=3.99e-05
[19:14:10]     train step 2600/4000 loss=0.01142 lr=3.20e-05
[19:14:14]     train step 2800/4000 loss=0.01046 lr=2.48e-05
[19:14:18]     train step 3000/4000 loss=0.00945 lr=1.82e-05
[19:14:23]     train step 3200/4000 loss=0.00878 lr=1.26e-05
[19:14:27]     train step 3400/4000 loss=0.00832 lr=8.08e-06
[19:14:31]     train step 3600/4000 loss=0.00791 lr=4.74e-06
[19:14:35]     train step 3800/4000 loss=0.00772 lr=2.69e-06
[19:14:39]     train step 4000/4000 loss=0.00756 lr=2.00e-06
[19:17:31]   [eval] SR=0.800
[19:17:32]   [stagger] intervention at t=2 (rollout 0) len=40
[19:17:32] 
===== stagger Round 2 | dataset=10 =====
[19:17:36]     train step 200/4000 loss=0.58834 lr=8.00e-05
[19:17:40]     train step 400/4000 loss=0.21443 lr=9.96e-05
[19:17:45]     train step 600/4000 loss=0.08247 lr=9.79e-05
[19:17:49]     train step 800/4000 loss=0.05399 lr=9.49e-05
[19:17:53]     train step 1000/4000 loss=0.04003 lr=9.07e-05
[19:17:57]     train step 1200/4000 loss=0.03221 lr=8.53e-05
[19:18:01]     train step 1400/4000 loss=0.02603 lr=7.90e-05
[19:18:05]     train step 1600/4000 loss=0.02245 lr=7.19e-05
[19:18:09]     train step 1800/4000 loss=0.01960 lr=6.42e-05
[19:18:13]     train step 2000/4000 loss=0.01694 lr=5.62e-05
[19:18:17]     train step 2200/4000 loss=0.01505 lr=4.80e-05
[19:18:22]     train step 2400/4000 loss=0.01310 lr=3.99e-05
[19:18:26]     train step 2600/4000 loss=0.01195 lr=3.20e-05
[19:18:30]     train step 2800/4000 loss=0.01080 lr=2.48e-05
[19:18:34]     train step 3000/4000 loss=0.00979 lr=1.82e-05
[19:18:38]     train step 3200/4000 loss=0.00910 lr=1.26e-05
[19:18:42]     train step 3400/4000 loss=0.00868 lr=8.08e-06
[19:18:46]     train step 3600/4000 loss=0.00827 lr=4.74e-06
[19:18:50]     train step 3800/4000 loss=0.00814 lr=2.69e-06
[19:18:54]     train step 4000/4000 loss=0.00805 lr=2.00e-06
[19:20:53]   [eval] SR=0.910
[19:21:11]   [stagger] intervention at t=35 (rollout 4) len=13
[19:21:11] 
===== stagger Round 3 | dataset=11 =====
[19:21:16]     train step 200/4000 loss=0.58899 lr=8.00e-05
[19:21:20]     train step 400/4000 loss=0.21187 lr=9.96e-05
[19:21:24]     train step 600/4000 loss=0.08338 lr=9.79e-05
[19:21:28]     train step 800/4000 loss=0.05443 lr=9.49e-05
[19:21:32]     train step 1000/4000 loss=0.04049 lr=9.07e-05
[19:21:37]     train step 1200/4000 loss=0.03185 lr=8.53e-05
[19:21:41]     train step 1400/4000 loss=0.02629 lr=7.90e-05
[19:21:45]     train step 1600/4000 loss=0.02204 lr=7.19e-05
[19:21:49]     train step 1800/4000 loss=0.01907 lr=6.42e-05
[19:21:53]     train step 2000/4000 loss=0.01658 lr=5.62e-05
[19:21:57]     train step 2200/4000 loss=0.01461 lr=4.80e-05
[19:22:01]     train step 2400/4000 loss=0.01295 lr=3.99e-05
[19:22:05]     train step 2600/4000 loss=0.01170 lr=3.20e-05
[19:22:10]     train step 2800/4000 loss=0.01061 lr=2.48e-05
[19:22:14]     train step 3000/4000 loss=0.00965 lr=1.82e-05
[19:22:18]     train step 3200/4000 loss=0.00903 lr=1.26e-05
[19:22:22]     train step 3400/4000 loss=0.00858 lr=8.08e-06
[19:22:26]     train step 3600/4000 loss=0.00817 lr=4.74e-06
[19:22:30]     train step 3800/4000 loss=0.00804 lr=2.69e-06
[19:22:34]     train step 4000/4000 loss=0.00793 lr=2.00e-06
[19:24:24]   [eval] SR=0.930
[19:24:28]   [stagger] intervention at t=6 (rollout 1) len=41
[19:24:29] 
===== stagger Round 4 | dataset=12 =====
[19:24:33]     train step 200/4000 loss=0.58873 lr=8.00e-05
[19:24:37]     train step 400/4000 loss=0.21103 lr=9.96e-05
[19:24:41]     train step 600/4000 loss=0.08180 lr=9.79e-05
[19:24:46]     train step 800/4000 loss=0.05303 lr=9.49e-05
[19:24:50]     train step 1000/4000 loss=0.03882 lr=9.07e-05
[19:24:54]     train step 1200/4000 loss=0.03071 lr=8.53e-05
[19:24:58]     train step 1400/4000 loss=0.02523 lr=7.90e-05
[19:25:02]     train step 1600/4000 loss=0.02159 lr=7.19e-05
[19:25:07]     train step 1800/4000 loss=0.01871 lr=6.42e-05
[19:25:11]     train step 2000/4000 loss=0.01596 lr=5.62e-05
[19:25:15]     train step 2200/4000 loss=0.01417 lr=4.80e-05
[19:25:19]     train step 2400/4000 loss=0.01271 lr=3.99e-05
[19:25:23]     train step 2600/4000 loss=0.01134 lr=3.20e-05
[19:25:28]     train step 2800/4000 loss=0.01021 lr=2.48e-05
[19:25:32]     train step 3000/4000 loss=0.00941 lr=1.82e-05
[19:25:36]     train step 3200/4000 loss=0.00875 lr=1.26e-05
[19:25:40]     train step 3400/4000 loss=0.00831 lr=8.08e-06
[19:25:44]     train step 3600/4000 loss=0.00799 lr=4.74e-06
[19:25:49]     train step 3800/4000 loss=0.00785 lr=2.69e-06
[19:25:53]     train step 4000/4000 loss=0.00773 lr=2.00e-06
[19:27:22]   [eval] SR=0.980
[19:27:25]   [stagger] intervention at t=34 (rollout 0) len=13
[19:27:25] 
===== stagger Round 5 | dataset=13 =====
[19:27:29]     train step 200/4000 loss=0.58805 lr=8.00e-05
[19:27:34]     train step 400/4000 loss=0.20952 lr=9.96e-05
[19:27:38]     train step 600/4000 loss=0.08107 lr=9.79e-05
[19:27:42]     train step 800/4000 loss=0.05209 lr=9.49e-05
[19:27:46]     train step 1000/4000 loss=0.03835 lr=9.07e-05
[19:27:50]     train step 1200/4000 loss=0.03105 lr=8.53e-05
[19:27:55]     train step 1400/4000 loss=0.02540 lr=7.90e-05
[19:27:59]     train step 1600/4000 loss=0.02179 lr=7.19e-05
[19:28:03]     train step 1800/4000 loss=0.01899 lr=6.42e-05
[19:28:07]     train step 2000/4000 loss=0.01630 lr=5.62e-05
[19:28:11]     train step 2200/4000 loss=0.01451 lr=4.80e-05
[19:28:16]     train step 2400/4000 loss=0.01267 lr=3.99e-05
[19:28:20]     train step 2600/4000 loss=0.01137 lr=3.20e-05
[19:28:24]     train step 2800/4000 loss=0.01039 lr=2.48e-05
[19:28:28]     train step 3000/4000 loss=0.00939 lr=1.82e-05
[19:28:32]     train step 3200/4000 loss=0.00881 lr=1.26e-05
[19:28:37]     train step 3400/4000 loss=0.00842 lr=8.08e-06
[19:28:41]     train step 3600/4000 loss=0.00805 lr=4.74e-06
[19:28:45]     train step 3800/4000 loss=0.00792 lr=2.69e-06
[19:28:49]     train step 4000/4000 loss=0.00777 lr=2.00e-06
[19:30:20]   [eval] SR=0.970
[19:30:33]   [stagger] intervention at t=16 (rollout 3) len=32
[19:30:33] 
===== stagger Round 6 | dataset=14 =====
[19:30:37]     train step 200/4000 loss=0.58749 lr=8.00e-05
[19:30:41]     train step 400/4000 loss=0.20748 lr=9.96e-05
[19:30:45]     train step 600/4000 loss=0.08098 lr=9.79e-05
[19:30:49]     train step 800/4000 loss=0.05215 lr=9.49e-05
[19:30:54]     train step 1000/4000 loss=0.03850 lr=9.07e-05
[19:30:58]     train step 1200/4000 loss=0.03045 lr=8.53e-05
[19:31:02]     train step 1400/4000 loss=0.02521 lr=7.90e-05
[19:31:06]     train step 1600/4000 loss=0.02170 lr=7.19e-05
[19:31:10]     train step 1800/4000 loss=0.01909 lr=6.42e-05
[19:31:15]     train step 2000/4000 loss=0.01666 lr=5.62e-05
[19:31:19]     train step 2200/4000 loss=0.01453 lr=4.80e-05
[19:31:23]     train step 2400/4000 loss=0.01298 lr=3.99e-05
[19:31:27]     train step 2600/4000 loss=0.01166 lr=3.20e-05
[19:31:31]     train step 2800/4000 loss=0.01068 lr=2.48e-05
[19:31:36]     train step 3000/4000 loss=0.00993 lr=1.82e-05
[19:31:40]     train step 3200/4000 loss=0.00912 lr=1.26e-05
[19:31:44]     train step 3400/4000 loss=0.00876 lr=8.08e-06
[19:31:48]     train step 3600/4000 loss=0.00841 lr=4.74e-06
[19:31:52]     train step 3800/4000 loss=0.00833 lr=2.69e-06
[19:31:57]     train step 4000/4000 loss=0.00814 lr=2.00e-06
[19:33:31]   [eval] SR=0.970
[19:33:31]   [stagger] intervention at t=5 (rollout 0) len=40
[19:33:31] 
===== stagger Round 7 | dataset=15 =====
[19:33:36]     train step 200/4000 loss=0.58727 lr=8.00e-05
[19:33:40]     train step 400/4000 loss=0.20585 lr=9.96e-05
[19:33:44]     train step 600/4000 loss=0.07913 lr=9.79e-05
[19:33:48]     train step 800/4000 loss=0.05344 lr=9.49e-05
[19:33:52]     train step 1000/4000 loss=0.03948 lr=9.07e-05
[19:33:57]     train step 1200/4000 loss=0.03164 lr=8.53e-05
[19:34:01]     train step 1400/4000 loss=0.02555 lr=7.90e-05
[19:34:05]     train step 1600/4000 loss=0.02223 lr=7.19e-05
[19:34:09]     train step 1800/4000 loss=0.01955 lr=6.42e-05
[19:34:13]     train step 2000/4000 loss=0.01709 lr=5.62e-05
[19:34:18]     train step 2200/4000 loss=0.01550 lr=4.80e-05
[19:34:22]     train step 2400/4000 loss=0.01381 lr=3.99e-05
[19:34:26]     train step 2600/4000 loss=0.01242 lr=3.20e-05
[19:34:30]     train step 2800/4000 loss=0.01131 lr=2.48e-05
[19:34:34]     train step 3000/4000 loss=0.01044 lr=1.82e-05
[19:34:39]     train step 3200/4000 loss=0.00982 lr=1.26e-05
[19:34:43]     train step 3400/4000 loss=0.00929 lr=8.08e-06
[19:34:47]     train step 3600/4000 loss=0.00898 lr=4.74e-06
[19:34:51]     train step 3800/4000 loss=0.00879 lr=2.69e-06
[19:34:55]     train step 4000/4000 loss=0.00873 lr=2.00e-06
[19:36:21]   [eval] SR=0.980
[19:36:22]   [stagger] intervention at t=0 (rollout 0) len=44
[19:36:22] 
===== stagger Round 8 | dataset=16 =====
[19:36:26]     train step 200/4000 loss=0.58698 lr=8.00e-05
[19:36:30]     train step 400/4000 loss=0.20666 lr=9.96e-05
[19:36:34]     train step 600/4000 loss=0.08278 lr=9.79e-05
[19:36:38]     train step 800/4000 loss=0.05383 lr=9.49e-05
[19:36:43]     train step 1000/4000 loss=0.03959 lr=9.07e-05
[19:36:47]     train step 1200/4000 loss=0.03088 lr=8.53e-05
[19:36:51]     train step 1400/4000 loss=0.02588 lr=7.90e-05
[19:36:55]     train step 1600/4000 loss=0.02226 lr=7.19e-05
[19:36:59]     train step 1800/4000 loss=0.01933 lr=6.42e-05
[19:37:04]     train step 2000/4000 loss=0.01670 lr=5.62e-05
[19:37:08]     train step 2200/4000 loss=0.01485 lr=4.80e-05
[19:37:12]     train step 2400/4000 loss=0.01328 lr=3.99e-05
[19:37:16]     train step 2600/4000 loss=0.01191 lr=3.20e-05
[19:37:20]     train step 2800/4000 loss=0.01078 lr=2.48e-05
[19:37:24]     train step 3000/4000 loss=0.01010 lr=1.82e-05
[19:37:29]     train step 3200/4000 loss=0.00930 lr=1.26e-05
[19:37:33]     train step 3400/4000 loss=0.00897 lr=8.08e-06
[19:37:37]     train step 3600/4000 loss=0.00866 lr=4.74e-06
[19:37:41]     train step 3800/4000 loss=0.00848 lr=2.69e-06
[19:37:45]     train step 4000/4000 loss=0.00833 lr=2.00e-06
[19:39:14]   [eval] SR=0.970
[19:39:15]   [stagger] intervention at t=6 (rollout 0) len=42
[19:39:15] 
===== stagger Round 9 | dataset=17 =====
[19:39:19]     train step 200/4000 loss=0.58577 lr=8.00e-05
[19:39:23]     train step 400/4000 loss=0.20470 lr=9.96e-05
[19:39:27]     train step 600/4000 loss=0.08002 lr=9.79e-05
[19:39:32]     train step 800/4000 loss=0.05216 lr=9.49e-05
[19:39:36]     train step 1000/4000 loss=0.03857 lr=9.07e-05
[19:39:40]     train step 1200/4000 loss=0.03155 lr=8.53e-05
[19:39:44]     train step 1400/4000 loss=0.02585 lr=7.90e-05
[19:39:48]     train step 1600/4000 loss=0.02233 lr=7.19e-05
[19:39:53]     train step 1800/4000 loss=0.01911 lr=6.42e-05
[19:39:57]     train step 2000/4000 loss=0.01661 lr=5.62e-05
[19:40:01]     train step 2200/4000 loss=0.01469 lr=4.80e-05
[19:40:05]     train step 2400/4000 loss=0.01342 lr=3.99e-05
[19:40:09]     train step 2600/4000 loss=0.01206 lr=3.20e-05
[19:40:14]     train step 2800/4000 loss=0.01101 lr=2.48e-05
[19:40:18]     train step 3000/4000 loss=0.01006 lr=1.82e-05
[19:40:22]     train step 3200/4000 loss=0.00957 lr=1.26e-05
[19:40:26]     train step 3400/4000 loss=0.00905 lr=8.08e-06
[19:40:30]     train step 3600/4000 loss=0.00870 lr=4.74e-06
[19:40:34]     train step 3800/4000 loss=0.00858 lr=2.69e-06
[19:40:39]     train step 4000/4000 loss=0.00840 lr=2.00e-06
[19:42:10]   [eval] SR=0.960
[19:42:12]   [stagger] intervention at t=18 (rollout 0) len=25
[19:42:12] 
===== stagger Round 10 | dataset=18 =====
[19:42:16]     train step 200/4000 loss=0.58578 lr=8.00e-05
[19:42:20]     train step 400/4000 loss=0.20777 lr=9.96e-05
[19:42:25]     train step 600/4000 loss=0.08213 lr=9.79e-05
[19:42:29]     train step 800/4000 loss=0.05313 lr=9.49e-05
[19:42:33]     train step 1000/4000 loss=0.03838 lr=9.07e-05
[19:42:37]     train step 1200/4000 loss=0.03086 lr=8.53e-05
[19:42:41]     train step 1400/4000 loss=0.02563 lr=7.90e-05
[19:42:46]     train step 1600/4000 loss=0.02179 lr=7.19e-05
[19:42:50]     train step 1800/4000 loss=0.01910 lr=6.42e-05
[19:42:54]     train step 2000/4000 loss=0.01693 lr=5.62e-05
[19:42:58]     train step 2200/4000 loss=0.01522 lr=4.80e-05
[19:43:02]     train step 2400/4000 loss=0.01335 lr=3.99e-05
[19:43:07]     train step 2600/4000 loss=0.01217 lr=3.20e-05
[19:43:11]     train step 2800/4000 loss=0.01133 lr=2.48e-05
[19:43:15]     train step 3000/4000 loss=0.01034 lr=1.82e-05
[19:43:19]     train step 3200/4000 loss=0.00954 lr=1.26e-05
[19:43:23]     train step 3400/4000 loss=0.00921 lr=8.08e-06
[19:43:27]     train step 3600/4000 loss=0.00880 lr=4.74e-06
[19:43:32]     train step 3800/4000 loss=0.00860 lr=2.69e-06
[19:43:36]     train step 4000/4000 loss=0.00851 lr=2.00e-06
[19:45:15]   [eval] SR=0.950
[19:45:21]   [stagger] intervention at t=23 (rollout 1) len=24
[19:45:21] 
===== stagger Round 11 | dataset=19 =====
[19:45:25]     train step 200/4000 loss=0.58203 lr=8.00e-05
[19:45:30]     train step 400/4000 loss=0.20132 lr=9.96e-05
[19:45:34]     train step 600/4000 loss=0.07935 lr=9.79e-05
[19:45:38]     train step 800/4000 loss=0.05338 lr=9.49e-05
[19:45:42]     train step 1000/4000 loss=0.03916 lr=9.07e-05
[19:45:46]     train step 1200/4000 loss=0.03155 lr=8.53e-05
[19:45:51]     train step 1400/4000 loss=0.02559 lr=7.90e-05
[19:45:55]     train step 1600/4000 loss=0.02192 lr=7.19e-05
[19:45:59]     train step 1800/4000 loss=0.01940 lr=6.42e-05
[19:46:03]     train step 2000/4000 loss=0.01690 lr=5.62e-05
[19:46:07]     train step 2200/4000 loss=0.01527 lr=4.80e-05
[19:46:12]     train step 2400/4000 loss=0.01372 lr=3.99e-05
[19:46:16]     train step 2600/4000 loss=0.01239 lr=3.20e-05
[19:46:20]     train step 2800/4000 loss=0.01126 lr=2.48e-05
[19:46:24]     train step 3000/4000 loss=0.01045 lr=1.82e-05
[19:46:28]     train step 3200/4000 loss=0.00959 lr=1.26e-05
[19:46:33]     train step 3400/4000 loss=0.00923 lr=8.08e-06
[19:46:37]     train step 3600/4000 loss=0.00885 lr=4.74e-06
[19:46:41]     train step 3800/4000 loss=0.00869 lr=2.69e-06
[19:46:45]     train step 4000/4000 loss=0.00856 lr=2.00e-06
[19:48:19]   [eval] SR=0.960
[19:48:28]   [stagger] intervention at t=29 (rollout 2) len=14
[19:48:28] 
===== stagger Round 12 | dataset=20 =====
[19:48:33]     train step 200/4000 loss=0.58236 lr=8.00e-05
[19:48:37]     train step 400/4000 loss=0.20510 lr=9.96e-05
[19:48:41]     train step 600/4000 loss=0.08196 lr=9.79e-05
[19:48:45]     train step 800/4000 loss=0.05427 lr=9.49e-05
[19:48:50]     train step 1000/4000 loss=0.03899 lr=9.07e-05
[19:48:54]     train step 1200/4000 loss=0.03132 lr=8.53e-05
[19:48:58]     train step 1400/4000 loss=0.02564 lr=7.90e-05
[19:49:02]     train step 1600/4000 loss=0.02221 lr=7.19e-05
[19:49:06]     train step 1800/4000 loss=0.01915 lr=6.42e-05
[19:49:11]     train step 2000/4000 loss=0.01665 lr=5.62e-05
[19:49:15]     train step 2200/4000 loss=0.01468 lr=4.80e-05
[19:49:19]     train step 2400/4000 loss=0.01307 lr=3.99e-05
[19:49:23]     train step 2600/4000 loss=0.01178 lr=3.20e-05
[19:49:27]     train step 2800/4000 loss=0.01088 lr=2.48e-05
[19:49:31]     train step 3000/4000 loss=0.01001 lr=1.82e-05
[19:49:36]     train step 3200/4000 loss=0.00928 lr=1.26e-05
[19:49:40]     train step 3400/4000 loss=0.00879 lr=8.08e-06
[19:49:44]     train step 3600/4000 loss=0.00855 lr=4.74e-06
[19:49:48]     train step 3800/4000 loss=0.00836 lr=2.69e-06
[19:49:52]     train step 4000/4000 loss=0.00821 lr=2.00e-06
[19:51:33]   [eval] SR=0.930
[19:51:36]   [stagger] intervention at t=35 (rollout 0) len=12
[19:51:36] 
===== stagger Round 13 | dataset=21 =====
[19:51:40]     train step 200/4000 loss=0.58228 lr=8.00e-05
[19:51:44]     train step 400/4000 loss=0.20125 lr=9.96e-05
[19:51:48]     train step 600/4000 loss=0.08094 lr=9.79e-05
[19:51:53]     train step 800/4000 loss=0.05296 lr=9.49e-05
[19:51:57]     train step 1000/4000 loss=0.03913 lr=9.07e-05
[19:52:01]     train step 1200/4000 loss=0.03120 lr=8.53e-05
[19:52:05]     train step 1400/4000 loss=0.02593 lr=7.90e-05
[19:52:09]     train step 1600/4000 loss=0.02264 lr=7.19e-05
[19:52:14]     train step 1800/4000 loss=0.01982 lr=6.42e-05
[19:52:18]     train step 2000/4000 loss=0.01742 lr=5.62e-05
[19:52:22]     train step 2200/4000 loss=0.01548 lr=4.80e-05
[19:52:26]     train step 2400/4000 loss=0.01422 lr=3.99e-05
[19:52:30]     train step 2600/4000 loss=0.01277 lr=3.20e-05
[19:52:34]     train step 2800/4000 loss=0.01174 lr=2.48e-05
[19:52:39]     train step 3000/4000 loss=0.01088 lr=1.82e-05
[19:52:43]     train step 3200/4000 loss=0.01012 lr=1.26e-05
[19:52:47]     train step 3400/4000 loss=0.00960 lr=8.08e-06
[19:52:51]     train step 3600/4000 loss=0.00926 lr=4.74e-06
[19:52:55]     train step 3800/4000 loss=0.00910 lr=2.69e-06
[19:53:00]     train step 4000/4000 loss=0.00895 lr=2.00e-06
[19:54:40]   [eval] SR=0.930
[19:54:46]   [stagger] intervention at t=32 (rollout 1) len=10
[19:54:46] 
===== stagger Round 14 | dataset=22 =====
[19:54:51]     train step 200/4000 loss=0.58254 lr=8.00e-05
[19:54:55]     train step 400/4000 loss=0.19989 lr=9.96e-05
[19:54:59]     train step 600/4000 loss=0.08121 lr=9.79e-05
[19:55:03]     train step 800/4000 loss=0.05304 lr=9.49e-05
[19:55:08]     train step 1000/4000 loss=0.03897 lr=9.07e-05
[19:55:12]     train step 1200/4000 loss=0.03120 lr=8.53e-05
[19:55:16]     train step 1400/4000 loss=0.02572 lr=7.90e-05
[19:55:20]     train step 1600/4000 loss=0.02211 lr=7.19e-05
[19:55:24]     train step 1800/4000 loss=0.01933 lr=6.42e-05
[19:55:29]     train step 2000/4000 loss=0.01718 lr=5.62e-05
[19:55:33]     train step 2200/4000 loss=0.01543 lr=4.80e-05
[19:55:37]     train step 2400/4000 loss=0.01380 lr=3.99e-05
[19:55:41]     train step 2600/4000 loss=0.01237 lr=3.20e-05
[19:55:45]     train step 2800/4000 loss=0.01129 lr=2.48e-05
[19:55:49]     train step 3000/4000 loss=0.01041 lr=1.82e-05
[19:55:54]     train step 3200/4000 loss=0.00971 lr=1.26e-05
[19:55:58]     train step 3400/4000 loss=0.00932 lr=8.08e-06
[19:56:02]     train step 3600/4000 loss=0.00892 lr=4.74e-06
[19:56:06]     train step 3800/4000 loss=0.00875 lr=2.69e-06
[19:56:11]     train step 4000/4000 loss=0.00864 lr=2.00e-06
[19:57:51]   [eval] SR=0.950
[19:57:56]   [stagger] intervention at t=22 (rollout 1) len=24
[19:57:56] 
===== stagger Round 15 | dataset=23 =====
[19:58:01]     train step 200/4000 loss=0.57999 lr=8.00e-05
[19:58:05]     train step 400/4000 loss=0.20337 lr=9.96e-05
[19:58:09]     train step 600/4000 loss=0.08001 lr=9.79e-05
[19:58:13]     train step 800/4000 loss=0.05272 lr=9.49e-05
[19:58:18]     train step 1000/4000 loss=0.03935 lr=9.07e-05
[19:58:22]     train step 1200/4000 loss=0.03193 lr=8.53e-05
[19:58:26]     train step 1400/4000 loss=0.02642 lr=7.90e-05
[19:58:30]     train step 1600/4000 loss=0.02236 lr=7.19e-05
[19:58:34]     train step 1800/4000 loss=0.02013 lr=6.42e-05
[19:58:39]     train step 2000/4000 loss=0.01694 lr=5.62e-05
[19:58:43]     train step 2200/4000 loss=0.01485 lr=4.80e-05
[19:58:47]     train step 2400/4000 loss=0.01333 lr=3.99e-05
[19:58:51]     train step 2600/4000 loss=0.01187 lr=3.20e-05
[19:58:55]     train step 2800/4000 loss=0.01097 lr=2.48e-05
[19:58:59]     train step 3000/4000 loss=0.01019 lr=1.82e-05
[19:59:04]     train step 3200/4000 loss=0.00947 lr=1.26e-05
[19:59:08]     train step 3400/4000 loss=0.00908 lr=8.08e-06
[19:59:12]     train step 3600/4000 loss=0.00866 lr=4.74e-06
[19:59:16]     train step 3800/4000 loss=0.00853 lr=2.69e-06
[19:59:20]     train step 4000/4000 loss=0.00835 lr=2.00e-06
[20:00:49]   [eval] SR=0.990
[20:01:01]   [stagger] intervention at t=14 (rollout 3) len=29
[20:01:01] 
===== stagger Round 16 | dataset=24 =====
[20:01:05]     train step 200/4000 loss=0.58010 lr=8.00e-05
[20:01:09]     train step 400/4000 loss=0.20304 lr=9.96e-05
[20:01:13]     train step 600/4000 loss=0.08270 lr=9.79e-05
[20:01:18]     train step 800/4000 loss=0.05379 lr=9.49e-05
[20:01:22]     train step 1000/4000 loss=0.03943 lr=9.07e-05
[20:01:26]     train step 1200/4000 loss=0.03158 lr=8.53e-05
[20:01:30]     train step 1400/4000 loss=0.02608 lr=7.90e-05
[20:01:34]     train step 1600/4000 loss=0.02245 lr=7.19e-05
[20:01:38]     train step 1800/4000 loss=0.01917 lr=6.42e-05
[20:01:43]     train step 2000/4000 loss=0.01690 lr=5.62e-05
[20:01:47]     train step 2200/4000 loss=0.01506 lr=4.80e-05
[20:01:51]     train step 2400/4000 loss=0.01336 lr=3.99e-05
[20:01:55]     train step 2600/4000 loss=0.01217 lr=3.20e-05
[20:02:00]     train step 2800/4000 loss=0.01096 lr=2.48e-05
[20:02:04]     train step 3000/4000 loss=0.01034 lr=1.82e-05
[20:02:08]     train step 3200/4000 loss=0.00963 lr=1.26e-05
[20:02:12]     train step 3400/4000 loss=0.00906 lr=8.08e-06
[20:02:16]     train step 3600/4000 loss=0.00870 lr=4.74e-06
[20:02:21]     train step 3800/4000 loss=0.00861 lr=2.69e-06
[20:02:25]     train step 4000/4000 loss=0.00844 lr=2.00e-06
[20:03:55]   [eval] SR=0.990
[20:04:17]   [stagger] intervention at t=7 (rollout 6) len=37
[20:04:17] 
===== stagger Round 17 | dataset=25 =====
[20:04:22]     train step 200/4000 loss=0.58000 lr=8.00e-05
[20:04:26]     train step 400/4000 loss=0.20318 lr=9.96e-05
[20:04:30]     train step 600/4000 loss=0.08076 lr=9.79e-05
[20:04:34]     train step 800/4000 loss=0.05271 lr=9.49e-05
[20:04:38]     train step 1000/4000 loss=0.03852 lr=9.07e-05
[20:04:43]     train step 1200/4000 loss=0.03107 lr=8.53e-05
[20:04:47]     train step 1400/4000 loss=0.02632 lr=7.90e-05
[20:04:51]     train step 1600/4000 loss=0.02210 lr=7.19e-05
[20:04:55]     train step 1800/4000 loss=0.01914 lr=6.42e-05
[20:04:59]     train step 2000/4000 loss=0.01658 lr=5.62e-05
[20:05:03]     train step 2200/4000 loss=0.01516 lr=4.80e-05
[20:05:08]     train step 2400/4000 loss=0.01348 lr=3.99e-05
[20:05:12]     train step 2600/4000 loss=0.01205 lr=3.20e-05
[20:05:16]     train step 2800/4000 loss=0.01106 lr=2.48e-05
[20:05:20]     train step 3000/4000 loss=0.01022 lr=1.82e-05
[20:05:24]     train step 3200/4000 loss=0.00966 lr=1.26e-05
[20:05:29]     train step 3400/4000 loss=0.00920 lr=8.08e-06
[20:05:33]     train step 3600/4000 loss=0.00877 lr=4.74e-06
[20:05:37]     train step 3800/4000 loss=0.00864 lr=2.69e-06
[20:05:41]     train step 4000/4000 loss=0.00855 lr=2.00e-06
[20:07:22]   [eval] SR=0.970
[20:07:35]   [stagger] intervention at t=33 (rollout 3) len=13
[20:07:35] 
===== stagger Round 18 | dataset=26 =====
[20:07:40]     train step 200/4000 loss=0.57939 lr=8.00e-05
[20:07:44]     train step 400/4000 loss=0.19875 lr=9.96e-05
[20:07:48]     train step 600/4000 loss=0.08077 lr=9.79e-05
[20:07:52]     train step 800/4000 loss=0.05209 lr=9.49e-05
[20:07:56]     train step 1000/4000 loss=0.03904 lr=9.07e-05
[20:08:01]     train step 1200/4000 loss=0.03154 lr=8.53e-05
[20:08:05]     train step 1400/4000 loss=0.02600 lr=7.90e-05
[20:08:09]     train step 1600/4000 loss=0.02285 lr=7.19e-05
[20:08:13]     train step 1800/4000 loss=0.01956 lr=6.42e-05
[20:08:17]     train step 2000/4000 loss=0.01762 lr=5.62e-05
[20:08:21]     train step 2200/4000 loss=0.01510 lr=4.80e-05
[20:08:26]     train step 2400/4000 loss=0.01364 lr=3.99e-05
[20:08:30]     train step 2600/4000 loss=0.01231 lr=3.20e-05
[20:08:34]     train step 2800/4000 loss=0.01102 lr=2.48e-05
[20:08:38]     train step 3000/4000 loss=0.01044 lr=1.82e-05
[20:08:42]     train step 3200/4000 loss=0.00974 lr=1.26e-05
[20:08:46]     train step 3400/4000 loss=0.00930 lr=8.08e-06
[20:08:51]     train step 3600/4000 loss=0.00887 lr=4.74e-06
[20:08:55]     train step 3800/4000 loss=0.00874 lr=2.69e-06
[20:08:59]     train step 4000/4000 loss=0.00862 lr=2.00e-06
[20:10:31]   [eval] SR=0.980
[20:10:40]   [stagger] intervention at t=23 (rollout 2) len=21
[20:10:40] 
===== stagger Round 19 | dataset=27 =====
[20:10:45]     train step 200/4000 loss=0.57996 lr=8.00e-05
[20:10:49]     train step 400/4000 loss=0.19956 lr=9.96e-05
[20:10:53]     train step 600/4000 loss=0.08042 lr=9.79e-05
[20:10:57]     train step 800/4000 loss=0.05321 lr=9.49e-05
[20:11:01]     train step 1000/4000 loss=0.03978 lr=9.07e-05
[20:11:06]     train step 1200/4000 loss=0.03196 lr=8.53e-05
[20:11:10]     train step 1400/4000 loss=0.02607 lr=7.90e-05
[20:11:14]     train step 1600/4000 loss=0.02289 lr=7.19e-05
[20:11:18]     train step 1800/4000 loss=0.01969 lr=6.42e-05
[20:11:22]     train step 2000/4000 loss=0.01718 lr=5.62e-05
[20:11:27]     train step 2200/4000 loss=0.01541 lr=4.80e-05
[20:11:31]     train step 2400/4000 loss=0.01373 lr=3.99e-05
[20:11:35]     train step 2600/4000 loss=0.01228 lr=3.20e-05
[20:11:39]     train step 2800/4000 loss=0.01137 lr=2.48e-05
[20:11:43]     train step 3000/4000 loss=0.01049 lr=1.82e-05
[20:11:48]     train step 3200/4000 loss=0.00989 lr=1.26e-05
[20:11:52]     train step 3400/4000 loss=0.00936 lr=8.08e-06
[20:11:56]     train step 3600/4000 loss=0.00904 lr=4.74e-06
[20:12:00]     train step 3800/4000 loss=0.00885 lr=2.69e-06
[20:12:04]     train step 4000/4000 loss=0.00871 lr=2.00e-06
[20:13:46]   [eval] SR=0.960
[20:13:47]   [stagger] intervention at t=8 (rollout 0) len=38
[20:13:47] 
===== stagger Round 20 | dataset=28 =====
[20:13:51]     train step 200/4000 loss=0.57911 lr=8.00e-05
[20:13:55]     train step 400/4000 loss=0.20171 lr=9.96e-05
[20:13:59]     train step 600/4000 loss=0.08121 lr=9.79e-05
[20:14:04]     train step 800/4000 loss=0.05398 lr=9.49e-05
[20:14:08]     train step 1000/4000 loss=0.03971 lr=9.07e-05
[20:14:12]     train step 1200/4000 loss=0.03116 lr=8.53e-05
[20:14:16]     train step 1400/4000 loss=0.02589 lr=7.90e-05
[20:14:21]     train step 1600/4000 loss=0.02249 lr=7.19e-05
[20:14:25]     train step 1800/4000 loss=0.01926 lr=6.42e-05
[20:14:29]     train step 2000/4000 loss=0.01664 lr=5.62e-05
[20:14:33]     train step 2200/4000 loss=0.01523 lr=4.80e-05
[20:14:37]     train step 2400/4000 loss=0.01354 lr=3.99e-05
[20:14:42]     train step 2600/4000 loss=0.01246 lr=3.20e-05
[20:14:46]     train step 2800/4000 loss=0.01110 lr=2.48e-05
[20:14:50]     train step 3000/4000 loss=0.01032 lr=1.82e-05
[20:14:54]     train step 3200/4000 loss=0.00965 lr=1.26e-05
[20:14:58]     train step 3400/4000 loss=0.00926 lr=8.08e-06
[20:15:03]     train step 3600/4000 loss=0.00889 lr=4.74e-06
[20:15:07]     train step 3800/4000 loss=0.00873 lr=2.69e-06
[20:15:11]     train step 4000/4000 loss=0.00862 lr=2.00e-06
[20:16:55]   [eval] SR=0.950
[20:16:55] DONE in 4190.0s | final_success=0.95
[20:16:55] [write] /weka/s226137394/DmNfull/distil/results/Lift/state/stagger/seed5/result.json
