[01:04:50] [env] loaded /weka/s226137394/DmNfull/.env
[01:04:51] ===== DISTIL | task=Lift modality=image ablation=decision_heuristic seed=3 budget=20 smoke=False device=cuda =====
[01:04:52] [bootstrap] loaded 8 shared demos from /weka/s226137394/DmNfull/distil/results/shared_bootstrap/Lift_image/Lift_image_ni8.pkl
[01:04:52] [kag] copied Lift.json + rendered .kag.txt into /weka/s226137394/DmNfull/distil/results/Lift/image/decision_heuristic/seed3/kag
[01:04:55] [init] using 8 bootstrap demos (shared with baselines)
[01:04:55] 
===== DISTIL Round 0 | dataset=8 trajs =====
[01:04:55]   [train] 8 trajs, 357 windows, state_dim=23 act_dim=7 params=4.61M steps=8000
[01:05:05]     train step 200/8000 loss=0.61063 lr=8.00e-05
[01:05:14]     train step 400/8000 loss=0.25473 lr=9.99e-05
[01:05:23]     train step 600/8000 loss=0.15022 lr=9.95e-05
[01:05:32]     train step 800/8000 loss=0.10559 lr=9.88e-05
[01:05:41]     train step 1000/8000 loss=0.08086 lr=9.78e-05
[01:05:50]     train step 1200/8000 loss=0.06411 lr=9.64e-05
[01:05:58]     train step 1400/8000 loss=0.05557 lr=9.48e-05
[01:06:07]     train step 1600/8000 loss=0.04712 lr=9.29e-05
[01:06:15]     train step 1800/8000 loss=0.04051 lr=9.07e-05
[01:06:24]     train step 2000/8000 loss=0.03601 lr=8.82e-05
[01:06:33]     train step 2200/8000 loss=0.03280 lr=8.55e-05
[01:06:41]     train step 2400/8000 loss=0.02892 lr=8.26e-05
[01:06:50]     train step 2600/8000 loss=0.02676 lr=7.94e-05
[01:06:58]     train step 2800/8000 loss=0.02429 lr=7.61e-05
[01:07:07]     train step 3000/8000 loss=0.02212 lr=7.26e-05
[01:07:16]     train step 3200/8000 loss=0.02018 lr=6.90e-05
[01:07:24]     train step 3400/8000 loss=0.01929 lr=6.52e-05
[01:07:33]     train step 3600/8000 loss=0.01756 lr=6.14e-05
[01:07:41]     train step 3800/8000 loss=0.01542 lr=5.75e-05
[01:07:50]     train step 4000/8000 loss=0.01408 lr=5.35e-05
[01:07:58]     train step 4200/8000 loss=0.01229 lr=4.95e-05
[01:08:07]     train step 4400/8000 loss=0.01119 lr=4.56e-05
[01:08:15]     train step 4600/8000 loss=0.01042 lr=4.16e-05
[01:08:24]     train step 4800/8000 loss=0.01001 lr=3.78e-05
[01:08:32]     train step 5000/8000 loss=0.00858 lr=3.40e-05
[01:08:41]     train step 5200/8000 loss=0.00796 lr=3.03e-05
[01:08:50]     train step 5400/8000 loss=0.00718 lr=2.68e-05
[01:08:58]     train step 5600/8000 loss=0.00641 lr=2.34e-05
[01:09:07]     train step 5800/8000 loss=0.00602 lr=2.02e-05
[01:09:15]     train step 6000/8000 loss=0.00559 lr=1.73e-05
[01:09:24]     train step 6200/8000 loss=0.00510 lr=1.45e-05
[01:09:32]     train step 6400/8000 loss=0.00466 lr=1.20e-05
[01:09:41]     train step 6600/8000 loss=0.00440 lr=9.69e-06
[01:09:50]     train step 6800/8000 loss=0.00428 lr=7.69e-06
[01:09:58]     train step 7000/8000 loss=0.00401 lr=5.98e-06
[01:10:07]     train step 7200/8000 loss=0.00387 lr=4.56e-06
[01:10:15]     train step 7400/8000 loss=0.00377 lr=3.45e-06
[01:10:24]     train step 7600/8000 loss=0.00367 lr=2.65e-06
[01:10:33]     train step 7800/8000 loss=0.00357 lr=2.16e-06
[01:10:41]     train step 8000/8000 loss=0.00352 lr=2.00e-06
[01:10:49]   [calibrate] threshold(alpha=0.99)=0.00559 over 1428 samples (median=0.00362)
[01:15:21]   [eval] pure-policy success=0.540 mean_len=157 (fixed 100-ep set)
[01:16:52]   [screen] 14/40 failures found
[01:16:53]   [collect a0] mode=bridge choice=geometric_bridge cited=[3000002, 3000026] success=True len=46
[01:16:54] 
===== DISTIL Round 1 | dataset=9 trajs =====
[01:16:54]   [train] 9 trajs, 403 windows, state_dim=23 act_dim=7 params=4.61M steps=4000
[01:17:03]     train step 200/4000 loss=0.58434 lr=8.00e-05
[01:17:13]     train step 400/4000 loss=0.25592 lr=9.96e-05
[01:17:22]     train step 600/4000 loss=0.14799 lr=9.79e-05
[01:17:32]     train step 800/4000 loss=0.09628 lr=9.49e-05
[01:17:41]     train step 1000/4000 loss=0.07244 lr=9.07e-05
[01:17:50]     train step 1200/4000 loss=0.05980 lr=8.53e-05
[01:17:59]     train step 1400/4000 loss=0.05028 lr=7.90e-05
[01:18:08]     train step 1600/4000 loss=0.04291 lr=7.19e-05
[01:18:17]     train step 1800/4000 loss=0.03692 lr=6.42e-05
[01:18:26]     train step 2000/4000 loss=0.03217 lr=5.62e-05
[01:18:35]     train step 2200/4000 loss=0.02822 lr=4.80e-05
[01:18:44]     train step 2400/4000 loss=0.02522 lr=3.99e-05
[01:18:53]     train step 2600/4000 loss=0.02416 lr=3.20e-05
[01:19:03]     train step 2800/4000 loss=0.02173 lr=2.48e-05
[01:19:12]     train step 3000/4000 loss=0.01999 lr=1.82e-05
[01:19:21]     train step 3200/4000 loss=0.01827 lr=1.26e-05
[01:19:30]     train step 3400/4000 loss=0.01686 lr=8.08e-06
[01:19:39]     train step 3600/4000 loss=0.01591 lr=4.74e-06
[01:19:48]     train step 3800/4000 loss=0.01543 lr=2.69e-06
[01:19:57]     train step 4000/4000 loss=0.01509 lr=2.00e-06
[01:20:05]   [calibrate] threshold(alpha=0.99)=0.02414 over 1612 samples (median=0.01516)
[01:24:28]   [eval] pure-policy success=0.540 mean_len=151 (fixed 100-ep set)
[01:26:13]   [screen] 18/40 failures found
[01:26:17]   [collect a0] mode=bridge choice=geometric_bridge cited=[3000064, 3000076] success=True len=45
[01:26:17] 
===== DISTIL Round 2 | dataset=10 trajs =====
[01:26:17]   [train] 10 trajs, 448 windows, state_dim=23 act_dim=7 params=4.61M steps=4000
[01:26:28]     train step 200/4000 loss=0.56611 lr=8.00e-05
[01:26:38]     train step 400/4000 loss=0.24525 lr=9.96e-05
[01:26:48]     train step 600/4000 loss=0.13995 lr=9.79e-05
[01:26:58]     train step 800/4000 loss=0.09565 lr=9.49e-05
[01:27:08]     train step 1000/4000 loss=0.07217 lr=9.07e-05
[01:27:18]     train step 1200/4000 loss=0.05817 lr=8.53e-05
[01:27:28]     train step 1400/4000 loss=0.05082 lr=7.90e-05
[01:27:37]     train step 1600/4000 loss=0.04250 lr=7.19e-05
[01:27:47]     train step 1800/4000 loss=0.03650 lr=6.42e-05
[01:27:57]     train step 2000/4000 loss=0.03081 lr=5.62e-05
[01:28:07]     train step 2200/4000 loss=0.02699 lr=4.80e-05
[01:28:17]     train step 2400/4000 loss=0.02493 lr=3.99e-05
[01:28:27]     train step 2600/4000 loss=0.02243 lr=3.20e-05
[01:28:37]     train step 2800/4000 loss=0.02007 lr=2.48e-05
[01:28:47]     train step 3000/4000 loss=0.01849 lr=1.82e-05
[01:28:57]     train step 3200/4000 loss=0.01699 lr=1.26e-05
[01:29:07]     train step 3400/4000 loss=0.01609 lr=8.08e-06
[01:29:17]     train step 3600/4000 loss=0.01525 lr=4.74e-06
[01:29:26]     train step 3800/4000 loss=0.01455 lr=2.69e-06
[01:29:36]     train step 4000/4000 loss=0.01422 lr=2.00e-06
[01:29:45]   [calibrate] threshold(alpha=0.99)=0.02252 over 1792 samples (median=0.01446)
[01:33:52]   [eval] pure-policy success=0.570 mean_len=142 (fixed 100-ep set)
[01:35:27]   [screen] 16/40 failures found
[01:35:32]   [collect a0] mode=bridge choice=geometric_bridge cited=[3000108, 3000119] success=True len=45
[01:35:32] 
===== DISTIL Round 3 | dataset=11 trajs =====
[01:35:32]   [train] 11 trajs, 493 windows, state_dim=23 act_dim=7 params=4.61M steps=4000
[01:35:44]     train step 200/4000 loss=0.62392 lr=8.00e-05
[01:35:55]     train step 400/4000 loss=0.27628 lr=9.96e-05
[01:36:06]     train step 600/4000 loss=0.15896 lr=9.79e-05
[01:36:17]     train step 800/4000 loss=0.10369 lr=9.49e-05
[01:36:28]     train step 1000/4000 loss=0.07890 lr=9.07e-05
[01:36:40]     train step 1200/4000 loss=0.06265 lr=8.53e-05
[01:36:51]     train step 1400/4000 loss=0.05464 lr=7.90e-05
[01:37:02]     train step 1600/4000 loss=0.04646 lr=7.19e-05
[01:37:14]     train step 1800/4000 loss=0.04114 lr=6.42e-05
[01:37:25]     train step 2000/4000 loss=0.03798 lr=5.62e-05
[01:37:36]     train step 2200/4000 loss=0.03337 lr=4.80e-05
[01:37:47]     train step 2400/4000 loss=0.03071 lr=3.99e-05
[01:37:59]     train step 2600/4000 loss=0.02770 lr=3.20e-05
[01:38:10]     train step 2800/4000 loss=0.02610 lr=2.48e-05
[01:38:22]     train step 3000/4000 loss=0.02425 lr=1.82e-05
[01:38:33]     train step 3200/4000 loss=0.02285 lr=1.26e-05
[01:38:44]     train step 3400/4000 loss=0.02137 lr=8.08e-06
[01:38:56]     train step 3600/4000 loss=0.02019 lr=4.74e-06
[01:39:07]     train step 3800/4000 loss=0.01938 lr=2.69e-06
[01:39:18]     train step 4000/4000 loss=0.01914 lr=2.00e-06
[01:39:28]   [calibrate] threshold(alpha=0.99)=0.03939 over 1972 samples (median=0.01870)
[01:43:36]   [eval] pure-policy success=0.600 mean_len=143 (fixed 100-ep set)
[01:45:22]   [screen] 16/40 failures found
[01:45:33]   [collect a0] mode=bridge choice=geometric_bridge cited=[3000125, 3000127] success=True len=45
[01:45:33] 
===== DISTIL Round 4 | dataset=12 trajs =====
[01:45:33]   [train] 12 trajs, 538 windows, state_dim=23 act_dim=7 params=4.61M steps=4000
[01:45:45]     train step 200/4000 loss=0.62657 lr=8.00e-05
[01:45:56]     train step 400/4000 loss=0.28043 lr=9.96e-05
[01:46:07]     train step 600/4000 loss=0.15028 lr=9.79e-05
[01:46:19]     train step 800/4000 loss=0.09721 lr=9.49e-05
[01:46:30]     train step 1000/4000 loss=0.07082 lr=9.07e-05
[01:46:42]     train step 1200/4000 loss=0.05759 lr=8.53e-05
[01:46:53]     train step 1400/4000 loss=0.04859 lr=7.90e-05
[01:47:05]     train step 1600/4000 loss=0.03983 lr=7.19e-05
[01:47:16]     train step 1800/4000 loss=0.03358 lr=6.42e-05
[01:47:28]     train step 2000/4000 loss=0.03037 lr=5.62e-05
[01:47:39]     train step 2200/4000 loss=0.02737 lr=4.80e-05
[01:47:51]     train step 2400/4000 loss=0.02393 lr=3.99e-05
[01:48:02]     train step 2600/4000 loss=0.02212 lr=3.20e-05
[01:48:13]     train step 2800/4000 loss=0.02029 lr=2.48e-05
[01:48:24]     train step 3000/4000 loss=0.01850 lr=1.82e-05
[01:48:35]     train step 3200/4000 loss=0.01708 lr=1.26e-05
[01:48:47]     train step 3400/4000 loss=0.01599 lr=8.08e-06
[01:48:58]     train step 3600/4000 loss=0.01523 lr=4.74e-06
[01:49:09]     train step 3800/4000 loss=0.01476 lr=2.69e-06
[01:49:21]     train step 4000/4000 loss=0.01436 lr=2.00e-06
[01:49:31]   [calibrate] threshold(alpha=0.99)=0.02596 over 2152 samples (median=0.01464)
[01:53:25]   [eval] pure-policy success=0.590 mean_len=133 (fixed 100-ep set)
[01:54:58]   [screen] 15/40 failures found
[01:55:05]   [collect a0] mode=bridge choice=geometric_bridge cited=[3000167, 3000189] success=True len=46
[01:55:05] 
===== DISTIL Round 5 | dataset=13 trajs =====
[01:55:05]   [train] 13 trajs, 584 windows, state_dim=23 act_dim=7 params=4.61M steps=4000
[01:55:16]     train step 200/4000 loss=0.60772 lr=8.00e-05
[01:55:26]     train step 400/4000 loss=0.26407 lr=9.96e-05
[01:55:37]     train step 600/4000 loss=0.13414 lr=9.79e-05
[01:55:47]     train step 800/4000 loss=0.09131 lr=9.49e-05
[01:55:57]     train step 1000/4000 loss=0.06866 lr=9.07e-05
[01:56:08]     train step 1200/4000 loss=0.05276 lr=8.53e-05
[01:56:18]     train step 1400/4000 loss=0.04226 lr=7.90e-05
[01:56:29]     train step 1600/4000 loss=0.03573 lr=7.19e-05
[01:56:39]     train step 1800/4000 loss=0.03191 lr=6.42e-05
[01:56:49]     train step 2000/4000 loss=0.02848 lr=5.62e-05
[01:57:00]     train step 2200/4000 loss=0.02492 lr=4.80e-05
[01:57:10]     train step 2400/4000 loss=0.02182 lr=3.99e-05
[01:57:21]     train step 2600/4000 loss=0.02011 lr=3.20e-05
[01:57:31]     train step 2800/4000 loss=0.01780 lr=2.48e-05
[01:57:41]     train step 3000/4000 loss=0.01647 lr=1.82e-05
[01:57:51]     train step 3200/4000 loss=0.01509 lr=1.26e-05
[01:58:02]     train step 3400/4000 loss=0.01427 lr=8.08e-06
[01:58:12]     train step 3600/4000 loss=0.01369 lr=4.74e-06
[01:58:23]     train step 3800/4000 loss=0.01301 lr=2.69e-06
[01:58:33]     train step 4000/4000 loss=0.01277 lr=2.00e-06
[01:58:44]   [calibrate] threshold(alpha=0.99)=0.02275 over 2336 samples (median=0.01268)
[02:02:15]   [eval] pure-policy success=0.670 mean_len=122 (fixed 100-ep set)
[02:03:20]   [screen] 8/40 failures found
[02:03:23]   [collect a0] mode=bridge choice=geometric_bridge cited=[3000204, 3000219] success=True len=45
[02:03:23] 
===== DISTIL Round 6 | dataset=14 trajs =====
[02:03:23]   [train] 14 trajs, 629 windows, state_dim=23 act_dim=7 params=4.61M steps=4000
[02:03:35]     train step 200/4000 loss=0.56351 lr=8.00e-05
[02:03:46]     train step 400/4000 loss=0.24295 lr=9.96e-05
[02:03:58]     train step 600/4000 loss=0.12922 lr=9.79e-05
[02:04:09]     train step 800/4000 loss=0.08474 lr=9.49e-05
[02:04:21]     train step 1000/4000 loss=0.06195 lr=9.07e-05
[02:04:32]     train step 1200/4000 loss=0.04734 lr=8.53e-05
[02:04:44]     train step 1400/4000 loss=0.03932 lr=7.90e-05
[02:04:56]     train step 1600/4000 loss=0.03429 lr=7.19e-05
[02:05:07]     train step 1800/4000 loss=0.02996 lr=6.42e-05
[02:05:19]     train step 2000/4000 loss=0.02605 lr=5.62e-05
[02:05:30]     train step 2200/4000 loss=0.02390 lr=4.80e-05
[02:05:42]     train step 2400/4000 loss=0.02130 lr=3.99e-05
[02:05:53]     train step 2600/4000 loss=0.01994 lr=3.20e-05
[02:06:05]     train step 2800/4000 loss=0.01781 lr=2.48e-05
[02:06:16]     train step 3000/4000 loss=0.01642 lr=1.82e-05
[02:06:28]     train step 3200/4000 loss=0.01525 lr=1.26e-05
[02:06:39]     train step 3400/4000 loss=0.01434 lr=8.08e-06
[02:06:50]     train step 3600/4000 loss=0.01356 lr=4.74e-06
[02:07:02]     train step 3800/4000 loss=0.01319 lr=2.69e-06
[02:07:13]     train step 4000/4000 loss=0.01276 lr=2.00e-06
[02:07:26]   [calibrate] threshold(alpha=0.99)=0.02257 over 2516 samples (median=0.01289)
[02:10:49]   [eval] pure-policy success=0.680 mean_len=116 (fixed 100-ep set)
[02:12:28]   [screen] 16/40 failures found
[02:12:36]   [collect a0] mode=bridge choice=geometric_bridge cited=[3000252, 3000255] success=True len=46
[02:12:36] 
===== DISTIL Round 7 | dataset=15 trajs =====
[02:12:36]   [train] 15 trajs, 675 windows, state_dim=23 act_dim=7 params=4.61M steps=4000
[02:12:48]     train step 200/4000 loss=0.65005 lr=8.00e-05
[02:12:59]     train step 400/4000 loss=0.24647 lr=9.96e-05
[02:13:11]     train step 600/4000 loss=0.12965 lr=9.79e-05
[02:13:22]     train step 800/4000 loss=0.09091 lr=9.49e-05
[02:13:34]     train step 1000/4000 loss=0.06896 lr=9.07e-05
[02:13:46]     train step 1200/4000 loss=0.05607 lr=8.53e-05
[02:13:57]     train step 1400/4000 loss=0.04665 lr=7.90e-05
[02:14:09]     train step 1600/4000 loss=0.04200 lr=7.19e-05
[02:14:20]     train step 1800/4000 loss=0.03595 lr=6.42e-05
[02:14:32]     train step 2000/4000 loss=0.03309 lr=5.62e-05
[02:14:43]     train step 2200/4000 loss=0.02951 lr=4.80e-05
[02:14:55]     train step 2400/4000 loss=0.02649 lr=3.99e-05
[02:15:06]     train step 2600/4000 loss=0.02399 lr=3.20e-05
[02:15:18]     train step 2800/4000 loss=0.02205 lr=2.48e-05
[02:15:29]     train step 3000/4000 loss=0.02099 lr=1.82e-05
[02:15:41]     train step 3200/4000 loss=0.01917 lr=1.26e-05
[02:15:52]     train step 3400/4000 loss=0.01830 lr=8.08e-06
[02:16:03]     train step 3600/4000 loss=0.01747 lr=4.74e-06
[02:16:14]     train step 3800/4000 loss=0.01673 lr=2.69e-06
[02:16:26]     train step 4000/4000 loss=0.01633 lr=2.00e-06
[02:16:39]   [calibrate] threshold(alpha=0.99)=0.02839 over 2700 samples (median=0.01633)
[02:20:38]   [eval] pure-policy success=0.600 mean_len=137 (fixed 100-ep set)
[02:22:16]   [screen] 15/40 failures found
[02:22:20]   [collect a0] mode=bridge choice=geometric_bridge cited=[3000281, 3000294] success=True len=44
[02:22:21] 
===== DISTIL Round 8 | dataset=16 trajs =====
[02:22:21]   [train] 16 trajs, 719 windows, state_dim=23 act_dim=7 params=4.61M steps=4000
[02:22:32]     train step 200/4000 loss=0.61939 lr=8.00e-05
[02:22:44]     train step 400/4000 loss=0.26654 lr=9.96e-05
[02:22:55]     train step 600/4000 loss=0.14140 lr=9.79e-05
[02:23:06]     train step 800/4000 loss=0.09739 lr=9.49e-05
[02:23:18]     train step 1000/4000 loss=0.07329 lr=9.07e-05
[02:23:30]     train step 1200/4000 loss=0.05857 lr=8.53e-05
[02:23:41]     train step 1400/4000 loss=0.04914 lr=7.90e-05
[02:23:53]     train step 1600/4000 loss=0.04344 lr=7.19e-05
[02:24:04]     train step 1800/4000 loss=0.03878 lr=6.42e-05
[02:24:16]     train step 2000/4000 loss=0.03607 lr=5.62e-05
[02:24:27]     train step 2200/4000 loss=0.03258 lr=4.80e-05
[02:24:39]     train step 2400/4000 loss=0.02945 lr=3.99e-05
[02:24:51]     train step 2600/4000 loss=0.02732 lr=3.20e-05
[02:25:02]     train step 2800/4000 loss=0.02550 lr=2.48e-05
[02:25:14]     train step 3000/4000 loss=0.02329 lr=1.82e-05
[02:25:25]     train step 3200/4000 loss=0.02199 lr=1.26e-05
[02:25:36]     train step 3400/4000 loss=0.02034 lr=8.08e-06
[02:25:47]     train step 3600/4000 loss=0.01949 lr=4.74e-06
[02:25:58]     train step 3800/4000 loss=0.01906 lr=2.69e-06
[02:26:10]     train step 4000/4000 loss=0.01835 lr=2.00e-06
[02:26:24]   [calibrate] threshold(alpha=0.99)=0.03406 over 2876 samples (median=0.01797)
[02:30:15]   [eval] pure-policy success=0.610 mean_len=133 (fixed 100-ep set)
[02:31:59]   [screen] 17/40 failures found
[02:32:05]   [collect a0] mode=bridge choice=geometric_bridge cited=[3000329, 3000356] success=True len=45
[02:32:05] 
===== DISTIL Round 9 | dataset=17 trajs =====
[02:32:05]   [train] 17 trajs, 764 windows, state_dim=23 act_dim=7 params=4.61M steps=4000
[02:32:17]     train step 200/4000 loss=0.59898 lr=8.00e-05
[02:32:28]     train step 400/4000 loss=0.25410 lr=9.96e-05
[02:32:40]     train step 600/4000 loss=0.15179 lr=9.79e-05
[02:32:51]     train step 800/4000 loss=0.09666 lr=9.49e-05
[02:33:03]     train step 1000/4000 loss=0.06875 lr=9.07e-05
[02:33:14]     train step 1200/4000 loss=0.05738 lr=8.53e-05
[02:33:26]     train step 1400/4000 loss=0.04916 lr=7.90e-05
[02:33:37]     train step 1600/4000 loss=0.04302 lr=7.19e-05
[02:33:48]     train step 1800/4000 loss=0.03770 lr=6.42e-05
[02:34:00]     train step 2000/4000 loss=0.03369 lr=5.62e-05
[02:34:11]     train step 2200/4000 loss=0.03186 lr=4.80e-05
[02:34:23]     train step 2400/4000 loss=0.02861 lr=3.99e-05
[02:34:34]     train step 2600/4000 loss=0.02647 lr=3.20e-05
[02:34:45]     train step 2800/4000 loss=0.02445 lr=2.48e-05
[02:34:56]     train step 3000/4000 loss=0.02239 lr=1.82e-05
[02:35:07]     train step 3200/4000 loss=0.02106 lr=1.26e-05
[02:35:18]     train step 3400/4000 loss=0.01993 lr=8.08e-06
[02:35:30]     train step 3600/4000 loss=0.01932 lr=4.74e-06
[02:35:41]     train step 3800/4000 loss=0.01851 lr=2.69e-06
[02:35:52]     train step 4000/4000 loss=0.01826 lr=2.00e-06
[02:36:07]   [calibrate] threshold(alpha=0.99)=0.03821 over 3056 samples (median=0.01730)
[02:40:20]   [eval] pure-policy success=0.550 mean_len=145 (fixed 100-ep set)
[02:42:09]   [screen] 19/40 failures found
[02:42:21]   [collect a0] mode=bridge choice=geometric_bridge cited=[3000396, 3000399] success=True len=44
[02:42:21] 
===== DISTIL Round 10 | dataset=18 trajs =====
[02:42:21]   [train] 18 trajs, 808 windows, state_dim=23 act_dim=7 params=4.61M steps=4000
[02:42:32]     train step 200/4000 loss=0.61479 lr=8.00e-05
[02:42:44]     train step 400/4000 loss=0.26268 lr=9.96e-05
[02:42:55]     train step 600/4000 loss=0.14322 lr=9.79e-05
[02:43:07]     train step 800/4000 loss=0.09803 lr=9.49e-05
[02:43:18]     train step 1000/4000 loss=0.07300 lr=9.07e-05
[02:43:30]     train step 1200/4000 loss=0.05698 lr=8.53e-05
[02:43:41]     train step 1400/4000 loss=0.04831 lr=7.90e-05
[02:43:53]     train step 1600/4000 loss=0.04233 lr=7.19e-05
[02:44:04]     train step 1800/4000 loss=0.03606 lr=6.42e-05
[02:44:16]     train step 2000/4000 loss=0.03189 lr=5.62e-05
[02:44:27]     train step 2200/4000 loss=0.02865 lr=4.80e-05
[02:44:39]     train step 2400/4000 loss=0.02520 lr=3.99e-05
[02:44:50]     train step 2600/4000 loss=0.02337 lr=3.20e-05
[02:45:02]     train step 2800/4000 loss=0.02130 lr=2.48e-05
[02:45:13]     train step 3000/4000 loss=0.01960 lr=1.82e-05
[02:45:24]     train step 3200/4000 loss=0.01854 lr=1.26e-05
[02:45:36]     train step 3400/4000 loss=0.01757 lr=8.08e-06
[02:45:47]     train step 3600/4000 loss=0.01675 lr=4.74e-06
[02:45:58]     train step 3800/4000 loss=0.01622 lr=2.69e-06
[02:46:09]     train step 4000/4000 loss=0.01583 lr=2.00e-06
[02:46:25]   [calibrate] threshold(alpha=0.99)=0.02936 over 3232 samples (median=0.01570)
[02:50:18]   [eval] pure-policy success=0.620 mean_len=133 (fixed 100-ep set)
[02:52:25]   [screen] 22/40 failures found
[02:52:33]   [collect a0] mode=bridge choice=geometric_bridge cited=[3000408, 3000417] success=True len=45
[02:52:33] 
===== DISTIL Round 11 | dataset=19 trajs =====
[02:52:33]   [train] 19 trajs, 853 windows, state_dim=23 act_dim=7 params=4.61M steps=4000
[02:52:44]     train step 200/4000 loss=0.55143 lr=8.00e-05
[02:52:56]     train step 400/4000 loss=0.25899 lr=9.96e-05
[02:53:07]     train step 600/4000 loss=0.14110 lr=9.79e-05
[02:53:19]     train step 800/4000 loss=0.10078 lr=9.49e-05
[02:53:30]     train step 1000/4000 loss=0.07352 lr=9.07e-05
[02:53:41]     train step 1200/4000 loss=0.05963 lr=8.53e-05
[02:53:53]     train step 1400/4000 loss=0.04987 lr=7.90e-05
[02:54:04]     train step 1600/4000 loss=0.04295 lr=7.19e-05
[02:54:16]     train step 1800/4000 loss=0.03800 lr=6.42e-05
[02:54:27]     train step 2000/4000 loss=0.03433 lr=5.62e-05
[02:54:38]     train step 2200/4000 loss=0.03096 lr=4.80e-05
[02:54:50]     train step 2400/4000 loss=0.02831 lr=3.99e-05
[02:55:01]     train step 2600/4000 loss=0.02680 lr=3.20e-05
[02:55:12]     train step 2800/4000 loss=0.02370 lr=2.48e-05
[02:55:24]     train step 3000/4000 loss=0.02232 lr=1.82e-05
[02:55:35]     train step 3200/4000 loss=0.02100 lr=1.26e-05
[02:55:46]     train step 3400/4000 loss=0.02007 lr=8.08e-06
[02:55:57]     train step 3600/4000 loss=0.01888 lr=4.74e-06
[02:56:09]     train step 3800/4000 loss=0.01832 lr=2.69e-06
[02:56:20]     train step 4000/4000 loss=0.01783 lr=2.00e-06
[02:56:37]   [calibrate] threshold(alpha=0.99)=0.03610 over 3412 samples (median=0.01739)
[03:00:13]   [eval] pure-policy success=0.680 mean_len=123 (fixed 100-ep set)
[03:01:24]   [screen] 8/40 failures found
[03:01:28]   [collect a0] mode=bridge choice=geometric_bridge cited=[3000445, 3000474] success=True len=44
[03:01:28] 
===== DISTIL Round 12 | dataset=20 trajs =====
[03:01:28]   [train] 20 trajs, 897 windows, state_dim=23 act_dim=7 params=4.61M steps=4000
[03:01:40]     train step 200/4000 loss=0.61129 lr=8.00e-05
[03:01:51]     train step 400/4000 loss=0.25962 lr=9.96e-05
[03:02:03]     train step 600/4000 loss=0.13071 lr=9.79e-05
[03:02:14]     train step 800/4000 loss=0.08754 lr=9.49e-05
[03:02:26]     train step 1000/4000 loss=0.06688 lr=9.07e-05
[03:02:37]     train step 1200/4000 loss=0.05475 lr=8.53e-05
[03:02:49]     train step 1400/4000 loss=0.04718 lr=7.90e-05
[03:03:00]     train step 1600/4000 loss=0.04161 lr=7.19e-05
[03:03:12]     train step 1800/4000 loss=0.03658 lr=6.42e-05
[03:03:24]     train step 2000/4000 loss=0.03341 lr=5.62e-05
[03:03:35]     train step 2200/4000 loss=0.03101 lr=4.80e-05
[03:03:47]     train step 2400/4000 loss=0.02830 lr=3.99e-05
[03:03:58]     train step 2600/4000 loss=0.02629 lr=3.20e-05
[03:04:10]     train step 2800/4000 loss=0.02431 lr=2.48e-05
[03:04:21]     train step 3000/4000 loss=0.02295 lr=1.82e-05
[03:04:33]     train step 3200/4000 loss=0.02165 lr=1.26e-05
[03:04:44]     train step 3400/4000 loss=0.02072 lr=8.08e-06
[03:04:56]     train step 3600/4000 loss=0.01993 lr=4.74e-06
[03:05:07]     train step 3800/4000 loss=0.01944 lr=2.69e-06
[03:05:19]     train step 4000/4000 loss=0.01903 lr=2.00e-06
[03:05:37]   [calibrate] threshold(alpha=0.99)=0.03892 over 3588 samples (median=0.01768)
[03:08:55]   [eval] pure-policy success=0.710 mean_len=114 (fixed 100-ep set)
[03:10:13]   [screen] 11/40 failures found
[03:10:21]   [collect a0] mode=bridge choice=geometric_bridge cited=[3000504, 3000508] success=True len=43
[03:10:21] 
===== DISTIL Round 13 | dataset=21 trajs =====
[03:10:21]   [train] 21 trajs, 940 windows, state_dim=23 act_dim=7 params=4.61M steps=4000
[03:10:33]     train step 200/4000 loss=0.58183 lr=8.00e-05
[03:10:44]     train step 400/4000 loss=0.25311 lr=9.96e-05
[03:10:56]     train step 600/4000 loss=0.14526 lr=9.79e-05
[03:11:07]     train step 800/4000 loss=0.09571 lr=9.49e-05
[03:11:19]     train step 1000/4000 loss=0.07064 lr=9.07e-05
[03:11:30]     train step 1200/4000 loss=0.05823 lr=8.53e-05
[03:11:41]     train step 1400/4000 loss=0.04972 lr=7.90e-05
[03:11:53]     train step 1600/4000 loss=0.04322 lr=7.19e-05
[03:12:05]     train step 1800/4000 loss=0.03708 lr=6.42e-05
[03:12:16]     train step 2000/4000 loss=0.03304 lr=5.62e-05
[03:12:28]     train step 2200/4000 loss=0.02955 lr=4.80e-05
[03:12:39]     train step 2400/4000 loss=0.02600 lr=3.99e-05
[03:12:51]     train step 2600/4000 loss=0.02417 lr=3.20e-05
[03:13:02]     train step 2800/4000 loss=0.02165 lr=2.48e-05
[03:13:14]     train step 3000/4000 loss=0.02040 lr=1.82e-05
[03:13:25]     train step 3200/4000 loss=0.01910 lr=1.26e-05
[03:13:37]     train step 3400/4000 loss=0.01812 lr=8.08e-06
[03:13:48]     train step 3600/4000 loss=0.01743 lr=4.74e-06
[03:14:00]     train step 3800/4000 loss=0.01666 lr=2.69e-06
[03:14:11]     train step 4000/4000 loss=0.01649 lr=2.00e-06
[03:14:30]   [calibrate] threshold(alpha=0.99)=0.03380 over 3760 samples (median=0.01613)
[03:16:48]   [eval] pure-policy success=0.860 mean_len=80 (fixed 100-ep set)
[03:18:10]   [screen] 12/40 failures found
[03:18:16]   [collect a0] mode=bridge choice=geometric_bridge cited=[3000540, 3000551] success=True len=46
[03:18:16] 
===== DISTIL Round 14 | dataset=22 trajs =====
[03:18:16]   [train] 22 trajs, 986 windows, state_dim=23 act_dim=7 params=4.61M steps=4000
[03:18:28]     train step 200/4000 loss=0.57491 lr=8.00e-05
[03:18:39]     train step 400/4000 loss=0.24284 lr=9.96e-05
[03:18:51]     train step 600/4000 loss=0.13281 lr=9.79e-05
[03:19:02]     train step 800/4000 loss=0.09040 lr=9.49e-05
[03:19:13]     train step 1000/4000 loss=0.06873 lr=9.07e-05
[03:19:25]     train step 1200/4000 loss=0.05671 lr=8.53e-05
[03:19:36]     train step 1400/4000 loss=0.04783 lr=7.90e-05
[03:19:47]     train step 1600/4000 loss=0.04182 lr=7.19e-05
[03:19:59]     train step 1800/4000 loss=0.03801 lr=6.42e-05
[03:20:10]     train step 2000/4000 loss=0.03315 lr=5.62e-05
[03:20:22]     train step 2200/4000 loss=0.02996 lr=4.80e-05
[03:20:33]     train step 2400/4000 loss=0.02718 lr=3.99e-05
[03:20:44]     train step 2600/4000 loss=0.02528 lr=3.20e-05
[03:20:56]     train step 2800/4000 loss=0.02378 lr=2.48e-05
[03:21:07]     train step 3000/4000 loss=0.02183 lr=1.82e-05
[03:21:19]     train step 3200/4000 loss=0.02054 lr=1.26e-05
[03:21:30]     train step 3400/4000 loss=0.01963 lr=8.08e-06
[03:21:41]     train step 3600/4000 loss=0.01889 lr=4.74e-06
[03:21:53]     train step 3800/4000 loss=0.01823 lr=2.69e-06
[03:22:04]     train step 4000/4000 loss=0.01773 lr=2.00e-06
[03:22:24]   [calibrate] threshold(alpha=0.99)=0.03513 over 3944 samples (median=0.01716)
[03:25:40]   [eval] pure-policy success=0.750 mean_len=112 (fixed 100-ep set)
[03:26:52]   [screen] 8/40 failures found
[03:26:56]   [collect a0] mode=select choice=geometric_select cited=[3000591] success=True len=24
[03:26:56] 
===== DISTIL Round 15 | dataset=23 trajs =====
[03:26:56]   [train] 23 trajs, 1010 windows, state_dim=23 act_dim=7 params=4.61M steps=4000
[03:27:08]     train step 200/4000 loss=0.56962 lr=8.00e-05
[03:27:19]     train step 400/4000 loss=0.22326 lr=9.96e-05
[03:27:30]     train step 600/4000 loss=0.12080 lr=9.79e-05
[03:27:41]     train step 800/4000 loss=0.08350 lr=9.49e-05
[03:27:53]     train step 1000/4000 loss=0.06434 lr=9.07e-05
[03:28:04]     train step 1200/4000 loss=0.05364 lr=8.53e-05
[03:28:16]     train step 1400/4000 loss=0.04638 lr=7.90e-05
[03:28:27]     train step 1600/4000 loss=0.03990 lr=7.19e-05
[03:28:39]     train step 1800/4000 loss=0.03632 lr=6.42e-05
[03:28:50]     train step 2000/4000 loss=0.03203 lr=5.62e-05
[03:29:02]     train step 2200/4000 loss=0.02958 lr=4.80e-05
[03:29:13]     train step 2400/4000 loss=0.02655 lr=3.99e-05
[03:29:25]     train step 2600/4000 loss=0.02471 lr=3.20e-05
[03:29:36]     train step 2800/4000 loss=0.02286 lr=2.48e-05
[03:29:47]     train step 3000/4000 loss=0.02124 lr=1.82e-05
[03:29:59]     train step 3200/4000 loss=0.01997 lr=1.26e-05
[03:30:10]     train step 3400/4000 loss=0.01873 lr=8.08e-06
[03:30:22]     train step 3600/4000 loss=0.01785 lr=4.74e-06
[03:30:33]     train step 3800/4000 loss=0.01707 lr=2.69e-06
[03:30:45]     train step 4000/4000 loss=0.01696 lr=2.00e-06
[03:31:05]   [calibrate] threshold(alpha=0.99)=0.03855 over 4040 samples (median=0.01579)
[03:33:44]   [eval] pure-policy success=0.830 mean_len=91 (fixed 100-ep set)
[03:34:43]   [screen] 6/40 failures found
[03:34:47]   [collect a0] mode=select choice=geometric_select cited=[3000607] success=True len=29
[03:34:47] 
===== DISTIL Round 16 | dataset=24 trajs =====
[03:34:47]   [train] 24 trajs, 1039 windows, state_dim=23 act_dim=7 params=4.61M steps=4000
[03:34:59]     train step 200/4000 loss=0.55652 lr=8.00e-05
[03:35:10]     train step 400/4000 loss=0.24678 lr=9.96e-05
[03:35:22]     train step 600/4000 loss=0.14360 lr=9.79e-05
[03:35:33]     train step 800/4000 loss=0.10469 lr=9.49e-05
[03:35:45]     train step 1000/4000 loss=0.07775 lr=9.07e-05
[03:35:57]     train step 1200/4000 loss=0.06050 lr=8.53e-05
[03:36:08]     train step 1400/4000 loss=0.05264 lr=7.90e-05
[03:36:20]     train step 1600/4000 loss=0.04674 lr=7.19e-05
[03:36:31]     train step 1800/4000 loss=0.04167 lr=6.42e-05
[03:36:43]     train step 2000/4000 loss=0.03895 lr=5.62e-05
[03:36:54]     train step 2200/4000 loss=0.03431 lr=4.80e-05
[03:37:05]     train step 2400/4000 loss=0.03166 lr=3.99e-05
[03:37:16]     train step 2600/4000 loss=0.02960 lr=3.20e-05
[03:37:28]     train step 2800/4000 loss=0.02710 lr=2.48e-05
[03:37:39]     train step 3000/4000 loss=0.02551 lr=1.82e-05
[03:37:51]     train step 3200/4000 loss=0.02371 lr=1.26e-05
[03:38:02]     train step 3400/4000 loss=0.02277 lr=8.08e-06
[03:38:14]     train step 3600/4000 loss=0.02189 lr=4.74e-06
[03:38:25]     train step 3800/4000 loss=0.02128 lr=2.69e-06
[03:38:37]     train step 4000/4000 loss=0.02056 lr=2.00e-06
[03:38:58]   [calibrate] threshold(alpha=0.99)=0.04828 over 4156 samples (median=0.01926)
[03:42:09]   [eval] pure-policy success=0.780 mean_len=110 (fixed 100-ep set)
[03:43:44]   [screen] 13/40 failures found
[03:43:52]   [collect a0] mode=bridge choice=geometric_bridge cited=[3000669, 3000675] success=True len=45
[03:43:52] 
===== DISTIL Round 17 | dataset=25 trajs =====
[03:43:52]   [train] 25 trajs, 1084 windows, state_dim=23 act_dim=7 params=4.61M steps=4000
[03:44:04]     train step 200/4000 loss=0.55040 lr=8.00e-05
[03:44:15]     train step 400/4000 loss=0.23769 lr=9.96e-05
[03:44:27]     train step 600/4000 loss=0.13957 lr=9.79e-05
[03:44:39]     train step 800/4000 loss=0.09662 lr=9.49e-05
[03:44:51]     train step 1000/4000 loss=0.07205 lr=9.07e-05
[03:45:03]     train step 1200/4000 loss=0.05740 lr=8.53e-05
[03:45:15]     train step 1400/4000 loss=0.04976 lr=7.90e-05
[03:45:27]     train step 1600/4000 loss=0.04513 lr=7.19e-05
[03:45:38]     train step 1800/4000 loss=0.04034 lr=6.42e-05
[03:45:50]     train step 2000/4000 loss=0.03613 lr=5.62e-05
[03:46:02]     train step 2200/4000 loss=0.03379 lr=4.80e-05
[03:46:14]     train step 2400/4000 loss=0.03111 lr=3.99e-05
[03:46:26]     train step 2600/4000 loss=0.02853 lr=3.20e-05
[03:46:38]     train step 2800/4000 loss=0.02722 lr=2.48e-05
[03:46:50]     train step 3000/4000 loss=0.02543 lr=1.82e-05
[03:47:02]     train step 3200/4000 loss=0.02391 lr=1.26e-05
[03:47:14]     train step 3400/4000 loss=0.02257 lr=8.08e-06
[03:47:27]     train step 3600/4000 loss=0.02188 lr=4.74e-06
[03:47:38]     train step 3800/4000 loss=0.02117 lr=2.69e-06
[03:47:51]     train step 4000/4000 loss=0.02045 lr=2.00e-06
[03:48:12]   [calibrate] threshold(alpha=0.99)=0.05960 over 4336 samples (median=0.01849)
[03:51:30]   [eval] pure-policy success=0.790 mean_len=113 (fixed 100-ep set)
[03:52:51]   [screen] 10/40 failures found
[03:53:01]   [collect a0] mode=bridge choice=geometric_bridge cited=[3000700, 3000708] success=True len=44
[03:53:01] 
===== DISTIL Round 18 | dataset=26 trajs =====
[03:53:01]   [train] 26 trajs, 1128 windows, state_dim=23 act_dim=7 params=4.61M steps=4000
[03:53:13]     train step 200/4000 loss=0.58627 lr=8.00e-05
[03:53:25]     train step 400/4000 loss=0.23120 lr=9.96e-05
[03:53:37]     train step 600/4000 loss=0.13300 lr=9.79e-05
[03:53:49]     train step 800/4000 loss=0.09156 lr=9.49e-05
[03:54:01]     train step 1000/4000 loss=0.06944 lr=9.07e-05
[03:54:13]     train step 1200/4000 loss=0.05804 lr=8.53e-05
[03:54:25]     train step 1400/4000 loss=0.05080 lr=7.90e-05
[03:54:37]     train step 1600/4000 loss=0.04455 lr=7.19e-05
[03:54:49]     train step 1800/4000 loss=0.04046 lr=6.42e-05
[03:55:01]     train step 2000/4000 loss=0.03599 lr=5.62e-05
[03:55:13]     train step 2200/4000 loss=0.03345 lr=4.80e-05
[03:55:25]     train step 2400/4000 loss=0.03018 lr=3.99e-05
[03:55:37]     train step 2600/4000 loss=0.02837 lr=3.20e-05
[03:55:49]     train step 2800/4000 loss=0.02630 lr=2.48e-05
[03:56:01]     train step 3000/4000 loss=0.02419 lr=1.82e-05
[03:56:13]     train step 3200/4000 loss=0.02298 lr=1.26e-05
[03:56:25]     train step 3400/4000 loss=0.02182 lr=8.08e-06
[03:56:37]     train step 3600/4000 loss=0.02094 lr=4.74e-06
[03:56:50]     train step 3800/4000 loss=0.02018 lr=2.69e-06
[03:57:02]     train step 4000/4000 loss=0.01981 lr=2.00e-06
[03:57:24]   [calibrate] threshold(alpha=0.99)=0.05615 over 4512 samples (median=0.01824)
[04:00:22]   [eval] pure-policy success=0.790 mean_len=103 (fixed 100-ep set)
[04:01:39]   [screen] 10/40 failures found
[04:01:50]   [collect a0] mode=bridge choice=geometric_bridge cited=[3000731, 3000742] success=True len=42
[04:01:50] 
===== DISTIL Round 19 | dataset=27 trajs =====
[04:01:50]   [train] 27 trajs, 1170 windows, state_dim=23 act_dim=7 params=4.61M steps=4000
[04:02:01]     train step 200/4000 loss=0.57165 lr=8.00e-05
[04:02:12]     train step 400/4000 loss=0.23449 lr=9.96e-05
[04:02:23]     train step 600/4000 loss=0.13387 lr=9.79e-05
[04:02:35]     train step 800/4000 loss=0.09183 lr=9.49e-05
[04:02:46]     train step 1000/4000 loss=0.07112 lr=9.07e-05
[04:02:58]     train step 1200/4000 loss=0.05956 lr=8.53e-05
[04:03:09]     train step 1400/4000 loss=0.05072 lr=7.90e-05
[04:03:20]     train step 1600/4000 loss=0.04420 lr=7.19e-05
[04:03:32]     train step 1800/4000 loss=0.03942 lr=6.42e-05
[04:03:43]     train step 2000/4000 loss=0.03616 lr=5.62e-05
[04:03:54]     train step 2200/4000 loss=0.03256 lr=4.80e-05
[04:04:06]     train step 2400/4000 loss=0.03011 lr=3.99e-05
[04:04:17]     train step 2600/4000 loss=0.02739 lr=3.20e-05
[04:04:28]     train step 2800/4000 loss=0.02544 lr=2.48e-05
[04:04:39]     train step 3000/4000 loss=0.02357 lr=1.82e-05
[04:04:50]     train step 3200/4000 loss=0.02204 lr=1.26e-05
[04:05:02]     train step 3400/4000 loss=0.02079 lr=8.08e-06
[04:05:13]     train step 3600/4000 loss=0.01988 lr=4.74e-06
[04:05:24]     train step 3800/4000 loss=0.01938 lr=2.69e-06
[04:05:36]     train step 4000/4000 loss=0.01874 lr=2.00e-06
[04:05:59]   [calibrate] threshold(alpha=0.99)=0.04880 over 4680 samples (median=0.01734)
[04:09:00]   [eval] pure-policy success=0.780 mean_len=105 (fixed 100-ep set)
[04:10:13]   [screen] 9/40 failures found
[04:10:22]   [collect a0] mode=bridge choice=geometric_bridge cited=[3000766, 3000774] success=True len=45
[04:10:22] 
===== DISTIL Round 20 | dataset=28 trajs =====
[04:10:22]   [train] 28 trajs, 1215 windows, state_dim=23 act_dim=7 params=4.61M steps=4000
[04:10:33]     train step 200/4000 loss=0.58566 lr=8.00e-05
[04:10:45]     train step 400/4000 loss=0.22841 lr=9.96e-05
[04:10:56]     train step 600/4000 loss=0.13154 lr=9.79e-05
[04:11:07]     train step 800/4000 loss=0.09122 lr=9.49e-05
[04:11:18]     train step 1000/4000 loss=0.07038 lr=9.07e-05
[04:11:30]     train step 1200/4000 loss=0.05800 lr=8.53e-05
[04:11:41]     train step 1400/4000 loss=0.05000 lr=7.90e-05
[04:11:52]     train step 1600/4000 loss=0.04419 lr=7.19e-05
[04:12:03]     train step 1800/4000 loss=0.04015 lr=6.42e-05
[04:12:14]     train step 2000/4000 loss=0.03692 lr=5.62e-05
[04:12:25]     train step 2200/4000 loss=0.03377 lr=4.80e-05
[04:12:37]     train step 2400/4000 loss=0.03088 lr=3.99e-05
[04:12:48]     train step 2600/4000 loss=0.02886 lr=3.20e-05
[04:12:59]     train step 2800/4000 loss=0.02720 lr=2.48e-05
[04:13:10]     train step 3000/4000 loss=0.02559 lr=1.82e-05
[04:13:21]     train step 3200/4000 loss=0.02435 lr=1.26e-05
[04:13:33]     train step 3400/4000 loss=0.02321 lr=8.08e-06
[04:13:44]     train step 3600/4000 loss=0.02212 lr=4.74e-06
[04:13:55]     train step 3800/4000 loss=0.02168 lr=2.69e-06
[04:14:06]     train step 4000/4000 loss=0.02108 lr=2.00e-06
[04:14:31]   [calibrate] threshold(alpha=0.99)=0.05605 over 4860 samples (median=0.01875)
[04:17:32]   [eval] pure-policy success=0.810 mean_len=105 (fixed 100-ep set)
[04:17:32] [stop] reached final_demos=28 (28 trajs), sr=0.810
[04:17:32] 
[FINAL] DISTIL pure-policy success=0.81 | demos=28 (last frozen held-out eval)
[04:17:32] DONE in 11559.1s | final_success=0.81
[04:17:32] [write] /weka/s226137394/DmNfull/distil/results/Lift/image/decision_heuristic/seed3/result.json
