[00:05:18] [env] loaded /weka/s226137394/DmNfull/.env
[00:05:19] ===== DISTIL | task=Lift modality=image ablation=decision_heuristic seed=1 budget=20 smoke=False device=cuda =====
[00:05:20] [bootstrap] loaded 8 shared demos from /weka/s226137394/DmNfull/distil/results/shared_bootstrap/Lift_image/Lift_image_ni8.pkl
[00:05:20] [kag] copied Lift.json + rendered .kag.txt into /weka/s226137394/DmNfull/distil/results/Lift/image/decision_heuristic/seed1/kag
[00:05:23] [init] using 8 bootstrap demos (shared with baselines)
[00:05:23] 
===== DISTIL Round 0 | dataset=8 trajs =====
[00:05:24]   [train] 8 trajs, 357 windows, state_dim=23 act_dim=7 params=4.61M steps=8000
[00:05:37]     train step 200/8000 loss=0.59556 lr=8.00e-05
[00:05:50]     train step 400/8000 loss=0.28187 lr=9.99e-05
[00:06:02]     train step 600/8000 loss=0.16852 lr=9.95e-05
[00:06:14]     train step 800/8000 loss=0.11592 lr=9.88e-05
[00:06:25]     train step 1000/8000 loss=0.08402 lr=9.78e-05
[00:06:37]     train step 1200/8000 loss=0.06435 lr=9.64e-05
[00:06:49]     train step 1400/8000 loss=0.05384 lr=9.48e-05
[00:07:01]     train step 1600/8000 loss=0.04339 lr=9.29e-05
[00:07:13]     train step 1800/8000 loss=0.03842 lr=9.07e-05
[00:07:24]     train step 2000/8000 loss=0.03355 lr=8.82e-05
[00:07:36]     train step 2200/8000 loss=0.02899 lr=8.55e-05
[00:07:48]     train step 2400/8000 loss=0.02511 lr=8.26e-05
[00:08:00]     train step 2600/8000 loss=0.02365 lr=7.94e-05
[00:08:12]     train step 2800/8000 loss=0.02022 lr=7.61e-05
[00:08:24]     train step 3000/8000 loss=0.01836 lr=7.26e-05
[00:08:36]     train step 3200/8000 loss=0.01703 lr=6.90e-05
[00:08:48]     train step 3400/8000 loss=0.01621 lr=6.52e-05
[00:08:59]     train step 3600/8000 loss=0.01415 lr=6.14e-05
[00:09:11]     train step 3800/8000 loss=0.01279 lr=5.75e-05
[00:09:23]     train step 4000/8000 loss=0.01179 lr=5.35e-05
[00:09:35]     train step 4200/8000 loss=0.01072 lr=4.95e-05
[00:09:47]     train step 4400/8000 loss=0.00966 lr=4.56e-05
[00:10:00]     train step 4600/8000 loss=0.00896 lr=4.16e-05
[00:10:12]     train step 4800/8000 loss=0.00846 lr=3.78e-05
[00:10:25]     train step 5000/8000 loss=0.00776 lr=3.40e-05
[00:10:37]     train step 5200/8000 loss=0.00718 lr=3.03e-05
[00:10:50]     train step 5400/8000 loss=0.00655 lr=2.68e-05
[00:11:02]     train step 5600/8000 loss=0.00588 lr=2.34e-05
[00:11:15]     train step 5800/8000 loss=0.00543 lr=2.02e-05
[00:11:27]     train step 6000/8000 loss=0.00521 lr=1.73e-05
[00:11:40]     train step 6200/8000 loss=0.00495 lr=1.45e-05
[00:11:52]     train step 6400/8000 loss=0.00443 lr=1.20e-05
[00:12:05]     train step 6600/8000 loss=0.00421 lr=9.69e-06
[00:12:17]     train step 6800/8000 loss=0.00406 lr=7.69e-06
[00:12:30]     train step 7000/8000 loss=0.00384 lr=5.98e-06
[00:12:42]     train step 7200/8000 loss=0.00373 lr=4.56e-06
[00:12:53]     train step 7400/8000 loss=0.00364 lr=3.45e-06
[00:13:04]     train step 7600/8000 loss=0.00359 lr=2.65e-06
[00:13:15]     train step 7800/8000 loss=0.00347 lr=2.16e-06
[00:13:26]     train step 8000/8000 loss=0.00345 lr=2.00e-06
[00:13:34]   [calibrate] threshold(alpha=0.99)=0.00697 over 1428 samples (median=0.00338)
[00:16:55]   [eval] pure-policy success=0.680 mean_len=112 (fixed 100-ep set)
[00:18:27]   [screen] 13/40 failures found
[00:18:30]   [collect a0] mode=bridge choice=geometric_bridge cited=[3000028, 3000034] success=True len=46
[00:18:30] 
===== DISTIL Round 1 | dataset=9 trajs =====
[00:18:30]   [train] 9 trajs, 403 windows, state_dim=23 act_dim=7 params=4.61M steps=4000
[00:18:43]     train step 200/4000 loss=0.60926 lr=8.00e-05
[00:18:55]     train step 400/4000 loss=0.27344 lr=9.96e-05
[00:19:08]     train step 600/4000 loss=0.16402 lr=9.79e-05
[00:19:20]     train step 800/4000 loss=0.10781 lr=9.49e-05
[00:19:32]     train step 1000/4000 loss=0.08140 lr=9.07e-05
[00:19:45]     train step 1200/4000 loss=0.06418 lr=8.53e-05
[00:19:57]     train step 1400/4000 loss=0.05122 lr=7.90e-05
[00:20:09]     train step 1600/4000 loss=0.04282 lr=7.19e-05
[00:20:22]     train step 1800/4000 loss=0.03895 lr=6.42e-05
[00:20:34]     train step 2000/4000 loss=0.03327 lr=5.62e-05
[00:20:47]     train step 2200/4000 loss=0.03066 lr=4.80e-05
[00:20:59]     train step 2400/4000 loss=0.02691 lr=3.99e-05
[00:21:11]     train step 2600/4000 loss=0.02376 lr=3.20e-05
[00:21:23]     train step 2800/4000 loss=0.02206 lr=2.48e-05
[00:21:35]     train step 3000/4000 loss=0.02043 lr=1.82e-05
[00:21:47]     train step 3200/4000 loss=0.01878 lr=1.26e-05
[00:21:59]     train step 3400/4000 loss=0.01754 lr=8.08e-06
[00:22:12]     train step 3600/4000 loss=0.01658 lr=4.74e-06
[00:22:23]     train step 3800/4000 loss=0.01583 lr=2.69e-06
[00:22:35]     train step 4000/4000 loss=0.01548 lr=2.00e-06
[00:22:44]   [calibrate] threshold(alpha=0.99)=0.02470 over 1612 samples (median=0.01551)
[00:27:17]   [eval] pure-policy success=0.550 mean_len=153 (fixed 100-ep set)
[00:29:16]   [screen] 20/40 failures found
[00:29:21]   [collect a0] mode=bridge choice=geometric_bridge cited=[3000061, 3000076] success=True len=44
[00:29:21] 
===== DISTIL Round 2 | dataset=10 trajs =====
[00:29:21]   [train] 10 trajs, 447 windows, state_dim=23 act_dim=7 params=4.61M steps=4000
[00:29:33]     train step 200/4000 loss=0.60417 lr=8.00e-05
[00:29:45]     train step 400/4000 loss=0.25176 lr=9.96e-05
[00:29:56]     train step 600/4000 loss=0.13494 lr=9.79e-05
[00:30:08]     train step 800/4000 loss=0.09157 lr=9.49e-05
[00:30:19]     train step 1000/4000 loss=0.06837 lr=9.07e-05
[00:30:31]     train step 1200/4000 loss=0.05662 lr=8.53e-05
[00:30:42]     train step 1400/4000 loss=0.04766 lr=7.90e-05
[00:30:54]     train step 1600/4000 loss=0.04170 lr=7.19e-05
[00:31:05]     train step 1800/4000 loss=0.03563 lr=6.42e-05
[00:31:17]     train step 2000/4000 loss=0.03192 lr=5.62e-05
[00:31:28]     train step 2200/4000 loss=0.02814 lr=4.80e-05
[00:31:40]     train step 2400/4000 loss=0.02585 lr=3.99e-05
[00:31:51]     train step 2600/4000 loss=0.02301 lr=3.20e-05
[00:32:02]     train step 2800/4000 loss=0.02114 lr=2.48e-05
[00:32:13]     train step 3000/4000 loss=0.01932 lr=1.82e-05
[00:32:24]     train step 3200/4000 loss=0.01788 lr=1.26e-05
[00:32:35]     train step 3400/4000 loss=0.01659 lr=8.08e-06
[00:32:47]     train step 3600/4000 loss=0.01611 lr=4.74e-06
[00:32:58]     train step 3800/4000 loss=0.01557 lr=2.69e-06
[00:33:09]     train step 4000/4000 loss=0.01511 lr=2.00e-06
[00:33:18]   [calibrate] threshold(alpha=0.99)=0.02744 over 1788 samples (median=0.01479)
[00:37:27]   [eval] pure-policy success=0.590 mean_len=140 (fixed 100-ep set)
[00:39:06]   [screen] 15/40 failures found
[00:39:12]   [collect a0] mode=bridge choice=geometric_bridge cited=[3000115, 3000119] success=True len=45
[00:39:12] 
===== DISTIL Round 3 | dataset=11 trajs =====
[00:39:12]   [train] 11 trajs, 492 windows, state_dim=23 act_dim=7 params=4.61M steps=4000
[00:39:25]     train step 200/4000 loss=0.61020 lr=8.00e-05
[00:39:38]     train step 400/4000 loss=0.25007 lr=9.96e-05
[00:39:51]     train step 600/4000 loss=0.13978 lr=9.79e-05
[00:40:04]     train step 800/4000 loss=0.09820 lr=9.49e-05
[00:40:17]     train step 1000/4000 loss=0.07419 lr=9.07e-05
[00:40:30]     train step 1200/4000 loss=0.05958 lr=8.53e-05
[00:40:42]     train step 1400/4000 loss=0.05031 lr=7.90e-05
[00:40:55]     train step 1600/4000 loss=0.04307 lr=7.19e-05
[00:41:08]     train step 1800/4000 loss=0.03792 lr=6.42e-05
[00:41:21]     train step 2000/4000 loss=0.03380 lr=5.62e-05
[00:41:33]     train step 2200/4000 loss=0.03096 lr=4.80e-05
[00:41:46]     train step 2400/4000 loss=0.02777 lr=3.99e-05
[00:41:59]     train step 2600/4000 loss=0.02521 lr=3.20e-05
[00:42:11]     train step 2800/4000 loss=0.02354 lr=2.48e-05
[00:42:24]     train step 3000/4000 loss=0.02161 lr=1.82e-05
[00:42:37]     train step 3200/4000 loss=0.02014 lr=1.26e-05
[00:42:49]     train step 3400/4000 loss=0.01902 lr=8.08e-06
[00:43:02]     train step 3600/4000 loss=0.01793 lr=4.74e-06
[00:43:15]     train step 3800/4000 loss=0.01738 lr=2.69e-06
[00:43:27]     train step 4000/4000 loss=0.01697 lr=2.00e-06
[00:43:37]   [calibrate] threshold(alpha=0.99)=0.02875 over 1968 samples (median=0.01663)
[00:48:20]   [eval] pure-policy success=0.490 mean_len=160 (fixed 100-ep set)
[00:50:37]   [screen] 25/40 failures found
[00:50:44]   [collect a0] mode=bridge choice=geometric_bridge cited=[3000140, 3000147] success=True len=46
[00:50:45] 
===== DISTIL Round 4 | dataset=12 trajs =====
[00:50:45]   [train] 12 trajs, 538 windows, state_dim=23 act_dim=7 params=4.61M steps=4000
[00:50:58]     train step 200/4000 loss=0.58289 lr=8.00e-05
[00:51:10]     train step 400/4000 loss=0.25314 lr=9.96e-05
[00:51:23]     train step 600/4000 loss=0.13926 lr=9.79e-05
[00:51:36]     train step 800/4000 loss=0.09561 lr=9.49e-05
[00:51:48]     train step 1000/4000 loss=0.07353 lr=9.07e-05
[00:52:01]     train step 1200/4000 loss=0.05963 lr=8.53e-05
[00:52:14]     train step 1400/4000 loss=0.05149 lr=7.90e-05
[00:52:27]     train step 1600/4000 loss=0.04467 lr=7.19e-05
[00:52:39]     train step 1800/4000 loss=0.03934 lr=6.42e-05
[00:52:51]     train step 2000/4000 loss=0.03664 lr=5.62e-05
[00:53:03]     train step 2200/4000 loss=0.03321 lr=4.80e-05
[00:53:15]     train step 2400/4000 loss=0.03019 lr=3.99e-05
[00:53:27]     train step 2600/4000 loss=0.02734 lr=3.20e-05
[00:53:40]     train step 2800/4000 loss=0.02500 lr=2.48e-05
[00:53:52]     train step 3000/4000 loss=0.02335 lr=1.82e-05
[00:54:04]     train step 3200/4000 loss=0.02180 lr=1.26e-05
[00:54:16]     train step 3400/4000 loss=0.02068 lr=8.08e-06
[00:54:28]     train step 3600/4000 loss=0.01968 lr=4.74e-06
[00:54:40]     train step 3800/4000 loss=0.01887 lr=2.69e-06
[00:54:51]     train step 4000/4000 loss=0.01869 lr=2.00e-06
[00:55:03]   [calibrate] threshold(alpha=0.99)=0.03531 over 2152 samples (median=0.01816)
[00:59:24]   [eval] pure-policy success=0.590 mean_len=147 (fixed 100-ep set)
[01:01:24]   [screen] 19/40 failures found
[01:01:34]   [collect a0] mode=bridge choice=geometric_bridge cited=[3000165, 3000168] success=True len=46
[01:01:34] 
===== DISTIL Round 5 | dataset=13 trajs =====
[01:01:34]   [train] 13 trajs, 584 windows, state_dim=23 act_dim=7 params=4.61M steps=4000
[01:01:46]     train step 200/4000 loss=0.60592 lr=8.00e-05
[01:01:58]     train step 400/4000 loss=0.26477 lr=9.96e-05
[01:02:10]     train step 600/4000 loss=0.14506 lr=9.79e-05
[01:02:22]     train step 800/4000 loss=0.09582 lr=9.49e-05
[01:02:34]     train step 1000/4000 loss=0.07175 lr=9.07e-05
[01:02:47]     train step 1200/4000 loss=0.05731 lr=8.53e-05
[01:02:59]     train step 1400/4000 loss=0.04859 lr=7.90e-05
[01:03:11]     train step 1600/4000 loss=0.04377 lr=7.19e-05
[01:03:24]     train step 1800/4000 loss=0.03795 lr=6.42e-05
[01:03:36]     train step 2000/4000 loss=0.03550 lr=5.62e-05
[01:03:48]     train step 2200/4000 loss=0.03345 lr=4.80e-05
[01:04:00]     train step 2400/4000 loss=0.03016 lr=3.99e-05
[01:04:12]     train step 2600/4000 loss=0.02861 lr=3.20e-05
[01:04:25]     train step 2800/4000 loss=0.02588 lr=2.48e-05
[01:04:36]     train step 3000/4000 loss=0.02416 lr=1.82e-05
[01:04:48]     train step 3200/4000 loss=0.02266 lr=1.26e-05
[01:05:00]     train step 3400/4000 loss=0.02161 lr=8.08e-06
[01:05:13]     train step 3600/4000 loss=0.02067 lr=4.74e-06
[01:05:24]     train step 3800/4000 loss=0.02011 lr=2.69e-06
[01:05:36]     train step 4000/4000 loss=0.01967 lr=2.00e-06
[01:05:49]   [calibrate] threshold(alpha=0.99)=0.03596 over 2336 samples (median=0.01940)
[01:11:23]   [eval] pure-policy success=0.340 mean_len=187 (fixed 100-ep set)
[01:13:35]   [screen] 21/40 failures found
[01:13:44]   [collect a0] mode=bridge choice=geometric_bridge cited=[3000201, 3000207] success=True len=45
[01:13:44] 
===== DISTIL Round 6 | dataset=14 trajs =====
[01:13:44]   [train] 14 trajs, 629 windows, state_dim=23 act_dim=7 params=4.61M steps=4000
[01:13:56]     train step 200/4000 loss=0.60743 lr=8.00e-05
[01:14:07]     train step 400/4000 loss=0.21291 lr=9.96e-05
[01:14:19]     train step 600/4000 loss=0.11572 lr=9.79e-05
[01:14:30]     train step 800/4000 loss=0.08027 lr=9.49e-05
[01:14:42]     train step 1000/4000 loss=0.06111 lr=9.07e-05
[01:14:54]     train step 1200/4000 loss=0.05036 lr=8.53e-05
[01:15:05]     train step 1400/4000 loss=0.04296 lr=7.90e-05
[01:15:17]     train step 1600/4000 loss=0.03807 lr=7.19e-05
[01:15:29]     train step 1800/4000 loss=0.03421 lr=6.42e-05
[01:15:40]     train step 2000/4000 loss=0.02945 lr=5.62e-05
[01:15:52]     train step 2200/4000 loss=0.02754 lr=4.80e-05
[01:16:04]     train step 2400/4000 loss=0.02474 lr=3.99e-05
[01:16:15]     train step 2600/4000 loss=0.02295 lr=3.20e-05
[01:16:27]     train step 2800/4000 loss=0.02119 lr=2.48e-05
[01:16:38]     train step 3000/4000 loss=0.01948 lr=1.82e-05
[01:16:50]     train step 3200/4000 loss=0.01826 lr=1.26e-05
[01:17:02]     train step 3400/4000 loss=0.01695 lr=8.08e-06
[01:17:14]     train step 3600/4000 loss=0.01649 lr=4.74e-06
[01:17:26]     train step 3800/4000 loss=0.01569 lr=2.69e-06
[01:17:37]     train step 4000/4000 loss=0.01548 lr=2.00e-06
[01:17:50]   [calibrate] threshold(alpha=0.99)=0.02831 over 2516 samples (median=0.01519)
[01:21:47]   [eval] pure-policy success=0.590 mean_len=132 (fixed 100-ep set)
[01:23:09]   [screen] 12/40 failures found
[01:23:14]   [collect a0] mode=bridge choice=geometric_bridge cited=[3000267, 3000275] success=True len=46
[01:23:14] 
===== DISTIL Round 7 | dataset=15 trajs =====
[01:23:14]   [train] 15 trajs, 675 windows, state_dim=23 act_dim=7 params=4.61M steps=4000
[01:23:26]     train step 200/4000 loss=0.62549 lr=8.00e-05
[01:23:37]     train step 400/4000 loss=0.24739 lr=9.96e-05
[01:23:49]     train step 600/4000 loss=0.13003 lr=9.79e-05
[01:24:01]     train step 800/4000 loss=0.08837 lr=9.49e-05
[01:24:12]     train step 1000/4000 loss=0.06886 lr=9.07e-05
[01:24:24]     train step 1200/4000 loss=0.05711 lr=8.53e-05
[01:24:35]     train step 1400/4000 loss=0.04848 lr=7.90e-05
[01:24:47]     train step 1600/4000 loss=0.04247 lr=7.19e-05
[01:24:59]     train step 1800/4000 loss=0.03715 lr=6.42e-05
[01:25:10]     train step 2000/4000 loss=0.03518 lr=5.62e-05
[01:25:22]     train step 2200/4000 loss=0.03115 lr=4.80e-05
[01:25:33]     train step 2400/4000 loss=0.02805 lr=3.99e-05
[01:25:45]     train step 2600/4000 loss=0.02588 lr=3.20e-05
[01:25:56]     train step 2800/4000 loss=0.02423 lr=2.48e-05
[01:26:08]     train step 3000/4000 loss=0.02195 lr=1.82e-05
[01:26:20]     train step 3200/4000 loss=0.02070 lr=1.26e-05
[01:26:31]     train step 3400/4000 loss=0.01952 lr=8.08e-06
[01:26:43]     train step 3600/4000 loss=0.01860 lr=4.74e-06
[01:26:55]     train step 3800/4000 loss=0.01793 lr=2.69e-06
[01:27:07]     train step 4000/4000 loss=0.01746 lr=2.00e-06
[01:27:21]   [calibrate] threshold(alpha=0.99)=0.03152 over 2700 samples (median=0.01758)
[01:32:38]   [eval] pure-policy success=0.410 mean_len=178 (fixed 100-ep set)
[01:34:53]   [screen] 27/40 failures found
[01:35:05]   [collect a0] mode=bridge choice=geometric_bridge cited=[3000290, 3000294] success=True len=44
[01:35:05] 
===== DISTIL Round 8 | dataset=16 trajs =====
[01:35:06]   [train] 16 trajs, 719 windows, state_dim=23 act_dim=7 params=4.61M steps=4000
[01:35:17]     train step 200/4000 loss=0.57758 lr=8.00e-05
[01:35:29]     train step 400/4000 loss=0.25619 lr=9.96e-05
[01:35:40]     train step 600/4000 loss=0.13213 lr=9.79e-05
[01:35:52]     train step 800/4000 loss=0.08876 lr=9.49e-05
[01:36:04]     train step 1000/4000 loss=0.06722 lr=9.07e-05
[01:36:16]     train step 1200/4000 loss=0.05416 lr=8.53e-05
[01:36:27]     train step 1400/4000 loss=0.04549 lr=7.90e-05
[01:36:39]     train step 1600/4000 loss=0.03979 lr=7.19e-05
[01:36:51]     train step 1800/4000 loss=0.03525 lr=6.42e-05
[01:37:03]     train step 2000/4000 loss=0.03048 lr=5.62e-05
[01:37:15]     train step 2200/4000 loss=0.02749 lr=4.80e-05
[01:37:26]     train step 2400/4000 loss=0.02458 lr=3.99e-05
[01:37:38]     train step 2600/4000 loss=0.02257 lr=3.20e-05
[01:37:50]     train step 2800/4000 loss=0.02089 lr=2.48e-05
[01:38:02]     train step 3000/4000 loss=0.01917 lr=1.82e-05
[01:38:14]     train step 3200/4000 loss=0.01815 lr=1.26e-05
[01:38:26]     train step 3400/4000 loss=0.01703 lr=8.08e-06
[01:38:38]     train step 3600/4000 loss=0.01626 lr=4.74e-06
[01:38:50]     train step 3800/4000 loss=0.01566 lr=2.69e-06
[01:39:02]     train step 4000/4000 loss=0.01536 lr=2.00e-06
[01:39:17]   [calibrate] threshold(alpha=0.99)=0.03045 over 2876 samples (median=0.01499)
[01:42:35]   [eval] pure-policy success=0.770 mean_len=111 (fixed 100-ep set)
[01:43:52]   [screen] 9/40 failures found
[01:43:58]   [collect a0] mode=bridge choice=geometric_bridge cited=[3000338, 3000350] success=True len=46
[01:43:59] 
===== DISTIL Round 9 | dataset=17 trajs =====
[01:43:59]   [train] 17 trajs, 765 windows, state_dim=23 act_dim=7 params=4.61M steps=4000
[01:44:10]     train step 200/4000 loss=0.60530 lr=8.00e-05
[01:44:21]     train step 400/4000 loss=0.25579 lr=9.96e-05
[01:44:33]     train step 600/4000 loss=0.14347 lr=9.79e-05
[01:44:44]     train step 800/4000 loss=0.09420 lr=9.49e-05
[01:44:56]     train step 1000/4000 loss=0.07121 lr=9.07e-05
[01:45:07]     train step 1200/4000 loss=0.05718 lr=8.53e-05
[01:45:18]     train step 1400/4000 loss=0.04816 lr=7.90e-05
[01:45:30]     train step 1600/4000 loss=0.04350 lr=7.19e-05
[01:45:41]     train step 1800/4000 loss=0.03854 lr=6.42e-05
[01:45:53]     train step 2000/4000 loss=0.03477 lr=5.62e-05
[01:46:04]     train step 2200/4000 loss=0.03179 lr=4.80e-05
[01:46:16]     train step 2400/4000 loss=0.02917 lr=3.99e-05
[01:46:28]     train step 2600/4000 loss=0.02716 lr=3.20e-05
[01:46:39]     train step 2800/4000 loss=0.02516 lr=2.48e-05
[01:46:51]     train step 3000/4000 loss=0.02373 lr=1.82e-05
[01:47:03]     train step 3200/4000 loss=0.02222 lr=1.26e-05
[01:47:15]     train step 3400/4000 loss=0.02123 lr=8.08e-06
[01:47:27]     train step 3600/4000 loss=0.02024 lr=4.74e-06
[01:47:38]     train step 3800/4000 loss=0.01964 lr=2.69e-06
[01:47:50]     train step 4000/4000 loss=0.01935 lr=2.00e-06
[01:48:06]   [calibrate] threshold(alpha=0.99)=0.03694 over 3060 samples (median=0.01836)
[01:52:37]   [eval] pure-policy success=0.530 mean_len=152 (fixed 100-ep set)
[01:54:48]   [screen] 25/40 failures found
[01:55:02]   [collect a0] mode=bridge choice=geometric_bridge cited=[3000363, 3000373] success=True len=45
[01:55:02] 
===== DISTIL Round 10 | dataset=18 trajs =====
[01:55:02]   [train] 18 trajs, 810 windows, state_dim=23 act_dim=7 params=4.61M steps=4000
[01:55:14]     train step 200/4000 loss=0.61249 lr=8.00e-05
[01:55:26]     train step 400/4000 loss=0.26394 lr=9.96e-05
[01:55:37]     train step 600/4000 loss=0.15382 lr=9.79e-05
[01:55:49]     train step 800/4000 loss=0.10586 lr=9.49e-05
[01:56:01]     train step 1000/4000 loss=0.07843 lr=9.07e-05
[01:56:12]     train step 1200/4000 loss=0.06475 lr=8.53e-05
[01:56:24]     train step 1400/4000 loss=0.05016 lr=7.90e-05
[01:56:36]     train step 1600/4000 loss=0.04215 lr=7.19e-05
[01:56:47]     train step 1800/4000 loss=0.03504 lr=6.42e-05
[01:56:59]     train step 2000/4000 loss=0.03118 lr=5.62e-05
[01:57:10]     train step 2200/4000 loss=0.02811 lr=4.80e-05
[01:57:22]     train step 2400/4000 loss=0.02604 lr=3.99e-05
[01:57:34]     train step 2600/4000 loss=0.02300 lr=3.20e-05
[01:57:45]     train step 2800/4000 loss=0.02134 lr=2.48e-05
[01:57:57]     train step 3000/4000 loss=0.01986 lr=1.82e-05
[01:58:08]     train step 3200/4000 loss=0.01822 lr=1.26e-05
[01:58:20]     train step 3400/4000 loss=0.01725 lr=8.08e-06
[01:58:32]     train step 3600/4000 loss=0.01639 lr=4.74e-06
[01:58:43]     train step 3800/4000 loss=0.01591 lr=2.69e-06
[01:58:54]     train step 4000/4000 loss=0.01550 lr=2.00e-06
[01:59:11]   [calibrate] threshold(alpha=0.99)=0.02984 over 3240 samples (median=0.01507)
[02:03:52]   [eval] pure-policy success=0.510 mean_len=158 (fixed 100-ep set)
[02:06:27]   [screen] 28/40 failures found
[02:06:43]   [collect a0] mode=bridge choice=geometric_bridge cited=[3000432, 3000436] success=True len=45
[02:06:43] 
===== DISTIL Round 11 | dataset=19 trajs =====
[02:06:43]   [train] 19 trajs, 855 windows, state_dim=23 act_dim=7 params=4.61M steps=4000
[02:06:55]     train step 200/4000 loss=0.60598 lr=8.00e-05
[02:07:07]     train step 400/4000 loss=0.25351 lr=9.96e-05
[02:07:19]     train step 600/4000 loss=0.14221 lr=9.79e-05
[02:07:30]     train step 800/4000 loss=0.09865 lr=9.49e-05
[02:07:42]     train step 1000/4000 loss=0.07426 lr=9.07e-05
[02:07:53]     train step 1200/4000 loss=0.05973 lr=8.53e-05
[02:08:05]     train step 1400/4000 loss=0.05046 lr=7.90e-05
[02:08:16]     train step 1600/4000 loss=0.04402 lr=7.19e-05
[02:08:27]     train step 1800/4000 loss=0.03810 lr=6.42e-05
[02:08:39]     train step 2000/4000 loss=0.03539 lr=5.62e-05
[02:08:50]     train step 2200/4000 loss=0.03182 lr=4.80e-05
[02:09:02]     train step 2400/4000 loss=0.02948 lr=3.99e-05
[02:09:13]     train step 2600/4000 loss=0.02652 lr=3.20e-05
[02:09:25]     train step 2800/4000 loss=0.02492 lr=2.48e-05
[02:09:36]     train step 3000/4000 loss=0.02345 lr=1.82e-05
[02:09:48]     train step 3200/4000 loss=0.02228 lr=1.26e-05
[02:09:59]     train step 3400/4000 loss=0.02080 lr=8.08e-06
[02:10:11]     train step 3600/4000 loss=0.02002 lr=4.74e-06
[02:10:22]     train step 3800/4000 loss=0.01946 lr=2.69e-06
[02:10:33]     train step 4000/4000 loss=0.01910 lr=2.00e-06
[02:10:51]   [calibrate] threshold(alpha=0.99)=0.04195 over 3420 samples (median=0.01792)
[02:15:40]   [eval] pure-policy success=0.470 mean_len=162 (fixed 100-ep set)
[02:17:55]   [screen] 26/40 failures found
[02:18:17]   [collect a0] mode=bridge choice=geometric_bridge cited=[3000460, 3000467] success=True len=44
[02:18:17] 
===== DISTIL Round 12 | dataset=20 trajs =====
[02:18:17]   [train] 20 trajs, 899 windows, state_dim=23 act_dim=7 params=4.61M steps=4000
[02:18:29]     train step 200/4000 loss=0.58452 lr=8.00e-05
[02:18:40]     train step 400/4000 loss=0.23444 lr=9.96e-05
[02:18:51]     train step 600/4000 loss=0.12216 lr=9.79e-05
[02:19:03]     train step 800/4000 loss=0.08215 lr=9.49e-05
[02:19:14]     train step 1000/4000 loss=0.06462 lr=9.07e-05
[02:19:26]     train step 1200/4000 loss=0.05318 lr=8.53e-05
[02:19:37]     train step 1400/4000 loss=0.04474 lr=7.90e-05
[02:19:49]     train step 1600/4000 loss=0.03972 lr=7.19e-05
[02:20:00]     train step 1800/4000 loss=0.03612 lr=6.42e-05
[02:20:12]     train step 2000/4000 loss=0.03273 lr=5.62e-05
[02:20:23]     train step 2200/4000 loss=0.02902 lr=4.80e-05
[02:20:35]     train step 2400/4000 loss=0.02623 lr=3.99e-05
[02:20:46]     train step 2600/4000 loss=0.02445 lr=3.20e-05
[02:20:58]     train step 2800/4000 loss=0.02210 lr=2.48e-05
[02:21:09]     train step 3000/4000 loss=0.02047 lr=1.82e-05
[02:21:20]     train step 3200/4000 loss=0.01903 lr=1.26e-05
[02:21:32]     train step 3400/4000 loss=0.01772 lr=8.08e-06
[02:21:44]     train step 3600/4000 loss=0.01705 lr=4.74e-06
[02:21:56]     train step 3800/4000 loss=0.01637 lr=2.69e-06
[02:22:07]     train step 4000/4000 loss=0.01605 lr=2.00e-06
[02:22:26]   [calibrate] threshold(alpha=0.99)=0.03377 over 3596 samples (median=0.01572)
[02:26:04]   [eval] pure-policy success=0.670 mean_len=121 (fixed 100-ep set)
[02:27:37]   [screen] 15/40 failures found
[02:27:48]   [collect a0] mode=bridge choice=geometric_bridge cited=[3000488, 3000505] success=True len=45
[02:27:48] 
===== DISTIL Round 13 | dataset=21 trajs =====
[02:27:48]   [train] 21 trajs, 944 windows, state_dim=23 act_dim=7 params=4.61M steps=4000
[02:27:59]     train step 200/4000 loss=0.59485 lr=8.00e-05
[02:28:11]     train step 400/4000 loss=0.24598 lr=9.96e-05
[02:28:22]     train step 600/4000 loss=0.12817 lr=9.79e-05
[02:28:34]     train step 800/4000 loss=0.08703 lr=9.49e-05
[02:28:45]     train step 1000/4000 loss=0.06606 lr=9.07e-05
[02:28:57]     train step 1200/4000 loss=0.05476 lr=8.53e-05
[02:29:08]     train step 1400/4000 loss=0.04781 lr=7.90e-05
[02:29:20]     train step 1600/4000 loss=0.04196 lr=7.19e-05
[02:29:31]     train step 1800/4000 loss=0.03808 lr=6.42e-05
[02:29:43]     train step 2000/4000 loss=0.03332 lr=5.62e-05
[02:29:54]     train step 2200/4000 loss=0.02959 lr=4.80e-05
[02:30:06]     train step 2400/4000 loss=0.02724 lr=3.99e-05
[02:30:17]     train step 2600/4000 loss=0.02434 lr=3.20e-05
[02:30:29]     train step 2800/4000 loss=0.02294 lr=2.48e-05
[02:30:40]     train step 3000/4000 loss=0.02196 lr=1.82e-05
[02:30:52]     train step 3200/4000 loss=0.01997 lr=1.26e-05
[02:31:04]     train step 3400/4000 loss=0.01889 lr=8.08e-06
[02:31:15]     train step 3600/4000 loss=0.01808 lr=4.74e-06
[02:31:27]     train step 3800/4000 loss=0.01738 lr=2.69e-06
[02:31:39]     train step 4000/4000 loss=0.01687 lr=2.00e-06
[02:31:58]   [calibrate] threshold(alpha=0.99)=0.03385 over 3776 samples (median=0.01661)
[02:35:44]   [eval] pure-policy success=0.650 mean_len=126 (fixed 100-ep set)
[02:37:01]   [screen] 9/40 failures found
[02:37:06]   [collect a0] mode=bridge choice=geometric_bridge cited=[3000538, 3000559] success=True len=45
[02:37:06] 
===== DISTIL Round 14 | dataset=22 trajs =====
[02:37:06]   [train] 22 trajs, 989 windows, state_dim=23 act_dim=7 params=4.61M steps=4000
[02:37:17]     train step 200/4000 loss=0.59921 lr=8.00e-05
[02:37:29]     train step 400/4000 loss=0.24413 lr=9.96e-05
[02:37:40]     train step 600/4000 loss=0.13457 lr=9.79e-05
[02:37:51]     train step 800/4000 loss=0.09106 lr=9.49e-05
[02:38:03]     train step 1000/4000 loss=0.06637 lr=9.07e-05
[02:38:14]     train step 1200/4000 loss=0.05613 lr=8.53e-05
[02:38:26]     train step 1400/4000 loss=0.04758 lr=7.90e-05
[02:38:37]     train step 1600/4000 loss=0.04213 lr=7.19e-05
[02:38:49]     train step 1800/4000 loss=0.03836 lr=6.42e-05
[02:39:00]     train step 2000/4000 loss=0.03417 lr=5.62e-05
[02:39:11]     train step 2200/4000 loss=0.03189 lr=4.80e-05
[02:39:23]     train step 2400/4000 loss=0.02922 lr=3.99e-05
[02:39:34]     train step 2600/4000 loss=0.02684 lr=3.20e-05
[02:39:46]     train step 2800/4000 loss=0.02498 lr=2.48e-05
[02:39:57]     train step 3000/4000 loss=0.02292 lr=1.82e-05
[02:40:08]     train step 3200/4000 loss=0.02157 lr=1.26e-05
[02:40:20]     train step 3400/4000 loss=0.02022 lr=8.08e-06
[02:40:31]     train step 3600/4000 loss=0.01944 lr=4.74e-06
[02:40:42]     train step 3800/4000 loss=0.01865 lr=2.69e-06
[02:40:54]     train step 4000/4000 loss=0.01835 lr=2.00e-06
[02:41:14]   [calibrate] threshold(alpha=0.99)=0.03970 over 3956 samples (median=0.01707)
[02:44:53]   [eval] pure-policy success=0.670 mean_len=122 (fixed 100-ep set)
[02:46:30]   [screen] 14/40 failures found
[02:46:38]   [collect a0] mode=bridge choice=geometric_bridge cited=[3000577, 3000586] success=True len=45
[02:46:38] 
===== DISTIL Round 15 | dataset=23 trajs =====
[02:46:38]   [train] 23 trajs, 1034 windows, state_dim=23 act_dim=7 params=4.61M steps=4000
[02:46:49]     train step 200/4000 loss=0.62231 lr=8.00e-05
[02:47:01]     train step 400/4000 loss=0.23731 lr=9.96e-05
[02:47:12]     train step 600/4000 loss=0.13102 lr=9.79e-05
[02:47:23]     train step 800/4000 loss=0.09111 lr=9.49e-05
[02:47:35]     train step 1000/4000 loss=0.07045 lr=9.07e-05
[02:47:46]     train step 1200/4000 loss=0.05862 lr=8.53e-05
[02:47:58]     train step 1400/4000 loss=0.04974 lr=7.90e-05
[02:48:09]     train step 1600/4000 loss=0.04439 lr=7.19e-05
[02:48:21]     train step 1800/4000 loss=0.03953 lr=6.42e-05
[02:48:32]     train step 2000/4000 loss=0.03581 lr=5.62e-05
[02:48:44]     train step 2200/4000 loss=0.03329 lr=4.80e-05
[02:48:55]     train step 2400/4000 loss=0.03017 lr=3.99e-05
[02:49:07]     train step 2600/4000 loss=0.02822 lr=3.20e-05
[02:49:18]     train step 2800/4000 loss=0.02613 lr=2.48e-05
[02:49:30]     train step 3000/4000 loss=0.02485 lr=1.82e-05
[02:49:41]     train step 3200/4000 loss=0.02352 lr=1.26e-05
[02:49:53]     train step 3400/4000 loss=0.02220 lr=8.08e-06
[02:50:04]     train step 3600/4000 loss=0.02130 lr=4.74e-06
[02:50:15]     train step 3800/4000 loss=0.02090 lr=2.69e-06
[02:50:27]     train step 4000/4000 loss=0.02028 lr=2.00e-06
[02:50:48]   [calibrate] threshold(alpha=0.99)=0.04821 over 4136 samples (median=0.01942)
[02:55:08]   [eval] pure-policy success=0.660 mean_len=145 (fixed 100-ep set)
[02:57:05]   [screen] 19/40 failures found
[02:57:18]   [collect a0] mode=bridge choice=geometric_bridge cited=[3000618, 3000630] success=True len=45
[02:57:18] 
===== DISTIL Round 16 | dataset=24 trajs =====
[02:57:18]   [train] 24 trajs, 1079 windows, state_dim=23 act_dim=7 params=4.61M steps=4000
[02:57:30]     train step 200/4000 loss=0.59456 lr=8.00e-05
[02:57:41]     train step 400/4000 loss=0.26520 lr=9.96e-05
[02:57:53]     train step 600/4000 loss=0.13368 lr=9.79e-05
[02:58:04]     train step 800/4000 loss=0.08835 lr=9.49e-05
[02:58:15]     train step 1000/4000 loss=0.06540 lr=9.07e-05
[02:58:27]     train step 1200/4000 loss=0.05264 lr=8.53e-05
[02:58:38]     train step 1400/4000 loss=0.04488 lr=7.90e-05
[02:58:50]     train step 1600/4000 loss=0.04089 lr=7.19e-05
[02:59:01]     train step 1800/4000 loss=0.03503 lr=6.42e-05
[02:59:12]     train step 2000/4000 loss=0.03237 lr=5.62e-05
[02:59:24]     train step 2200/4000 loss=0.02899 lr=4.80e-05
[02:59:35]     train step 2400/4000 loss=0.02648 lr=3.99e-05
[02:59:47]     train step 2600/4000 loss=0.02388 lr=3.20e-05
[02:59:58]     train step 2800/4000 loss=0.02235 lr=2.48e-05
[03:00:09]     train step 3000/4000 loss=0.02063 lr=1.82e-05
[03:00:21]     train step 3200/4000 loss=0.01943 lr=1.26e-05
[03:00:32]     train step 3400/4000 loss=0.01819 lr=8.08e-06
[03:00:44]     train step 3600/4000 loss=0.01758 lr=4.74e-06
[03:00:56]     train step 3800/4000 loss=0.01685 lr=2.69e-06
[03:01:07]     train step 4000/4000 loss=0.01655 lr=2.00e-06
[03:01:30]   [calibrate] threshold(alpha=0.99)=0.03621 over 4316 samples (median=0.01580)
[03:05:24]   [eval] pure-policy success=0.640 mean_len=131 (fixed 100-ep set)
[03:07:04]   [screen] 15/40 failures found
[03:07:14]   [collect a0] mode=bridge choice=geometric_bridge cited=[3000653, 3000659] success=True len=46
[03:07:14] 
===== DISTIL Round 17 | dataset=25 trajs =====
[03:07:14]   [train] 25 trajs, 1125 windows, state_dim=23 act_dim=7 params=4.61M steps=4000
[03:07:26]     train step 200/4000 loss=0.57213 lr=8.00e-05
[03:07:37]     train step 400/4000 loss=0.24743 lr=9.96e-05
[03:07:49]     train step 600/4000 loss=0.14767 lr=9.79e-05
[03:08:01]     train step 800/4000 loss=0.10232 lr=9.49e-05
[03:08:12]     train step 1000/4000 loss=0.07405 lr=9.07e-05
[03:08:24]     train step 1200/4000 loss=0.05958 lr=8.53e-05
[03:08:35]     train step 1400/4000 loss=0.05131 lr=7.90e-05
[03:08:47]     train step 1600/4000 loss=0.04537 lr=7.19e-05
[03:08:58]     train step 1800/4000 loss=0.04113 lr=6.42e-05
[03:09:09]     train step 2000/4000 loss=0.03620 lr=5.62e-05
[03:09:21]     train step 2200/4000 loss=0.03299 lr=4.80e-05
[03:09:32]     train step 2400/4000 loss=0.02919 lr=3.99e-05
[03:09:44]     train step 2600/4000 loss=0.02668 lr=3.20e-05
[03:09:55]     train step 2800/4000 loss=0.02462 lr=2.48e-05
[03:10:07]     train step 3000/4000 loss=0.02311 lr=1.82e-05
[03:10:18]     train step 3200/4000 loss=0.02143 lr=1.26e-05
[03:10:30]     train step 3400/4000 loss=0.02025 lr=8.08e-06
[03:10:42]     train step 3600/4000 loss=0.01966 lr=4.74e-06
[03:10:53]     train step 3800/4000 loss=0.01889 lr=2.69e-06
[03:11:05]     train step 4000/4000 loss=0.01830 lr=2.00e-06
[03:11:28]   [calibrate] threshold(alpha=0.99)=0.04116 over 4500 samples (median=0.01741)
[03:15:09]   [eval] pure-policy success=0.720 mean_len=123 (fixed 100-ep set)
[03:16:58]   [screen] 18/40 failures found
[03:17:10]   [collect a0] mode=bridge choice=geometric_bridge cited=[3000699, 3000701] success=True len=43
[03:17:10] 
===== DISTIL Round 18 | dataset=26 trajs =====
[03:17:10]   [train] 26 trajs, 1168 windows, state_dim=23 act_dim=7 params=4.61M steps=4000
[03:17:21]     train step 200/4000 loss=0.60735 lr=8.00e-05
[03:17:33]     train step 400/4000 loss=0.26795 lr=9.96e-05
[03:17:44]     train step 600/4000 loss=0.14161 lr=9.79e-05
[03:17:56]     train step 800/4000 loss=0.09914 lr=9.49e-05
[03:18:07]     train step 1000/4000 loss=0.07470 lr=9.07e-05
[03:18:19]     train step 1200/4000 loss=0.05963 lr=8.53e-05
[03:18:30]     train step 1400/4000 loss=0.05066 lr=7.90e-05
[03:18:42]     train step 1600/4000 loss=0.04471 lr=7.19e-05
[03:18:54]     train step 1800/4000 loss=0.03917 lr=6.42e-05
[03:19:05]     train step 2000/4000 loss=0.03540 lr=5.62e-05
[03:19:17]     train step 2200/4000 loss=0.03246 lr=4.80e-05
[03:19:29]     train step 2400/4000 loss=0.02920 lr=3.99e-05
[03:19:41]     train step 2600/4000 loss=0.02705 lr=3.20e-05
[03:19:52]     train step 2800/4000 loss=0.02527 lr=2.48e-05
[03:20:04]     train step 3000/4000 loss=0.02330 lr=1.82e-05
[03:20:16]     train step 3200/4000 loss=0.02200 lr=1.26e-05
[03:20:27]     train step 3400/4000 loss=0.02058 lr=8.08e-06
[03:20:39]     train step 3600/4000 loss=0.01974 lr=4.74e-06
[03:20:51]     train step 3800/4000 loss=0.01917 lr=2.69e-06
[03:21:03]     train step 4000/4000 loss=0.01886 lr=2.00e-06
[03:21:27]   [calibrate] threshold(alpha=0.99)=0.04499 over 4672 samples (median=0.01776)
[03:25:31]   [eval] pure-policy success=0.610 mean_len=136 (fixed 100-ep set)
[03:27:13]   [screen] 14/40 failures found
[03:27:27]   [collect a0] mode=bridge choice=geometric_bridge cited=[3000753, 3000754] success=True len=43
[03:27:28] 
===== DISTIL Round 19 | dataset=27 trajs =====
[03:27:28]   [train] 27 trajs, 1211 windows, state_dim=23 act_dim=7 params=4.61M steps=4000
[03:27:39]     train step 200/4000 loss=0.57854 lr=8.00e-05
[03:27:51]     train step 400/4000 loss=0.21764 lr=9.96e-05
[03:28:03]     train step 600/4000 loss=0.11973 lr=9.79e-05
[03:28:14]     train step 800/4000 loss=0.08499 lr=9.49e-05
[03:28:26]     train step 1000/4000 loss=0.06406 lr=9.07e-05
[03:28:38]     train step 1200/4000 loss=0.05372 lr=8.53e-05
[03:28:49]     train step 1400/4000 loss=0.04681 lr=7.90e-05
[03:29:01]     train step 1600/4000 loss=0.04004 lr=7.19e-05
[03:29:13]     train step 1800/4000 loss=0.03655 lr=6.42e-05
[03:29:24]     train step 2000/4000 loss=0.03247 lr=5.62e-05
[03:29:36]     train step 2200/4000 loss=0.03035 lr=4.80e-05
[03:29:48]     train step 2400/4000 loss=0.02853 lr=3.99e-05
[03:30:00]     train step 2600/4000 loss=0.02528 lr=3.20e-05
[03:30:11]     train step 2800/4000 loss=0.02354 lr=2.48e-05
[03:30:23]     train step 3000/4000 loss=0.02202 lr=1.82e-05
[03:30:35]     train step 3200/4000 loss=0.02061 lr=1.26e-05
[03:30:46]     train step 3400/4000 loss=0.01958 lr=8.08e-06
[03:30:58]     train step 3600/4000 loss=0.01873 lr=4.74e-06
[03:31:10]     train step 3800/4000 loss=0.01818 lr=2.69e-06
[03:31:21]     train step 4000/4000 loss=0.01798 lr=2.00e-06
[03:31:46]   [calibrate] threshold(alpha=0.99)=0.03881 over 4844 samples (median=0.01685)
[03:35:38]   [eval] pure-policy success=0.670 mean_len=129 (fixed 100-ep set)
[03:37:18]   [screen] 16/40 failures found
[03:37:29]   [collect a0] mode=bridge choice=geometric_bridge cited=[3000781, 3000799] success=True len=45
[03:37:29] 
===== DISTIL Round 20 | dataset=28 trajs =====
[03:37:29]   [train] 28 trajs, 1256 windows, state_dim=23 act_dim=7 params=4.61M steps=4000
[03:37:41]     train step 200/4000 loss=0.56346 lr=8.00e-05
[03:37:53]     train step 400/4000 loss=0.26679 lr=9.96e-05
[03:38:05]     train step 600/4000 loss=0.13685 lr=9.79e-05
[03:38:17]     train step 800/4000 loss=0.09406 lr=9.49e-05
[03:38:29]     train step 1000/4000 loss=0.07105 lr=9.07e-05
[03:38:40]     train step 1200/4000 loss=0.05471 lr=8.53e-05
[03:38:52]     train step 1400/4000 loss=0.04765 lr=7.90e-05
[03:39:03]     train step 1600/4000 loss=0.04090 lr=7.19e-05
[03:39:15]     train step 1800/4000 loss=0.03741 lr=6.42e-05
[03:39:26]     train step 2000/4000 loss=0.03300 lr=5.62e-05
[03:39:38]     train step 2200/4000 loss=0.03020 lr=4.80e-05
[03:39:49]     train step 2400/4000 loss=0.02834 lr=3.99e-05
[03:40:01]     train step 2600/4000 loss=0.02556 lr=3.20e-05
[03:40:12]     train step 2800/4000 loss=0.02384 lr=2.48e-05
[03:40:24]     train step 3000/4000 loss=0.02222 lr=1.82e-05
[03:40:35]     train step 3200/4000 loss=0.02117 lr=1.26e-05
[03:40:47]     train step 3400/4000 loss=0.01982 lr=8.08e-06
[03:40:58]     train step 3600/4000 loss=0.01928 lr=4.74e-06
[03:41:10]     train step 3800/4000 loss=0.01857 lr=2.69e-06
[03:41:21]     train step 4000/4000 loss=0.01839 lr=2.00e-06
[03:41:48]   [calibrate] threshold(alpha=0.99)=0.04274 over 5024 samples (median=0.01696)
[03:45:38]   [eval] pure-policy success=0.670 mean_len=128 (fixed 100-ep set)
[03:45:38] [stop] reached final_demos=28 (28 trajs), sr=0.670
[03:45:38] 
[FINAL] DISTIL pure-policy success=0.67 | demos=28 (last frozen held-out eval)
[03:45:39] DONE in 13216.9s | final_success=0.67
[03:45:39] [write] /weka/s226137394/DmNfull/distil/results/Lift/image/decision_heuristic/seed1/result.json
