[16:00:47] [env] loaded /weka/s226137394/DmNfull/.env
[16:00:49] ===== DISTIL | task=Lift modality=state ablation=ensemble seed=1 budget=20 smoke=False device=cuda =====
[16:00:53] [bootstrap] loaded 8 shared demos from /weka/s226137394/DmNfull/distil/results/shared_bootstrap/Lift_state/Lift_state_ni8.pkl
[16:01:03] 
===== ensemble Round 0 | dataset=8 =====
[16:01:22]     train step 200/8000 loss=0.60126 lr=8.00e-05
[16:01:36]     train step 400/8000 loss=0.24587 lr=9.99e-05
[16:01:50]     train step 600/8000 loss=0.09485 lr=9.95e-05
[16:02:03]     train step 800/8000 loss=0.05947 lr=9.88e-05
[16:02:17]     train step 1000/8000 loss=0.04366 lr=9.78e-05
[16:02:31]     train step 1200/8000 loss=0.03427 lr=9.64e-05
[16:02:44]     train step 1400/8000 loss=0.02771 lr=9.48e-05
[16:02:58]     train step 1600/8000 loss=0.02456 lr=9.29e-05
[16:03:12]     train step 1800/8000 loss=0.02042 lr=9.07e-05
[16:03:25]     train step 2000/8000 loss=0.01838 lr=8.82e-05
[16:03:39]     train step 2200/8000 loss=0.01707 lr=8.55e-05
[16:03:53]     train step 2400/8000 loss=0.01516 lr=8.26e-05
[16:04:07]     train step 2600/8000 loss=0.01248 lr=7.94e-05
[16:04:20]     train step 2800/8000 loss=0.01149 lr=7.61e-05
[16:04:34]     train step 3000/8000 loss=0.01088 lr=7.26e-05
[16:04:47]     train step 3200/8000 loss=0.00906 lr=6.90e-05
[16:05:01]     train step 3400/8000 loss=0.00840 lr=6.52e-05
[16:05:15]     train step 3600/8000 loss=0.00738 lr=6.14e-05
[16:05:28]     train step 3800/8000 loss=0.00680 lr=5.75e-05
[16:05:42]     train step 4000/8000 loss=0.00610 lr=5.35e-05
[16:05:56]     train step 4200/8000 loss=0.00591 lr=4.95e-05
[16:06:10]     train step 4400/8000 loss=0.00548 lr=4.56e-05
[16:06:23]     train step 4600/8000 loss=0.00493 lr=4.16e-05
[16:06:37]     train step 4800/8000 loss=0.00425 lr=3.78e-05
[16:06:51]     train step 5000/8000 loss=0.00386 lr=3.40e-05
[16:07:04]     train step 5200/8000 loss=0.00366 lr=3.03e-05
[16:07:18]     train step 5400/8000 loss=0.00337 lr=2.68e-05
[16:07:32]     train step 5600/8000 loss=0.00312 lr=2.34e-05
[16:07:46]     train step 5800/8000 loss=0.00297 lr=2.02e-05
[16:07:59]     train step 6000/8000 loss=0.00279 lr=1.73e-05
[16:08:13]     train step 6200/8000 loss=0.00265 lr=1.45e-05
[16:08:27]     train step 6400/8000 loss=0.00254 lr=1.20e-05
[16:08:41]     train step 6600/8000 loss=0.00247 lr=9.69e-06
[16:08:54]     train step 6800/8000 loss=0.00236 lr=7.69e-06
[16:09:08]     train step 7000/8000 loss=0.00231 lr=5.98e-06
[16:09:22]     train step 7200/8000 loss=0.00228 lr=4.56e-06
[16:09:35]     train step 7400/8000 loss=0.00224 lr=3.45e-06
[16:09:49]     train step 7600/8000 loss=0.00221 lr=2.65e-06
[16:10:03]     train step 7800/8000 loss=0.00219 lr=2.16e-06
[16:10:16]     train step 8000/8000 loss=0.00217 lr=2.00e-06
[16:58:20]   [eval] SR=0.750
[16:58:22]   [ensemble] intervention at t=0 (rollout 0) len=47
[16:58:23] 
===== ensemble Round 1 | dataset=9 =====
[16:58:38]     train step 200/4000 loss=0.59712 lr=8.00e-05
[16:58:52]     train step 400/4000 loss=0.23339 lr=9.96e-05
[16:59:06]     train step 600/4000 loss=0.08863 lr=9.79e-05
[16:59:20]     train step 800/4000 loss=0.05550 lr=9.49e-05
[16:59:34]     train step 1000/4000 loss=0.04068 lr=9.07e-05
[16:59:48]     train step 1200/4000 loss=0.03147 lr=8.53e-05
[17:00:01]     train step 1400/4000 loss=0.02648 lr=7.90e-05
[17:00:15]     train step 1600/4000 loss=0.02241 lr=7.19e-05
[17:00:29]     train step 1800/4000 loss=0.01917 lr=6.42e-05
[17:00:43]     train step 2000/4000 loss=0.01699 lr=5.62e-05
[17:00:57]     train step 2200/4000 loss=0.01484 lr=4.80e-05
[17:01:11]     train step 2400/4000 loss=0.01306 lr=3.99e-05
[17:01:25]     train step 2600/4000 loss=0.01197 lr=3.20e-05
[17:01:39]     train step 2800/4000 loss=0.01059 lr=2.48e-05
[17:01:53]     train step 3000/4000 loss=0.00987 lr=1.82e-05
[17:02:07]     train step 3200/4000 loss=0.00907 lr=1.26e-05
[17:02:21]     train step 3400/4000 loss=0.00866 lr=8.08e-06
[17:02:34]     train step 3600/4000 loss=0.00831 lr=4.74e-06
[17:02:48]     train step 3800/4000 loss=0.00809 lr=2.69e-06
[17:03:03]     train step 4000/4000 loss=0.00799 lr=2.00e-06
[17:30:41]   [eval] SR=0.830
[17:30:44]   [ensemble] intervention at t=0 (rollout 0) len=42
[17:30:44] 
===== ensemble Round 2 | dataset=10 =====
[17:30:59]     train step 200/4000 loss=0.59891 lr=8.00e-05
[17:31:13]     train step 400/4000 loss=0.22897 lr=9.96e-05
[17:31:28]     train step 600/4000 loss=0.08665 lr=9.79e-05
[17:31:42]     train step 800/4000 loss=0.05512 lr=9.49e-05
[17:31:56]     train step 1000/4000 loss=0.04046 lr=9.07e-05
[17:32:10]     train step 1200/4000 loss=0.03198 lr=8.53e-05
[17:32:24]     train step 1400/4000 loss=0.02679 lr=7.90e-05
[17:32:38]     train step 1600/4000 loss=0.02293 lr=7.19e-05
[17:32:52]     train step 1800/4000 loss=0.01949 lr=6.42e-05
[17:33:06]     train step 2000/4000 loss=0.01730 lr=5.62e-05
[17:33:20]     train step 2200/4000 loss=0.01531 lr=4.80e-05
[17:33:34]     train step 2400/4000 loss=0.01329 lr=3.99e-05
[17:33:48]     train step 2600/4000 loss=0.01201 lr=3.20e-05
[17:34:02]     train step 2800/4000 loss=0.01087 lr=2.48e-05
[17:34:16]     train step 3000/4000 loss=0.00995 lr=1.82e-05
[17:34:30]     train step 3200/4000 loss=0.00930 lr=1.26e-05
[17:34:44]     train step 3400/4000 loss=0.00891 lr=8.08e-06
[17:34:58]     train step 3600/4000 loss=0.00851 lr=4.74e-06
[17:35:12]     train step 3800/4000 loss=0.00835 lr=2.69e-06
[17:35:27]     train step 4000/4000 loss=0.00827 lr=2.00e-06
[18:01:54]   [eval] SR=0.870
[18:01:57]   [ensemble] intervention at t=0 (rollout 0) len=45
[18:01:57] 
===== ensemble Round 3 | dataset=11 =====
[18:02:12]     train step 200/4000 loss=0.60076 lr=8.00e-05
[18:02:26]     train step 400/4000 loss=0.22498 lr=9.96e-05
[18:02:40]     train step 600/4000 loss=0.08508 lr=9.79e-05
[18:02:55]     train step 800/4000 loss=0.05404 lr=9.49e-05
[18:03:09]     train step 1000/4000 loss=0.03984 lr=9.07e-05
[18:03:23]     train step 1200/4000 loss=0.03162 lr=8.53e-05
[18:03:37]     train step 1400/4000 loss=0.02624 lr=7.90e-05
[18:03:52]     train step 1600/4000 loss=0.02263 lr=7.19e-05
[18:04:06]     train step 1800/4000 loss=0.01946 lr=6.42e-05
[18:04:20]     train step 2000/4000 loss=0.01714 lr=5.62e-05
[18:04:34]     train step 2200/4000 loss=0.01517 lr=4.80e-05
[18:04:48]     train step 2400/4000 loss=0.01349 lr=3.99e-05
[18:05:03]     train step 2600/4000 loss=0.01197 lr=3.20e-05
[18:05:17]     train step 2800/4000 loss=0.01082 lr=2.48e-05
[18:05:31]     train step 3000/4000 loss=0.00992 lr=1.82e-05
[18:05:45]     train step 3200/4000 loss=0.00923 lr=1.26e-05
[18:06:00]     train step 3400/4000 loss=0.00896 lr=8.08e-06
[18:06:14]     train step 3600/4000 loss=0.00852 lr=4.74e-06
[18:06:28]     train step 3800/4000 loss=0.00833 lr=2.69e-06
[18:06:42]     train step 4000/4000 loss=0.00823 lr=2.00e-06
[18:30:58]   [eval] SR=0.970
[18:31:07]   [ensemble] intervention at t=4 (rollout 0) len=40
[18:31:08] 
===== ensemble Round 4 | dataset=12 =====
[18:31:22]     train step 200/4000 loss=0.60027 lr=8.00e-05
[18:31:36]     train step 400/4000 loss=0.22227 lr=9.96e-05
[18:31:51]     train step 600/4000 loss=0.08593 lr=9.79e-05
[18:32:05]     train step 800/4000 loss=0.05300 lr=9.49e-05
[18:32:19]     train step 1000/4000 loss=0.03905 lr=9.07e-05
[18:32:34]     train step 1200/4000 loss=0.03112 lr=8.53e-05
[18:32:48]     train step 1400/4000 loss=0.02547 lr=7.90e-05
[18:33:02]     train step 1600/4000 loss=0.02161 lr=7.19e-05
[18:33:16]     train step 1800/4000 loss=0.01858 lr=6.42e-05
[18:33:31]     train step 2000/4000 loss=0.01633 lr=5.62e-05
[18:33:45]     train step 2200/4000 loss=0.01419 lr=4.80e-05
[18:33:59]     train step 2400/4000 loss=0.01226 lr=3.99e-05
[18:34:13]     train step 2600/4000 loss=0.01097 lr=3.20e-05
[18:34:28]     train step 2800/4000 loss=0.00989 lr=2.48e-05
[18:34:42]     train step 3000/4000 loss=0.00908 lr=1.82e-05
[18:34:56]     train step 3200/4000 loss=0.00843 lr=1.26e-05
[18:35:10]     train step 3400/4000 loss=0.00816 lr=8.08e-06
[18:35:25]     train step 3600/4000 loss=0.00780 lr=4.74e-06
[18:35:39]     train step 3800/4000 loss=0.00764 lr=2.69e-06
[18:35:53]     train step 4000/4000 loss=0.00754 lr=2.00e-06
[18:59:36]   [eval] SR=0.990
[18:59:40]   [ensemble] intervention at t=1 (rollout 0) len=46
[18:59:41] 
===== ensemble Round 5 | dataset=13 =====
[18:59:55]     train step 200/4000 loss=0.60089 lr=8.00e-05
[19:00:09]     train step 400/4000 loss=0.22364 lr=9.96e-05
[19:00:24]     train step 600/4000 loss=0.08566 lr=9.79e-05
[19:00:38]     train step 800/4000 loss=0.05435 lr=9.49e-05
[19:00:52]     train step 1000/4000 loss=0.03979 lr=9.07e-05
[19:01:06]     train step 1200/4000 loss=0.03150 lr=8.53e-05
[19:01:20]     train step 1400/4000 loss=0.02631 lr=7.90e-05
[19:01:35]     train step 1600/4000 loss=0.02255 lr=7.19e-05
[19:01:49]     train step 1800/4000 loss=0.01900 lr=6.42e-05
[19:02:03]     train step 2000/4000 loss=0.01638 lr=5.62e-05
[19:02:17]     train step 2200/4000 loss=0.01441 lr=4.80e-05
[19:02:32]     train step 2400/4000 loss=0.01257 lr=3.99e-05
[19:02:46]     train step 2600/4000 loss=0.01127 lr=3.20e-05
[19:03:00]     train step 2800/4000 loss=0.01013 lr=2.48e-05
[19:03:14]     train step 3000/4000 loss=0.00951 lr=1.82e-05
[19:03:29]     train step 3200/4000 loss=0.00870 lr=1.26e-05
[19:03:43]     train step 3400/4000 loss=0.00841 lr=8.08e-06
[19:03:57]     train step 3600/4000 loss=0.00804 lr=4.74e-06
[19:04:11]     train step 3800/4000 loss=0.00786 lr=2.69e-06
[19:04:26]     train step 4000/4000 loss=0.00778 lr=2.00e-06
[19:27:49]   [eval] SR=1.000
[19:27:51]   [ensemble] intervention at t=0 (rollout 0) len=43
[19:27:52] 
===== ensemble Round 6 | dataset=14 =====
[19:28:06]     train step 200/4000 loss=0.60274 lr=8.00e-05
[19:28:20]     train step 400/4000 loss=0.22435 lr=9.96e-05
[19:28:35]     train step 600/4000 loss=0.08573 lr=9.79e-05
[19:28:49]     train step 800/4000 loss=0.05457 lr=9.49e-05
[19:29:03]     train step 1000/4000 loss=0.03966 lr=9.07e-05
[19:29:17]     train step 1200/4000 loss=0.03135 lr=8.53e-05
[19:29:31]     train step 1400/4000 loss=0.02642 lr=7.90e-05
[19:29:45]     train step 1600/4000 loss=0.02217 lr=7.19e-05
[19:30:00]     train step 1800/4000 loss=0.01892 lr=6.42e-05
[19:30:14]     train step 2000/4000 loss=0.01694 lr=5.62e-05
[19:30:28]     train step 2200/4000 loss=0.01445 lr=4.80e-05
[19:30:42]     train step 2400/4000 loss=0.01277 lr=3.99e-05
[19:30:56]     train step 2600/4000 loss=0.01129 lr=3.20e-05
[19:31:11]     train step 2800/4000 loss=0.01032 lr=2.48e-05
[19:31:25]     train step 3000/4000 loss=0.00953 lr=1.82e-05
[19:31:39]     train step 3200/4000 loss=0.00890 lr=1.26e-05
[19:31:53]     train step 3400/4000 loss=0.00853 lr=8.08e-06
[19:32:08]     train step 3600/4000 loss=0.00821 lr=4.74e-06
[19:32:22]     train step 3800/4000 loss=0.00807 lr=2.69e-06
[19:32:36]     train step 4000/4000 loss=0.00795 lr=2.00e-06
[19:56:01]   [eval] SR=1.000
[19:56:47]   [ensemble] intervention at t=26 (rollout 0) len=18
[19:56:47] 
===== ensemble Round 7 | dataset=15 =====
[19:57:02]     train step 200/4000 loss=0.60446 lr=8.00e-05
[19:57:16]     train step 400/4000 loss=0.22400 lr=9.96e-05
[19:57:30]     train step 600/4000 loss=0.08768 lr=9.79e-05
[19:57:44]     train step 800/4000 loss=0.05495 lr=9.49e-05
[19:57:59]     train step 1000/4000 loss=0.03942 lr=9.07e-05
[19:58:13]     train step 1200/4000 loss=0.03197 lr=8.53e-05
[19:58:27]     train step 1400/4000 loss=0.02608 lr=7.90e-05
[19:58:41]     train step 1600/4000 loss=0.02208 lr=7.19e-05
[19:58:55]     train step 1800/4000 loss=0.01867 lr=6.42e-05
[19:59:10]     train step 2000/4000 loss=0.01681 lr=5.62e-05
[19:59:24]     train step 2200/4000 loss=0.01438 lr=4.80e-05
[19:59:38]     train step 2400/4000 loss=0.01259 lr=3.99e-05
[19:59:52]     train step 2600/4000 loss=0.01137 lr=3.20e-05
[20:00:06]     train step 2800/4000 loss=0.01006 lr=2.48e-05
[20:00:21]     train step 3000/4000 loss=0.00938 lr=1.82e-05
[20:00:35]     train step 3200/4000 loss=0.00870 lr=1.26e-05
[20:00:49]     train step 3400/4000 loss=0.00841 lr=8.08e-06
[20:01:04]     train step 3600/4000 loss=0.00807 lr=4.74e-06
[20:01:18]     train step 3800/4000 loss=0.00790 lr=2.69e-06
[20:01:32]     train step 4000/4000 loss=0.00783 lr=2.00e-06
[20:24:58]   [eval] SR=1.000
[20:25:41]   [ensemble] intervention at t=24 (rollout 0) len=22
[20:25:41] 
===== ensemble Round 8 | dataset=16 =====
[20:25:56]     train step 200/4000 loss=0.60388 lr=8.00e-05
[20:26:10]     train step 400/4000 loss=0.22539 lr=9.96e-05
[20:26:24]     train step 600/4000 loss=0.08559 lr=9.79e-05
[20:26:38]     train step 800/4000 loss=0.05457 lr=9.49e-05
[20:26:53]     train step 1000/4000 loss=0.03986 lr=9.07e-05
[20:27:07]     train step 1200/4000 loss=0.03201 lr=8.53e-05
[20:27:21]     train step 1400/4000 loss=0.02675 lr=7.90e-05
[20:27:35]     train step 1600/4000 loss=0.02229 lr=7.19e-05
[20:27:49]     train step 1800/4000 loss=0.01958 lr=6.42e-05
[20:28:04]     train step 2000/4000 loss=0.01711 lr=5.62e-05
[20:28:18]     train step 2200/4000 loss=0.01522 lr=4.80e-05
[20:28:32]     train step 2400/4000 loss=0.01315 lr=3.99e-05
[20:28:46]     train step 2600/4000 loss=0.01192 lr=3.20e-05
[20:29:00]     train step 2800/4000 loss=0.01065 lr=2.48e-05
[20:29:15]     train step 3000/4000 loss=0.00980 lr=1.82e-05
[20:29:29]     train step 3200/4000 loss=0.00918 lr=1.26e-05
[20:29:43]     train step 3400/4000 loss=0.00884 lr=8.08e-06
[20:29:57]     train step 3600/4000 loss=0.00851 lr=4.74e-06
[20:30:12]     train step 3800/4000 loss=0.00835 lr=2.69e-06
[20:30:26]     train step 4000/4000 loss=0.00828 lr=2.00e-06
[20:53:53]   [eval] SR=1.000
[20:54:41]   [ensemble] intervention at t=27 (rollout 0) len=21
[20:54:41] 
===== ensemble Round 9 | dataset=17 =====
[20:54:55]     train step 200/4000 loss=0.60380 lr=8.00e-05
[20:55:10]     train step 400/4000 loss=0.22176 lr=9.96e-05
[20:55:24]     train step 600/4000 loss=0.08764 lr=9.79e-05
[20:55:38]     train step 800/4000 loss=0.05571 lr=9.49e-05
[20:55:53]     train step 1000/4000 loss=0.04092 lr=9.07e-05
[20:56:07]     train step 1200/4000 loss=0.03239 lr=8.53e-05
[20:56:21]     train step 1400/4000 loss=0.02698 lr=7.90e-05
[20:56:35]     train step 1600/4000 loss=0.02285 lr=7.19e-05
[20:56:50]     train step 1800/4000 loss=0.01983 lr=6.42e-05
[20:57:04]     train step 2000/4000 loss=0.01750 lr=5.62e-05
[20:57:18]     train step 2200/4000 loss=0.01556 lr=4.80e-05
[20:57:32]     train step 2400/4000 loss=0.01358 lr=3.99e-05
[20:57:47]     train step 2600/4000 loss=0.01253 lr=3.20e-05
[20:58:01]     train step 2800/4000 loss=0.01105 lr=2.48e-05
[20:58:15]     train step 3000/4000 loss=0.01013 lr=1.82e-05
[20:58:29]     train step 3200/4000 loss=0.00949 lr=1.26e-05
[20:58:43]     train step 3400/4000 loss=0.00911 lr=8.08e-06
[20:58:58]     train step 3600/4000 loss=0.00871 lr=4.74e-06
[20:59:12]     train step 3800/4000 loss=0.00856 lr=2.69e-06
[20:59:26]     train step 4000/4000 loss=0.00846 lr=2.00e-06
[21:23:10]   [eval] SR=0.990
[21:23:53]   [ensemble] intervention at t=24 (rollout 0) len=18
[21:23:53] 
===== ensemble Round 10 | dataset=18 =====
[21:24:07]     train step 200/4000 loss=0.60488 lr=8.00e-05
[21:24:22]     train step 400/4000 loss=0.22476 lr=9.96e-05
[21:24:36]     train step 600/4000 loss=0.08807 lr=9.79e-05
[21:24:50]     train step 800/4000 loss=0.05486 lr=9.49e-05
[21:25:05]     train step 1000/4000 loss=0.04012 lr=9.07e-05
[21:25:19]     train step 1200/4000 loss=0.03160 lr=8.53e-05
[21:25:33]     train step 1400/4000 loss=0.02691 lr=7.90e-05
[21:25:47]     train step 1600/4000 loss=0.02290 lr=7.19e-05
[21:26:02]     train step 1800/4000 loss=0.01945 lr=6.42e-05
[21:26:16]     train step 2000/4000 loss=0.01757 lr=5.62e-05
[21:26:30]     train step 2200/4000 loss=0.01551 lr=4.80e-05
[21:26:44]     train step 2400/4000 loss=0.01368 lr=3.99e-05
[21:26:59]     train step 2600/4000 loss=0.01226 lr=3.20e-05
[21:27:13]     train step 2800/4000 loss=0.01095 lr=2.48e-05
[21:27:27]     train step 3000/4000 loss=0.01024 lr=1.82e-05
[21:27:42]     train step 3200/4000 loss=0.00951 lr=1.26e-05
[21:27:56]     train step 3400/4000 loss=0.00915 lr=8.08e-06
[21:28:10]     train step 3600/4000 loss=0.00879 lr=4.74e-06
[21:28:24]     train step 3800/4000 loss=0.00865 lr=2.69e-06
[21:28:38]     train step 4000/4000 loss=0.00851 lr=2.00e-06
[21:52:50]   [eval] SR=0.970
[21:53:38]   [ensemble] intervention at t=27 (rollout 0) len=22
[21:53:38] 
===== ensemble Round 11 | dataset=19 =====
[21:53:53]     train step 200/4000 loss=0.60549 lr=8.00e-05
[21:54:07]     train step 400/4000 loss=0.22226 lr=9.96e-05
[21:54:22]     train step 600/4000 loss=0.08580 lr=9.79e-05
[21:54:36]     train step 800/4000 loss=0.05412 lr=9.49e-05
[21:54:51]     train step 1000/4000 loss=0.04007 lr=9.07e-05
[21:55:05]     train step 1200/4000 loss=0.03177 lr=8.53e-05
[21:55:19]     train step 1400/4000 loss=0.02668 lr=7.90e-05
[21:55:34]     train step 1600/4000 loss=0.02293 lr=7.19e-05
[21:55:48]     train step 1800/4000 loss=0.01953 lr=6.42e-05
[21:56:03]     train step 2000/4000 loss=0.01776 lr=5.62e-05
[21:56:17]     train step 2200/4000 loss=0.01564 lr=4.80e-05
[21:56:32]     train step 2400/4000 loss=0.01395 lr=3.99e-05
[21:56:46]     train step 2600/4000 loss=0.01275 lr=3.20e-05
[21:57:00]     train step 2800/4000 loss=0.01147 lr=2.48e-05
[21:57:15]     train step 3000/4000 loss=0.01060 lr=1.82e-05
[21:57:29]     train step 3200/4000 loss=0.00984 lr=1.26e-05
[21:57:44]     train step 3400/4000 loss=0.00950 lr=8.08e-06
[21:57:58]     train step 3600/4000 loss=0.00904 lr=4.74e-06
[21:58:12]     train step 3800/4000 loss=0.00887 lr=2.69e-06
[21:58:27]     train step 4000/4000 loss=0.00877 lr=2.00e-06
