[14:51:08] [env] loaded /weka/s226137394/DmNfull/.env
[14:51:08] ===== DISTIL | task=Lift modality=state ablation=safe seed=4 budget=20 smoke=False device=cuda =====
[14:51:09] [bootstrap] loaded 8 shared demos from /weka/s226137394/DmNfull/distil/results/shared_bootstrap/Lift_state/Lift_state_ni8.pkl
[14:51:12] 
===== safe Round 0 | dataset=8 =====
[14:51:18]     train step 200/8000 loss=0.60198 lr=8.00e-05
[14:51:22]     train step 400/8000 loss=0.25554 lr=9.99e-05
[14:51:26]     train step 600/8000 loss=0.09442 lr=9.95e-05
[14:51:30]     train step 800/8000 loss=0.05589 lr=9.88e-05
[14:51:34]     train step 1000/8000 loss=0.03945 lr=9.78e-05
[14:51:38]     train step 1200/8000 loss=0.03112 lr=9.64e-05
[14:51:42]     train step 1400/8000 loss=0.02654 lr=9.48e-05
[14:51:46]     train step 1600/8000 loss=0.02200 lr=9.29e-05
[14:51:50]     train step 1800/8000 loss=0.01884 lr=9.07e-05
[14:51:54]     train step 2000/8000 loss=0.01660 lr=8.82e-05
[14:51:58]     train step 2200/8000 loss=0.01497 lr=8.55e-05
[14:52:02]     train step 2400/8000 loss=0.01314 lr=8.26e-05
[14:52:06]     train step 2600/8000 loss=0.01169 lr=7.94e-05
[14:52:10]     train step 2800/8000 loss=0.00966 lr=7.61e-05
[14:52:14]     train step 3000/8000 loss=0.00875 lr=7.26e-05
[14:52:18]     train step 3200/8000 loss=0.00787 lr=6.90e-05
[14:52:22]     train step 3400/8000 loss=0.00751 lr=6.52e-05
[14:52:26]     train step 3600/8000 loss=0.00648 lr=6.14e-05
[14:52:30]     train step 3800/8000 loss=0.00561 lr=5.75e-05
[14:52:34]     train step 4000/8000 loss=0.00503 lr=5.35e-05
[14:52:38]     train step 4200/8000 loss=0.00481 lr=4.95e-05
[14:52:42]     train step 4400/8000 loss=0.00432 lr=4.56e-05
[14:52:46]     train step 4600/8000 loss=0.00370 lr=4.16e-05
[14:52:50]     train step 4800/8000 loss=0.00355 lr=3.78e-05
[14:52:54]     train step 5000/8000 loss=0.00333 lr=3.40e-05
[14:52:58]     train step 5200/8000 loss=0.00326 lr=3.03e-05
[14:53:02]     train step 5400/8000 loss=0.00310 lr=2.68e-05
[14:53:06]     train step 5600/8000 loss=0.00282 lr=2.34e-05
[14:53:10]     train step 5800/8000 loss=0.00260 lr=2.02e-05
[14:53:14]     train step 6000/8000 loss=0.00250 lr=1.73e-05
[14:53:18]     train step 6200/8000 loss=0.00248 lr=1.45e-05
[14:53:22]     train step 6400/8000 loss=0.00234 lr=1.20e-05
[14:53:27]     train step 6600/8000 loss=0.00226 lr=9.69e-06
[14:53:31]     train step 6800/8000 loss=0.00221 lr=7.69e-06
[14:53:34]     train step 7000/8000 loss=0.00215 lr=5.98e-06
[14:53:38]     train step 7200/8000 loss=0.00214 lr=4.56e-06
[14:53:42]     train step 7400/8000 loss=0.00208 lr=3.45e-06
[14:53:46]     train step 7600/8000 loss=0.00208 lr=2.65e-06
[14:53:50]     train step 7800/8000 loss=0.00206 lr=2.16e-06
[14:53:54]     train step 8000/8000 loss=0.00205 lr=2.00e-06
[14:57:03]   [eval] SR=0.720
[14:57:03]   [safe] intervention at t=0 (rollout 0) len=47
[14:57:03] 
===== safe Round 1 | dataset=9 =====
[14:57:08]     train step 200/4000 loss=0.59878 lr=8.00e-05
[14:57:12]     train step 400/4000 loss=0.24146 lr=9.96e-05
[14:57:16]     train step 600/4000 loss=0.08714 lr=9.79e-05
[14:57:20]     train step 800/4000 loss=0.05275 lr=9.49e-05
[14:57:24]     train step 1000/4000 loss=0.03875 lr=9.07e-05
[14:57:28]     train step 1200/4000 loss=0.03039 lr=8.53e-05
[14:57:32]     train step 1400/4000 loss=0.02451 lr=7.90e-05
[14:57:36]     train step 1600/4000 loss=0.02053 lr=7.19e-05
[14:57:40]     train step 1800/4000 loss=0.01784 lr=6.42e-05
[14:57:44]     train step 2000/4000 loss=0.01511 lr=5.62e-05
[14:57:48]     train step 2200/4000 loss=0.01284 lr=4.80e-05
[14:57:52]     train step 2400/4000 loss=0.01144 lr=3.99e-05
[14:57:57]     train step 2600/4000 loss=0.01050 lr=3.20e-05
[14:58:01]     train step 2800/4000 loss=0.00907 lr=2.48e-05
[14:58:05]     train step 3000/4000 loss=0.00826 lr=1.82e-05
[14:58:09]     train step 3200/4000 loss=0.00759 lr=1.26e-05
[14:58:13]     train step 3400/4000 loss=0.00732 lr=8.08e-06
[14:58:17]     train step 3600/4000 loss=0.00695 lr=4.74e-06
[14:58:21]     train step 3800/4000 loss=0.00676 lr=2.69e-06
[14:58:25]     train step 4000/4000 loss=0.00664 lr=2.00e-06
[15:00:35]   [eval] SR=0.870
[15:00:36]   [safe] intervention at t=1 (rollout 0) len=41
[15:00:36] 
===== safe Round 2 | dataset=10 =====
[15:00:40]     train step 200/4000 loss=0.59558 lr=8.00e-05
[15:00:44]     train step 400/4000 loss=0.23064 lr=9.96e-05
[15:00:49]     train step 600/4000 loss=0.08363 lr=9.79e-05
[15:00:53]     train step 800/4000 loss=0.04948 lr=9.49e-05
[15:00:57]     train step 1000/4000 loss=0.03671 lr=9.07e-05
[15:01:01]     train step 1200/4000 loss=0.02976 lr=8.53e-05
[15:01:05]     train step 1400/4000 loss=0.02452 lr=7.90e-05
[15:01:09]     train step 1600/4000 loss=0.02140 lr=7.19e-05
[15:01:13]     train step 1800/4000 loss=0.01798 lr=6.42e-05
[15:01:17]     train step 2000/4000 loss=0.01516 lr=5.62e-05
[15:01:21]     train step 2200/4000 loss=0.01370 lr=4.80e-05
[15:01:26]     train step 2400/4000 loss=0.01196 lr=3.99e-05
[15:01:30]     train step 2600/4000 loss=0.01062 lr=3.20e-05
[15:01:34]     train step 2800/4000 loss=0.00968 lr=2.48e-05
[15:01:38]     train step 3000/4000 loss=0.00872 lr=1.82e-05
[15:01:42]     train step 3200/4000 loss=0.00799 lr=1.26e-05
[15:01:46]     train step 3400/4000 loss=0.00776 lr=8.08e-06
[15:01:50]     train step 3600/4000 loss=0.00747 lr=4.74e-06
[15:01:54]     train step 3800/4000 loss=0.00718 lr=2.69e-06
[15:01:58]     train step 4000/4000 loss=0.00708 lr=2.00e-06
[15:03:49]   [eval] SR=0.940
[15:03:50]   [safe] intervention at t=0 (rollout 0) len=45
[15:03:50] 
===== safe Round 3 | dataset=11 =====
[15:03:54]     train step 200/4000 loss=0.59699 lr=8.00e-05
[15:03:59]     train step 400/4000 loss=0.22802 lr=9.96e-05
[15:04:03]     train step 600/4000 loss=0.08155 lr=9.79e-05
[15:04:07]     train step 800/4000 loss=0.05001 lr=9.49e-05
[15:04:11]     train step 1000/4000 loss=0.03795 lr=9.07e-05
[15:04:15]     train step 1200/4000 loss=0.02980 lr=8.53e-05
[15:04:19]     train step 1400/4000 loss=0.02483 lr=7.90e-05
[15:04:24]     train step 1600/4000 loss=0.02088 lr=7.19e-05
[15:04:28]     train step 1800/4000 loss=0.01749 lr=6.42e-05
[15:04:32]     train step 2000/4000 loss=0.01507 lr=5.62e-05
[15:04:36]     train step 2200/4000 loss=0.01350 lr=4.80e-05
[15:04:40]     train step 2400/4000 loss=0.01161 lr=3.99e-05
[15:04:44]     train step 2600/4000 loss=0.01046 lr=3.20e-05
[15:04:48]     train step 2800/4000 loss=0.00937 lr=2.48e-05
[15:04:53]     train step 3000/4000 loss=0.00881 lr=1.82e-05
[15:04:57]     train step 3200/4000 loss=0.00803 lr=1.26e-05
[15:05:01]     train step 3400/4000 loss=0.00775 lr=8.08e-06
[15:05:05]     train step 3600/4000 loss=0.00747 lr=4.74e-06
[15:05:09]     train step 3800/4000 loss=0.00720 lr=2.69e-06
[15:05:13]     train step 4000/4000 loss=0.00713 lr=2.00e-06
[15:06:45]   [eval] SR=0.990
[15:06:46]   [safe] intervention at t=3 (rollout 0) len=41
[15:06:46] 
===== safe Round 4 | dataset=12 =====
[15:06:50]     train step 200/4000 loss=0.59587 lr=8.00e-05
[15:06:55]     train step 400/4000 loss=0.21466 lr=9.96e-05
[15:06:59]     train step 600/4000 loss=0.07961 lr=9.79e-05
[15:07:03]     train step 800/4000 loss=0.04894 lr=9.49e-05
[15:07:07]     train step 1000/4000 loss=0.03613 lr=9.07e-05
[15:07:11]     train step 1200/4000 loss=0.02896 lr=8.53e-05
[15:07:15]     train step 1400/4000 loss=0.02425 lr=7.90e-05
[15:07:20]     train step 1600/4000 loss=0.02049 lr=7.19e-05
[15:07:24]     train step 1800/4000 loss=0.01719 lr=6.42e-05
[15:07:28]     train step 2000/4000 loss=0.01490 lr=5.62e-05
[15:07:32]     train step 2200/4000 loss=0.01319 lr=4.80e-05
[15:07:36]     train step 2400/4000 loss=0.01175 lr=3.99e-05
[15:07:40]     train step 2600/4000 loss=0.01022 lr=3.20e-05
[15:07:45]     train step 2800/4000 loss=0.00918 lr=2.48e-05
[15:07:49]     train step 3000/4000 loss=0.00850 lr=1.82e-05
[15:07:53]     train step 3200/4000 loss=0.00771 lr=1.26e-05
[15:07:57]     train step 3400/4000 loss=0.00737 lr=8.08e-06
[15:08:01]     train step 3600/4000 loss=0.00716 lr=4.74e-06
[15:08:05]     train step 3800/4000 loss=0.00691 lr=2.69e-06
[15:08:09]     train step 4000/4000 loss=0.00681 lr=2.00e-06
[15:09:39]   [eval] SR=0.980
[15:09:39]   [safe] intervention at t=1 (rollout 0) len=46
[15:09:39] 
===== safe Round 5 | dataset=13 =====
[15:09:44]     train step 200/4000 loss=0.59650 lr=8.00e-05
[15:09:48]     train step 400/4000 loss=0.21610 lr=9.96e-05
[15:09:52]     train step 600/4000 loss=0.07946 lr=9.79e-05
[15:09:56]     train step 800/4000 loss=0.04775 lr=9.49e-05
[15:10:00]     train step 1000/4000 loss=0.03716 lr=9.07e-05
[15:10:04]     train step 1200/4000 loss=0.02887 lr=8.53e-05
[15:10:09]     train step 1400/4000 loss=0.02437 lr=7.90e-05
[15:10:13]     train step 1600/4000 loss=0.02023 lr=7.19e-05
[15:10:17]     train step 1800/4000 loss=0.01772 lr=6.42e-05
[15:10:21]     train step 2000/4000 loss=0.01466 lr=5.62e-05
[15:10:25]     train step 2200/4000 loss=0.01273 lr=4.80e-05
[15:10:29]     train step 2400/4000 loss=0.01116 lr=3.99e-05
[15:10:33]     train step 2600/4000 loss=0.01042 lr=3.20e-05
[15:10:38]     train step 2800/4000 loss=0.00896 lr=2.48e-05
[15:10:42]     train step 3000/4000 loss=0.00843 lr=1.82e-05
[15:10:46]     train step 3200/4000 loss=0.00770 lr=1.26e-05
[15:10:50]     train step 3400/4000 loss=0.00733 lr=8.08e-06
[15:10:54]     train step 3600/4000 loss=0.00708 lr=4.74e-06
[15:10:58]     train step 3800/4000 loss=0.00681 lr=2.69e-06
[15:11:02]     train step 4000/4000 loss=0.00671 lr=2.00e-06
[15:12:20]   [eval] SR=1.000
[15:12:21]   [safe] intervention at t=10 (rollout 0) len=33
[15:12:22] 
===== safe Round 6 | dataset=14 =====
[15:12:26]     train step 200/4000 loss=0.59677 lr=8.00e-05
[15:12:30]     train step 400/4000 loss=0.21292 lr=9.96e-05
[15:12:34]     train step 600/4000 loss=0.07839 lr=9.79e-05
[15:12:38]     train step 800/4000 loss=0.04903 lr=9.49e-05
[15:12:42]     train step 1000/4000 loss=0.03675 lr=9.07e-05
[15:12:47]     train step 1200/4000 loss=0.02988 lr=8.53e-05
[15:12:51]     train step 1400/4000 loss=0.02433 lr=7.90e-05
[15:12:55]     train step 1600/4000 loss=0.02068 lr=7.19e-05
[15:12:59]     train step 1800/4000 loss=0.01769 lr=6.42e-05
[15:13:03]     train step 2000/4000 loss=0.01503 lr=5.62e-05
[15:13:07]     train step 2200/4000 loss=0.01358 lr=4.80e-05
[15:13:11]     train step 2400/4000 loss=0.01190 lr=3.99e-05
[15:13:16]     train step 2600/4000 loss=0.01083 lr=3.20e-05
[15:13:20]     train step 2800/4000 loss=0.00954 lr=2.48e-05
[15:13:24]     train step 3000/4000 loss=0.00887 lr=1.82e-05
[15:13:28]     train step 3200/4000 loss=0.00819 lr=1.26e-05
[15:13:32]     train step 3400/4000 loss=0.00775 lr=8.08e-06
[15:13:36]     train step 3600/4000 loss=0.00750 lr=4.74e-06
[15:13:41]     train step 3800/4000 loss=0.00726 lr=2.69e-06
[15:13:45]     train step 4000/4000 loss=0.00715 lr=2.00e-06
[15:15:02]   [eval] SR=1.000
[15:15:06]   [safe] intervention at t=27 (rollout 0) len=18
[15:15:06] 
===== safe Round 7 | dataset=15 =====
[15:15:10]     train step 200/4000 loss=0.59754 lr=8.00e-05
[15:15:14]     train step 400/4000 loss=0.21560 lr=9.96e-05
[15:15:18]     train step 600/4000 loss=0.08093 lr=9.79e-05
[15:15:22]     train step 800/4000 loss=0.04943 lr=9.49e-05
[15:15:27]     train step 1000/4000 loss=0.03679 lr=9.07e-05
[15:15:31]     train step 1200/4000 loss=0.02906 lr=8.53e-05
[15:15:35]     train step 1400/4000 loss=0.02489 lr=7.90e-05
[15:15:39]     train step 1600/4000 loss=0.02052 lr=7.19e-05
[15:15:43]     train step 1800/4000 loss=0.01754 lr=6.42e-05
[15:15:47]     train step 2000/4000 loss=0.01579 lr=5.62e-05
[15:15:52]     train step 2200/4000 loss=0.01334 lr=4.80e-05
[15:15:56]     train step 2400/4000 loss=0.01182 lr=3.99e-05
[15:16:00]     train step 2600/4000 loss=0.01100 lr=3.20e-05
[15:16:04]     train step 2800/4000 loss=0.00951 lr=2.48e-05
[15:16:08]     train step 3000/4000 loss=0.00874 lr=1.82e-05
[15:16:12]     train step 3200/4000 loss=0.00807 lr=1.26e-05
[15:16:16]     train step 3400/4000 loss=0.00776 lr=8.08e-06
[15:16:21]     train step 3600/4000 loss=0.00744 lr=4.74e-06
[15:16:25]     train step 3800/4000 loss=0.00723 lr=2.69e-06
[15:16:29]     train step 4000/4000 loss=0.00711 lr=2.00e-06
[15:17:48]   [eval] SR=0.990
[15:17:52]   [safe] intervention at t=22 (rollout 0) len=23
[15:17:52] 
===== safe Round 8 | dataset=16 =====
[15:17:56]     train step 200/4000 loss=0.59641 lr=8.00e-05
[15:18:00]     train step 400/4000 loss=0.21450 lr=9.96e-05
[15:18:05]     train step 600/4000 loss=0.07898 lr=9.79e-05
[15:18:09]     train step 800/4000 loss=0.05033 lr=9.49e-05
[15:18:13]     train step 1000/4000 loss=0.03742 lr=9.07e-05
[15:18:17]     train step 1200/4000 loss=0.02982 lr=8.53e-05
[15:18:21]     train step 1400/4000 loss=0.02454 lr=7.90e-05
[15:18:25]     train step 1600/4000 loss=0.02080 lr=7.19e-05
[15:18:29]     train step 1800/4000 loss=0.01811 lr=6.42e-05
[15:18:34]     train step 2000/4000 loss=0.01536 lr=5.62e-05
[15:18:38]     train step 2200/4000 loss=0.01381 lr=4.80e-05
[15:18:42]     train step 2400/4000 loss=0.01184 lr=3.99e-05
[15:18:46]     train step 2600/4000 loss=0.01093 lr=3.20e-05
[15:18:50]     train step 2800/4000 loss=0.00968 lr=2.48e-05
[15:18:54]     train step 3000/4000 loss=0.00884 lr=1.82e-05
[15:18:59]     train step 3200/4000 loss=0.00823 lr=1.26e-05
[15:19:03]     train step 3400/4000 loss=0.00784 lr=8.08e-06
[15:19:07]     train step 3600/4000 loss=0.00762 lr=4.74e-06
[15:19:11]     train step 3800/4000 loss=0.00734 lr=2.69e-06
[15:19:15]     train step 4000/4000 loss=0.00722 lr=2.00e-06
[15:20:34]   [eval] SR=1.000
[15:20:38]   [safe] intervention at t=23 (rollout 0) len=25
[15:20:38] 
===== safe Round 9 | dataset=17 =====
[15:20:42]     train step 200/4000 loss=0.59635 lr=8.00e-05
[15:20:46]     train step 400/4000 loss=0.21452 lr=9.96e-05
[15:20:50]     train step 600/4000 loss=0.08044 lr=9.79e-05
[15:20:54]     train step 800/4000 loss=0.05012 lr=9.49e-05
[15:20:59]     train step 1000/4000 loss=0.03832 lr=9.07e-05
[15:21:03]     train step 1200/4000 loss=0.03007 lr=8.53e-05
[15:21:07]     train step 1400/4000 loss=0.02509 lr=7.90e-05
[15:21:11]     train step 1600/4000 loss=0.02195 lr=7.19e-05
[15:21:15]     train step 1800/4000 loss=0.01869 lr=6.42e-05
[15:21:19]     train step 2000/4000 loss=0.01571 lr=5.62e-05
[15:21:24]     train step 2200/4000 loss=0.01363 lr=4.80e-05
[15:21:28]     train step 2400/4000 loss=0.01185 lr=3.99e-05
[15:21:32]     train step 2600/4000 loss=0.01085 lr=3.20e-05
[15:21:36]     train step 2800/4000 loss=0.00967 lr=2.48e-05
[15:21:40]     train step 3000/4000 loss=0.00915 lr=1.82e-05
[15:21:44]     train step 3200/4000 loss=0.00827 lr=1.26e-05
[15:21:48]     train step 3400/4000 loss=0.00794 lr=8.08e-06
[15:21:53]     train step 3600/4000 loss=0.00763 lr=4.74e-06
[15:21:57]     train step 3800/4000 loss=0.00735 lr=2.69e-06
[15:22:01]     train step 4000/4000 loss=0.00727 lr=2.00e-06
[15:23:20]   [eval] SR=0.990
[15:23:21]   [safe] intervention at t=2 (rollout 0) len=41
[15:23:21] 
===== safe Round 10 | dataset=18 =====
[15:23:25]     train step 200/4000 loss=0.59584 lr=8.00e-05
[15:23:29]     train step 400/4000 loss=0.21280 lr=9.96e-05
[15:23:33]     train step 600/4000 loss=0.08074 lr=9.79e-05
[15:23:37]     train step 800/4000 loss=0.05011 lr=9.49e-05
[15:23:42]     train step 1000/4000 loss=0.03781 lr=9.07e-05
[15:23:46]     train step 1200/4000 loss=0.03041 lr=8.53e-05
[15:23:50]     train step 1400/4000 loss=0.02508 lr=7.90e-05
[15:23:54]     train step 1600/4000 loss=0.02241 lr=7.19e-05
[15:23:58]     train step 1800/4000 loss=0.01869 lr=6.42e-05
[15:24:02]     train step 2000/4000 loss=0.01617 lr=5.62e-05
[15:24:06]     train step 2200/4000 loss=0.01443 lr=4.80e-05
[15:24:11]     train step 2400/4000 loss=0.01246 lr=3.99e-05
[15:24:15]     train step 2600/4000 loss=0.01136 lr=3.20e-05
[15:24:19]     train step 2800/4000 loss=0.01024 lr=2.48e-05
[15:24:23]     train step 3000/4000 loss=0.00969 lr=1.82e-05
[15:24:27]     train step 3200/4000 loss=0.00878 lr=1.26e-05
[15:24:31]     train step 3400/4000 loss=0.00835 lr=8.08e-06
[15:24:35]     train step 3600/4000 loss=0.00809 lr=4.74e-06
[15:24:40]     train step 3800/4000 loss=0.00782 lr=2.69e-06
[15:24:44]     train step 4000/4000 loss=0.00767 lr=2.00e-06
[15:26:06]   [eval] SR=0.980
[15:26:08]   [safe] intervention at t=8 (rollout 0) len=40
[15:26:08] 
===== safe Round 11 | dataset=19 =====
[15:26:12]     train step 200/4000 loss=0.59604 lr=8.00e-05
[15:26:16]     train step 400/4000 loss=0.21473 lr=9.96e-05
[15:26:20]     train step 600/4000 loss=0.08389 lr=9.79e-05
[15:26:25]     train step 800/4000 loss=0.04973 lr=9.49e-05
[15:26:29]     train step 1000/4000 loss=0.03697 lr=9.07e-05
[15:26:33]     train step 1200/4000 loss=0.03015 lr=8.53e-05
[15:26:37]     train step 1400/4000 loss=0.02538 lr=7.90e-05
[15:26:41]     train step 1600/4000 loss=0.02155 lr=7.19e-05
[15:26:45]     train step 1800/4000 loss=0.01836 lr=6.42e-05
[15:26:49]     train step 2000/4000 loss=0.01617 lr=5.62e-05
[15:26:54]     train step 2200/4000 loss=0.01424 lr=4.80e-05
[15:26:58]     train step 2400/4000 loss=0.01237 lr=3.99e-05
[15:27:02]     train step 2600/4000 loss=0.01132 lr=3.20e-05
[15:27:06]     train step 2800/4000 loss=0.01008 lr=2.48e-05
[15:27:10]     train step 3000/4000 loss=0.00950 lr=1.82e-05
[15:27:14]     train step 3200/4000 loss=0.00862 lr=1.26e-05
[15:27:18]     train step 3400/4000 loss=0.00838 lr=8.08e-06
[15:27:23]     train step 3600/4000 loss=0.00806 lr=4.74e-06
[15:27:27]     train step 3800/4000 loss=0.00778 lr=2.69e-06
[15:27:31]     train step 4000/4000 loss=0.00768 lr=2.00e-06
[15:28:50]   [eval] SR=0.990
[15:28:52]   [safe] intervention at t=8 (rollout 0) len=38
[15:28:52] 
===== safe Round 12 | dataset=20 =====
[15:28:56]     train step 200/4000 loss=0.59606 lr=8.00e-05
[15:29:00]     train step 400/4000 loss=0.21469 lr=9.96e-05
[15:29:04]     train step 600/4000 loss=0.08036 lr=9.79e-05
[15:29:08]     train step 800/4000 loss=0.05192 lr=9.49e-05
[15:29:13]     train step 1000/4000 loss=0.03913 lr=9.07e-05
[15:29:17]     train step 1200/4000 loss=0.03056 lr=8.53e-05
[15:29:21]     train step 1400/4000 loss=0.02555 lr=7.90e-05
[15:29:25]     train step 1600/4000 loss=0.02145 lr=7.19e-05
[15:29:29]     train step 1800/4000 loss=0.01878 lr=6.42e-05
[15:29:33]     train step 2000/4000 loss=0.01580 lr=5.62e-05
[15:29:37]     train step 2200/4000 loss=0.01425 lr=4.80e-05
[15:29:41]     train step 2400/4000 loss=0.01259 lr=3.99e-05
[15:29:46]     train step 2600/4000 loss=0.01135 lr=3.20e-05
[15:29:50]     train step 2800/4000 loss=0.01018 lr=2.48e-05
[15:29:54]     train step 3000/4000 loss=0.00943 lr=1.82e-05
[15:29:58]     train step 3200/4000 loss=0.00860 lr=1.26e-05
[15:30:02]     train step 3400/4000 loss=0.00826 lr=8.08e-06
[15:30:06]     train step 3600/4000 loss=0.00799 lr=4.74e-06
[15:30:10]     train step 3800/4000 loss=0.00771 lr=2.69e-06
[15:30:15]     train step 4000/4000 loss=0.00757 lr=2.00e-06
[15:31:31]   [eval] SR=1.000
[15:31:35]   [safe] intervention at t=26 (rollout 0) len=20
[15:31:35] 
===== safe Round 13 | dataset=21 =====
[15:31:39]     train step 200/4000 loss=0.59549 lr=8.00e-05
[15:31:43]     train step 400/4000 loss=0.21256 lr=9.96e-05
[15:31:47]     train step 600/4000 loss=0.08192 lr=9.79e-05
[15:31:51]     train step 800/4000 loss=0.05031 lr=9.49e-05
[15:31:56]     train step 1000/4000 loss=0.03776 lr=9.07e-05
[15:32:00]     train step 1200/4000 loss=0.03064 lr=8.53e-05
[15:32:04]     train step 1400/4000 loss=0.02575 lr=7.90e-05
[15:32:08]     train step 1600/4000 loss=0.02222 lr=7.19e-05
[15:32:12]     train step 1800/4000 loss=0.01925 lr=6.42e-05
[15:32:16]     train step 2000/4000 loss=0.01637 lr=5.62e-05
[15:32:20]     train step 2200/4000 loss=0.01487 lr=4.80e-05
[15:32:24]     train step 2400/4000 loss=0.01265 lr=3.99e-05
[15:32:29]     train step 2600/4000 loss=0.01172 lr=3.20e-05
[15:32:33]     train step 2800/4000 loss=0.01049 lr=2.48e-05
[15:32:37]     train step 3000/4000 loss=0.00960 lr=1.82e-05
[15:32:41]     train step 3200/4000 loss=0.00892 lr=1.26e-05
[15:32:45]     train step 3400/4000 loss=0.00863 lr=8.08e-06
[15:32:49]     train step 3600/4000 loss=0.00823 lr=4.74e-06
[15:32:53]     train step 3800/4000 loss=0.00800 lr=2.69e-06
[15:32:57]     train step 4000/4000 loss=0.00789 lr=2.00e-06
[15:34:23]   [eval] SR=0.970
[15:34:24]   [safe] intervention at t=0 (rollout 0) len=43
[15:34:24] 
===== safe Round 14 | dataset=22 =====
[15:34:28]     train step 200/4000 loss=0.59566 lr=8.00e-05
[15:34:32]     train step 400/4000 loss=0.21403 lr=9.96e-05
[15:34:36]     train step 600/4000 loss=0.08183 lr=9.79e-05
[15:34:40]     train step 800/4000 loss=0.05118 lr=9.49e-05
[15:34:45]     train step 1000/4000 loss=0.03844 lr=9.07e-05
[15:34:49]     train step 1200/4000 loss=0.03106 lr=8.53e-05
[15:34:53]     train step 1400/4000 loss=0.02569 lr=7.90e-05
[15:34:57]     train step 1600/4000 loss=0.02213 lr=7.19e-05
[15:35:01]     train step 1800/4000 loss=0.01877 lr=6.42e-05
[15:35:05]     train step 2000/4000 loss=0.01629 lr=5.62e-05
[15:35:09]     train step 2200/4000 loss=0.01425 lr=4.80e-05
[15:35:14]     train step 2400/4000 loss=0.01249 lr=3.99e-05
[15:35:18]     train step 2600/4000 loss=0.01152 lr=3.20e-05
[15:35:22]     train step 2800/4000 loss=0.01030 lr=2.48e-05
[15:35:26]     train step 3000/4000 loss=0.00956 lr=1.82e-05
[15:35:30]     train step 3200/4000 loss=0.00887 lr=1.26e-05
[15:35:34]     train step 3400/4000 loss=0.00844 lr=8.08e-06
[15:35:38]     train step 3600/4000 loss=0.00813 lr=4.74e-06
[15:35:43]     train step 3800/4000 loss=0.00791 lr=2.69e-06
[15:35:47]     train step 4000/4000 loss=0.00775 lr=2.00e-06
[15:37:04]   [eval] SR=1.000
[15:37:05]   [safe] intervention at t=4 (rollout 0) len=38
[15:37:05] 
===== safe Round 15 | dataset=23 =====
[15:37:09]     train step 200/4000 loss=0.59525 lr=8.00e-05
[15:37:13]     train step 400/4000 loss=0.21311 lr=9.96e-05
[15:37:17]     train step 600/4000 loss=0.08395 lr=9.79e-05
[15:37:21]     train step 800/4000 loss=0.05155 lr=9.49e-05
[15:37:26]     train step 1000/4000 loss=0.03903 lr=9.07e-05
[15:37:30]     train step 1200/4000 loss=0.03214 lr=8.53e-05
[15:37:34]     train step 1400/4000 loss=0.02634 lr=7.90e-05
[15:37:38]     train step 1600/4000 loss=0.02240 lr=7.19e-05
[15:37:42]     train step 1800/4000 loss=0.01929 lr=6.42e-05
[15:37:46]     train step 2000/4000 loss=0.01657 lr=5.62e-05
[15:37:51]     train step 2200/4000 loss=0.01476 lr=4.80e-05
[15:37:55]     train step 2400/4000 loss=0.01287 lr=3.99e-05
[15:37:59]     train step 2600/4000 loss=0.01159 lr=3.20e-05
[15:38:03]     train step 2800/4000 loss=0.01042 lr=2.48e-05
[15:38:07]     train step 3000/4000 loss=0.00955 lr=1.82e-05
[15:38:11]     train step 3200/4000 loss=0.00874 lr=1.26e-05
[15:38:16]     train step 3400/4000 loss=0.00843 lr=8.08e-06
[15:38:20]     train step 3600/4000 loss=0.00814 lr=4.74e-06
[15:38:24]     train step 3800/4000 loss=0.00785 lr=2.69e-06
[15:38:28]     train step 4000/4000 loss=0.00776 lr=2.00e-06
[15:39:46]   [eval] SR=1.000
[15:39:46]   [safe] intervention at t=0 (rollout 0) len=45
[15:39:46] 
===== safe Round 16 | dataset=24 =====
[15:39:51]     train step 200/4000 loss=0.59091 lr=8.00e-05
[15:39:55]     train step 400/4000 loss=0.21213 lr=9.96e-05
[15:39:59]     train step 600/4000 loss=0.08161 lr=9.79e-05
[15:40:03]     train step 800/4000 loss=0.05058 lr=9.49e-05
[15:40:07]     train step 1000/4000 loss=0.03763 lr=9.07e-05
[15:40:11]     train step 1200/4000 loss=0.03036 lr=8.53e-05
[15:40:16]     train step 1400/4000 loss=0.02588 lr=7.90e-05
[15:40:20]     train step 1600/4000 loss=0.02192 lr=7.19e-05
[15:40:24]     train step 1800/4000 loss=0.01851 lr=6.42e-05
[15:40:28]     train step 2000/4000 loss=0.01613 lr=5.62e-05
[15:40:32]     train step 2200/4000 loss=0.01480 lr=4.80e-05
[15:40:36]     train step 2400/4000 loss=0.01279 lr=3.99e-05
[15:40:41]     train step 2600/4000 loss=0.01137 lr=3.20e-05
[15:40:45]     train step 2800/4000 loss=0.01021 lr=2.48e-05
[15:40:49]     train step 3000/4000 loss=0.00953 lr=1.82e-05
[15:40:53]     train step 3200/4000 loss=0.00872 lr=1.26e-05
[15:40:57]     train step 3400/4000 loss=0.00853 lr=8.08e-06
[15:41:01]     train step 3600/4000 loss=0.00811 lr=4.74e-06
[15:41:06]     train step 3800/4000 loss=0.00789 lr=2.69e-06
[15:41:10]     train step 4000/4000 loss=0.00774 lr=2.00e-06
[15:42:25]   [eval] SR=1.000
[15:42:29]   [safe] intervention at t=26 (rollout 0) len=20
[15:42:29] 
===== safe Round 17 | dataset=25 =====
[15:42:33]     train step 200/4000 loss=0.59076 lr=8.00e-05
[15:42:37]     train step 400/4000 loss=0.21097 lr=9.96e-05
[15:42:41]     train step 600/4000 loss=0.08334 lr=9.79e-05
[15:42:45]     train step 800/4000 loss=0.05256 lr=9.49e-05
[15:42:50]     train step 1000/4000 loss=0.03914 lr=9.07e-05
[15:42:54]     train step 1200/4000 loss=0.03139 lr=8.53e-05
[15:42:58]     train step 1400/4000 loss=0.02615 lr=7.90e-05
[15:43:02]     train step 1600/4000 loss=0.02236 lr=7.19e-05
[15:43:06]     train step 1800/4000 loss=0.01868 lr=6.42e-05
[15:43:10]     train step 2000/4000 loss=0.01639 lr=5.62e-05
[15:43:14]     train step 2200/4000 loss=0.01447 lr=4.80e-05
[15:43:18]     train step 2400/4000 loss=0.01252 lr=3.99e-05
[15:43:23]     train step 2600/4000 loss=0.01134 lr=3.20e-05
[15:43:27]     train step 2800/4000 loss=0.01015 lr=2.48e-05
[15:43:31]     train step 3000/4000 loss=0.00939 lr=1.82e-05
[15:43:35]     train step 3200/4000 loss=0.00865 lr=1.26e-05
[15:43:39]     train step 3400/4000 loss=0.00848 lr=8.08e-06
[15:43:43]     train step 3600/4000 loss=0.00805 lr=4.74e-06
[15:43:48]     train step 3800/4000 loss=0.00777 lr=2.69e-06
[15:43:52]     train step 4000/4000 loss=0.00766 lr=2.00e-06
[15:45:07]   [eval] SR=1.000
[15:45:08]   [safe] intervention at t=1 (rollout 0) len=46
[15:45:08] 
===== safe Round 18 | dataset=26 =====
[15:45:12]     train step 200/4000 loss=0.59104 lr=8.00e-05
[15:45:16]     train step 400/4000 loss=0.21212 lr=9.96e-05
[15:45:21]     train step 600/4000 loss=0.08195 lr=9.79e-05
[15:45:25]     train step 800/4000 loss=0.05180 lr=9.49e-05
[15:45:29]     train step 1000/4000 loss=0.03855 lr=9.07e-05
[15:45:33]     train step 1200/4000 loss=0.03116 lr=8.53e-05
[15:45:37]     train step 1400/4000 loss=0.02572 lr=7.90e-05
[15:45:41]     train step 1600/4000 loss=0.02184 lr=7.19e-05
[15:45:46]     train step 1800/4000 loss=0.01862 lr=6.42e-05
[15:45:50]     train step 2000/4000 loss=0.01657 lr=5.62e-05
[15:45:54]     train step 2200/4000 loss=0.01471 lr=4.80e-05
[15:45:58]     train step 2400/4000 loss=0.01291 lr=3.99e-05
[15:46:02]     train step 2600/4000 loss=0.01169 lr=3.20e-05
[15:46:06]     train step 2800/4000 loss=0.01041 lr=2.48e-05
[15:46:10]     train step 3000/4000 loss=0.00967 lr=1.82e-05
[15:46:15]     train step 3200/4000 loss=0.00900 lr=1.26e-05
[15:46:19]     train step 3400/4000 loss=0.00864 lr=8.08e-06
[15:46:23]     train step 3600/4000 loss=0.00831 lr=4.74e-06
[15:46:27]     train step 3800/4000 loss=0.00804 lr=2.69e-06
[15:46:31]     train step 4000/4000 loss=0.00792 lr=2.00e-06
[15:47:47]   [eval] SR=1.000
[15:47:48]   [safe] intervention at t=2 (rollout 0) len=41
[15:47:48] 
===== safe Round 19 | dataset=27 =====
[15:47:52]     train step 200/4000 loss=0.59095 lr=8.00e-05
[15:47:56]     train step 400/4000 loss=0.21223 lr=9.96e-05
[15:48:00]     train step 600/4000 loss=0.08178 lr=9.79e-05
[15:48:04]     train step 800/4000 loss=0.05086 lr=9.49e-05
[15:48:09]     train step 1000/4000 loss=0.03878 lr=9.07e-05
[15:48:13]     train step 1200/4000 loss=0.03171 lr=8.53e-05
[15:48:17]     train step 1400/4000 loss=0.02571 lr=7.90e-05
[15:48:21]     train step 1600/4000 loss=0.02242 lr=7.19e-05
[15:48:25]     train step 1800/4000 loss=0.01931 lr=6.42e-05
[15:48:29]     train step 2000/4000 loss=0.01641 lr=5.62e-05
[15:48:34]     train step 2200/4000 loss=0.01435 lr=4.80e-05
[15:48:38]     train step 2400/4000 loss=0.01258 lr=3.99e-05
[15:48:42]     train step 2600/4000 loss=0.01159 lr=3.20e-05
[15:48:46]     train step 2800/4000 loss=0.01035 lr=2.48e-05
[15:48:50]     train step 3000/4000 loss=0.00945 lr=1.82e-05
[15:48:54]     train step 3200/4000 loss=0.00879 lr=1.26e-05
[15:48:59]     train step 3400/4000 loss=0.00846 lr=8.08e-06
[15:49:03]     train step 3600/4000 loss=0.00814 lr=4.74e-06
[15:49:07]     train step 3800/4000 loss=0.00787 lr=2.69e-06
[15:49:11]     train step 4000/4000 loss=0.00778 lr=2.00e-06
[15:50:27]   [eval] SR=1.000
[15:50:30]   [safe] intervention at t=22 (rollout 0) len=24
[15:50:31] 
===== safe Round 20 | dataset=28 =====
[15:50:35]     train step 200/4000 loss=0.59030 lr=8.00e-05
[15:50:39]     train step 400/4000 loss=0.20997 lr=9.96e-05
[15:50:43]     train step 600/4000 loss=0.08205 lr=9.79e-05
[15:50:47]     train step 800/4000 loss=0.05208 lr=9.49e-05
[15:50:51]     train step 1000/4000 loss=0.03912 lr=9.07e-05
[15:50:56]     train step 1200/4000 loss=0.03132 lr=8.53e-05
[15:51:00]     train step 1400/4000 loss=0.02587 lr=7.90e-05
[15:51:04]     train step 1600/4000 loss=0.02226 lr=7.19e-05
[15:51:08]     train step 1800/4000 loss=0.01915 lr=6.42e-05
[15:51:12]     train step 2000/4000 loss=0.01660 lr=5.62e-05
[15:51:16]     train step 2200/4000 loss=0.01486 lr=4.80e-05
[15:51:21]     train step 2400/4000 loss=0.01310 lr=3.99e-05
[15:51:25]     train step 2600/4000 loss=0.01198 lr=3.20e-05
[15:51:29]     train step 2800/4000 loss=0.01052 lr=2.48e-05
[15:51:33]     train step 3000/4000 loss=0.00989 lr=1.82e-05
[15:51:37]     train step 3200/4000 loss=0.00908 lr=1.26e-05
[15:51:41]     train step 3400/4000 loss=0.00870 lr=8.08e-06
[15:51:46]     train step 3600/4000 loss=0.00846 lr=4.74e-06
[15:51:50]     train step 3800/4000 loss=0.00815 lr=2.69e-06
[15:51:54]     train step 4000/4000 loss=0.00802 lr=2.00e-06
[15:53:10]   [eval] SR=1.000
[15:53:10] DONE in 3718.9s | final_success=1.0
[15:53:10] [write] /weka/s226137394/DmNfull/distil/results/Lift/state/safe/seed4/result.json
