[14:01:43] [env] loaded /weka/s226137394/DmNfull/.env
[14:01:45] ===== DISTIL | task=Lift modality=state ablation=diffdagger seed=1 budget=20 smoke=False device=cuda =====
[14:01:48] [bootstrap] loaded 8 shared demos from /weka/s226137394/DmNfull/distil/results/shared_bootstrap/Lift_state/Lift_state_ni8.pkl
[14:01:55] [init] using 8 pre-collected (calibrated Ni) demos
[14:01:55] 
===== Round 0 | dataset=8 trajs =====
[14:01:55]   [train] 8 trajs, 357 windows, state_dim=23 act_dim=7 params=4.26M steps=8000
[14:02:01]     train step 200/8000 loss=0.60033 lr=8.00e-05
[14:02:05]     train step 400/8000 loss=0.24847 lr=9.99e-05
[14:02:09]     train step 600/8000 loss=0.08800 lr=9.95e-05
[14:02:13]     train step 800/8000 loss=0.05316 lr=9.88e-05
[14:02:17]     train step 1000/8000 loss=0.03842 lr=9.78e-05
[14:02:21]     train step 1200/8000 loss=0.03059 lr=9.64e-05
[14:02:25]     train step 1400/8000 loss=0.02658 lr=9.48e-05
[14:02:29]     train step 1600/8000 loss=0.02246 lr=9.29e-05
[14:02:33]     train step 1800/8000 loss=0.01936 lr=9.07e-05
[14:02:37]     train step 2000/8000 loss=0.01702 lr=8.82e-05
[14:02:41]     train step 2200/8000 loss=0.01514 lr=8.55e-05
[14:02:45]     train step 2400/8000 loss=0.01306 lr=8.26e-05
[14:02:49]     train step 2600/8000 loss=0.01180 lr=7.94e-05
[14:02:53]     train step 2800/8000 loss=0.01032 lr=7.61e-05
[14:02:57]     train step 3000/8000 loss=0.00922 lr=7.26e-05
[14:03:01]     train step 3200/8000 loss=0.00841 lr=6.90e-05
[14:03:05]     train step 3400/8000 loss=0.00781 lr=6.52e-05
[14:03:09]     train step 3600/8000 loss=0.00705 lr=6.14e-05
[14:03:13]     train step 3800/8000 loss=0.00667 lr=5.75e-05
[14:03:17]     train step 4000/8000 loss=0.00554 lr=5.35e-05
[14:03:21]     train step 4200/8000 loss=0.00527 lr=4.95e-05
[14:03:25]     train step 4400/8000 loss=0.00463 lr=4.56e-05
[14:03:29]     train step 4600/8000 loss=0.00450 lr=4.16e-05
[14:03:33]     train step 4800/8000 loss=0.00402 lr=3.78e-05
[14:03:37]     train step 5000/8000 loss=0.00378 lr=3.40e-05
[14:03:41]     train step 5200/8000 loss=0.00338 lr=3.03e-05
[14:03:45]     train step 5400/8000 loss=0.00312 lr=2.68e-05
[14:03:49]     train step 5600/8000 loss=0.00288 lr=2.34e-05
[14:03:53]     train step 5800/8000 loss=0.00269 lr=2.02e-05
[14:03:57]     train step 6000/8000 loss=0.00262 lr=1.73e-05
[14:04:01]     train step 6200/8000 loss=0.00259 lr=1.45e-05
[14:04:05]     train step 6400/8000 loss=0.00237 lr=1.20e-05
[14:04:09]     train step 6600/8000 loss=0.00230 lr=9.69e-06
[14:04:13]     train step 6800/8000 loss=0.00230 lr=7.69e-06
[14:04:17]     train step 7000/8000 loss=0.00219 lr=5.98e-06
[14:04:21]     train step 7200/8000 loss=0.00217 lr=4.56e-06
[14:04:25]     train step 7400/8000 loss=0.00212 lr=3.45e-06
[14:04:29]     train step 7600/8000 loss=0.00210 lr=2.65e-06
[14:04:32]     train step 7800/8000 loss=0.00208 lr=2.16e-06
[14:04:36]     train step 8000/8000 loss=0.00206 lr=2.00e-06
[14:04:43]   [calibrate] threshold(alpha=0.99)=0.00309 over 1428 samples (median=0.00207)
[14:07:44]   [eval] pure-policy success=0.800 mean_len=110 (fixed 100-ep set)
[14:07:45]   [dagger ep1] success=True query=True auto=False maxloss=0.0052 len=43 expert_steps=42 (interv 1/4)
[14:07:45]   [dagger ep2] success=True query=True auto=False maxloss=0.0046 len=43 expert_steps=42 (interv 2/4)
[14:07:46]   [dagger ep3] success=True query=True auto=False maxloss=0.0051 len=43 expert_steps=42 (interv 3/4)
[14:07:46]   [dagger ep4] success=True query=True auto=False maxloss=0.0272 len=47 expert_steps=46 (interv 4/4)
[14:07:46] 
===== Round 1 | dataset=12 trajs =====
[14:07:46]   [train] 12 trajs, 529 windows, state_dim=23 act_dim=7 params=4.26M steps=4000
[14:07:51]     train step 200/4000 loss=0.60424 lr=8.00e-05
[14:07:55]     train step 400/4000 loss=0.23125 lr=9.96e-05
[14:07:59]     train step 600/4000 loss=0.08242 lr=9.79e-05
[14:08:03]     train step 800/4000 loss=0.05070 lr=9.49e-05
[14:08:07]     train step 1000/4000 loss=0.03584 lr=9.07e-05
[14:08:11]     train step 1200/4000 loss=0.02805 lr=8.53e-05
[14:08:15]     train step 1400/4000 loss=0.02336 lr=7.90e-05
[14:08:19]     train step 1600/4000 loss=0.01987 lr=7.19e-05
[14:08:23]     train step 1800/4000 loss=0.01661 lr=6.42e-05
[14:08:27]     train step 2000/4000 loss=0.01429 lr=5.62e-05
[14:08:31]     train step 2200/4000 loss=0.01213 lr=4.80e-05
[14:08:36]     train step 2400/4000 loss=0.01085 lr=3.99e-05
[14:08:40]     train step 2600/4000 loss=0.00968 lr=3.20e-05
[14:08:44]     train step 2800/4000 loss=0.00898 lr=2.48e-05
[14:08:48]     train step 3000/4000 loss=0.00819 lr=1.82e-05
[14:08:52]     train step 3200/4000 loss=0.00752 lr=1.26e-05
[14:08:56]     train step 3400/4000 loss=0.00717 lr=8.08e-06
[14:09:00]     train step 3600/4000 loss=0.00685 lr=4.74e-06
[14:09:04]     train step 3800/4000 loss=0.00678 lr=2.69e-06
[14:09:08]     train step 4000/4000 loss=0.00665 lr=2.00e-06
[14:09:18]   [calibrate] threshold(alpha=0.99)=0.01354 over 2116 samples (median=0.00663)
[14:11:13]   [eval] pure-policy success=0.910 mean_len=68 (fixed 100-ep set)
[14:11:13]   [dagger ep1] success=True query=True auto=False maxloss=0.0403 len=47 expert_steps=46 (interv 1/4)
[14:11:15]   [dagger ep2] success=True query=True auto=False maxloss=0.0166 len=45 expert_steps=28 (interv 2/4)
[14:11:15]   [dagger ep3] success=True query=True auto=False maxloss=0.0194 len=48 expert_steps=47 (interv 3/4)
[14:11:16]   [dagger ep4] success=True query=True auto=False maxloss=0.0192 len=45 expert_steps=44 (interv 4/4)
[14:11:16] 
===== Round 2 | dataset=16 trajs =====
[14:11:16]   [train] 16 trajs, 694 windows, state_dim=23 act_dim=7 params=4.26M steps=4000
[14:11:20]     train step 200/4000 loss=0.60598 lr=8.00e-05
[14:11:24]     train step 400/4000 loss=0.21803 lr=9.96e-05
[14:11:28]     train step 600/4000 loss=0.08284 lr=9.79e-05
[14:11:33]     train step 800/4000 loss=0.05087 lr=9.49e-05
[14:11:37]     train step 1000/4000 loss=0.03705 lr=9.07e-05
[14:11:41]     train step 1200/4000 loss=0.02991 lr=8.53e-05
[14:11:45]     train step 1400/4000 loss=0.02392 lr=7.90e-05
[14:11:49]     train step 1600/4000 loss=0.02087 lr=7.19e-05
[14:11:53]     train step 1800/4000 loss=0.01764 lr=6.42e-05
[14:11:57]     train step 2000/4000 loss=0.01523 lr=5.62e-05
[14:12:01]     train step 2200/4000 loss=0.01325 lr=4.80e-05
[14:12:05]     train step 2400/4000 loss=0.01180 lr=3.99e-05
[14:12:10]     train step 2600/4000 loss=0.01047 lr=3.20e-05
[14:12:14]     train step 2800/4000 loss=0.00955 lr=2.48e-05
[14:12:18]     train step 3000/4000 loss=0.00876 lr=1.82e-05
[14:12:22]     train step 3200/4000 loss=0.00827 lr=1.26e-05
[14:12:26]     train step 3400/4000 loss=0.00775 lr=8.08e-06
[14:12:30]     train step 3600/4000 loss=0.00750 lr=4.74e-06
[14:12:34]     train step 3800/4000 loss=0.00733 lr=2.69e-06
[14:12:39]     train step 4000/4000 loss=0.00718 lr=2.00e-06
[14:12:51]   [calibrate] threshold(alpha=0.99)=0.01246 over 2776 samples (median=0.00724)
[14:14:36]   [eval] pure-policy success=0.940 mean_len=63 (fixed 100-ep set)
[14:14:37]   [dagger ep1] success=True query=True auto=False maxloss=0.0143 len=46 expert_steps=45 (interv 1/4)
[14:14:40]   [dagger ep2] success=True query=True auto=False maxloss=0.0319 len=48 expert_steps=14 (interv 2/4)
[14:14:43]   [dagger ep3] success=True query=True auto=False maxloss=0.0198 len=45 expert_steps=4 (interv 3/4)
[14:14:46]   [dagger ep4] success=True query=True auto=False maxloss=0.0268 len=43 expert_steps=2 (interv 4/4)
[14:14:46] 
===== Round 3 | dataset=20 trajs =====
[14:14:46]   [train] 20 trajs, 759 windows, state_dim=23 act_dim=7 params=4.26M steps=4000
[14:14:51]     train step 200/4000 loss=0.62268 lr=8.00e-05
[14:14:55]     train step 400/4000 loss=0.23743 lr=9.96e-05
[14:14:59]     train step 600/4000 loss=0.09011 lr=9.79e-05
[14:15:03]     train step 800/4000 loss=0.05677 lr=9.49e-05
[14:15:07]     train step 1000/4000 loss=0.04105 lr=9.07e-05
[14:15:11]     train step 1200/4000 loss=0.03228 lr=8.53e-05
[14:15:15]     train step 1400/4000 loss=0.02632 lr=7.90e-05
[14:15:20]     train step 1600/4000 loss=0.02208 lr=7.19e-05
[14:15:24]     train step 1800/4000 loss=0.01881 lr=6.42e-05
[14:15:28]     train step 2000/4000 loss=0.01639 lr=5.62e-05
[14:15:32]     train step 2200/4000 loss=0.01395 lr=4.80e-05
[14:15:36]     train step 2400/4000 loss=0.01253 lr=3.99e-05
[14:15:40]     train step 2600/4000 loss=0.01110 lr=3.20e-05
[14:15:44]     train step 2800/4000 loss=0.00998 lr=2.48e-05
[14:15:48]     train step 3000/4000 loss=0.00925 lr=1.82e-05
[14:15:52]     train step 3200/4000 loss=0.00856 lr=1.26e-05
[14:15:57]     train step 3400/4000 loss=0.00806 lr=8.08e-06
[14:16:01]     train step 3600/4000 loss=0.00781 lr=4.74e-06
[14:16:05]     train step 3800/4000 loss=0.00759 lr=2.69e-06
[14:16:09]     train step 4000/4000 loss=0.00750 lr=2.00e-06
[14:16:23]   [calibrate] threshold(alpha=0.99)=0.01262 over 3036 samples (median=0.00786)
[14:18:06]   [eval] pure-policy success=0.940 mean_len=61 (fixed 100-ep set)
[14:18:08]   [dagger ep1] success=True query=True auto=False maxloss=0.0167 len=44 expert_steps=22 (interv 1/4)
[14:18:10]   [dagger ep2] success=True query=True auto=False maxloss=0.0267 len=43 expert_steps=19 (interv 2/4)
[14:18:11]   [dagger ep3] success=True query=True auto=False maxloss=0.0277 len=44 expert_steps=43 (interv 3/4)
[14:18:13]   [dagger ep4] success=True query=True auto=False maxloss=0.0144 len=45 expert_steps=14 (interv 4/4)
[14:18:13] 
===== Round 4 | dataset=24 trajs =====
[14:18:13]   [train] 24 trajs, 857 windows, state_dim=23 act_dim=7 params=4.26M steps=4000
[14:18:18]     train step 200/4000 loss=0.65829 lr=8.00e-05
[14:18:22]     train step 400/4000 loss=0.23068 lr=9.96e-05
[14:18:26]     train step 600/4000 loss=0.08564 lr=9.79e-05
[14:18:30]     train step 800/4000 loss=0.05335 lr=9.49e-05
[14:18:34]     train step 1000/4000 loss=0.03916 lr=9.07e-05
[14:18:38]     train step 1200/4000 loss=0.03106 lr=8.53e-05
[14:18:42]     train step 1400/4000 loss=0.02588 lr=7.90e-05
[14:18:46]     train step 1600/4000 loss=0.02255 lr=7.19e-05
[14:18:51]     train step 1800/4000 loss=0.01938 lr=6.42e-05
[14:18:55]     train step 2000/4000 loss=0.01702 lr=5.62e-05
[14:18:59]     train step 2200/4000 loss=0.01533 lr=4.80e-05
[14:19:03]     train step 2400/4000 loss=0.01383 lr=3.99e-05
[14:19:07]     train step 2600/4000 loss=0.01260 lr=3.20e-05
[14:19:11]     train step 2800/4000 loss=0.01152 lr=2.48e-05
[14:19:15]     train step 3000/4000 loss=0.01048 lr=1.82e-05
[14:19:19]     train step 3200/4000 loss=0.00975 lr=1.26e-05
[14:19:23]     train step 3400/4000 loss=0.00929 lr=8.08e-06
[14:19:27]     train step 3600/4000 loss=0.00896 lr=4.74e-06
[14:19:32]     train step 3800/4000 loss=0.00872 lr=2.69e-06
[14:19:36]     train step 4000/4000 loss=0.00857 lr=2.00e-06
[14:19:51]   [calibrate] threshold(alpha=0.99)=0.01557 over 3428 samples (median=0.00871)
[14:21:27]   [eval] pure-policy success=0.960 mean_len=56 (fixed 100-ep set)
[14:21:30]   [dagger ep1] success=True query=False auto=False maxloss=0.0322 len=44 expert_steps=0 (interv 0/4)
[14:21:34]   [dagger ep2] success=True query=False auto=False maxloss=0.0199 len=44 expert_steps=0 (interv 0/4)
[14:21:36]   [dagger ep3] success=True query=True auto=False maxloss=0.0385 len=44 expert_steps=10 (interv 1/4)
[14:21:37]   [dagger ep4] success=True query=True auto=False maxloss=0.0187 len=43 expert_steps=41 (interv 2/4)
[14:21:40]   [dagger ep5] success=True query=False auto=False maxloss=0.0167 len=42 expert_steps=0 (interv 2/4)
[14:21:43]   [dagger ep6] success=True query=True auto=False maxloss=0.0195 len=43 expert_steps=17 (interv 3/4)
[14:21:43]   [dagger ep7] success=True query=True auto=False maxloss=0.0198 len=47 expert_steps=43 (interv 4/4)
[14:21:43] [stop] reached final_demos=28 (28 trajs)
[14:23:18] 
[FINAL] pure-policy success=0.950 over 100 eps
[14:23:18] DONE in 1284.9s | final_success=0.95
[14:23:18] [write] /weka/s226137394/DmNfull/distil/results/Lift/state/diffdagger/seed1/result.json
