[01:37:33] [env] loaded /weka/s226137394/DmNfull/.env
[01:37:34] ===== DISTIL | task=Lift modality=state ablation=decision_heuristic seed=2 budget=20 smoke=False device=cuda =====
[01:37:34] [bootstrap] loaded 8 shared demos from /weka/s226137394/DmNfull/distil/results/shared_bootstrap/Lift_state/Lift_state_ni8.pkl
[01:37:34] [kag] copied Lift.json + rendered .kag.txt into /weka/s226137394/DmNfull/distil/results/Lift/state/decision_heuristic/seed2/kag
[01:37:36] [init] using 8 bootstrap demos (shared with baselines)
[01:37:36] 
===== DISTIL Round 0 | dataset=8 trajs =====
[01:37:36]   [train] 8 trajs, 357 windows, state_dim=23 act_dim=7 params=4.26M steps=8000
[01:37:42]     train step 200/8000 loss=0.62834 lr=8.00e-05
[01:37:46]     train step 400/8000 loss=0.25359 lr=9.99e-05
[01:37:50]     train step 600/8000 loss=0.09422 lr=9.95e-05
[01:37:54]     train step 800/8000 loss=0.05680 lr=9.88e-05
[01:37:58]     train step 1000/8000 loss=0.04151 lr=9.78e-05
[01:38:02]     train step 1200/8000 loss=0.03314 lr=9.64e-05
[01:38:06]     train step 1400/8000 loss=0.02819 lr=9.48e-05
[01:38:10]     train step 1600/8000 loss=0.02397 lr=9.29e-05
[01:38:14]     train step 1800/8000 loss=0.02036 lr=9.07e-05
[01:38:18]     train step 2000/8000 loss=0.01856 lr=8.82e-05
[01:38:22]     train step 2200/8000 loss=0.01574 lr=8.55e-05
[01:38:26]     train step 2400/8000 loss=0.01376 lr=8.26e-05
[01:38:30]     train step 2600/8000 loss=0.01218 lr=7.94e-05
[01:38:34]     train step 2800/8000 loss=0.01089 lr=7.61e-05
[01:38:38]     train step 3000/8000 loss=0.01040 lr=7.26e-05
[01:38:42]     train step 3200/8000 loss=0.00871 lr=6.90e-05
[01:38:46]     train step 3400/8000 loss=0.00801 lr=6.52e-05
[01:38:50]     train step 3600/8000 loss=0.00723 lr=6.14e-05
[01:38:54]     train step 3800/8000 loss=0.00666 lr=5.75e-05
[01:38:58]     train step 4000/8000 loss=0.00626 lr=5.35e-05
[01:39:02]     train step 4200/8000 loss=0.00514 lr=4.95e-05
[01:39:06]     train step 4400/8000 loss=0.00488 lr=4.56e-05
[01:39:10]     train step 4600/8000 loss=0.00472 lr=4.16e-05
[01:39:14]     train step 4800/8000 loss=0.00420 lr=3.78e-05
[01:39:18]     train step 5000/8000 loss=0.00370 lr=3.40e-05
[01:39:22]     train step 5200/8000 loss=0.00349 lr=3.03e-05
[01:39:26]     train step 5400/8000 loss=0.00313 lr=2.68e-05
[01:39:30]     train step 5600/8000 loss=0.00299 lr=2.34e-05
[01:39:34]     train step 5800/8000 loss=0.00276 lr=2.02e-05
[01:39:38]     train step 6000/8000 loss=0.00272 lr=1.73e-05
[01:39:42]     train step 6200/8000 loss=0.00257 lr=1.45e-05
[01:39:47]     train step 6400/8000 loss=0.00254 lr=1.20e-05
[01:39:51]     train step 6600/8000 loss=0.00246 lr=9.69e-06
[01:39:55]     train step 6800/8000 loss=0.00235 lr=7.69e-06
[01:39:59]     train step 7000/8000 loss=0.00229 lr=5.98e-06
[01:40:03]     train step 7200/8000 loss=0.00227 lr=4.56e-06
[01:40:07]     train step 7400/8000 loss=0.00222 lr=3.45e-06
[01:40:11]     train step 7600/8000 loss=0.00220 lr=2.65e-06
[01:40:15]     train step 7800/8000 loss=0.00217 lr=2.16e-06
[01:40:18]     train step 8000/8000 loss=0.00216 lr=2.00e-06
[01:40:25]   [calibrate] threshold(alpha=0.99)=0.00333 over 1428 samples (median=0.00218)
[01:43:33]   [eval] pure-policy success=0.680 mean_len=115 (fixed 100-ep set)
[01:44:21]   [screen] 4/40 failures found
[01:44:22]   [collect a0] mode=bridge choice=geometric_bridge cited=[3000019, 3000029] success=True len=48
[01:44:22] 
===== DISTIL Round 1 | dataset=9 trajs =====
[01:44:22]   [train] 9 trajs, 405 windows, state_dim=23 act_dim=7 params=4.26M steps=4000
[01:44:27]     train step 200/4000 loss=0.61892 lr=8.00e-05
[01:44:31]     train step 400/4000 loss=0.23443 lr=9.96e-05
[01:44:35]     train step 600/4000 loss=0.08616 lr=9.79e-05
[01:44:39]     train step 800/4000 loss=0.05392 lr=9.49e-05
[01:44:43]     train step 1000/4000 loss=0.03965 lr=9.07e-05
[01:44:47]     train step 1200/4000 loss=0.03150 lr=8.53e-05
[01:44:51]     train step 1400/4000 loss=0.02604 lr=7.90e-05
[01:44:55]     train step 1600/4000 loss=0.02277 lr=7.19e-05
[01:45:00]     train step 1800/4000 loss=0.01931 lr=6.42e-05
[01:45:04]     train step 2000/4000 loss=0.01680 lr=5.62e-05
[01:45:08]     train step 2200/4000 loss=0.01440 lr=4.80e-05
[01:45:12]     train step 2400/4000 loss=0.01249 lr=3.99e-05
[01:45:16]     train step 2600/4000 loss=0.01123 lr=3.20e-05
[01:45:20]     train step 2800/4000 loss=0.00989 lr=2.48e-05
[01:45:24]     train step 3000/4000 loss=0.00890 lr=1.82e-05
[01:45:28]     train step 3200/4000 loss=0.00836 lr=1.26e-05
[01:45:32]     train step 3400/4000 loss=0.00771 lr=8.08e-06
[01:45:36]     train step 3600/4000 loss=0.00742 lr=4.74e-06
[01:45:40]     train step 3800/4000 loss=0.00721 lr=2.69e-06
[01:45:45]     train step 4000/4000 loss=0.00714 lr=2.00e-06
[01:45:52]   [calibrate] threshold(alpha=0.99)=0.01088 over 1620 samples (median=0.00736)
[01:48:28]   [eval] pure-policy success=0.820 mean_len=95 (fixed 100-ep set)
[01:49:26]   [screen] 5/40 failures found
[01:49:26]   [collect a0] mode=select choice=geometric_select cited=[3000040] success=True len=42
[01:49:26] 
===== DISTIL Round 2 | dataset=10 trajs =====
[01:49:26]   [train] 10 trajs, 447 windows, state_dim=23 act_dim=7 params=4.26M steps=4000
[01:49:31]     train step 200/4000 loss=0.58262 lr=8.00e-05
[01:49:35]     train step 400/4000 loss=0.21414 lr=9.96e-05
[01:49:39]     train step 600/4000 loss=0.07725 lr=9.79e-05
[01:49:43]     train step 800/4000 loss=0.04950 lr=9.49e-05
[01:49:47]     train step 1000/4000 loss=0.03648 lr=9.07e-05
[01:49:51]     train step 1200/4000 loss=0.02981 lr=8.53e-05
[01:49:55]     train step 1400/4000 loss=0.02494 lr=7.90e-05
[01:49:59]     train step 1600/4000 loss=0.02123 lr=7.19e-05
[01:50:04]     train step 1800/4000 loss=0.01775 lr=6.42e-05
[01:50:08]     train step 2000/4000 loss=0.01563 lr=5.62e-05
[01:50:12]     train step 2200/4000 loss=0.01398 lr=4.80e-05
[01:50:16]     train step 2400/4000 loss=0.01275 lr=3.99e-05
[01:50:20]     train step 2600/4000 loss=0.01126 lr=3.20e-05
[01:50:24]     train step 2800/4000 loss=0.01045 lr=2.48e-05
[01:50:29]     train step 3000/4000 loss=0.00967 lr=1.82e-05
[01:50:33]     train step 3200/4000 loss=0.00888 lr=1.26e-05
[01:50:37]     train step 3400/4000 loss=0.00846 lr=8.08e-06
[01:50:41]     train step 3600/4000 loss=0.00814 lr=4.74e-06
[01:50:45]     train step 3800/4000 loss=0.00792 lr=2.69e-06
[01:50:49]     train step 4000/4000 loss=0.00788 lr=2.00e-06
[01:50:57]   [calibrate] threshold(alpha=0.99)=0.01331 over 1788 samples (median=0.00762)
[01:52:29]   [eval] pure-policy success=0.970 mean_len=55 (fixed 100-ep set)
[01:53:04]   [screen] 1/40 failures found
[01:53:05]   [collect a0] mode=select choice=geometric_select cited=[3000101] success=True len=40
[01:53:05] 
===== DISTIL Round 3 | dataset=11 trajs =====
[01:53:05]   [train] 11 trajs, 487 windows, state_dim=23 act_dim=7 params=4.26M steps=4000
[01:53:09]     train step 200/4000 loss=0.58619 lr=8.00e-05
[01:53:14]     train step 400/4000 loss=0.21925 lr=9.96e-05
[01:53:18]     train step 600/4000 loss=0.08049 lr=9.79e-05
[01:53:22]     train step 800/4000 loss=0.05132 lr=9.49e-05
[01:53:26]     train step 1000/4000 loss=0.03729 lr=9.07e-05
[01:53:30]     train step 1200/4000 loss=0.02952 lr=8.53e-05
[01:53:34]     train step 1400/4000 loss=0.02434 lr=7.90e-05
[01:53:39]     train step 1600/4000 loss=0.02093 lr=7.19e-05
[01:53:43]     train step 1800/4000 loss=0.01768 lr=6.42e-05
[01:53:47]     train step 2000/4000 loss=0.01533 lr=5.62e-05
[01:53:51]     train step 2200/4000 loss=0.01312 lr=4.80e-05
[01:53:55]     train step 2400/4000 loss=0.01167 lr=3.99e-05
[01:54:00]     train step 2600/4000 loss=0.01030 lr=3.20e-05
[01:54:04]     train step 2800/4000 loss=0.00940 lr=2.48e-05
[01:54:08]     train step 3000/4000 loss=0.00852 lr=1.82e-05
[01:54:12]     train step 3200/4000 loss=0.00775 lr=1.26e-05
[01:54:16]     train step 3400/4000 loss=0.00732 lr=8.08e-06
[01:54:20]     train step 3600/4000 loss=0.00711 lr=4.74e-06
[01:54:25]     train step 3800/4000 loss=0.00690 lr=2.69e-06
[01:54:29]     train step 4000/4000 loss=0.00675 lr=2.00e-06
[01:54:37]   [calibrate] threshold(alpha=0.99)=0.01192 over 1948 samples (median=0.00690)
[01:56:10]   [eval] pure-policy success=0.960 mean_len=56 (fixed 100-ep set)
[01:56:42]   [screen] 0/40 failures found
[01:56:43]   [screen] no usable failures — budget-free, next round (1/4 toward saturation stop)
[01:56:43] 
===== DISTIL Round 4 | dataset=11 trajs =====
[01:56:43]   [train] 11 trajs, 487 windows, state_dim=23 act_dim=7 params=4.26M steps=4000
[01:56:47]     train step 200/4000 loss=0.65713 lr=8.00e-05
[01:56:51]     train step 400/4000 loss=0.22090 lr=9.96e-05
[01:56:55]     train step 600/4000 loss=0.07653 lr=9.79e-05
[01:56:59]     train step 800/4000 loss=0.04809 lr=9.49e-05
[01:57:03]     train step 1000/4000 loss=0.03623 lr=9.07e-05
[01:57:08]     train step 1200/4000 loss=0.02923 lr=8.53e-05
[01:57:12]     train step 1400/4000 loss=0.02395 lr=7.90e-05
[01:57:16]     train step 1600/4000 loss=0.02024 lr=7.19e-05
[01:57:20]     train step 1800/4000 loss=0.01724 lr=6.42e-05
[01:57:24]     train step 2000/4000 loss=0.01505 lr=5.62e-05
[01:57:29]     train step 2200/4000 loss=0.01307 lr=4.80e-05
[01:57:33]     train step 2400/4000 loss=0.01213 lr=3.99e-05
[01:57:37]     train step 2600/4000 loss=0.01054 lr=3.20e-05
[01:57:41]     train step 2800/4000 loss=0.00923 lr=2.48e-05
[01:57:45]     train step 3000/4000 loss=0.00856 lr=1.82e-05
[01:57:50]     train step 3200/4000 loss=0.00799 lr=1.26e-05
[01:57:54]     train step 3400/4000 loss=0.00754 lr=8.08e-06
[01:57:58]     train step 3600/4000 loss=0.00719 lr=4.74e-06
[01:58:02]     train step 3800/4000 loss=0.00705 lr=2.69e-06
[01:58:06]     train step 4000/4000 loss=0.00697 lr=2.00e-06
[01:58:15]   [calibrate] threshold(alpha=0.99)=0.01275 over 1948 samples (median=0.00714)
[01:59:47]   [eval] pure-policy success=0.970 mean_len=56 (fixed 100-ep set)
[02:00:30]   [screen] 3/40 failures found
[02:00:31]   [collect a0] mode=select choice=geometric_select cited=[3000188] success=True len=33
[02:00:31] 
===== DISTIL Round 5 | dataset=12 trajs =====
[02:00:31]   [train] 12 trajs, 520 windows, state_dim=23 act_dim=7 params=4.26M steps=4000
[02:00:35]     train step 200/4000 loss=0.58802 lr=8.00e-05
[02:00:39]     train step 400/4000 loss=0.23288 lr=9.96e-05
[02:00:44]     train step 600/4000 loss=0.08126 lr=9.79e-05
[02:00:48]     train step 800/4000 loss=0.04933 lr=9.49e-05
[02:00:52]     train step 1000/4000 loss=0.03661 lr=9.07e-05
[02:00:56]     train step 1200/4000 loss=0.02970 lr=8.53e-05
[02:01:00]     train step 1400/4000 loss=0.02479 lr=7.90e-05
[02:01:05]     train step 1600/4000 loss=0.02109 lr=7.19e-05
[02:01:09]     train step 1800/4000 loss=0.01823 lr=6.42e-05
[02:01:13]     train step 2000/4000 loss=0.01592 lr=5.62e-05
[02:01:17]     train step 2200/4000 loss=0.01434 lr=4.80e-05
[02:01:21]     train step 2400/4000 loss=0.01287 lr=3.99e-05
[02:01:26]     train step 2600/4000 loss=0.01143 lr=3.20e-05
[02:01:30]     train step 2800/4000 loss=0.01028 lr=2.48e-05
[02:01:34]     train step 3000/4000 loss=0.00943 lr=1.82e-05
[02:01:38]     train step 3200/4000 loss=0.00882 lr=1.26e-05
[02:01:42]     train step 3400/4000 loss=0.00833 lr=8.08e-06
[02:01:46]     train step 3600/4000 loss=0.00801 lr=4.74e-06
[02:01:51]     train step 3800/4000 loss=0.00780 lr=2.69e-06
[02:01:55]     train step 4000/4000 loss=0.00775 lr=2.00e-06
[02:02:04]   [calibrate] threshold(alpha=0.99)=0.01713 over 2080 samples (median=0.00767)
[02:03:25]   [eval] pure-policy success=0.990 mean_len=49 (fixed 100-ep set)
[02:03:56]   [screen] 0/40 failures found
[02:03:56]   [screen] no usable failures — budget-free, next round (1/4 toward saturation stop)
[02:03:56] 
===== DISTIL Round 6 | dataset=12 trajs =====
[02:03:56]   [train] 12 trajs, 520 windows, state_dim=23 act_dim=7 params=4.26M steps=4000
[02:04:00]     train step 200/4000 loss=0.58320 lr=8.00e-05
[02:04:04]     train step 400/4000 loss=0.22633 lr=9.96e-05
[02:04:08]     train step 600/4000 loss=0.08129 lr=9.79e-05
[02:04:12]     train step 800/4000 loss=0.05184 lr=9.49e-05
[02:04:17]     train step 1000/4000 loss=0.03782 lr=9.07e-05
[02:04:21]     train step 1200/4000 loss=0.03014 lr=8.53e-05
[02:04:25]     train step 1400/4000 loss=0.02493 lr=7.90e-05
[02:04:29]     train step 1600/4000 loss=0.02110 lr=7.19e-05
[02:04:33]     train step 1800/4000 loss=0.01818 lr=6.42e-05
[02:04:38]     train step 2000/4000 loss=0.01607 lr=5.62e-05
[02:04:42]     train step 2200/4000 loss=0.01358 lr=4.80e-05
[02:04:46]     train step 2400/4000 loss=0.01237 lr=3.99e-05
[02:04:50]     train step 2600/4000 loss=0.01091 lr=3.20e-05
[02:04:54]     train step 2800/4000 loss=0.00963 lr=2.48e-05
[02:04:58]     train step 3000/4000 loss=0.00884 lr=1.82e-05
[02:05:03]     train step 3200/4000 loss=0.00814 lr=1.26e-05
[02:05:07]     train step 3400/4000 loss=0.00775 lr=8.08e-06
[02:05:11]     train step 3600/4000 loss=0.00746 lr=4.74e-06
[02:05:15]     train step 3800/4000 loss=0.00729 lr=2.69e-06
[02:05:19]     train step 4000/4000 loss=0.00715 lr=2.00e-06
[02:05:29]   [calibrate] threshold(alpha=0.99)=0.01303 over 2080 samples (median=0.00716)
[02:06:45]   [eval] pure-policy success=1.000 mean_len=46 (fixed 100-ep set)
[02:07:17]   [screen] 0/40 failures found
[02:07:17]   [screen] no usable failures — budget-free, next round (2/4 toward saturation stop)
[02:07:17] 
===== DISTIL Round 7 | dataset=12 trajs =====
[02:07:17]   [train] 12 trajs, 520 windows, state_dim=23 act_dim=7 params=4.26M steps=4000
[02:07:21]     train step 200/4000 loss=0.62562 lr=8.00e-05
[02:07:25]     train step 400/4000 loss=0.22240 lr=9.96e-05
[02:07:30]     train step 600/4000 loss=0.08340 lr=9.79e-05
[02:07:34]     train step 800/4000 loss=0.05397 lr=9.49e-05
[02:07:38]     train step 1000/4000 loss=0.03969 lr=9.07e-05
[02:07:42]     train step 1200/4000 loss=0.03138 lr=8.53e-05
[02:07:46]     train step 1400/4000 loss=0.02616 lr=7.90e-05
[02:07:51]     train step 1600/4000 loss=0.02270 lr=7.19e-05
[02:07:55]     train step 1800/4000 loss=0.01923 lr=6.42e-05
[02:07:59]     train step 2000/4000 loss=0.01633 lr=5.62e-05
[02:08:03]     train step 2200/4000 loss=0.01396 lr=4.80e-05
[02:08:07]     train step 2400/4000 loss=0.01239 lr=3.99e-05
[02:08:12]     train step 2600/4000 loss=0.01098 lr=3.20e-05
[02:08:16]     train step 2800/4000 loss=0.00985 lr=2.48e-05
[02:08:20]     train step 3000/4000 loss=0.00908 lr=1.82e-05
[02:08:24]     train step 3200/4000 loss=0.00849 lr=1.26e-05
[02:08:28]     train step 3400/4000 loss=0.00804 lr=8.08e-06
[02:08:32]     train step 3600/4000 loss=0.00765 lr=4.74e-06
[02:08:37]     train step 3800/4000 loss=0.00755 lr=2.69e-06
[02:08:41]     train step 4000/4000 loss=0.00739 lr=2.00e-06
[02:08:50]   [calibrate] threshold(alpha=0.99)=0.01315 over 2080 samples (median=0.00755)
[02:10:09]   [eval] pure-policy success=0.990 mean_len=48 (fixed 100-ep set)
[02:10:40]   [screen] 0/40 failures found
[02:10:41]   [screen] no usable failures — budget-free, next round (3/4 toward saturation stop)
[02:10:41] 
===== DISTIL Round 8 | dataset=12 trajs =====
[02:10:41]   [train] 12 trajs, 520 windows, state_dim=23 act_dim=7 params=4.26M steps=4000
[02:10:45]     train step 200/4000 loss=0.60248 lr=8.00e-05
[02:10:49]     train step 400/4000 loss=0.21625 lr=9.96e-05
[02:10:53]     train step 600/4000 loss=0.08160 lr=9.79e-05
[02:10:57]     train step 800/4000 loss=0.05130 lr=9.49e-05
[02:11:01]     train step 1000/4000 loss=0.03833 lr=9.07e-05
[02:11:06]     train step 1200/4000 loss=0.03070 lr=8.53e-05
[02:11:10]     train step 1400/4000 loss=0.02526 lr=7.90e-05
[02:11:14]     train step 1600/4000 loss=0.02221 lr=7.19e-05
[02:11:18]     train step 1800/4000 loss=0.01898 lr=6.42e-05
[02:11:22]     train step 2000/4000 loss=0.01665 lr=5.62e-05
[02:11:26]     train step 2200/4000 loss=0.01486 lr=4.80e-05
[02:11:31]     train step 2400/4000 loss=0.01317 lr=3.99e-05
[02:11:35]     train step 2600/4000 loss=0.01169 lr=3.20e-05
[02:11:39]     train step 2800/4000 loss=0.01083 lr=2.48e-05
[02:11:43]     train step 3000/4000 loss=0.00976 lr=1.82e-05
[02:11:47]     train step 3200/4000 loss=0.00912 lr=1.26e-05
[02:11:52]     train step 3400/4000 loss=0.00870 lr=8.08e-06
[02:11:56]     train step 3600/4000 loss=0.00832 lr=4.74e-06
[02:12:00]     train step 3800/4000 loss=0.00816 lr=2.69e-06
[02:12:04]     train step 4000/4000 loss=0.00804 lr=2.00e-06
[02:12:13]   [calibrate] threshold(alpha=0.99)=0.01564 over 2080 samples (median=0.00796)
[02:13:29]   [eval] pure-policy success=1.000 mean_len=46 (fixed 100-ep set)
[02:14:01]   [screen] 0/40 failures found
[02:14:01]   [screen] no usable failures for 4 consecutive rounds -> saturated (sr=1.000); stopping early
[02:14:01] 
[FINAL] DISTIL pure-policy success=1.0 | demos=12 (last frozen held-out eval)
[02:14:01] DONE in 2185.5s | final_success=1.0
[02:14:01] [write] /weka/s226137394/DmNfull/distil/results/Lift/state/decision_heuristic/seed2/result.json
