[14:01:41] [env] loaded /weka/s226137394/DmNfull/.env
[14:01:42] ===== DISTIL | task=Lift modality=state ablation=diffdagger seed=2 budget=20 smoke=False device=cuda =====
[14:01:45] [bootstrap] loaded 8 shared demos from /weka/s226137394/DmNfull/distil/results/shared_bootstrap/Lift_state/Lift_state_ni8.pkl
[14:01:52] [init] using 8 pre-collected (calibrated Ni) demos
[14:01:52] 
===== Round 0 | dataset=8 trajs =====
[14:01:52]   [train] 8 trajs, 357 windows, state_dim=23 act_dim=7 params=4.26M steps=8000
[14:01:58]     train step 200/8000 loss=0.62834 lr=8.00e-05
[14:02:02]     train step 400/8000 loss=0.25359 lr=9.99e-05
[14:02:06]     train step 600/8000 loss=0.09205 lr=9.95e-05
[14:02:10]     train step 800/8000 loss=0.05624 lr=9.88e-05
[14:02:14]     train step 1000/8000 loss=0.04015 lr=9.78e-05
[14:02:18]     train step 1200/8000 loss=0.03149 lr=9.64e-05
[14:02:22]     train step 1400/8000 loss=0.02646 lr=9.48e-05
[14:02:26]     train step 1600/8000 loss=0.02327 lr=9.29e-05
[14:02:30]     train step 1800/8000 loss=0.01984 lr=9.07e-05
[14:02:34]     train step 2000/8000 loss=0.01875 lr=8.82e-05
[14:02:39]     train step 2200/8000 loss=0.01562 lr=8.55e-05
[14:02:43]     train step 2400/8000 loss=0.01421 lr=8.26e-05
[14:02:47]     train step 2600/8000 loss=0.01241 lr=7.94e-05
[14:02:51]     train step 2800/8000 loss=0.01117 lr=7.61e-05
[14:02:55]     train step 3000/8000 loss=0.01017 lr=7.26e-05
[14:02:59]     train step 3200/8000 loss=0.00944 lr=6.90e-05
[14:03:03]     train step 3400/8000 loss=0.00797 lr=6.52e-05
[14:03:07]     train step 3600/8000 loss=0.00752 lr=6.14e-05
[14:03:11]     train step 3800/8000 loss=0.00670 lr=5.75e-05
[14:03:15]     train step 4000/8000 loss=0.00616 lr=5.35e-05
[14:03:19]     train step 4200/8000 loss=0.00544 lr=4.95e-05
[14:03:24]     train step 4400/8000 loss=0.00492 lr=4.56e-05
[14:03:28]     train step 4600/8000 loss=0.00461 lr=4.16e-05
[14:03:32]     train step 4800/8000 loss=0.00422 lr=3.78e-05
[14:03:36]     train step 5000/8000 loss=0.00367 lr=3.40e-05
[14:03:40]     train step 5200/8000 loss=0.00356 lr=3.03e-05
[14:03:44]     train step 5400/8000 loss=0.00318 lr=2.68e-05
[14:03:48]     train step 5600/8000 loss=0.00303 lr=2.34e-05
[14:03:52]     train step 5800/8000 loss=0.00280 lr=2.02e-05
[14:03:56]     train step 6000/8000 loss=0.00275 lr=1.73e-05
[14:04:00]     train step 6200/8000 loss=0.00259 lr=1.45e-05
[14:04:05]     train step 6400/8000 loss=0.00257 lr=1.20e-05
[14:04:09]     train step 6600/8000 loss=0.00248 lr=9.69e-06
[14:04:13]     train step 6800/8000 loss=0.00238 lr=7.69e-06
[14:04:17]     train step 7000/8000 loss=0.00231 lr=5.98e-06
[14:04:21]     train step 7200/8000 loss=0.00229 lr=4.56e-06
[14:04:25]     train step 7400/8000 loss=0.00224 lr=3.45e-06
[14:04:29]     train step 7600/8000 loss=0.00222 lr=2.65e-06
[14:04:33]     train step 7800/8000 loss=0.00219 lr=2.16e-06
[14:04:37]     train step 8000/8000 loss=0.00219 lr=2.00e-06
[14:04:44]   [calibrate] threshold(alpha=0.99)=0.00335 over 1428 samples (median=0.00220)
[14:07:59]   [eval] pure-policy success=0.670 mean_len=119 (fixed 100-ep set)
[14:08:00]   [dagger ep1] success=True query=True auto=False maxloss=0.0081 len=44 expert_steps=43 (interv 1/4)
[14:08:00]   [dagger ep2] success=True query=True auto=False maxloss=0.0080 len=45 expert_steps=44 (interv 2/4)
[14:08:01]   [dagger ep3] success=True query=True auto=False maxloss=0.0323 len=48 expert_steps=47 (interv 3/4)
[14:08:01]   [dagger ep4] success=True query=True auto=False maxloss=0.0049 len=44 expert_steps=43 (interv 4/4)
[14:08:01] 
===== Round 1 | dataset=12 trajs =====
[14:08:01]   [train] 12 trajs, 534 windows, state_dim=23 act_dim=7 params=4.26M steps=4000
[14:08:06]     train step 200/4000 loss=0.61634 lr=8.00e-05
[14:08:10]     train step 400/4000 loss=0.22153 lr=9.96e-05
[14:08:14]     train step 600/4000 loss=0.08259 lr=9.79e-05
[14:08:18]     train step 800/4000 loss=0.05197 lr=9.49e-05
[14:08:22]     train step 1000/4000 loss=0.03821 lr=9.07e-05
[14:08:26]     train step 1200/4000 loss=0.03088 lr=8.53e-05
[14:08:31]     train step 1400/4000 loss=0.02593 lr=7.90e-05
[14:08:35]     train step 1600/4000 loss=0.02170 lr=7.19e-05
[14:08:39]     train step 1800/4000 loss=0.01914 lr=6.42e-05
[14:08:43]     train step 2000/4000 loss=0.01625 lr=5.62e-05
[14:08:47]     train step 2200/4000 loss=0.01436 lr=4.80e-05
[14:08:52]     train step 2400/4000 loss=0.01238 lr=3.99e-05
[14:08:56]     train step 2600/4000 loss=0.01060 lr=3.20e-05
[14:09:00]     train step 2800/4000 loss=0.00967 lr=2.48e-05
[14:09:04]     train step 3000/4000 loss=0.00868 lr=1.82e-05
[14:09:08]     train step 3200/4000 loss=0.00818 lr=1.26e-05
[14:09:12]     train step 3400/4000 loss=0.00773 lr=8.08e-06
[14:09:17]     train step 3600/4000 loss=0.00732 lr=4.74e-06
[14:09:21]     train step 3800/4000 loss=0.00710 lr=2.69e-06
[14:09:25]     train step 4000/4000 loss=0.00709 lr=2.00e-06
[14:09:35]   [calibrate] threshold(alpha=0.99)=0.01329 over 2136 samples (median=0.00718)
[14:11:22]   [eval] pure-policy success=0.930 mean_len=64 (fixed 100-ep set)
[14:11:22]   [dagger ep1] success=True query=True auto=False maxloss=0.0193 len=46 expert_steps=45 (interv 1/4)
[14:11:26]   [dagger ep2] success=True query=True auto=False maxloss=0.0187 len=45 expert_steps=2 (interv 2/4)
[14:11:26]   [dagger ep3] success=True query=True auto=False maxloss=0.0496 len=47 expert_steps=46 (interv 3/4)
[14:11:27]   [dagger ep4] success=True query=True auto=False maxloss=0.0486 len=47 expert_steps=46 (interv 4/4)
[14:11:27] 
===== Round 2 | dataset=16 trajs =====
[14:11:27]   [train] 16 trajs, 673 windows, state_dim=23 act_dim=7 params=4.26M steps=4000
[14:11:31]     train step 200/4000 loss=0.57189 lr=8.00e-05
[14:11:36]     train step 400/4000 loss=0.19802 lr=9.96e-05
[14:11:40]     train step 600/4000 loss=0.07484 lr=9.79e-05
[14:11:44]     train step 800/4000 loss=0.04798 lr=9.49e-05
[14:11:48]     train step 1000/4000 loss=0.03582 lr=9.07e-05
[14:11:53]     train step 1200/4000 loss=0.02964 lr=8.53e-05
[14:11:57]     train step 1400/4000 loss=0.02447 lr=7.90e-05
[14:12:01]     train step 1600/4000 loss=0.02047 lr=7.19e-05
[14:12:05]     train step 1800/4000 loss=0.01827 lr=6.42e-05
[14:12:09]     train step 2000/4000 loss=0.01601 lr=5.62e-05
[14:12:14]     train step 2200/4000 loss=0.01386 lr=4.80e-05
[14:12:18]     train step 2400/4000 loss=0.01230 lr=3.99e-05
[14:12:22]     train step 2600/4000 loss=0.01100 lr=3.20e-05
[14:12:26]     train step 2800/4000 loss=0.00996 lr=2.48e-05
[14:12:31]     train step 3000/4000 loss=0.00895 lr=1.82e-05
[14:12:35]     train step 3200/4000 loss=0.00828 lr=1.26e-05
[14:12:39]     train step 3400/4000 loss=0.00794 lr=8.08e-06
[14:12:43]     train step 3600/4000 loss=0.00772 lr=4.74e-06
[14:12:48]     train step 3800/4000 loss=0.00743 lr=2.69e-06
[14:12:52]     train step 4000/4000 loss=0.00740 lr=2.00e-06
[14:13:04]   [calibrate] threshold(alpha=0.99)=0.01490 over 2692 samples (median=0.00756)
[14:14:27]   [eval] pure-policy success=1.000 mean_len=49 (fixed 100-ep set)
[14:14:28]   [dagger ep1] success=True query=True auto=False maxloss=0.0255 len=44 expert_steps=43 (interv 1/4)
[14:14:31]   [dagger ep2] success=True query=False auto=False maxloss=0.0192 len=45 expert_steps=0 (interv 1/4)
[14:14:32]   [dagger ep3] success=True query=True auto=False maxloss=0.0178 len=47 expert_steps=46 (interv 2/4)
[14:14:35]   [dagger ep4] success=True query=True auto=False maxloss=0.0301 len=43 expert_steps=4 (interv 3/4)
[14:14:39]   [dagger ep5] success=True query=False auto=False maxloss=0.0233 len=45 expert_steps=0 (interv 3/4)
[14:14:42]   [dagger ep6] success=True query=False auto=False maxloss=0.0131 len=44 expert_steps=0 (interv 3/4)
[14:14:45]   [dagger ep7] success=True query=True auto=False maxloss=0.0222 len=46 expert_steps=23 (interv 4/4)
[14:14:45] 
===== Round 3 | dataset=20 trajs =====
[14:14:45]   [train] 20 trajs, 789 windows, state_dim=23 act_dim=7 params=4.26M steps=4000
[14:14:49]     train step 200/4000 loss=0.58033 lr=8.00e-05
[14:14:53]     train step 400/4000 loss=0.21672 lr=9.96e-05
[14:14:57]     train step 600/4000 loss=0.08268 lr=9.79e-05
[14:15:01]     train step 800/4000 loss=0.05295 lr=9.49e-05
[14:15:06]     train step 1000/4000 loss=0.03896 lr=9.07e-05
[14:15:10]     train step 1200/4000 loss=0.03180 lr=8.53e-05
[14:15:14]     train step 1400/4000 loss=0.02599 lr=7.90e-05
[14:15:18]     train step 1600/4000 loss=0.02208 lr=7.19e-05
[14:15:22]     train step 1800/4000 loss=0.01894 lr=6.42e-05
[14:15:27]     train step 2000/4000 loss=0.01630 lr=5.62e-05
[14:15:31]     train step 2200/4000 loss=0.01437 lr=4.80e-05
[14:15:35]     train step 2400/4000 loss=0.01288 lr=3.99e-05
[14:15:39]     train step 2600/4000 loss=0.01118 lr=3.20e-05
[14:15:43]     train step 2800/4000 loss=0.01011 lr=2.48e-05
[14:15:48]     train step 3000/4000 loss=0.00927 lr=1.82e-05
[14:15:52]     train step 3200/4000 loss=0.00882 lr=1.26e-05
[14:15:56]     train step 3400/4000 loss=0.00815 lr=8.08e-06
[14:16:00]     train step 3600/4000 loss=0.00788 lr=4.74e-06
[14:16:04]     train step 3800/4000 loss=0.00773 lr=2.69e-06
[14:16:09]     train step 4000/4000 loss=0.00762 lr=2.00e-06
[14:16:23]   [calibrate] threshold(alpha=0.99)=0.01640 over 3156 samples (median=0.00765)
[14:17:51]   [eval] pure-policy success=0.980 mean_len=52 (fixed 100-ep set)
[14:17:55]   [dagger ep1] success=True query=False auto=False maxloss=0.0201 len=45 expert_steps=0 (interv 0/4)
[14:17:57]   [dagger ep2] success=True query=True auto=False maxloss=0.0304 len=44 expert_steps=20 (interv 1/4)
[14:18:01]   [dagger ep3] success=True query=False auto=False maxloss=0.0162 len=45 expert_steps=0 (interv 1/4)
[14:18:04]   [dagger ep4] success=True query=True auto=False maxloss=0.0223 len=48 expert_steps=3 (interv 2/4)
[14:18:05]   [dagger ep5] success=True query=True auto=False maxloss=0.0175 len=47 expert_steps=46 (interv 3/4)
[14:18:09]   [dagger ep6] success=True query=False auto=False maxloss=0.0146 len=46 expert_steps=0 (interv 3/4)
[14:18:12]   [dagger ep7] success=True query=False auto=False maxloss=0.0200 len=46 expert_steps=0 (interv 3/4)
[14:18:16]   [dagger ep8] success=True query=False auto=False maxloss=0.0293 len=46 expert_steps=0 (interv 3/4)
[14:18:17]   [dagger ep9] success=True query=True auto=False maxloss=0.0348 len=48 expert_steps=47 (interv 4/4)
[14:18:17] 
===== Round 4 | dataset=24 trajs =====
[14:18:17]   [train] 24 trajs, 905 windows, state_dim=23 act_dim=7 params=4.26M steps=4000
[14:18:21]     train step 200/4000 loss=0.61822 lr=8.00e-05
[14:18:25]     train step 400/4000 loss=0.22792 lr=9.96e-05
[14:18:30]     train step 600/4000 loss=0.08752 lr=9.79e-05
[14:18:34]     train step 800/4000 loss=0.05665 lr=9.49e-05
[14:18:38]     train step 1000/4000 loss=0.04185 lr=9.07e-05
[14:18:42]     train step 1200/4000 loss=0.03261 lr=8.53e-05
[14:18:47]     train step 1400/4000 loss=0.02746 lr=7.90e-05
[14:18:51]     train step 1600/4000 loss=0.02318 lr=7.19e-05
[14:18:55]     train step 1800/4000 loss=0.02043 lr=6.42e-05
[14:18:59]     train step 2000/4000 loss=0.01774 lr=5.62e-05
[14:19:04]     train step 2200/4000 loss=0.01556 lr=4.80e-05
[14:19:08]     train step 2400/4000 loss=0.01382 lr=3.99e-05
[14:19:12]     train step 2600/4000 loss=0.01205 lr=3.20e-05
[14:19:16]     train step 2800/4000 loss=0.01096 lr=2.48e-05
[14:19:21]     train step 3000/4000 loss=0.01014 lr=1.82e-05
[14:19:25]     train step 3200/4000 loss=0.00933 lr=1.26e-05
[14:19:29]     train step 3400/4000 loss=0.00891 lr=8.08e-06
[14:19:33]     train step 3600/4000 loss=0.00858 lr=4.74e-06
[14:19:38]     train step 3800/4000 loss=0.00840 lr=2.69e-06
[14:19:42]     train step 4000/4000 loss=0.00824 lr=2.00e-06
[14:19:58]   [calibrate] threshold(alpha=0.99)=0.01545 over 3620 samples (median=0.00857)
[14:21:25]   [eval] pure-policy success=0.980 mean_len=51 (fixed 100-ep set)
[14:21:29]   [dagger ep1] success=True query=False auto=False maxloss=0.0293 len=47 expert_steps=0 (interv 0/4)
[14:21:32]   [dagger ep2] success=True query=False auto=False maxloss=0.0223 len=46 expert_steps=0 (interv 0/4)
[14:21:35]   [dagger ep3] success=True query=True auto=False maxloss=0.0209 len=47 expert_steps=20 (interv 1/4)
[14:21:35]   [dagger ep4] success=True query=True auto=False maxloss=0.0224 len=44 expert_steps=43 (interv 2/4)
[14:21:38]   [dagger ep5] success=True query=True auto=False maxloss=0.0273 len=43 expert_steps=19 (interv 3/4)
[14:21:40]   [dagger ep6] success=True query=True auto=False maxloss=0.0281 len=43 expert_steps=18 (interv 4/4)
[14:21:40] [stop] reached final_demos=28 (28 trajs)
[14:23:07] 
[FINAL] pure-policy success=0.990 over 100 eps
[14:23:07] DONE in 1276.6s | final_success=0.99
[14:23:07] [write] /weka/s226137394/DmNfull/distil/results/Lift/state/diffdagger/seed2/result.json
