[15:26:34] [env] loaded /weka/s226137394/DmNfull/.env
[15:26:35] ===== DISTIL | task=Lift modality=state ablation=dropout seed=1 budget=20 smoke=False device=cuda =====
[15:26:36] [bootstrap] loaded 8 shared demos from /weka/s226137394/DmNfull/distil/results/shared_bootstrap/Lift_state/Lift_state_ni8.pkl
[15:26:39] 
===== dropout Round 0 | dataset=8 =====
[15:26:44]     train step 200/8000 loss=0.60126 lr=8.00e-05
[15:26:49]     train step 400/8000 loss=0.24585 lr=9.99e-05
[15:26:53]     train step 600/8000 loss=0.09390 lr=9.95e-05
[15:26:57]     train step 800/8000 loss=0.05885 lr=9.88e-05
[15:27:01]     train step 1000/8000 loss=0.04372 lr=9.78e-05
[15:27:05]     train step 1200/8000 loss=0.03420 lr=9.64e-05
[15:27:09]     train step 1400/8000 loss=0.02833 lr=9.48e-05
[15:27:13]     train step 1600/8000 loss=0.02390 lr=9.29e-05
[15:27:18]     train step 1800/8000 loss=0.02085 lr=9.07e-05
[15:27:22]     train step 2000/8000 loss=0.01866 lr=8.82e-05
[15:27:26]     train step 2200/8000 loss=0.01690 lr=8.55e-05
[15:27:30]     train step 2400/8000 loss=0.01430 lr=8.26e-05
[15:27:34]     train step 2600/8000 loss=0.01242 lr=7.94e-05
[15:27:39]     train step 2800/8000 loss=0.01153 lr=7.61e-05
[15:27:43]     train step 3000/8000 loss=0.01032 lr=7.26e-05
[15:27:47]     train step 3200/8000 loss=0.00897 lr=6.90e-05
[15:27:51]     train step 3400/8000 loss=0.00851 lr=6.52e-05
[15:27:55]     train step 3600/8000 loss=0.00809 lr=6.14e-05
[15:27:59]     train step 3800/8000 loss=0.00689 lr=5.75e-05
[15:28:04]     train step 4000/8000 loss=0.00626 lr=5.35e-05
[15:28:08]     train step 4200/8000 loss=0.00588 lr=4.95e-05
[15:28:12]     train step 4400/8000 loss=0.00524 lr=4.56e-05
[15:28:16]     train step 4600/8000 loss=0.00499 lr=4.16e-05
[15:28:21]     train step 4800/8000 loss=0.00435 lr=3.78e-05
[15:28:25]     train step 5000/8000 loss=0.00390 lr=3.40e-05
[15:28:29]     train step 5200/8000 loss=0.00378 lr=3.03e-05
[15:28:33]     train step 5400/8000 loss=0.00347 lr=2.68e-05
[15:28:37]     train step 5600/8000 loss=0.00315 lr=2.34e-05
[15:28:42]     train step 5800/8000 loss=0.00298 lr=2.02e-05
[15:28:46]     train step 6000/8000 loss=0.00281 lr=1.73e-05
[15:28:50]     train step 6200/8000 loss=0.00269 lr=1.45e-05
[15:28:54]     train step 6400/8000 loss=0.00256 lr=1.20e-05
[15:28:58]     train step 6600/8000 loss=0.00249 lr=9.69e-06
[15:29:02]     train step 6800/8000 loss=0.00238 lr=7.69e-06
[15:29:07]     train step 7000/8000 loss=0.00233 lr=5.98e-06
[15:29:11]     train step 7200/8000 loss=0.00229 lr=4.56e-06
[15:29:15]     train step 7400/8000 loss=0.00225 lr=3.45e-06
[15:29:19]     train step 7600/8000 loss=0.00222 lr=2.65e-06
[15:29:23]     train step 7800/8000 loss=0.00221 lr=2.16e-06
[15:29:27]     train step 8000/8000 loss=0.00219 lr=2.00e-06
[15:32:59]   [eval] SR=0.690
[15:33:00]   [dropout] intervention at t=0 (rollout 0) len=47
[15:33:00] 
===== dropout Round 1 | dataset=9 =====
[15:33:05]     train step 200/4000 loss=0.59720 lr=8.00e-05
[15:33:09]     train step 400/4000 loss=0.23380 lr=9.96e-05
[15:33:13]     train step 600/4000 loss=0.09166 lr=9.79e-05
[15:33:17]     train step 800/4000 loss=0.05593 lr=9.49e-05
[15:33:22]     train step 1000/4000 loss=0.03978 lr=9.07e-05
[15:33:26]     train step 1200/4000 loss=0.03092 lr=8.53e-05
[15:33:30]     train step 1400/4000 loss=0.02696 lr=7.90e-05
[15:33:34]     train step 1600/4000 loss=0.02250 lr=7.19e-05
[15:33:38]     train step 1800/4000 loss=0.01973 lr=6.42e-05
[15:33:43]     train step 2000/4000 loss=0.01679 lr=5.62e-05
[15:33:47]     train step 2200/4000 loss=0.01497 lr=4.80e-05
[15:33:51]     train step 2400/4000 loss=0.01310 lr=3.99e-05
[15:33:55]     train step 2600/4000 loss=0.01180 lr=3.20e-05
[15:33:59]     train step 2800/4000 loss=0.01077 lr=2.48e-05
[15:34:04]     train step 3000/4000 loss=0.00986 lr=1.82e-05
[15:34:08]     train step 3200/4000 loss=0.00908 lr=1.26e-05
[15:34:12]     train step 3400/4000 loss=0.00865 lr=8.08e-06
[15:34:16]     train step 3600/4000 loss=0.00831 lr=4.74e-06
[15:34:20]     train step 3800/4000 loss=0.00809 lr=2.69e-06
[15:34:25]     train step 4000/4000 loss=0.00799 lr=2.00e-06
[15:37:05]   [eval] SR=0.790
[15:37:06]   [dropout] intervention at t=0 (rollout 0) len=42
[15:37:06] 
===== dropout Round 2 | dataset=10 =====
[15:37:11]     train step 200/4000 loss=0.59900 lr=8.00e-05
[15:37:15]     train step 400/4000 loss=0.22983 lr=9.96e-05
[15:37:19]     train step 600/4000 loss=0.08698 lr=9.79e-05
[15:37:23]     train step 800/4000 loss=0.05399 lr=9.49e-05
[15:37:28]     train step 1000/4000 loss=0.04034 lr=9.07e-05
[15:37:32]     train step 1200/4000 loss=0.03161 lr=8.53e-05
[15:37:36]     train step 1400/4000 loss=0.02694 lr=7.90e-05
[15:37:40]     train step 1600/4000 loss=0.02338 lr=7.19e-05
[15:37:45]     train step 1800/4000 loss=0.01982 lr=6.42e-05
[15:37:49]     train step 2000/4000 loss=0.01732 lr=5.62e-05
[15:37:53]     train step 2200/4000 loss=0.01525 lr=4.80e-05
[15:37:58]     train step 2400/4000 loss=0.01330 lr=3.99e-05
[15:38:02]     train step 2600/4000 loss=0.01206 lr=3.20e-05
[15:38:06]     train step 2800/4000 loss=0.01091 lr=2.48e-05
[15:38:10]     train step 3000/4000 loss=0.00995 lr=1.82e-05
[15:38:15]     train step 3200/4000 loss=0.00927 lr=1.26e-05
[15:38:19]     train step 3400/4000 loss=0.00890 lr=8.08e-06
[15:38:23]     train step 3600/4000 loss=0.00848 lr=4.74e-06
[15:38:27]     train step 3800/4000 loss=0.00833 lr=2.69e-06
[15:38:32]     train step 4000/4000 loss=0.00826 lr=2.00e-06
[15:40:46]   [eval] SR=0.860
[15:40:47]   [dropout] intervention at t=0 (rollout 0) len=45
[15:40:47] 
===== dropout Round 3 | dataset=11 =====
[15:40:51]     train step 200/4000 loss=0.60084 lr=8.00e-05
[15:40:56]     train step 400/4000 loss=0.22592 lr=9.96e-05
[15:41:00]     train step 600/4000 loss=0.08789 lr=9.79e-05
[15:41:04]     train step 800/4000 loss=0.05393 lr=9.49e-05
[15:41:09]     train step 1000/4000 loss=0.03913 lr=9.07e-05
[15:41:13]     train step 1200/4000 loss=0.03119 lr=8.53e-05
[15:41:17]     train step 1400/4000 loss=0.02565 lr=7.90e-05
[15:41:22]     train step 1600/4000 loss=0.02245 lr=7.19e-05
[15:41:26]     train step 1800/4000 loss=0.01924 lr=6.42e-05
[15:41:30]     train step 2000/4000 loss=0.01692 lr=5.62e-05
[15:41:35]     train step 2200/4000 loss=0.01509 lr=4.80e-05
[15:41:39]     train step 2400/4000 loss=0.01309 lr=3.99e-05
[15:41:43]     train step 2600/4000 loss=0.01191 lr=3.20e-05
[15:41:48]     train step 2800/4000 loss=0.01063 lr=2.48e-05
[15:41:52]     train step 3000/4000 loss=0.00977 lr=1.82e-05
[15:41:56]     train step 3200/4000 loss=0.00912 lr=1.26e-05
[15:42:01]     train step 3400/4000 loss=0.00886 lr=8.08e-06
[15:42:05]     train step 3600/4000 loss=0.00842 lr=4.74e-06
[15:42:09]     train step 3800/4000 loss=0.00823 lr=2.69e-06
[15:42:13]     train step 4000/4000 loss=0.00813 lr=2.00e-06
[15:43:44]   [eval] SR=0.980
[15:43:46]   [dropout] intervention at t=1 (rollout 0) len=43
[15:43:46] 
===== dropout Round 4 | dataset=12 =====
[15:43:50]     train step 200/4000 loss=0.60107 lr=8.00e-05
[15:43:55]     train step 400/4000 loss=0.22133 lr=9.96e-05
[15:43:59]     train step 600/4000 loss=0.08414 lr=9.79e-05
[15:44:03]     train step 800/4000 loss=0.05391 lr=9.49e-05
[15:44:08]     train step 1000/4000 loss=0.03903 lr=9.07e-05
[15:44:12]     train step 1200/4000 loss=0.03143 lr=8.53e-05
[15:44:16]     train step 1400/4000 loss=0.02589 lr=7.90e-05
[15:44:21]     train step 1600/4000 loss=0.02182 lr=7.19e-05
[15:44:25]     train step 1800/4000 loss=0.01903 lr=6.42e-05
[15:44:29]     train step 2000/4000 loss=0.01641 lr=5.62e-05
[15:44:34]     train step 2200/4000 loss=0.01437 lr=4.80e-05
[15:44:38]     train step 2400/4000 loss=0.01220 lr=3.99e-05
[15:44:42]     train step 2600/4000 loss=0.01082 lr=3.20e-05
[15:44:47]     train step 2800/4000 loss=0.00980 lr=2.48e-05
[15:44:51]     train step 3000/4000 loss=0.00918 lr=1.82e-05
[15:44:55]     train step 3200/4000 loss=0.00836 lr=1.26e-05
[15:45:00]     train step 3400/4000 loss=0.00801 lr=8.08e-06
[15:45:04]     train step 3600/4000 loss=0.00770 lr=4.74e-06
[15:45:08]     train step 3800/4000 loss=0.00754 lr=2.69e-06
[15:45:13]     train step 4000/4000 loss=0.00744 lr=2.00e-06
[15:46:36]   [eval] SR=0.990
[15:46:37]   [dropout] intervention at t=0 (rollout 0) len=47
[15:46:37] 
===== dropout Round 5 | dataset=13 =====
[15:46:42]     train step 200/4000 loss=0.60154 lr=8.00e-05
[15:46:46]     train step 400/4000 loss=0.22339 lr=9.96e-05
[15:46:50]     train step 600/4000 loss=0.08441 lr=9.79e-05
[15:46:55]     train step 800/4000 loss=0.05403 lr=9.49e-05
[15:46:59]     train step 1000/4000 loss=0.03919 lr=9.07e-05
[15:47:03]     train step 1200/4000 loss=0.03085 lr=8.53e-05
[15:47:07]     train step 1400/4000 loss=0.02561 lr=7.90e-05
[15:47:12]     train step 1600/4000 loss=0.02224 lr=7.19e-05
[15:47:16]     train step 1800/4000 loss=0.01858 lr=6.42e-05
[15:47:20]     train step 2000/4000 loss=0.01591 lr=5.62e-05
[15:47:25]     train step 2200/4000 loss=0.01398 lr=4.80e-05
[15:47:29]     train step 2400/4000 loss=0.01221 lr=3.99e-05
[15:47:33]     train step 2600/4000 loss=0.01113 lr=3.20e-05
[15:47:38]     train step 2800/4000 loss=0.01002 lr=2.48e-05
[15:47:42]     train step 3000/4000 loss=0.00926 lr=1.82e-05
[15:47:46]     train step 3200/4000 loss=0.00873 lr=1.26e-05
[15:47:51]     train step 3400/4000 loss=0.00828 lr=8.08e-06
[15:47:55]     train step 3600/4000 loss=0.00799 lr=4.74e-06
[15:47:59]     train step 3800/4000 loss=0.00784 lr=2.69e-06
[15:48:04]     train step 4000/4000 loss=0.00774 lr=2.00e-06
[15:49:22]   [eval] SR=1.000
[15:49:23]   [dropout] intervention at t=0 (rollout 0) len=43
[15:49:23] 
===== dropout Round 6 | dataset=14 =====
[15:49:28]     train step 200/4000 loss=0.60341 lr=8.00e-05
[15:49:32]     train step 400/4000 loss=0.22496 lr=9.96e-05
[15:49:36]     train step 600/4000 loss=0.08631 lr=9.79e-05
[15:49:41]     train step 800/4000 loss=0.05567 lr=9.49e-05
[15:49:45]     train step 1000/4000 loss=0.04008 lr=9.07e-05
[15:49:49]     train step 1200/4000 loss=0.03129 lr=8.53e-05
[15:49:54]     train step 1400/4000 loss=0.02576 lr=7.90e-05
[15:49:58]     train step 1600/4000 loss=0.02167 lr=7.19e-05
[15:50:02]     train step 1800/4000 loss=0.01884 lr=6.42e-05
[15:50:07]     train step 2000/4000 loss=0.01624 lr=5.62e-05
[15:50:11]     train step 2200/4000 loss=0.01399 lr=4.80e-05
[15:50:15]     train step 2400/4000 loss=0.01255 lr=3.99e-05
[15:50:20]     train step 2600/4000 loss=0.01111 lr=3.20e-05
[15:50:24]     train step 2800/4000 loss=0.00996 lr=2.48e-05
[15:50:28]     train step 3000/4000 loss=0.00927 lr=1.82e-05
[15:50:33]     train step 3200/4000 loss=0.00860 lr=1.26e-05
[15:50:37]     train step 3400/4000 loss=0.00832 lr=8.08e-06
[15:50:41]     train step 3600/4000 loss=0.00801 lr=4.74e-06
[15:50:45]     train step 3800/4000 loss=0.00780 lr=2.69e-06
[15:50:50]     train step 4000/4000 loss=0.00775 lr=2.00e-06
[15:52:12]   [eval] SR=0.990
[15:52:16]   [dropout] intervention at t=4 (rollout 0) len=41
[15:52:17] 
===== dropout Round 7 | dataset=15 =====
[15:52:21]     train step 200/4000 loss=0.60371 lr=8.00e-05
[15:52:25]     train step 400/4000 loss=0.22421 lr=9.96e-05
[15:52:30]     train step 600/4000 loss=0.08692 lr=9.79e-05
[15:52:34]     train step 800/4000 loss=0.05465 lr=9.49e-05
[15:52:38]     train step 1000/4000 loss=0.03974 lr=9.07e-05
[15:52:43]     train step 1200/4000 loss=0.03218 lr=8.53e-05
[15:52:47]     train step 1400/4000 loss=0.02629 lr=7.90e-05
[15:52:51]     train step 1600/4000 loss=0.02244 lr=7.19e-05
[15:52:56]     train step 1800/4000 loss=0.01931 lr=6.42e-05
[15:53:00]     train step 2000/4000 loss=0.01696 lr=5.62e-05
[15:53:04]     train step 2200/4000 loss=0.01470 lr=4.80e-05
[15:53:08]     train step 2400/4000 loss=0.01311 lr=3.99e-05
[15:53:13]     train step 2600/4000 loss=0.01156 lr=3.20e-05
[15:53:17]     train step 2800/4000 loss=0.01035 lr=2.48e-05
[15:53:21]     train step 3000/4000 loss=0.00952 lr=1.82e-05
[15:53:26]     train step 3200/4000 loss=0.00890 lr=1.26e-05
[15:53:30]     train step 3400/4000 loss=0.00846 lr=8.08e-06
[15:53:34]     train step 3600/4000 loss=0.00808 lr=4.74e-06
[15:53:39]     train step 3800/4000 loss=0.00797 lr=2.69e-06
[15:53:43]     train step 4000/4000 loss=0.00783 lr=2.00e-06
[15:55:01]   [eval] SR=1.000
[15:55:08]   [dropout] intervention at t=7 (rollout 0) len=37
[15:55:08] 
===== dropout Round 8 | dataset=16 =====
[15:55:13]     train step 200/4000 loss=0.60252 lr=8.00e-05
[15:55:17]     train step 400/4000 loss=0.22204 lr=9.96e-05
[15:55:21]     train step 600/4000 loss=0.08625 lr=9.79e-05
[15:55:26]     train step 800/4000 loss=0.05481 lr=9.49e-05
[15:55:30]     train step 1000/4000 loss=0.03997 lr=9.07e-05
[15:55:34]     train step 1200/4000 loss=0.03149 lr=8.53e-05
[15:55:39]     train step 1400/4000 loss=0.02597 lr=7.90e-05
[15:55:43]     train step 1600/4000 loss=0.02189 lr=7.19e-05
[15:55:47]     train step 1800/4000 loss=0.01878 lr=6.42e-05
[15:55:52]     train step 2000/4000 loss=0.01641 lr=5.62e-05
[15:55:56]     train step 2200/4000 loss=0.01436 lr=4.80e-05
[15:56:00]     train step 2400/4000 loss=0.01252 lr=3.99e-05
[15:56:05]     train step 2600/4000 loss=0.01121 lr=3.20e-05
[15:56:09]     train step 2800/4000 loss=0.01035 lr=2.48e-05
[15:56:13]     train step 3000/4000 loss=0.00946 lr=1.82e-05
[15:56:18]     train step 3200/4000 loss=0.00890 lr=1.26e-05
[15:56:22]     train step 3400/4000 loss=0.00852 lr=8.08e-06
[15:56:26]     train step 3600/4000 loss=0.00824 lr=4.74e-06
[15:56:30]     train step 3800/4000 loss=0.00804 lr=2.69e-06
[15:56:35]     train step 4000/4000 loss=0.00796 lr=2.00e-06
[15:57:53]   [eval] SR=1.000
[15:58:14]   [dropout] intervention at t=23 (rollout 0) len=25
[15:58:14] 
===== dropout Round 9 | dataset=17 =====
[15:58:19]     train step 200/4000 loss=0.60317 lr=8.00e-05
[15:58:23]     train step 400/4000 loss=0.22348 lr=9.96e-05
[15:58:27]     train step 600/4000 loss=0.08726 lr=9.79e-05
[15:58:32]     train step 800/4000 loss=0.05427 lr=9.49e-05
[15:58:36]     train step 1000/4000 loss=0.03952 lr=9.07e-05
[15:58:40]     train step 1200/4000 loss=0.03117 lr=8.53e-05
[15:58:45]     train step 1400/4000 loss=0.02650 lr=7.90e-05
[15:58:49]     train step 1600/4000 loss=0.02251 lr=7.19e-05
[15:58:53]     train step 1800/4000 loss=0.01945 lr=6.42e-05
[15:58:58]     train step 2000/4000 loss=0.01706 lr=5.62e-05
[15:59:02]     train step 2200/4000 loss=0.01482 lr=4.80e-05
[15:59:06]     train step 2400/4000 loss=0.01317 lr=3.99e-05
[15:59:11]     train step 2600/4000 loss=0.01168 lr=3.20e-05
[15:59:15]     train step 2800/4000 loss=0.01050 lr=2.48e-05
[15:59:19]     train step 3000/4000 loss=0.00987 lr=1.82e-05
[15:59:24]     train step 3200/4000 loss=0.00907 lr=1.26e-05
[15:59:28]     train step 3400/4000 loss=0.00883 lr=8.08e-06
[15:59:32]     train step 3600/4000 loss=0.00850 lr=4.74e-06
[15:59:36]     train step 3800/4000 loss=0.00828 lr=2.69e-06
[15:59:41]     train step 4000/4000 loss=0.00820 lr=2.00e-06
[16:00:59]   [eval] SR=1.000
[16:01:20]   [dropout] intervention at t=23 (rollout 0) len=19
[16:01:20] 
===== dropout Round 10 | dataset=18 =====
[16:01:24]     train step 200/4000 loss=0.60410 lr=8.00e-05
[16:01:29]     train step 400/4000 loss=0.22053 lr=9.96e-05
[16:01:33]     train step 600/4000 loss=0.08569 lr=9.79e-05
[16:01:37]     train step 800/4000 loss=0.05541 lr=9.49e-05
[16:01:42]     train step 1000/4000 loss=0.04085 lr=9.07e-05
[16:01:46]     train step 1200/4000 loss=0.03225 lr=8.53e-05
[16:01:50]     train step 1400/4000 loss=0.02754 lr=7.90e-05
[16:01:55]     train step 1600/4000 loss=0.02332 lr=7.19e-05
[16:01:59]     train step 1800/4000 loss=0.02025 lr=6.42e-05
[16:02:03]     train step 2000/4000 loss=0.01769 lr=5.62e-05
[16:02:08]     train step 2200/4000 loss=0.01613 lr=4.80e-05
[16:02:12]     train step 2400/4000 loss=0.01400 lr=3.99e-05
[16:02:16]     train step 2600/4000 loss=0.01257 lr=3.20e-05
[16:02:21]     train step 2800/4000 loss=0.01143 lr=2.48e-05
[16:02:25]     train step 3000/4000 loss=0.01062 lr=1.82e-05
[16:02:29]     train step 3200/4000 loss=0.00974 lr=1.26e-05
[16:02:34]     train step 3400/4000 loss=0.00945 lr=8.08e-06
[16:02:38]     train step 3600/4000 loss=0.00905 lr=4.74e-06
[16:02:42]     train step 3800/4000 loss=0.00885 lr=2.69e-06
[16:02:46]     train step 4000/4000 loss=0.00875 lr=2.00e-06
[16:04:13]   [eval] SR=0.980
[16:04:30]   [dropout] intervention at t=19 (rollout 0) len=29
[16:04:30] 
===== dropout Round 11 | dataset=19 =====
[16:04:35]     train step 200/4000 loss=0.60303 lr=8.00e-05
[16:04:39]     train step 400/4000 loss=0.22468 lr=9.96e-05
[16:04:43]     train step 600/4000 loss=0.08759 lr=9.79e-05
[16:04:47]     train step 800/4000 loss=0.05433 lr=9.49e-05
[16:04:52]     train step 1000/4000 loss=0.03990 lr=9.07e-05
[16:04:56]     train step 1200/4000 loss=0.03220 lr=8.53e-05
[16:05:00]     train step 1400/4000 loss=0.02646 lr=7.90e-05
[16:05:05]     train step 1600/4000 loss=0.02244 lr=7.19e-05
[16:05:09]     train step 1800/4000 loss=0.01920 lr=6.42e-05
[16:05:13]     train step 2000/4000 loss=0.01693 lr=5.62e-05
[16:05:18]     train step 2200/4000 loss=0.01518 lr=4.80e-05
[16:05:22]     train step 2400/4000 loss=0.01323 lr=3.99e-05
[16:05:26]     train step 2600/4000 loss=0.01226 lr=3.20e-05
[16:05:31]     train step 2800/4000 loss=0.01087 lr=2.48e-05
[16:05:35]     train step 3000/4000 loss=0.01005 lr=1.82e-05
[16:05:39]     train step 3200/4000 loss=0.00947 lr=1.26e-05
[16:05:44]     train step 3400/4000 loss=0.00918 lr=8.08e-06
[16:05:48]     train step 3600/4000 loss=0.00878 lr=4.74e-06
[16:05:52]     train step 3800/4000 loss=0.00858 lr=2.69e-06
[16:05:56]     train step 4000/4000 loss=0.00850 lr=2.00e-06
[16:07:16]   [eval] SR=1.000
[16:07:17]   [dropout] intervention at t=0 (rollout 0) len=46
[16:07:17] 
===== dropout Round 12 | dataset=20 =====
[16:07:22]     train step 200/4000 loss=0.60274 lr=8.00e-05
[16:07:26]     train step 400/4000 loss=0.22188 lr=9.96e-05
[16:07:30]     train step 600/4000 loss=0.08763 lr=9.79e-05
[16:07:35]     train step 800/4000 loss=0.05590 lr=9.49e-05
[16:07:39]     train step 1000/4000 loss=0.04081 lr=9.07e-05
[16:07:43]     train step 1200/4000 loss=0.03204 lr=8.53e-05
[16:07:48]     train step 1400/4000 loss=0.02645 lr=7.90e-05
[16:07:52]     train step 1600/4000 loss=0.02296 lr=7.19e-05
[16:07:56]     train step 1800/4000 loss=0.01971 lr=6.42e-05
[16:08:01]     train step 2000/4000 loss=0.01765 lr=5.62e-05
[16:08:05]     train step 2200/4000 loss=0.01536 lr=4.80e-05
[16:08:09]     train step 2400/4000 loss=0.01359 lr=3.99e-05
[16:08:14]     train step 2600/4000 loss=0.01232 lr=3.20e-05
[16:08:18]     train step 2800/4000 loss=0.01108 lr=2.48e-05
[16:08:22]     train step 3000/4000 loss=0.01011 lr=1.82e-05
[16:08:27]     train step 3200/4000 loss=0.00951 lr=1.26e-05
[16:08:31]     train step 3400/4000 loss=0.00921 lr=8.08e-06
[16:08:35]     train step 3600/4000 loss=0.00885 lr=4.74e-06
[16:08:40]     train step 3800/4000 loss=0.00866 lr=2.69e-06
[16:08:44]     train step 4000/4000 loss=0.00856 lr=2.00e-06
[16:10:03]   [eval] SR=1.000
[16:10:25]   [dropout] intervention at t=25 (rollout 0) len=21
[16:10:26] 
===== dropout Round 13 | dataset=21 =====
[16:10:30]     train step 200/4000 loss=0.60254 lr=8.00e-05
[16:10:34]     train step 400/4000 loss=0.22269 lr=9.96e-05
[16:10:39]     train step 600/4000 loss=0.08607 lr=9.79e-05
[16:10:43]     train step 800/4000 loss=0.05352 lr=9.49e-05
[16:10:47]     train step 1000/4000 loss=0.04004 lr=9.07e-05
[16:10:52]     train step 1200/4000 loss=0.03182 lr=8.53e-05
[16:10:56]     train step 1400/4000 loss=0.02728 lr=7.90e-05
[16:11:00]     train step 1600/4000 loss=0.02336 lr=7.19e-05
[16:11:05]     train step 1800/4000 loss=0.02029 lr=6.42e-05
[16:11:09]     train step 2000/4000 loss=0.01779 lr=5.62e-05
[16:11:13]     train step 2200/4000 loss=0.01553 lr=4.80e-05
[16:11:18]     train step 2400/4000 loss=0.01370 lr=3.99e-05
[16:11:22]     train step 2600/4000 loss=0.01245 lr=3.20e-05
[16:11:26]     train step 2800/4000 loss=0.01128 lr=2.48e-05
[16:11:30]     train step 3000/4000 loss=0.01041 lr=1.82e-05
[16:11:35]     train step 3200/4000 loss=0.00967 lr=1.26e-05
[16:11:39]     train step 3400/4000 loss=0.00940 lr=8.08e-06
[16:11:43]     train step 3600/4000 loss=0.00899 lr=4.74e-06
[16:11:48]     train step 3800/4000 loss=0.00878 lr=2.69e-06
[16:11:52]     train step 4000/4000 loss=0.00869 lr=2.00e-06
[16:13:14]   [eval] SR=0.990
[16:13:15]   [dropout] intervention at t=0 (rollout 0) len=43
[16:13:15] 
===== dropout Round 14 | dataset=22 =====
[16:13:19]     train step 200/4000 loss=0.60222 lr=8.00e-05
[16:13:24]     train step 400/4000 loss=0.22371 lr=9.96e-05
[16:13:28]     train step 600/4000 loss=0.08921 lr=9.79e-05
[16:13:32]     train step 800/4000 loss=0.05513 lr=9.49e-05
[16:13:37]     train step 1000/4000 loss=0.04026 lr=9.07e-05
[16:13:41]     train step 1200/4000 loss=0.03193 lr=8.53e-05
[16:13:45]     train step 1400/4000 loss=0.02700 lr=7.90e-05
[16:13:50]     train step 1600/4000 loss=0.02292 lr=7.19e-05
[16:13:54]     train step 1800/4000 loss=0.01994 lr=6.42e-05
[16:13:58]     train step 2000/4000 loss=0.01757 lr=5.62e-05
[16:14:03]     train step 2200/4000 loss=0.01531 lr=4.80e-05
[16:14:07]     train step 2400/4000 loss=0.01349 lr=3.99e-05
[16:14:11]     train step 2600/4000 loss=0.01211 lr=3.20e-05
[16:14:16]     train step 2800/4000 loss=0.01146 lr=2.48e-05
[16:14:20]     train step 3000/4000 loss=0.01033 lr=1.82e-05
[16:14:24]     train step 3200/4000 loss=0.00968 lr=1.26e-05
[16:14:29]     train step 3400/4000 loss=0.00928 lr=8.08e-06
[16:14:33]     train step 3600/4000 loss=0.00891 lr=4.74e-06
[16:14:37]     train step 3800/4000 loss=0.00874 lr=2.69e-06
[16:14:42]     train step 4000/4000 loss=0.00863 lr=2.00e-06
[16:16:02]   [eval] SR=1.000
[16:16:05]   [dropout] intervention at t=3 (rollout 0) len=39
[16:16:05] 
===== dropout Round 15 | dataset=23 =====
[16:16:10]     train step 200/4000 loss=0.60181 lr=8.00e-05
[16:16:14]     train step 400/4000 loss=0.22137 lr=9.96e-05
[16:16:18]     train step 600/4000 loss=0.08876 lr=9.79e-05
[16:16:23]     train step 800/4000 loss=0.05455 lr=9.49e-05
[16:16:27]     train step 1000/4000 loss=0.04110 lr=9.07e-05
[16:16:32]     train step 1200/4000 loss=0.03271 lr=8.53e-05
[16:16:36]     train step 1400/4000 loss=0.02687 lr=7.90e-05
[16:16:40]     train step 1600/4000 loss=0.02356 lr=7.19e-05
[16:16:45]     train step 1800/4000 loss=0.02015 lr=6.42e-05
[16:16:49]     train step 2000/4000 loss=0.01800 lr=5.62e-05
[16:16:53]     train step 2200/4000 loss=0.01611 lr=4.80e-05
[16:16:58]     train step 2400/4000 loss=0.01410 lr=3.99e-05
[16:17:02]     train step 2600/4000 loss=0.01316 lr=3.20e-05
[16:17:06]     train step 2800/4000 loss=0.01170 lr=2.48e-05
[16:17:11]     train step 3000/4000 loss=0.01092 lr=1.82e-05
[16:17:15]     train step 3200/4000 loss=0.01017 lr=1.26e-05
[16:17:19]     train step 3400/4000 loss=0.00983 lr=8.08e-06
[16:17:24]     train step 3600/4000 loss=0.00943 lr=4.74e-06
[16:17:28]     train step 3800/4000 loss=0.00926 lr=2.69e-06
[16:17:32]     train step 4000/4000 loss=0.00920 lr=2.00e-06
[16:18:54]   [eval] SR=1.000
[16:18:55]   [dropout] intervention at t=0 (rollout 0) len=45
[16:18:55] 
===== dropout Round 16 | dataset=24 =====
[16:18:59]     train step 200/4000 loss=0.59964 lr=8.00e-05
[16:19:04]     train step 400/4000 loss=0.21951 lr=9.96e-05
[16:19:08]     train step 600/4000 loss=0.08349 lr=9.79e-05
[16:19:12]     train step 800/4000 loss=0.05463 lr=9.49e-05
[16:19:17]     train step 1000/4000 loss=0.04132 lr=9.07e-05
[16:19:21]     train step 1200/4000 loss=0.03289 lr=8.53e-05
[16:19:25]     train step 1400/4000 loss=0.02704 lr=7.90e-05
[16:19:30]     train step 1600/4000 loss=0.02331 lr=7.19e-05
[16:19:34]     train step 1800/4000 loss=0.02114 lr=6.42e-05
[16:19:38]     train step 2000/4000 loss=0.01876 lr=5.62e-05
[16:19:43]     train step 2200/4000 loss=0.01642 lr=4.80e-05
[16:19:47]     train step 2400/4000 loss=0.01457 lr=3.99e-05
[16:19:51]     train step 2600/4000 loss=0.01337 lr=3.20e-05
[16:19:56]     train step 2800/4000 loss=0.01206 lr=2.48e-05
[16:20:00]     train step 3000/4000 loss=0.01116 lr=1.82e-05
[16:20:04]     train step 3200/4000 loss=0.01030 lr=1.26e-05
[16:20:09]     train step 3400/4000 loss=0.01007 lr=8.08e-06
[16:20:13]     train step 3600/4000 loss=0.00961 lr=4.74e-06
[16:20:17]     train step 3800/4000 loss=0.00944 lr=2.69e-06
[16:20:22]     train step 4000/4000 loss=0.00936 lr=2.00e-06
[16:21:41]   [eval] SR=1.000
[16:21:46]   [dropout] intervention at t=4 (rollout 0) len=43
[16:21:46] 
===== dropout Round 17 | dataset=25 =====
[16:21:50]     train step 200/4000 loss=0.60024 lr=8.00e-05
[16:21:55]     train step 400/4000 loss=0.22116 lr=9.96e-05
[16:21:59]     train step 600/4000 loss=0.08419 lr=9.79e-05
[16:22:03]     train step 800/4000 loss=0.05437 lr=9.49e-05
[16:22:08]     train step 1000/4000 loss=0.04012 lr=9.07e-05
[16:22:12]     train step 1200/4000 loss=0.03266 lr=8.53e-05
[16:22:17]     train step 1400/4000 loss=0.02689 lr=7.90e-05
[16:22:21]     train step 1600/4000 loss=0.02318 lr=7.19e-05
[16:22:25]     train step 1800/4000 loss=0.02006 lr=6.42e-05
[16:22:30]     train step 2000/4000 loss=0.01781 lr=5.62e-05
[16:22:34]     train step 2200/4000 loss=0.01561 lr=4.80e-05
[16:22:38]     train step 2400/4000 loss=0.01379 lr=3.99e-05
[16:22:43]     train step 2600/4000 loss=0.01269 lr=3.20e-05
[16:22:47]     train step 2800/4000 loss=0.01134 lr=2.48e-05
[16:22:51]     train step 3000/4000 loss=0.01066 lr=1.82e-05
[16:22:56]     train step 3200/4000 loss=0.00998 lr=1.26e-05
[16:23:00]     train step 3400/4000 loss=0.00958 lr=8.08e-06
[16:23:04]     train step 3600/4000 loss=0.00925 lr=4.74e-06
[16:23:09]     train step 3800/4000 loss=0.00908 lr=2.69e-06
[16:23:13]     train step 4000/4000 loss=0.00894 lr=2.00e-06
[16:24:32]   [eval] SR=1.000
[16:24:34]   [dropout] intervention at t=1 (rollout 0) len=46
[16:24:34] 
===== dropout Round 18 | dataset=26 =====
[16:24:38]     train step 200/4000 loss=0.60033 lr=8.00e-05
[16:24:42]     train step 400/4000 loss=0.21990 lr=9.96e-05
[16:24:47]     train step 600/4000 loss=0.08549 lr=9.79e-05
[16:24:51]     train step 800/4000 loss=0.05504 lr=9.49e-05
[16:24:55]     train step 1000/4000 loss=0.04003 lr=9.07e-05
[16:25:00]     train step 1200/4000 loss=0.03267 lr=8.53e-05
[16:25:04]     train step 1400/4000 loss=0.02741 lr=7.90e-05
[16:25:08]     train step 1600/4000 loss=0.02336 lr=7.19e-05
[16:25:13]     train step 1800/4000 loss=0.02032 lr=6.42e-05
[16:25:17]     train step 2000/4000 loss=0.01769 lr=5.62e-05
[16:25:21]     train step 2200/4000 loss=0.01572 lr=4.80e-05
[16:25:26]     train step 2400/4000 loss=0.01382 lr=3.99e-05
[16:25:30]     train step 2600/4000 loss=0.01280 lr=3.20e-05
[16:25:34]     train step 2800/4000 loss=0.01140 lr=2.48e-05
[16:25:39]     train step 3000/4000 loss=0.01080 lr=1.82e-05
[16:25:43]     train step 3200/4000 loss=0.00994 lr=1.26e-05
[16:25:47]     train step 3400/4000 loss=0.00963 lr=8.08e-06
[16:25:52]     train step 3600/4000 loss=0.00921 lr=4.74e-06
[16:25:56]     train step 3800/4000 loss=0.00904 lr=2.69e-06
[16:26:00]     train step 4000/4000 loss=0.00895 lr=2.00e-06
[16:27:19]   [eval] SR=1.000
[16:27:39]   [dropout] intervention at t=22 (rollout 0) len=21
[16:27:39] 
===== dropout Round 19 | dataset=27 =====
[16:27:44]     train step 200/4000 loss=0.60033 lr=8.00e-05
[16:27:48]     train step 400/4000 loss=0.21845 lr=9.96e-05
[16:27:52]     train step 600/4000 loss=0.08646 lr=9.79e-05
[16:27:57]     train step 800/4000 loss=0.05545 lr=9.49e-05
[16:28:01]     train step 1000/4000 loss=0.04074 lr=9.07e-05
[16:28:05]     train step 1200/4000 loss=0.03294 lr=8.53e-05
[16:28:10]     train step 1400/4000 loss=0.02727 lr=7.90e-05
[16:28:14]     train step 1600/4000 loss=0.02401 lr=7.19e-05
[16:28:18]     train step 1800/4000 loss=0.02038 lr=6.42e-05
[16:28:23]     train step 2000/4000 loss=0.01782 lr=5.62e-05
[16:28:27]     train step 2200/4000 loss=0.01623 lr=4.80e-05
[16:28:31]     train step 2400/4000 loss=0.01473 lr=3.99e-05
[16:28:36]     train step 2600/4000 loss=0.01342 lr=3.20e-05
[16:28:40]     train step 2800/4000 loss=0.01247 lr=2.48e-05
[16:28:44]     train step 3000/4000 loss=0.01135 lr=1.82e-05
[16:28:49]     train step 3200/4000 loss=0.01062 lr=1.26e-05
[16:28:53]     train step 3400/4000 loss=0.01026 lr=8.08e-06
[16:28:57]     train step 3600/4000 loss=0.00983 lr=4.74e-06
[16:29:02]     train step 3800/4000 loss=0.00967 lr=2.69e-06
[16:29:06]     train step 4000/4000 loss=0.00952 lr=2.00e-06
[16:30:24]   [eval] SR=1.000
[16:30:29]   [dropout] intervention at t=4 (rollout 0) len=42
[16:30:29] 
===== dropout Round 20 | dataset=28 =====
[16:30:34]     train step 200/4000 loss=0.59958 lr=8.00e-05
[16:30:38]     train step 400/4000 loss=0.21842 lr=9.96e-05
[16:30:42]     train step 600/4000 loss=0.08419 lr=9.79e-05
[16:30:47]     train step 800/4000 loss=0.05343 lr=9.49e-05
[16:30:51]     train step 1000/4000 loss=0.03991 lr=9.07e-05
[16:30:55]     train step 1200/4000 loss=0.03310 lr=8.53e-05
[16:31:00]     train step 1400/4000 loss=0.02762 lr=7.90e-05
[16:31:04]     train step 1600/4000 loss=0.02364 lr=7.19e-05
[16:31:08]     train step 1800/4000 loss=0.02035 lr=6.42e-05
[16:31:13]     train step 2000/4000 loss=0.01810 lr=5.62e-05
[16:31:17]     train step 2200/4000 loss=0.01609 lr=4.80e-05
[16:31:21]     train step 2400/4000 loss=0.01415 lr=3.99e-05
[16:31:26]     train step 2600/4000 loss=0.01310 lr=3.20e-05
[16:31:30]     train step 2800/4000 loss=0.01176 lr=2.48e-05
[16:31:34]     train step 3000/4000 loss=0.01095 lr=1.82e-05
[16:31:38]     train step 3200/4000 loss=0.01035 lr=1.26e-05
[16:31:43]     train step 3400/4000 loss=0.00985 lr=8.08e-06
[16:31:47]     train step 3600/4000 loss=0.00944 lr=4.74e-06
[16:31:51]     train step 3800/4000 loss=0.00926 lr=2.69e-06
[16:31:56]     train step 4000/4000 loss=0.00914 lr=2.00e-06
[16:33:14]   [eval] SR=1.000
[16:33:14] DONE in 3996.5s | final_success=1.0
[16:33:14] [write] /weka/s226137394/DmNfull/distil/results/Lift/state/dropout/seed1/result.json
