[21:51:49] [env] loaded /weka/s226137394/DmNfull/.env
[21:51:50] ===== DISTIL | task=Lift modality=image ablation=allocation_random seed=2 budget=20 smoke=False device=cuda =====
[21:51:52] [bootstrap] loaded 8 shared demos from /weka/s226137394/DmNfull/distil/results/shared_bootstrap/Lift_image/Lift_image_ni8.pkl
[21:51:52] [kag] copied Lift.json + rendered .kag.txt into /weka/s226137394/DmNfull/distil/results/Lift/image/allocation_random/seed2/kag
[21:51:59] [init] using 8 bootstrap demos (shared with baselines)
[21:51:59] 
===== DISTIL Round 0 | dataset=8 trajs =====
[21:51:59]   [train] 8 trajs, 357 windows, state_dim=23 act_dim=7 params=4.61M steps=8000
[21:52:35]     train step 200/8000 loss=0.59460 lr=8.00e-05
[21:53:06]     train step 400/8000 loss=0.26865 lr=9.99e-05
[21:53:36]     train step 600/8000 loss=0.14797 lr=9.95e-05
[21:54:07]     train step 800/8000 loss=0.09741 lr=9.88e-05
[21:54:37]     train step 1000/8000 loss=0.07201 lr=9.78e-05
[21:55:07]     train step 1200/8000 loss=0.05556 lr=9.64e-05
[21:55:38]     train step 1400/8000 loss=0.04609 lr=9.48e-05
[21:56:08]     train step 1600/8000 loss=0.03921 lr=9.29e-05
[21:56:39]     train step 1800/8000 loss=0.03482 lr=9.07e-05
[21:57:09]     train step 2000/8000 loss=0.03085 lr=8.82e-05
[21:57:39]     train step 2200/8000 loss=0.02723 lr=8.55e-05
[21:58:11]     train step 2400/8000 loss=0.02408 lr=8.26e-05
[21:58:41]     train step 2600/8000 loss=0.02130 lr=7.94e-05
[21:59:12]     train step 2800/8000 loss=0.02064 lr=7.61e-05
[21:59:42]     train step 3000/8000 loss=0.01892 lr=7.26e-05
[22:00:13]     train step 3200/8000 loss=0.01642 lr=6.90e-05
[22:00:43]     train step 3400/8000 loss=0.01481 lr=6.52e-05
[22:01:14]     train step 3600/8000 loss=0.01361 lr=6.14e-05
[22:01:44]     train step 3800/8000 loss=0.01270 lr=5.75e-05
[22:02:15]     train step 4000/8000 loss=0.01089 lr=5.35e-05
[22:02:46]     train step 4200/8000 loss=0.00991 lr=4.95e-05
[22:03:16]     train step 4400/8000 loss=0.00952 lr=4.56e-05
[22:03:48]     train step 4600/8000 loss=0.00814 lr=4.16e-05
[22:04:18]     train step 4800/8000 loss=0.00751 lr=3.78e-05
[22:04:49]     train step 5000/8000 loss=0.00687 lr=3.40e-05
[22:05:20]     train step 5200/8000 loss=0.00628 lr=3.03e-05
[22:05:50]     train step 5400/8000 loss=0.00573 lr=2.68e-05
[22:06:20]     train step 5600/8000 loss=0.00512 lr=2.34e-05
[22:06:50]     train step 5800/8000 loss=0.00488 lr=2.02e-05
[22:07:21]     train step 6000/8000 loss=0.00450 lr=1.73e-05
[22:07:52]     train step 6200/8000 loss=0.00419 lr=1.45e-05
[22:08:23]     train step 6400/8000 loss=0.00400 lr=1.20e-05
[22:08:53]     train step 6600/8000 loss=0.00379 lr=9.69e-06
[22:09:24]     train step 6800/8000 loss=0.00353 lr=7.69e-06
[22:09:55]     train step 7000/8000 loss=0.00342 lr=5.98e-06
[22:10:26]     train step 7200/8000 loss=0.00333 lr=4.56e-06
[22:10:56]     train step 7400/8000 loss=0.00326 lr=3.45e-06
[22:11:27]     train step 7600/8000 loss=0.00318 lr=2.65e-06
[22:11:58]     train step 7800/8000 loss=0.00312 lr=2.16e-06
[22:12:28]     train step 8000/8000 loss=0.00310 lr=2.00e-06
[22:12:53]   [calibrate] threshold(alpha=0.99)=0.00424 over 1428 samples (median=0.00312)
