[01:43:54] [env] loaded /weka/s226137394/DmNfull/.env
[01:43:55] ===== DISTIL | task=Lift modality=state ablation=decision_heuristic seed=4 budget=20 smoke=False device=cuda =====
[01:43:56] [bootstrap] loaded 8 shared demos from /weka/s226137394/DmNfull/distil/results/shared_bootstrap/Lift_state/Lift_state_ni8.pkl
[01:43:56] [kag] copied Lift.json + rendered .kag.txt into /weka/s226137394/DmNfull/distil/results/Lift/state/decision_heuristic/seed4/kag
[01:43:58] [init] using 8 bootstrap demos (shared with baselines)
[01:43:58] 
===== DISTIL Round 0 | dataset=8 trajs =====
[01:43:59]   [train] 8 trajs, 357 windows, state_dim=23 act_dim=7 params=4.26M steps=8000
[01:44:04]     train step 200/8000 loss=0.63121 lr=8.00e-05
[01:44:08]     train step 400/8000 loss=0.24321 lr=9.99e-05
[01:44:12]     train step 600/8000 loss=0.09178 lr=9.95e-05
[01:44:16]     train step 800/8000 loss=0.05626 lr=9.88e-05
[01:44:20]     train step 1000/8000 loss=0.04136 lr=9.78e-05
[01:44:24]     train step 1200/8000 loss=0.03222 lr=9.64e-05
[01:44:28]     train step 1400/8000 loss=0.02696 lr=9.48e-05
[01:44:32]     train step 1600/8000 loss=0.02303 lr=9.29e-05
[01:44:36]     train step 1800/8000 loss=0.02018 lr=9.07e-05
[01:44:40]     train step 2000/8000 loss=0.01711 lr=8.82e-05
[01:44:44]     train step 2200/8000 loss=0.01571 lr=8.55e-05
[01:44:48]     train step 2400/8000 loss=0.01358 lr=8.26e-05
[01:44:52]     train step 2600/8000 loss=0.01139 lr=7.94e-05
[01:44:56]     train step 2800/8000 loss=0.01045 lr=7.61e-05
[01:45:00]     train step 3000/8000 loss=0.00986 lr=7.26e-05
[01:45:04]     train step 3200/8000 loss=0.00774 lr=6.90e-05
[01:45:08]     train step 3400/8000 loss=0.00680 lr=6.52e-05
[01:45:12]     train step 3600/8000 loss=0.00629 lr=6.14e-05
[01:45:16]     train step 3800/8000 loss=0.00534 lr=5.75e-05
[01:45:20]     train step 4000/8000 loss=0.00479 lr=5.35e-05
[01:45:24]     train step 4200/8000 loss=0.00456 lr=4.95e-05
[01:45:29]     train step 4400/8000 loss=0.00392 lr=4.56e-05
[01:45:33]     train step 4600/8000 loss=0.00383 lr=4.16e-05
[01:45:37]     train step 4800/8000 loss=0.00359 lr=3.78e-05
[01:45:41]     train step 5000/8000 loss=0.00332 lr=3.40e-05
[01:45:45]     train step 5200/8000 loss=0.00310 lr=3.03e-05
[01:45:49]     train step 5400/8000 loss=0.00307 lr=2.68e-05
[01:45:53]     train step 5600/8000 loss=0.00266 lr=2.34e-05
[01:45:57]     train step 5800/8000 loss=0.00254 lr=2.02e-05
[01:46:01]     train step 6000/8000 loss=0.00240 lr=1.73e-05
[01:46:05]     train step 6200/8000 loss=0.00239 lr=1.45e-05
[01:46:09]     train step 6400/8000 loss=0.00232 lr=1.20e-05
[01:46:13]     train step 6600/8000 loss=0.00220 lr=9.69e-06
[01:46:17]     train step 6800/8000 loss=0.00216 lr=7.69e-06
[01:46:21]     train step 7000/8000 loss=0.00209 lr=5.98e-06
[01:46:25]     train step 7200/8000 loss=0.00207 lr=4.56e-06
[01:46:29]     train step 7400/8000 loss=0.00203 lr=3.45e-06
[01:46:33]     train step 7600/8000 loss=0.00200 lr=2.65e-06
[01:46:37]     train step 7800/8000 loss=0.00198 lr=2.16e-06
[01:46:41]     train step 8000/8000 loss=0.00196 lr=2.00e-06
[01:46:48]   [calibrate] threshold(alpha=0.99)=0.00317 over 1428 samples (median=0.00198)
[01:49:47]   [eval] pure-policy success=0.730 mean_len=111 (fixed 100-ep set)
[01:50:36]   [screen] 4/40 failures found
[01:50:37]   [collect a0] mode=bridge choice=geometric_bridge cited=[3000031, 3000032] success=True len=45
[01:50:37] 
===== DISTIL Round 1 | dataset=9 trajs =====
[01:50:37]   [train] 9 trajs, 402 windows, state_dim=23 act_dim=7 params=4.26M steps=4000
[01:50:41]     train step 200/4000 loss=0.62337 lr=8.00e-05
[01:50:46]     train step 400/4000 loss=0.22900 lr=9.96e-05
[01:50:50]     train step 600/4000 loss=0.08197 lr=9.79e-05
[01:50:54]     train step 800/4000 loss=0.04931 lr=9.49e-05
[01:50:58]     train step 1000/4000 loss=0.03634 lr=9.07e-05
[01:51:02]     train step 1200/4000 loss=0.02866 lr=8.53e-05
[01:51:06]     train step 1400/4000 loss=0.02382 lr=7.90e-05
[01:51:10]     train step 1600/4000 loss=0.02074 lr=7.19e-05
[01:51:14]     train step 1800/4000 loss=0.01798 lr=6.42e-05
[01:51:18]     train step 2000/4000 loss=0.01539 lr=5.62e-05
[01:51:22]     train step 2200/4000 loss=0.01321 lr=4.80e-05
[01:51:27]     train step 2400/4000 loss=0.01222 lr=3.99e-05
[01:51:31]     train step 2600/4000 loss=0.01082 lr=3.20e-05
[01:51:35]     train step 2800/4000 loss=0.00969 lr=2.48e-05
[01:51:39]     train step 3000/4000 loss=0.00883 lr=1.82e-05
[01:51:43]     train step 3200/4000 loss=0.00816 lr=1.26e-05
[01:51:47]     train step 3400/4000 loss=0.00773 lr=8.08e-06
[01:51:51]     train step 3600/4000 loss=0.00736 lr=4.74e-06
[01:51:55]     train step 3800/4000 loss=0.00715 lr=2.69e-06
[01:51:59]     train step 4000/4000 loss=0.00713 lr=2.00e-06
[01:52:06]   [calibrate] threshold(alpha=0.99)=0.01189 over 1608 samples (median=0.00730)
[01:54:08]   [eval] pure-policy success=0.930 mean_len=74 (fixed 100-ep set)
[01:54:55]   [screen] 3/40 failures found
[01:54:56]   [collect a0] mode=select choice=geometric_select cited=[3000052] success=True len=41
[01:54:56] 
===== DISTIL Round 2 | dataset=10 trajs =====
[01:54:56]   [train] 10 trajs, 443 windows, state_dim=23 act_dim=7 params=4.26M steps=4000
[01:55:00]     train step 200/4000 loss=0.63928 lr=8.00e-05
[01:55:05]     train step 400/4000 loss=0.22904 lr=9.96e-05
[01:55:09]     train step 600/4000 loss=0.08177 lr=9.79e-05
[01:55:13]     train step 800/4000 loss=0.05066 lr=9.49e-05
[01:55:17]     train step 1000/4000 loss=0.03773 lr=9.07e-05
[01:55:21]     train step 1200/4000 loss=0.02973 lr=8.53e-05
[01:55:25]     train step 1400/4000 loss=0.02449 lr=7.90e-05
[01:55:29]     train step 1600/4000 loss=0.02090 lr=7.19e-05
[01:55:33]     train step 1800/4000 loss=0.01804 lr=6.42e-05
[01:55:37]     train step 2000/4000 loss=0.01573 lr=5.62e-05
[01:55:41]     train step 2200/4000 loss=0.01407 lr=4.80e-05
[01:55:46]     train step 2400/4000 loss=0.01257 lr=3.99e-05
[01:55:50]     train step 2600/4000 loss=0.01122 lr=3.20e-05
[01:55:54]     train step 2800/4000 loss=0.01005 lr=2.48e-05
[01:55:58]     train step 3000/4000 loss=0.00933 lr=1.82e-05
[01:56:02]     train step 3200/4000 loss=0.00835 lr=1.26e-05
[01:56:06]     train step 3400/4000 loss=0.00801 lr=8.08e-06
[01:56:10]     train step 3600/4000 loss=0.00769 lr=4.74e-06
[01:56:14]     train step 3800/4000 loss=0.00758 lr=2.69e-06
[01:56:18]     train step 4000/4000 loss=0.00751 lr=2.00e-06
[01:56:26]   [calibrate] threshold(alpha=0.99)=0.01201 over 1772 samples (median=0.00760)
[01:57:49]   [eval] pure-policy success=0.990 mean_len=50 (fixed 100-ep set)
[01:58:20]   [screen] 0/40 failures found
[01:58:20]   [screen] no usable failures — budget-free, next round (1/4 toward saturation stop)
[01:58:20] 
===== DISTIL Round 3 | dataset=10 trajs =====
[01:58:20]   [train] 10 trajs, 443 windows, state_dim=23 act_dim=7 params=4.26M steps=4000
[01:58:24]     train step 200/4000 loss=0.62984 lr=8.00e-05
[01:58:28]     train step 400/4000 loss=0.23280 lr=9.96e-05
[01:58:32]     train step 600/4000 loss=0.08070 lr=9.79e-05
[01:58:36]     train step 800/4000 loss=0.05082 lr=9.49e-05
[01:58:40]     train step 1000/4000 loss=0.03799 lr=9.07e-05
[01:58:44]     train step 1200/4000 loss=0.02941 lr=8.53e-05
[01:58:48]     train step 1400/4000 loss=0.02417 lr=7.90e-05
[01:58:52]     train step 1600/4000 loss=0.02099 lr=7.19e-05
[01:58:56]     train step 1800/4000 loss=0.01853 lr=6.42e-05
[01:59:01]     train step 2000/4000 loss=0.01664 lr=5.62e-05
[01:59:05]     train step 2200/4000 loss=0.01440 lr=4.80e-05
[01:59:09]     train step 2400/4000 loss=0.01257 lr=3.99e-05
[01:59:13]     train step 2600/4000 loss=0.01134 lr=3.20e-05
[01:59:17]     train step 2800/4000 loss=0.01017 lr=2.48e-05
[01:59:21]     train step 3000/4000 loss=0.00926 lr=1.82e-05
[01:59:25]     train step 3200/4000 loss=0.00865 lr=1.26e-05
[01:59:29]     train step 3400/4000 loss=0.00817 lr=8.08e-06
[01:59:33]     train step 3600/4000 loss=0.00789 lr=4.74e-06
[01:59:38]     train step 3800/4000 loss=0.00762 lr=2.69e-06
[01:59:42]     train step 4000/4000 loss=0.00750 lr=2.00e-06
[01:59:49]   [calibrate] threshold(alpha=0.99)=0.01275 over 1772 samples (median=0.00746)
[02:01:10]   [eval] pure-policy success=1.000 mean_len=50 (fixed 100-ep set)
[02:01:41]   [screen] 0/40 failures found
[02:01:41]   [screen] no usable failures — budget-free, next round (2/4 toward saturation stop)
[02:01:41] 
===== DISTIL Round 4 | dataset=10 trajs =====
[02:01:41]   [train] 10 trajs, 443 windows, state_dim=23 act_dim=7 params=4.26M steps=4000
[02:01:45]     train step 200/4000 loss=0.58390 lr=8.00e-05
[02:01:50]     train step 400/4000 loss=0.21734 lr=9.96e-05
[02:01:54]     train step 600/4000 loss=0.08068 lr=9.79e-05
[02:01:58]     train step 800/4000 loss=0.05214 lr=9.49e-05
[02:02:02]     train step 1000/4000 loss=0.03861 lr=9.07e-05
[02:02:06]     train step 1200/4000 loss=0.03080 lr=8.53e-05
[02:02:10]     train step 1400/4000 loss=0.02549 lr=7.90e-05
[02:02:14]     train step 1600/4000 loss=0.02151 lr=7.19e-05
[02:02:18]     train step 1800/4000 loss=0.01900 lr=6.42e-05
[02:02:22]     train step 2000/4000 loss=0.01671 lr=5.62e-05
[02:02:27]     train step 2200/4000 loss=0.01413 lr=4.80e-05
[02:02:31]     train step 2400/4000 loss=0.01245 lr=3.99e-05
[02:02:35]     train step 2600/4000 loss=0.01109 lr=3.20e-05
[02:02:39]     train step 2800/4000 loss=0.01007 lr=2.48e-05
[02:02:43]     train step 3000/4000 loss=0.00898 lr=1.82e-05
[02:02:47]     train step 3200/4000 loss=0.00853 lr=1.26e-05
[02:02:51]     train step 3400/4000 loss=0.00803 lr=8.08e-06
[02:02:55]     train step 3600/4000 loss=0.00767 lr=4.74e-06
[02:02:59]     train step 3800/4000 loss=0.00747 lr=2.69e-06
[02:03:03]     train step 4000/4000 loss=0.00735 lr=2.00e-06
[02:03:11]   [calibrate] threshold(alpha=0.99)=0.01273 over 1772 samples (median=0.00745)
[02:04:32]   [eval] pure-policy success=0.990 mean_len=50 (fixed 100-ep set)
[02:05:13]   [screen] 3/40 failures found
[02:05:14]   [collect a0] mode=select choice=geometric_select cited=[3000178] success=True len=20
[02:05:14] 
===== DISTIL Round 5 | dataset=11 trajs =====
[02:05:14]   [train] 11 trajs, 463 windows, state_dim=23 act_dim=7 params=4.26M steps=4000
[02:05:19]     train step 200/4000 loss=0.57342 lr=8.00e-05
[02:05:23]     train step 400/4000 loss=0.20835 lr=9.96e-05
[02:05:27]     train step 600/4000 loss=0.07762 lr=9.79e-05
[02:05:31]     train step 800/4000 loss=0.04897 lr=9.49e-05
[02:05:35]     train step 1000/4000 loss=0.03614 lr=9.07e-05
[02:05:39]     train step 1200/4000 loss=0.02783 lr=8.53e-05
[02:05:44]     train step 1400/4000 loss=0.02323 lr=7.90e-05
[02:05:48]     train step 1600/4000 loss=0.01953 lr=7.19e-05
[02:05:52]     train step 1800/4000 loss=0.01644 lr=6.42e-05
[02:05:56]     train step 2000/4000 loss=0.01386 lr=5.62e-05
[02:06:00]     train step 2200/4000 loss=0.01213 lr=4.80e-05
[02:06:04]     train step 2400/4000 loss=0.01093 lr=3.99e-05
[02:06:08]     train step 2600/4000 loss=0.00950 lr=3.20e-05
[02:06:12]     train step 2800/4000 loss=0.00864 lr=2.48e-05
[02:06:17]     train step 3000/4000 loss=0.00783 lr=1.82e-05
[02:06:21]     train step 3200/4000 loss=0.00733 lr=1.26e-05
[02:06:25]     train step 3400/4000 loss=0.00691 lr=8.08e-06
[02:06:29]     train step 3600/4000 loss=0.00654 lr=4.74e-06
[02:06:33]     train step 3800/4000 loss=0.00642 lr=2.69e-06
[02:06:37]     train step 4000/4000 loss=0.00633 lr=2.00e-06
[02:06:45]   [calibrate] threshold(alpha=0.99)=0.01065 over 1852 samples (median=0.00634)
[02:08:07]   [eval] pure-policy success=0.990 mean_len=50 (fixed 100-ep set)
[02:08:37]   [screen] 0/40 failures found
[02:08:38]   [screen] no usable failures — budget-free, next round (1/4 toward saturation stop)
[02:08:38] 
===== DISTIL Round 6 | dataset=11 trajs =====
[02:08:38]   [train] 11 trajs, 463 windows, state_dim=23 act_dim=7 params=4.26M steps=4000
[02:08:42]     train step 200/4000 loss=0.59650 lr=8.00e-05
[02:08:46]     train step 400/4000 loss=0.21313 lr=9.96e-05
[02:08:50]     train step 600/4000 loss=0.08218 lr=9.79e-05
[02:08:54]     train step 800/4000 loss=0.05193 lr=9.49e-05
[02:08:58]     train step 1000/4000 loss=0.03702 lr=9.07e-05
[02:09:02]     train step 1200/4000 loss=0.02998 lr=8.53e-05
[02:09:06]     train step 1400/4000 loss=0.02417 lr=7.90e-05
[02:09:10]     train step 1600/4000 loss=0.02038 lr=7.19e-05
[02:09:14]     train step 1800/4000 loss=0.01781 lr=6.42e-05
[02:09:19]     train step 2000/4000 loss=0.01553 lr=5.62e-05
[02:09:23]     train step 2200/4000 loss=0.01324 lr=4.80e-05
[02:09:27]     train step 2400/4000 loss=0.01174 lr=3.99e-05
[02:09:31]     train step 2600/4000 loss=0.01041 lr=3.20e-05
[02:09:35]     train step 2800/4000 loss=0.00923 lr=2.48e-05
[02:09:39]     train step 3000/4000 loss=0.00847 lr=1.82e-05
[02:09:43]     train step 3200/4000 loss=0.00787 lr=1.26e-05
[02:09:47]     train step 3400/4000 loss=0.00746 lr=8.08e-06
[02:09:52]     train step 3600/4000 loss=0.00720 lr=4.74e-06
[02:09:56]     train step 3800/4000 loss=0.00694 lr=2.69e-06
[02:10:00]     train step 4000/4000 loss=0.00682 lr=2.00e-06
[02:10:08]   [calibrate] threshold(alpha=0.99)=0.01066 over 1852 samples (median=0.00703)
[02:11:35]   [eval] pure-policy success=0.970 mean_len=54 (fixed 100-ep set)
[02:12:07]   [screen] 0/40 failures found
[02:12:08]   [screen] no usable failures — budget-free, next round (2/4 toward saturation stop)
[02:12:08] 
===== DISTIL Round 7 | dataset=11 trajs =====
[02:12:08]   [train] 11 trajs, 463 windows, state_dim=23 act_dim=7 params=4.26M steps=4000
[02:12:12]     train step 200/4000 loss=0.57399 lr=8.00e-05
[02:12:16]     train step 400/4000 loss=0.21333 lr=9.96e-05
[02:12:20]     train step 600/4000 loss=0.08317 lr=9.79e-05
[02:12:24]     train step 800/4000 loss=0.05301 lr=9.49e-05
[02:12:28]     train step 1000/4000 loss=0.03883 lr=9.07e-05
[02:12:32]     train step 1200/4000 loss=0.03015 lr=8.53e-05
[02:12:37]     train step 1400/4000 loss=0.02509 lr=7.90e-05
[02:12:41]     train step 1600/4000 loss=0.02085 lr=7.19e-05
[02:12:45]     train step 1800/4000 loss=0.01771 lr=6.42e-05
[02:12:49]     train step 2000/4000 loss=0.01519 lr=5.62e-05
[02:12:53]     train step 2200/4000 loss=0.01381 lr=4.80e-05
[02:12:57]     train step 2400/4000 loss=0.01209 lr=3.99e-05
[02:13:01]     train step 2600/4000 loss=0.01080 lr=3.20e-05
[02:13:06]     train step 2800/4000 loss=0.00968 lr=2.48e-05
[02:13:10]     train step 3000/4000 loss=0.00905 lr=1.82e-05
[02:13:14]     train step 3200/4000 loss=0.00839 lr=1.26e-05
[02:13:18]     train step 3400/4000 loss=0.00809 lr=8.08e-06
[02:13:22]     train step 3600/4000 loss=0.00767 lr=4.74e-06
[02:13:26]     train step 3800/4000 loss=0.00759 lr=2.69e-06
[02:13:30]     train step 4000/4000 loss=0.00746 lr=2.00e-06
[02:13:38]   [calibrate] threshold(alpha=0.99)=0.01183 over 1852 samples (median=0.00755)
[02:15:00]   [eval] pure-policy success=0.990 mean_len=50 (fixed 100-ep set)
[02:15:32]   [screen] 0/40 failures found
[02:15:32]   [screen] no usable failures — budget-free, next round (3/4 toward saturation stop)
[02:15:32] 
===== DISTIL Round 8 | dataset=11 trajs =====
[02:15:32]   [train] 11 trajs, 463 windows, state_dim=23 act_dim=7 params=4.26M steps=4000
[02:15:36]     train step 200/4000 loss=0.60014 lr=8.00e-05
[02:15:40]     train step 400/4000 loss=0.21425 lr=9.96e-05
[02:15:44]     train step 600/4000 loss=0.08467 lr=9.79e-05
[02:15:48]     train step 800/4000 loss=0.05453 lr=9.49e-05
[02:15:53]     train step 1000/4000 loss=0.04078 lr=9.07e-05
[02:15:57]     train step 1200/4000 loss=0.03183 lr=8.53e-05
[02:16:01]     train step 1400/4000 loss=0.02683 lr=7.90e-05
[02:16:05]     train step 1600/4000 loss=0.02265 lr=7.19e-05
[02:16:09]     train step 1800/4000 loss=0.01972 lr=6.42e-05
[02:16:13]     train step 2000/4000 loss=0.01727 lr=5.62e-05
[02:16:18]     train step 2200/4000 loss=0.01544 lr=4.80e-05
[02:16:22]     train step 2400/4000 loss=0.01363 lr=3.99e-05
[02:16:26]     train step 2600/4000 loss=0.01227 lr=3.20e-05
[02:16:30]     train step 2800/4000 loss=0.01109 lr=2.48e-05
[02:16:34]     train step 3000/4000 loss=0.01000 lr=1.82e-05
[02:16:38]     train step 3200/4000 loss=0.00933 lr=1.26e-05
[02:16:42]     train step 3400/4000 loss=0.00893 lr=8.08e-06
[02:16:47]     train step 3600/4000 loss=0.00859 lr=4.74e-06
[02:16:51]     train step 3800/4000 loss=0.00833 lr=2.69e-06
[02:16:55]     train step 4000/4000 loss=0.00819 lr=2.00e-06
[02:17:03]   [calibrate] threshold(alpha=0.99)=0.01410 over 1852 samples (median=0.00822)
[02:18:23]   [eval] pure-policy success=0.990 mean_len=49 (fixed 100-ep set)
[02:18:58]   [screen] 1/40 failures found
[02:18:59]   [collect a0] mode=select choice=geometric_select cited=[3000355] success=True len=44
[02:18:59] 
===== DISTIL Round 9 | dataset=12 trajs =====
[02:18:59]   [train] 12 trajs, 507 windows, state_dim=23 act_dim=7 params=4.26M steps=4000
[02:19:03]     train step 200/4000 loss=0.58996 lr=8.00e-05
[02:19:08]     train step 400/4000 loss=0.20463 lr=9.96e-05
[02:19:12]     train step 600/4000 loss=0.08173 lr=9.79e-05
[02:19:16]     train step 800/4000 loss=0.05150 lr=9.49e-05
[02:19:20]     train step 1000/4000 loss=0.03722 lr=9.07e-05
[02:19:24]     train step 1200/4000 loss=0.03001 lr=8.53e-05
[02:19:29]     train step 1400/4000 loss=0.02409 lr=7.90e-05
[02:19:33]     train step 1600/4000 loss=0.02064 lr=7.19e-05
[02:19:37]     train step 1800/4000 loss=0.01765 lr=6.42e-05
[02:19:41]     train step 2000/4000 loss=0.01482 lr=5.62e-05
[02:19:45]     train step 2200/4000 loss=0.01302 lr=4.80e-05
[02:19:50]     train step 2400/4000 loss=0.01128 lr=3.99e-05
[02:19:54]     train step 2600/4000 loss=0.00998 lr=3.20e-05
[02:19:58]     train step 2800/4000 loss=0.00905 lr=2.48e-05
[02:20:02]     train step 3000/4000 loss=0.00795 lr=1.82e-05
[02:20:07]     train step 3200/4000 loss=0.00737 lr=1.26e-05
[02:20:11]     train step 3400/4000 loss=0.00701 lr=8.08e-06
[02:20:15]     train step 3600/4000 loss=0.00675 lr=4.74e-06
[02:20:19]     train step 3800/4000 loss=0.00646 lr=2.69e-06
[02:20:23]     train step 4000/4000 loss=0.00642 lr=2.00e-06
[02:20:32]   [calibrate] threshold(alpha=0.99)=0.01051 over 2028 samples (median=0.00652)
[02:21:50]   [eval] pure-policy success=1.000 mean_len=47 (fixed 100-ep set)
[02:22:22]   [screen] 0/40 failures found
[02:22:22]   [screen] no usable failures — budget-free, next round (1/4 toward saturation stop)
[02:22:22] 
===== DISTIL Round 10 | dataset=12 trajs =====
[02:22:22]   [train] 12 trajs, 507 windows, state_dim=23 act_dim=7 params=4.26M steps=4000
[02:22:26]     train step 200/4000 loss=0.62135 lr=8.00e-05
[02:22:30]     train step 400/4000 loss=0.22197 lr=9.96e-05
[02:22:34]     train step 600/4000 loss=0.08712 lr=9.79e-05
[02:22:39]     train step 800/4000 loss=0.05426 lr=9.49e-05
[02:22:43]     train step 1000/4000 loss=0.03916 lr=9.07e-05
[02:22:47]     train step 1200/4000 loss=0.03037 lr=8.53e-05
[02:22:51]     train step 1400/4000 loss=0.02493 lr=7.90e-05
[02:22:55]     train step 1600/4000 loss=0.02220 lr=7.19e-05
[02:23:00]     train step 1800/4000 loss=0.01845 lr=6.42e-05
[02:23:04]     train step 2000/4000 loss=0.01640 lr=5.62e-05
[02:23:08]     train step 2200/4000 loss=0.01454 lr=4.80e-05
[02:23:12]     train step 2400/4000 loss=0.01284 lr=3.99e-05
[02:23:17]     train step 2600/4000 loss=0.01164 lr=3.20e-05
[02:23:21]     train step 2800/4000 loss=0.01055 lr=2.48e-05
[02:23:25]     train step 3000/4000 loss=0.00965 lr=1.82e-05
[02:23:29]     train step 3200/4000 loss=0.00891 lr=1.26e-05
[02:23:33]     train step 3400/4000 loss=0.00846 lr=8.08e-06
[02:23:38]     train step 3600/4000 loss=0.00814 lr=4.74e-06
[02:23:42]     train step 3800/4000 loss=0.00795 lr=2.69e-06
[02:23:46]     train step 4000/4000 loss=0.00787 lr=2.00e-06
[02:23:55]   [calibrate] threshold(alpha=0.99)=0.01342 over 2028 samples (median=0.00792)
[02:25:11]   [eval] pure-policy success=1.000 mean_len=46 (fixed 100-ep set)
[02:25:46]   [screen] 1/40 failures found
[02:25:46]   [collect a0] mode=select choice=geometric_select cited=[3000403] success=True len=11
[02:25:47] 
===== DISTIL Round 11 | dataset=13 trajs =====
[02:25:47]   [train] 13 trajs, 518 windows, state_dim=23 act_dim=7 params=4.26M steps=4000
[02:25:51]     train step 200/4000 loss=0.58678 lr=8.00e-05
[02:25:55]     train step 400/4000 loss=0.20376 lr=9.96e-05
[02:25:59]     train step 600/4000 loss=0.07938 lr=9.79e-05
[02:26:03]     train step 800/4000 loss=0.05130 lr=9.49e-05
[02:26:07]     train step 1000/4000 loss=0.03725 lr=9.07e-05
[02:26:12]     train step 1200/4000 loss=0.02973 lr=8.53e-05
[02:26:16]     train step 1400/4000 loss=0.02491 lr=7.90e-05
[02:26:20]     train step 1600/4000 loss=0.02093 lr=7.19e-05
[02:26:24]     train step 1800/4000 loss=0.01840 lr=6.42e-05
[02:26:28]     train step 2000/4000 loss=0.01570 lr=5.62e-05
[02:26:33]     train step 2200/4000 loss=0.01357 lr=4.80e-05
[02:26:37]     train step 2400/4000 loss=0.01205 lr=3.99e-05
[02:26:41]     train step 2600/4000 loss=0.01096 lr=3.20e-05
[02:26:45]     train step 2800/4000 loss=0.00979 lr=2.48e-05
[02:26:49]     train step 3000/4000 loss=0.00874 lr=1.82e-05
[02:26:53]     train step 3200/4000 loss=0.00828 lr=1.26e-05
[02:26:58]     train step 3400/4000 loss=0.00769 lr=8.08e-06
[02:27:02]     train step 3600/4000 loss=0.00743 lr=4.74e-06
[02:27:06]     train step 3800/4000 loss=0.00724 lr=2.69e-06
[02:27:10]     train step 4000/4000 loss=0.00712 lr=2.00e-06
[02:27:19]   [calibrate] threshold(alpha=0.99)=0.01181 over 2072 samples (median=0.00730)
[02:28:36]   [eval] pure-policy success=1.000 mean_len=47 (fixed 100-ep set)
[02:29:06]   [screen] 0/40 failures found
[02:29:07]   [screen] no usable failures — budget-free, next round (1/4 toward saturation stop)
[02:29:07] 
===== DISTIL Round 12 | dataset=13 trajs =====
[02:29:07]   [train] 13 trajs, 518 windows, state_dim=23 act_dim=7 params=4.26M steps=4000
[02:29:11]     train step 200/4000 loss=0.55888 lr=8.00e-05
[02:29:15]     train step 400/4000 loss=0.20889 lr=9.96e-05
[02:29:19]     train step 600/4000 loss=0.07917 lr=9.79e-05
[02:29:23]     train step 800/4000 loss=0.04904 lr=9.49e-05
[02:29:27]     train step 1000/4000 loss=0.03598 lr=9.07e-05
[02:29:32]     train step 1200/4000 loss=0.02909 lr=8.53e-05
[02:29:36]     train step 1400/4000 loss=0.02416 lr=7.90e-05
[02:29:40]     train step 1600/4000 loss=0.02133 lr=7.19e-05
[02:29:44]     train step 1800/4000 loss=0.01816 lr=6.42e-05
[02:29:48]     train step 2000/4000 loss=0.01584 lr=5.62e-05
[02:29:53]     train step 2200/4000 loss=0.01443 lr=4.80e-05
[02:29:57]     train step 2400/4000 loss=0.01312 lr=3.99e-05
[02:30:01]     train step 2600/4000 loss=0.01152 lr=3.20e-05
[02:30:05]     train step 2800/4000 loss=0.01048 lr=2.48e-05
[02:30:09]     train step 3000/4000 loss=0.00965 lr=1.82e-05
[02:30:14]     train step 3200/4000 loss=0.00910 lr=1.26e-05
[02:30:18]     train step 3400/4000 loss=0.00849 lr=8.08e-06
[02:30:22]     train step 3600/4000 loss=0.00814 lr=4.74e-06
[02:30:26]     train step 3800/4000 loss=0.00797 lr=2.69e-06
[02:30:30]     train step 4000/4000 loss=0.00790 lr=2.00e-06
[02:30:39]   [calibrate] threshold(alpha=0.99)=0.01465 over 2072 samples (median=0.00758)
[02:31:58]   [eval] pure-policy success=0.990 mean_len=48 (fixed 100-ep set)
[02:32:29]   [screen] 0/40 failures found
[02:32:29]   [screen] no usable failures — budget-free, next round (2/4 toward saturation stop)
[02:32:29] 
===== DISTIL Round 13 | dataset=13 trajs =====
[02:32:29]   [train] 13 trajs, 518 windows, state_dim=23 act_dim=7 params=4.26M steps=4000
[02:32:34]     train step 200/4000 loss=0.57449 lr=8.00e-05
[02:32:38]     train step 400/4000 loss=0.22875 lr=9.96e-05
[02:32:42]     train step 600/4000 loss=0.09427 lr=9.79e-05
[02:32:46]     train step 800/4000 loss=0.05907 lr=9.49e-05
[02:32:50]     train step 1000/4000 loss=0.04221 lr=9.07e-05
[02:32:55]     train step 1200/4000 loss=0.03264 lr=8.53e-05
[02:32:59]     train step 1400/4000 loss=0.02691 lr=7.90e-05
[02:33:03]     train step 1600/4000 loss=0.02237 lr=7.19e-05
[02:33:07]     train step 1800/4000 loss=0.01897 lr=6.42e-05
[02:33:11]     train step 2000/4000 loss=0.01670 lr=5.62e-05
[02:33:15]     train step 2200/4000 loss=0.01456 lr=4.80e-05
[02:33:20]     train step 2400/4000 loss=0.01275 lr=3.99e-05
[02:33:24]     train step 2600/4000 loss=0.01132 lr=3.20e-05
[02:33:28]     train step 2800/4000 loss=0.01039 lr=2.48e-05
[02:33:32]     train step 3000/4000 loss=0.00933 lr=1.82e-05
[02:33:36]     train step 3200/4000 loss=0.00867 lr=1.26e-05
[02:33:41]     train step 3400/4000 loss=0.00821 lr=8.08e-06
[02:33:45]     train step 3600/4000 loss=0.00795 lr=4.74e-06
[02:33:49]     train step 3800/4000 loss=0.00769 lr=2.69e-06
[02:33:53]     train step 4000/4000 loss=0.00767 lr=2.00e-06
[02:34:02]   [calibrate] threshold(alpha=0.99)=0.01368 over 2072 samples (median=0.00748)
[02:35:18]   [eval] pure-policy success=1.000 mean_len=46 (fixed 100-ep set)
[02:35:50]   [screen] 0/40 failures found
[02:35:50]   [screen] no usable failures — budget-free, next round (3/4 toward saturation stop)
[02:35:50] 
===== DISTIL Round 14 | dataset=13 trajs =====
[02:35:50]   [train] 13 trajs, 518 windows, state_dim=23 act_dim=7 params=4.26M steps=4000
[02:35:54]     train step 200/4000 loss=0.58489 lr=8.00e-05
[02:35:59]     train step 400/4000 loss=0.19904 lr=9.96e-05
[02:36:03]     train step 600/4000 loss=0.07868 lr=9.79e-05
[02:36:07]     train step 800/4000 loss=0.05053 lr=9.49e-05
[02:36:11]     train step 1000/4000 loss=0.03656 lr=9.07e-05
[02:36:15]     train step 1200/4000 loss=0.02960 lr=8.53e-05
[02:36:19]     train step 1400/4000 loss=0.02476 lr=7.90e-05
[02:36:24]     train step 1600/4000 loss=0.02108 lr=7.19e-05
[02:36:28]     train step 1800/4000 loss=0.01829 lr=6.42e-05
[02:36:32]     train step 2000/4000 loss=0.01557 lr=5.62e-05
[02:36:36]     train step 2200/4000 loss=0.01389 lr=4.80e-05
[02:36:40]     train step 2400/4000 loss=0.01185 lr=3.99e-05
[02:36:45]     train step 2600/4000 loss=0.01043 lr=3.20e-05
[02:36:49]     train step 2800/4000 loss=0.00946 lr=2.48e-05
[02:36:53]     train step 3000/4000 loss=0.00875 lr=1.82e-05
[02:36:57]     train step 3200/4000 loss=0.00803 lr=1.26e-05
[02:37:01]     train step 3400/4000 loss=0.00746 lr=8.08e-06
[02:37:05]     train step 3600/4000 loss=0.00737 lr=4.74e-06
[02:37:10]     train step 3800/4000 loss=0.00721 lr=2.69e-06
[02:37:14]     train step 4000/4000 loss=0.00701 lr=2.00e-06
[02:37:23]   [calibrate] threshold(alpha=0.99)=0.01324 over 2072 samples (median=0.00686)
[02:38:39]   [eval] pure-policy success=1.000 mean_len=47 (fixed 100-ep set)
[02:39:10]   [screen] 0/40 failures found
[02:39:10]   [screen] no usable failures for 4 consecutive rounds -> saturated (sr=1.000); stopping early
[02:39:10] 
[FINAL] DISTIL pure-policy success=1.0 | demos=13 (last frozen held-out eval)
[02:39:11] DONE in 3313.2s | final_success=1.0
[02:39:11] [write] /weka/s226137394/DmNfull/distil/results/Lift/state/decision_heuristic/seed4/result.json
