
================================================================================
RUN_ID=201  baselines=['safe_dagger', 'dropout_dagger', 'ensemble_dagger', 'thrifty_dagger', 'stagger']  budget=2 target_sr=0.9 max_rounds=2 parallel=True  hp={'tau_safe': 0.1, 'mc_N': 2, 'dropout_d': 0.2, 'p_thresh': 0.5, 'tau_drop': 0.5, 'M': 2, 'tau_ens': 0.1, 'sigma_ens': 0.1, 'ensemble_eval_mode': 'mean', 'alpha_h': 0.1, 'gamma': 0.95, 'thrifty_risk_agg': 'mean', 'q_epochs': 1, 'q_lr': 0.001}
================================================================================

--------------------------------------------------------------------------------
PHASE 1: BOOTSTRAP
--------------------------------------------------------------------------------
[12:52:02] [bootstrap] upstream cache OK (demos=/weka/s226137394/DmNfull/Equivariant_pathway/equivariant_CNN_hybrid/baseline_vs_p4/shared/init_demos, ckpt=/weka/s226137394/DmNfull/Equivariant_pathway/equivariant_CNN_hybrid/baseline_vs_p4/shared/init_checkpoints)

--------------------------------------------------------------------------------
PHASE 2: LAYOUTS + POOL PRE-GENERATION
--------------------------------------------------------------------------------
[12:52:02] [run_baselines] eval held-out: /weka/s226137394/DmNfull/Equivariant_pathway/equivariant_CNN_hybrid/baseline_vs_p4/pool_x_selector/results/run_201/shared/heldout_eval_4.yaml  (full block set: /weka/s226137394/DmNfull/Equivariant_pathway/equivariant_CNN_hybrid/baseline_vs_p4/shared/heldout_layouts.yaml)
[layout-sampler] wrote 8 layouts -> /weka/s226137394/DmNfull/Equivariant_pathway/equivariant_CNN_hybrid/baseline_vs_p4/pool_x_selector/results/run_201/shared/round_001/correction_layouts.yaml
[layout-sampler] wrote 8 layouts -> /weka/s226137394/DmNfull/Equivariant_pathway/equivariant_CNN_hybrid/baseline_vs_p4/pool_x_selector/results/run_201/shared/round_002/correction_layouts.yaml
[12:52:04] [run_baselines] pre-generated up to round_002 correction pools (max_rounds=2; flock guards any beyond)

--------------------------------------------------------------------------------
PHASE 3: RUN BASELINES (parallel)
--------------------------------------------------------------------------------
[12:52:04] [run_baselines] cores: 16 total -> 3 threads/method across 5 methods
[12:52:04] [run_baselines] spawn worker [safe_dagger] -> /weka/s226137394/DmNfull/Equivariant_pathway/equivariant_CNN_hybrid/baseline_vs_p4/pool_x_selector/logs/baseline_run_201_safe_dagger.log
[12:52:04] [run_baselines] spawn worker [dropout_dagger] -> /weka/s226137394/DmNfull/Equivariant_pathway/equivariant_CNN_hybrid/baseline_vs_p4/pool_x_selector/logs/baseline_run_201_dropout_dagger.log
[12:52:04] [run_baselines] spawn worker [ensemble_dagger] -> /weka/s226137394/DmNfull/Equivariant_pathway/equivariant_CNN_hybrid/baseline_vs_p4/pool_x_selector/logs/baseline_run_201_ensemble_dagger.log
[12:52:04] [run_baselines] spawn worker [thrifty_dagger] -> /weka/s226137394/DmNfull/Equivariant_pathway/equivariant_CNN_hybrid/baseline_vs_p4/pool_x_selector/logs/baseline_run_201_thrifty_dagger.log
[12:52:04] [run_baselines] spawn worker [stagger] -> /weka/s226137394/DmNfull/Equivariant_pathway/equivariant_CNN_hybrid/baseline_vs_p4/pool_x_selector/logs/baseline_run_201_stagger.log
[12:53:21] [run_baselines] worker [safe_dagger] exited rc=0
[12:53:22] [run_baselines] worker [dropout_dagger] exited rc=0
[12:53:22] [run_baselines] worker [ensemble_dagger] exited rc=0
[12:53:24] [run_baselines] worker [thrifty_dagger] exited rc=0
[12:53:24] [run_baselines] worker [stagger] exited rc=0

================================================================================
RUN_ID=201 (baselines) DONE
================================================================================
{
  "run_id": 201,
  "budget": 2,
  "target_sr": 0.9,
  "max_rounds": 2,
  "correction_yaml_dir": "/weka/s226137394/DmNfull/Equivariant_pathway/equivariant_CNN_hybrid/baseline_vs_p4/pool_x_selector/results/run_201/shared",
  "heldout_eval_yaml": "/weka/s226137394/DmNfull/Equivariant_pathway/equivariant_CNN_hybrid/baseline_vs_p4/pool_x_selector/results/run_201/shared/heldout_eval_4.yaml",
  "heldout_block_yaml": "/weka/s226137394/DmNfull/Equivariant_pathway/equivariant_CNN_hybrid/baseline_vs_p4/shared/heldout_layouts.yaml",
  "training_yaml": "/weka/s226137394/DmNfull/Equivariant_pathway/equivariant_CNN_hybrid/baseline_vs_p4/shared/training_layouts.yaml",
  "correction_n": 8,
  "methods": [
    "safe_dagger",
    "dropout_dagger",
    "ensemble_dagger",
    "thrifty_dagger",
    "stagger"
  ],
  "baseline_hp": {
    "tau_safe": 0.1,
    "mc_N": 2,
    "dropout_d": 0.2,
    "p_thresh": 0.5,
    "tau_drop": 0.5,
    "M": 2,
    "tau_ens": 0.1,
    "sigma_ens": 0.1,
    "ensemble_eval_mode": "mean",
    "alpha_h": 0.1,
    "gamma": 0.95,
    "thrifty_risk_agg": "mean",
    "q_epochs": 1,
    "q_lr": 0.001
  },
  "parallel": true,
  "results": {
    "safe_dagger": {
      "stopped_reason": "budget_exhausted",
      "n_history": 3
    },
    "dropout_dagger": {
      "stopped_reason": "budget_exhausted",
      "n_history": 3
    },
    "ensemble_dagger": {
      "stopped_reason": "budget_exhausted",
      "n_history": 3
    },
    "thrifty_dagger": {
      "stopped_reason": "budget_exhausted",
      "n_history": 3
    },
    "stagger": {
      "stopped_reason": "budget_exhausted",
      "n_history": 3
    }
  }
}
