
================================================================================
RUN_ID=10  baselines=['safe_dagger', 'dropout_dagger', 'ensemble_dagger', 'thrifty_dagger', 'stagger']  budget=15 target_sr=0.9 max_rounds=50 parallel=True  hp={'tau_safe': 0.1, 'mc_N': 16, 'dropout_d': 0.2, 'p_thresh': 0.5, 'tau_drop': 0.5, 'M': 5, 'tau_ens': 0.1, 'sigma_ens': 0.1, 'ensemble_eval_mode': 'mean', 'alpha_h': 0.1, 'gamma': 0.95, 'thrifty_risk_agg': 'mean', 'q_epochs': 50, 'q_lr': 0.001}
================================================================================

--------------------------------------------------------------------------------
PHASE 1: BOOTSTRAP
--------------------------------------------------------------------------------
[14:38:25] [bootstrap] upstream cache OK (demos=/weka/s226137394/DmNfull/Equivariant_pathway/equivariant_CNN_hybrid/baseline_vs_p4/shared/init_demos, ckpt=/weka/s226137394/DmNfull/Equivariant_pathway/equivariant_CNN_hybrid/baseline_vs_p4/shared/init_checkpoints)

--------------------------------------------------------------------------------
PHASE 2: LAYOUTS + POOL PRE-GENERATION
--------------------------------------------------------------------------------
[14:38:26] [run_baselines] eval held-out: /weka/s226137394/DmNfull/Equivariant_pathway/equivariant_CNN_hybrid/baseline_vs_p4/shared/heldout_layouts.yaml  (full block set: /weka/s226137394/DmNfull/Equivariant_pathway/equivariant_CNN_hybrid/baseline_vs_p4/shared/heldout_layouts.yaml)
[layout-sampler] wrote 20 layouts -> /weka/s226137394/DmNfull/Equivariant_pathway/equivariant_CNN_hybrid/baseline_vs_p4/pool_x_selector/results/run_10/shared/round_016/correction_layouts.yaml
[layout-sampler] wrote 20 layouts -> /weka/s226137394/DmNfull/Equivariant_pathway/equivariant_CNN_hybrid/baseline_vs_p4/pool_x_selector/results/run_10/shared/round_017/correction_layouts.yaml
[layout-sampler] wrote 20 layouts -> /weka/s226137394/DmNfull/Equivariant_pathway/equivariant_CNN_hybrid/baseline_vs_p4/pool_x_selector/results/run_10/shared/round_018/correction_layouts.yaml
[layout-sampler] wrote 20 layouts -> /weka/s226137394/DmNfull/Equivariant_pathway/equivariant_CNN_hybrid/baseline_vs_p4/pool_x_selector/results/run_10/shared/round_019/correction_layouts.yaml
[layout-sampler] wrote 20 layouts -> /weka/s226137394/DmNfull/Equivariant_pathway/equivariant_CNN_hybrid/baseline_vs_p4/pool_x_selector/results/run_10/shared/round_020/correction_layouts.yaml
[layout-sampler] wrote 20 layouts -> /weka/s226137394/DmNfull/Equivariant_pathway/equivariant_CNN_hybrid/baseline_vs_p4/pool_x_selector/results/run_10/shared/round_021/correction_layouts.yaml
[layout-sampler] wrote 20 layouts -> /weka/s226137394/DmNfull/Equivariant_pathway/equivariant_CNN_hybrid/baseline_vs_p4/pool_x_selector/results/run_10/shared/round_022/correction_layouts.yaml
[layout-sampler] wrote 20 layouts -> /weka/s226137394/DmNfull/Equivariant_pathway/equivariant_CNN_hybrid/baseline_vs_p4/pool_x_selector/results/run_10/shared/round_023/correction_layouts.yaml
[layout-sampler] wrote 20 layouts -> /weka/s226137394/DmNfull/Equivariant_pathway/equivariant_CNN_hybrid/baseline_vs_p4/pool_x_selector/results/run_10/shared/round_024/correction_layouts.yaml
[layout-sampler] wrote 20 layouts -> /weka/s226137394/DmNfull/Equivariant_pathway/equivariant_CNN_hybrid/baseline_vs_p4/pool_x_selector/results/run_10/shared/round_025/correction_layouts.yaml
[layout-sampler] wrote 20 layouts -> /weka/s226137394/DmNfull/Equivariant_pathway/equivariant_CNN_hybrid/baseline_vs_p4/pool_x_selector/results/run_10/shared/round_026/correction_layouts.yaml
[layout-sampler] wrote 20 layouts -> /weka/s226137394/DmNfull/Equivariant_pathway/equivariant_CNN_hybrid/baseline_vs_p4/pool_x_selector/results/run_10/shared/round_027/correction_layouts.yaml
[layout-sampler] wrote 20 layouts -> /weka/s226137394/DmNfull/Equivariant_pathway/equivariant_CNN_hybrid/baseline_vs_p4/pool_x_selector/results/run_10/shared/round_028/correction_layouts.yaml
[14:38:44] [run_baselines] pre-generated up to round_028 correction pools (max_rounds=50; flock guards any beyond)

--------------------------------------------------------------------------------
PHASE 3: RUN BASELINES (parallel)
--------------------------------------------------------------------------------
[14:38:44] [run_baselines] cores: 16 total -> 3 threads/method across 5 methods
[14:38:44] [run_baselines] spawn worker [safe_dagger] -> /weka/s226137394/DmNfull/Equivariant_pathway/equivariant_CNN_hybrid/baseline_vs_p4/pool_x_selector/logs/baseline_run_10_safe_dagger.log
[14:38:44] [run_baselines] spawn worker [dropout_dagger] -> /weka/s226137394/DmNfull/Equivariant_pathway/equivariant_CNN_hybrid/baseline_vs_p4/pool_x_selector/logs/baseline_run_10_dropout_dagger.log
[14:38:44] [run_baselines] spawn worker [ensemble_dagger] -> /weka/s226137394/DmNfull/Equivariant_pathway/equivariant_CNN_hybrid/baseline_vs_p4/pool_x_selector/logs/baseline_run_10_ensemble_dagger.log
[14:38:44] [run_baselines] spawn worker [thrifty_dagger] -> /weka/s226137394/DmNfull/Equivariant_pathway/equivariant_CNN_hybrid/baseline_vs_p4/pool_x_selector/logs/baseline_run_10_thrifty_dagger.log
[14:38:44] [run_baselines] spawn worker [stagger] -> /weka/s226137394/DmNfull/Equivariant_pathway/equivariant_CNN_hybrid/baseline_vs_p4/pool_x_selector/logs/baseline_run_10_stagger.log
[15:12:48] [run_baselines] worker [safe_dagger] exited rc=0
[15:15:03] [run_baselines] worker [dropout_dagger] exited rc=0
[15:24:07] [run_baselines] worker [ensemble_dagger] exited rc=0
[15:24:07] [run_baselines] worker [thrifty_dagger] exited rc=0
[15:24:07] [run_baselines] worker [stagger] exited rc=0

================================================================================
RUN_ID=10 (baselines) DONE
================================================================================
{
  "run_id": 10,
  "budget": 15,
  "target_sr": 0.9,
  "max_rounds": 50,
  "correction_yaml_dir": "/weka/s226137394/DmNfull/Equivariant_pathway/equivariant_CNN_hybrid/baseline_vs_p4/pool_x_selector/results/run_10/shared",
  "heldout_eval_yaml": "/weka/s226137394/DmNfull/Equivariant_pathway/equivariant_CNN_hybrid/baseline_vs_p4/shared/heldout_layouts.yaml",
  "heldout_block_yaml": "/weka/s226137394/DmNfull/Equivariant_pathway/equivariant_CNN_hybrid/baseline_vs_p4/shared/heldout_layouts.yaml",
  "training_yaml": "/weka/s226137394/DmNfull/Equivariant_pathway/equivariant_CNN_hybrid/baseline_vs_p4/shared/training_layouts.yaml",
  "correction_n": 20,
  "methods": [
    "safe_dagger",
    "dropout_dagger",
    "ensemble_dagger",
    "thrifty_dagger",
    "stagger"
  ],
  "baseline_hp": {
    "tau_safe": 0.1,
    "mc_N": 16,
    "dropout_d": 0.2,
    "p_thresh": 0.5,
    "tau_drop": 0.5,
    "M": 5,
    "tau_ens": 0.1,
    "sigma_ens": 0.1,
    "ensemble_eval_mode": "mean",
    "alpha_h": 0.1,
    "gamma": 0.95,
    "thrifty_risk_agg": "mean",
    "q_epochs": 50,
    "q_lr": 0.001
  },
  "parallel": true,
  "results": {
    "safe_dagger": {
      "stopped_reason": "budget_exhausted",
      "n_history": 16
    },
    "dropout_dagger": {
      "stopped_reason": "target_hit",
      "n_history": 15
    },
    "ensemble_dagger": {
      "stopped_reason": "target_hit",
      "n_history": 14
    },
    "thrifty_dagger": {
      "stopped_reason": "target_hit",
      "n_history": 8
    },
    "stagger": {
      "stopped_reason": "target_hit",
      "n_history": 12
    }
  }
}
