[14:43:05] [env] loaded /weka/s226137394/DmNfull/.env
[14:43:06] ===== DISTIL | task=Lift modality=state ablation=safe seed=2 budget=20 smoke=False device=cuda =====
[14:43:06] [bootstrap] loaded 8 shared demos from /weka/s226137394/DmNfull/distil/results/shared_bootstrap/Lift_state/Lift_state_ni8.pkl
[14:43:08] 
===== safe Round 0 | dataset=8 =====
[14:43:14]     train step 200/8000 loss=0.62269 lr=8.00e-05
[14:43:18]     train step 400/8000 loss=0.24648 lr=9.99e-05
[14:43:22]     train step 600/8000 loss=0.09262 lr=9.95e-05
[14:43:26]     train step 800/8000 loss=0.05725 lr=9.88e-05
[14:43:29]     train step 1000/8000 loss=0.04149 lr=9.78e-05
[14:43:33]     train step 1200/8000 loss=0.03246 lr=9.64e-05
[14:43:37]     train step 1400/8000 loss=0.02671 lr=9.48e-05
[14:43:41]     train step 1600/8000 loss=0.02346 lr=9.29e-05
[14:43:45]     train step 1800/8000 loss=0.02048 lr=9.07e-05
[14:43:49]     train step 2000/8000 loss=0.01780 lr=8.82e-05
[14:43:53]     train step 2200/8000 loss=0.01559 lr=8.55e-05
[14:43:57]     train step 2400/8000 loss=0.01367 lr=8.26e-05
[14:44:01]     train step 2600/8000 loss=0.01236 lr=7.94e-05
[14:44:05]     train step 2800/8000 loss=0.01074 lr=7.61e-05
[14:44:09]     train step 3000/8000 loss=0.01010 lr=7.26e-05
[14:44:13]     train step 3200/8000 loss=0.00935 lr=6.90e-05
[14:44:17]     train step 3400/8000 loss=0.00829 lr=6.52e-05
[14:44:21]     train step 3600/8000 loss=0.00725 lr=6.14e-05
[14:44:25]     train step 3800/8000 loss=0.00680 lr=5.75e-05
[14:44:29]     train step 4000/8000 loss=0.00611 lr=5.35e-05
[14:44:33]     train step 4200/8000 loss=0.00546 lr=4.95e-05
[14:44:37]     train step 4400/8000 loss=0.00492 lr=4.56e-05
[14:44:41]     train step 4600/8000 loss=0.00479 lr=4.16e-05
[14:44:45]     train step 4800/8000 loss=0.00396 lr=3.78e-05
[14:44:49]     train step 5000/8000 loss=0.00380 lr=3.40e-05
[14:44:53]     train step 5200/8000 loss=0.00367 lr=3.03e-05
[14:44:57]     train step 5400/8000 loss=0.00346 lr=2.68e-05
[14:45:01]     train step 5600/8000 loss=0.00309 lr=2.34e-05
[14:45:05]     train step 5800/8000 loss=0.00296 lr=2.02e-05
[14:45:09]     train step 6000/8000 loss=0.00274 lr=1.73e-05
[14:45:13]     train step 6200/8000 loss=0.00272 lr=1.45e-05
[14:45:17]     train step 6400/8000 loss=0.00257 lr=1.20e-05
[14:45:21]     train step 6600/8000 loss=0.00250 lr=9.69e-06
[14:45:25]     train step 6800/8000 loss=0.00237 lr=7.69e-06
[14:45:29]     train step 7000/8000 loss=0.00237 lr=5.98e-06
[14:45:33]     train step 7200/8000 loss=0.00228 lr=4.56e-06
[14:45:37]     train step 7400/8000 loss=0.00226 lr=3.45e-06
[14:45:41]     train step 7600/8000 loss=0.00226 lr=2.65e-06
[14:45:45]     train step 7800/8000 loss=0.00222 lr=2.16e-06
[14:45:49]     train step 8000/8000 loss=0.00222 lr=2.00e-06
[14:48:55]   [eval] SR=0.760
[14:48:55]   [safe] intervention at t=0 (rollout 0) len=47
[14:48:56] 
===== safe Round 1 | dataset=9 =====
[14:49:00]     train step 200/4000 loss=0.62087 lr=8.00e-05
[14:49:04]     train step 400/4000 loss=0.23425 lr=9.96e-05
[14:49:08]     train step 600/4000 loss=0.08757 lr=9.79e-05
[14:49:12]     train step 800/4000 loss=0.05310 lr=9.49e-05
[14:49:16]     train step 1000/4000 loss=0.03930 lr=9.07e-05
[14:49:20]     train step 1200/4000 loss=0.03031 lr=8.53e-05
[14:49:24]     train step 1400/4000 loss=0.02567 lr=7.90e-05
[14:49:28]     train step 1600/4000 loss=0.02134 lr=7.19e-05
[14:49:32]     train step 1800/4000 loss=0.01839 lr=6.42e-05
[14:49:36]     train step 2000/4000 loss=0.01611 lr=5.62e-05
[14:49:40]     train step 2200/4000 loss=0.01414 lr=4.80e-05
[14:49:44]     train step 2400/4000 loss=0.01253 lr=3.99e-05
[14:49:48]     train step 2600/4000 loss=0.01097 lr=3.20e-05
[14:49:52]     train step 2800/4000 loss=0.00996 lr=2.48e-05
[14:49:56]     train step 3000/4000 loss=0.00924 lr=1.82e-05
[14:50:00]     train step 3200/4000 loss=0.00855 lr=1.26e-05
[14:50:04]     train step 3400/4000 loss=0.00798 lr=8.08e-06
[14:50:08]     train step 3600/4000 loss=0.00767 lr=4.74e-06
[14:50:12]     train step 3800/4000 loss=0.00754 lr=2.69e-06
[14:50:16]     train step 4000/4000 loss=0.00744 lr=2.00e-06
[14:52:27]   [eval] SR=0.900
[14:52:27]   [safe] intervention at t=0 (rollout 0) len=43
[14:52:27] 
===== safe Round 2 | dataset=10 =====
[14:52:32]     train step 200/4000 loss=0.61989 lr=8.00e-05
[14:52:36]     train step 400/4000 loss=0.23051 lr=9.96e-05
[14:52:40]     train step 600/4000 loss=0.08237 lr=9.79e-05
[14:52:44]     train step 800/4000 loss=0.05170 lr=9.49e-05
[14:52:48]     train step 1000/4000 loss=0.03772 lr=9.07e-05
[14:52:52]     train step 1200/4000 loss=0.02960 lr=8.53e-05
[14:52:56]     train step 1400/4000 loss=0.02521 lr=7.90e-05
[14:53:00]     train step 1600/4000 loss=0.02125 lr=7.19e-05
[14:53:04]     train step 1800/4000 loss=0.01843 lr=6.42e-05
[14:53:08]     train step 2000/4000 loss=0.01593 lr=5.62e-05
[14:53:12]     train step 2200/4000 loss=0.01414 lr=4.80e-05
[14:53:16]     train step 2400/4000 loss=0.01276 lr=3.99e-05
[14:53:21]     train step 2600/4000 loss=0.01148 lr=3.20e-05
[14:53:25]     train step 2800/4000 loss=0.01033 lr=2.48e-05
[14:53:29]     train step 3000/4000 loss=0.00950 lr=1.82e-05
[14:53:33]     train step 3200/4000 loss=0.00882 lr=1.26e-05
[14:53:37]     train step 3400/4000 loss=0.00829 lr=8.08e-06
[14:53:41]     train step 3600/4000 loss=0.00799 lr=4.74e-06
[14:53:45]     train step 3800/4000 loss=0.00788 lr=2.69e-06
[14:53:49]     train step 4000/4000 loss=0.00775 lr=2.00e-06
[14:55:24]   [eval] SR=0.980
[14:55:25]   [safe] intervention at t=0 (rollout 0) len=45
[14:55:25] 
===== safe Round 3 | dataset=11 =====
[14:55:29]     train step 200/4000 loss=0.61834 lr=8.00e-05
[14:55:33]     train step 400/4000 loss=0.22861 lr=9.96e-05
[14:55:37]     train step 600/4000 loss=0.08274 lr=9.79e-05
[14:55:42]     train step 800/4000 loss=0.05104 lr=9.49e-05
[14:55:46]     train step 1000/4000 loss=0.03817 lr=9.07e-05
[14:55:50]     train step 1200/4000 loss=0.02968 lr=8.53e-05
[14:55:54]     train step 1400/4000 loss=0.02433 lr=7.90e-05
[14:55:58]     train step 1600/4000 loss=0.02105 lr=7.19e-05
[14:56:02]     train step 1800/4000 loss=0.01812 lr=6.42e-05
[14:56:07]     train step 2000/4000 loss=0.01597 lr=5.62e-05
[14:56:11]     train step 2200/4000 loss=0.01389 lr=4.80e-05
[14:56:15]     train step 2400/4000 loss=0.01240 lr=3.99e-05
[14:56:19]     train step 2600/4000 loss=0.01101 lr=3.20e-05
[14:56:23]     train step 2800/4000 loss=0.00993 lr=2.48e-05
[14:56:27]     train step 3000/4000 loss=0.00908 lr=1.82e-05
[14:56:31]     train step 3200/4000 loss=0.00858 lr=1.26e-05
[14:56:36]     train step 3400/4000 loss=0.00809 lr=8.08e-06
[14:56:40]     train step 3600/4000 loss=0.00776 lr=4.74e-06
[14:56:44]     train step 3800/4000 loss=0.00766 lr=2.69e-06
[14:56:48]     train step 4000/4000 loss=0.00759 lr=2.00e-06
[14:58:06]   [eval] SR=1.000
[14:58:07]   [safe] intervention at t=5 (rollout 0) len=39
[14:58:08] 
===== safe Round 4 | dataset=12 =====
[14:58:12]     train step 200/4000 loss=0.61689 lr=8.00e-05
[14:58:16]     train step 400/4000 loss=0.21897 lr=9.96e-05
[14:58:20]     train step 600/4000 loss=0.08326 lr=9.79e-05
[14:58:24]     train step 800/4000 loss=0.05148 lr=9.49e-05
[14:58:28]     train step 1000/4000 loss=0.03692 lr=9.07e-05
[14:58:32]     train step 1200/4000 loss=0.02877 lr=8.53e-05
[14:58:36]     train step 1400/4000 loss=0.02413 lr=7.90e-05
[14:58:41]     train step 1600/4000 loss=0.02050 lr=7.19e-05
[14:58:45]     train step 1800/4000 loss=0.01691 lr=6.42e-05
[14:58:49]     train step 2000/4000 loss=0.01481 lr=5.62e-05
[14:58:53]     train step 2200/4000 loss=0.01287 lr=4.80e-05
[14:58:57]     train step 2400/4000 loss=0.01104 lr=3.99e-05
[14:59:01]     train step 2600/4000 loss=0.00983 lr=3.20e-05
[14:59:05]     train step 2800/4000 loss=0.00886 lr=2.48e-05
[14:59:09]     train step 3000/4000 loss=0.00802 lr=1.82e-05
[14:59:14]     train step 3200/4000 loss=0.00748 lr=1.26e-05
[14:59:18]     train step 3400/4000 loss=0.00703 lr=8.08e-06
[14:59:22]     train step 3600/4000 loss=0.00682 lr=4.74e-06
[14:59:26]     train step 3800/4000 loss=0.00668 lr=2.69e-06
[14:59:30]     train step 4000/4000 loss=0.00659 lr=2.00e-06
[15:00:48]   [eval] SR=1.000
[15:00:49]   [safe] intervention at t=0 (rollout 0) len=47
[15:00:49] 
===== safe Round 5 | dataset=13 =====
[15:00:53]     train step 200/4000 loss=0.61634 lr=8.00e-05
[15:00:57]     train step 400/4000 loss=0.21885 lr=9.96e-05
[15:01:01]     train step 600/4000 loss=0.08216 lr=9.79e-05
[15:01:05]     train step 800/4000 loss=0.05165 lr=9.49e-05
[15:01:09]     train step 1000/4000 loss=0.03726 lr=9.07e-05
[15:01:14]     train step 1200/4000 loss=0.02928 lr=8.53e-05
[15:01:18]     train step 1400/4000 loss=0.02424 lr=7.90e-05
[15:01:22]     train step 1600/4000 loss=0.02017 lr=7.19e-05
[15:01:26]     train step 1800/4000 loss=0.01728 lr=6.42e-05
[15:01:30]     train step 2000/4000 loss=0.01480 lr=5.62e-05
[15:01:34]     train step 2200/4000 loss=0.01280 lr=4.80e-05
[15:01:38]     train step 2400/4000 loss=0.01114 lr=3.99e-05
[15:01:42]     train step 2600/4000 loss=0.01001 lr=3.20e-05
[15:01:47]     train step 2800/4000 loss=0.00901 lr=2.48e-05
[15:01:51]     train step 3000/4000 loss=0.00823 lr=1.82e-05
[15:01:55]     train step 3200/4000 loss=0.00767 lr=1.26e-05
[15:01:59]     train step 3400/4000 loss=0.00729 lr=8.08e-06
[15:02:03]     train step 3600/4000 loss=0.00701 lr=4.74e-06
[15:02:07]     train step 3800/4000 loss=0.00689 lr=2.69e-06
[15:02:11]     train step 4000/4000 loss=0.00686 lr=2.00e-06
[15:03:28]   [eval] SR=1.000
[15:03:29]   [safe] intervention at t=2 (rollout 0) len=41
[15:03:29] 
===== safe Round 6 | dataset=14 =====
[15:03:33]     train step 200/4000 loss=0.61757 lr=8.00e-05
[15:03:37]     train step 400/4000 loss=0.21837 lr=9.96e-05
[15:03:41]     train step 600/4000 loss=0.08327 lr=9.79e-05
[15:03:45]     train step 800/4000 loss=0.04970 lr=9.49e-05
[15:03:49]     train step 1000/4000 loss=0.03610 lr=9.07e-05
[15:03:54]     train step 1200/4000 loss=0.02882 lr=8.53e-05
[15:03:58]     train step 1400/4000 loss=0.02364 lr=7.90e-05
[15:04:02]     train step 1600/4000 loss=0.01940 lr=7.19e-05
[15:04:06]     train step 1800/4000 loss=0.01702 lr=6.42e-05
[15:04:10]     train step 2000/4000 loss=0.01466 lr=5.62e-05
[15:04:14]     train step 2200/4000 loss=0.01266 lr=4.80e-05
[15:04:19]     train step 2400/4000 loss=0.01123 lr=3.99e-05
[15:04:23]     train step 2600/4000 loss=0.00996 lr=3.20e-05
[15:04:27]     train step 2800/4000 loss=0.00892 lr=2.48e-05
[15:04:31]     train step 3000/4000 loss=0.00822 lr=1.82e-05
[15:04:35]     train step 3200/4000 loss=0.00760 lr=1.26e-05
[15:04:39]     train step 3400/4000 loss=0.00714 lr=8.08e-06
[15:04:43]     train step 3600/4000 loss=0.00691 lr=4.74e-06
[15:04:48]     train step 3800/4000 loss=0.00679 lr=2.69e-06
[15:04:52]     train step 4000/4000 loss=0.00668 lr=2.00e-06
[15:06:08]   [eval] SR=1.000
[15:06:12]   [safe] intervention at t=26 (rollout 0) len=18
[15:06:12] 
===== safe Round 7 | dataset=15 =====
[15:06:16]     train step 200/4000 loss=0.61800 lr=8.00e-05
[15:06:20]     train step 400/4000 loss=0.21717 lr=9.96e-05
[15:06:24]     train step 600/4000 loss=0.08112 lr=9.79e-05
[15:06:28]     train step 800/4000 loss=0.05016 lr=9.49e-05
[15:06:32]     train step 1000/4000 loss=0.03705 lr=9.07e-05
[15:06:36]     train step 1200/4000 loss=0.02921 lr=8.53e-05
[15:06:41]     train step 1400/4000 loss=0.02381 lr=7.90e-05
[15:06:45]     train step 1600/4000 loss=0.02017 lr=7.19e-05
[15:06:49]     train step 1800/4000 loss=0.01743 lr=6.42e-05
[15:06:53]     train step 2000/4000 loss=0.01511 lr=5.62e-05
[15:06:57]     train step 2200/4000 loss=0.01267 lr=4.80e-05
[15:07:01]     train step 2400/4000 loss=0.01139 lr=3.99e-05
[15:07:05]     train step 2600/4000 loss=0.01005 lr=3.20e-05
[15:07:09]     train step 2800/4000 loss=0.00900 lr=2.48e-05
[15:07:13]     train step 3000/4000 loss=0.00831 lr=1.82e-05
[15:07:18]     train step 3200/4000 loss=0.00772 lr=1.26e-05
[15:07:22]     train step 3400/4000 loss=0.00728 lr=8.08e-06
[15:07:26]     train step 3600/4000 loss=0.00701 lr=4.74e-06
[15:07:30]     train step 3800/4000 loss=0.00693 lr=2.69e-06
[15:07:34]     train step 4000/4000 loss=0.00687 lr=2.00e-06
[15:08:50]   [eval] SR=1.000
[15:08:51]   [safe] intervention at t=8 (rollout 0) len=36
[15:08:52] 
===== safe Round 8 | dataset=16 =====
[15:08:56]     train step 200/4000 loss=0.61594 lr=8.00e-05
[15:09:00]     train step 400/4000 loss=0.21882 lr=9.96e-05
[15:09:04]     train step 600/4000 loss=0.08326 lr=9.79e-05
[15:09:08]     train step 800/4000 loss=0.05203 lr=9.49e-05
[15:09:12]     train step 1000/4000 loss=0.03811 lr=9.07e-05
[15:09:16]     train step 1200/4000 loss=0.02912 lr=8.53e-05
[15:09:20]     train step 1400/4000 loss=0.02502 lr=7.90e-05
[15:09:24]     train step 1600/4000 loss=0.02018 lr=7.19e-05
[15:09:29]     train step 1800/4000 loss=0.01698 lr=6.42e-05
[15:09:33]     train step 2000/4000 loss=0.01475 lr=5.62e-05
[15:09:37]     train step 2200/4000 loss=0.01267 lr=4.80e-05
[15:09:41]     train step 2400/4000 loss=0.01121 lr=3.99e-05
[15:09:45]     train step 2600/4000 loss=0.00997 lr=3.20e-05
[15:09:49]     train step 2800/4000 loss=0.00900 lr=2.48e-05
[15:09:53]     train step 3000/4000 loss=0.00829 lr=1.82e-05
[15:09:58]     train step 3200/4000 loss=0.00773 lr=1.26e-05
[15:10:02]     train step 3400/4000 loss=0.00724 lr=8.08e-06
[15:10:06]     train step 3600/4000 loss=0.00707 lr=4.74e-06
[15:10:10]     train step 3800/4000 loss=0.00692 lr=2.69e-06
[15:10:14]     train step 4000/4000 loss=0.00685 lr=2.00e-06
[15:11:29]   [eval] SR=1.000
[15:11:34]   [safe] intervention at t=27 (rollout 0) len=20
[15:11:34] 
===== safe Round 9 | dataset=17 =====
[15:11:38]     train step 200/4000 loss=0.61521 lr=8.00e-05
[15:11:42]     train step 400/4000 loss=0.21908 lr=9.96e-05
[15:11:46]     train step 600/4000 loss=0.08279 lr=9.79e-05
[15:11:50]     train step 800/4000 loss=0.05198 lr=9.49e-05
[15:11:54]     train step 1000/4000 loss=0.03805 lr=9.07e-05
[15:11:58]     train step 1200/4000 loss=0.02979 lr=8.53e-05
[15:12:03]     train step 1400/4000 loss=0.02455 lr=7.90e-05
[15:12:07]     train step 1600/4000 loss=0.02044 lr=7.19e-05
[15:12:11]     train step 1800/4000 loss=0.01745 lr=6.42e-05
[15:12:15]     train step 2000/4000 loss=0.01515 lr=5.62e-05
[15:12:19]     train step 2200/4000 loss=0.01318 lr=4.80e-05
[15:12:23]     train step 2400/4000 loss=0.01185 lr=3.99e-05
[15:12:27]     train step 2600/4000 loss=0.01034 lr=3.20e-05
[15:12:31]     train step 2800/4000 loss=0.00956 lr=2.48e-05
[15:12:36]     train step 3000/4000 loss=0.00861 lr=1.82e-05
[15:12:40]     train step 3200/4000 loss=0.00798 lr=1.26e-05
[15:12:44]     train step 3400/4000 loss=0.00763 lr=8.08e-06
[15:12:48]     train step 3600/4000 loss=0.00731 lr=4.74e-06
[15:12:52]     train step 3800/4000 loss=0.00720 lr=2.69e-06
[15:12:56]     train step 4000/4000 loss=0.00710 lr=2.00e-06
[15:14:11]   [eval] SR=1.000
[15:14:15]   [safe] intervention at t=25 (rollout 0) len=19
[15:14:15] 
===== safe Round 10 | dataset=18 =====
[15:14:20]     train step 200/4000 loss=0.61553 lr=8.00e-05
[15:14:24]     train step 400/4000 loss=0.21741 lr=9.96e-05
[15:14:28]     train step 600/4000 loss=0.08011 lr=9.79e-05
[15:14:32]     train step 800/4000 loss=0.05089 lr=9.49e-05
[15:14:36]     train step 1000/4000 loss=0.03638 lr=9.07e-05
[15:14:40]     train step 1200/4000 loss=0.02869 lr=8.53e-05
[15:14:44]     train step 1400/4000 loss=0.02459 lr=7.90e-05
[15:14:48]     train step 1600/4000 loss=0.02008 lr=7.19e-05
[15:14:53]     train step 1800/4000 loss=0.01738 lr=6.42e-05
[15:14:57]     train step 2000/4000 loss=0.01519 lr=5.62e-05
[15:15:01]     train step 2200/4000 loss=0.01303 lr=4.80e-05
[15:15:05]     train step 2400/4000 loss=0.01157 lr=3.99e-05
[15:15:09]     train step 2600/4000 loss=0.01024 lr=3.20e-05
[15:15:13]     train step 2800/4000 loss=0.00914 lr=2.48e-05
[15:15:17]     train step 3000/4000 loss=0.00845 lr=1.82e-05
[15:15:22]     train step 3200/4000 loss=0.00784 lr=1.26e-05
[15:15:26]     train step 3400/4000 loss=0.00726 lr=8.08e-06
[15:15:30]     train step 3600/4000 loss=0.00703 lr=4.74e-06
[15:15:34]     train step 3800/4000 loss=0.00690 lr=2.69e-06
[15:15:38]     train step 4000/4000 loss=0.00681 lr=2.00e-06
[15:16:55]   [eval] SR=1.000
[15:16:55]   [safe] intervention at t=0 (rollout 0) len=48
[15:16:56] 
===== safe Round 11 | dataset=19 =====
[15:17:00]     train step 200/4000 loss=0.61722 lr=8.00e-05
[15:17:04]     train step 400/4000 loss=0.21884 lr=9.96e-05
[15:17:08]     train step 600/4000 loss=0.08075 lr=9.79e-05
[15:17:12]     train step 800/4000 loss=0.05049 lr=9.49e-05
[15:17:16]     train step 1000/4000 loss=0.03676 lr=9.07e-05
[15:17:20]     train step 1200/4000 loss=0.02882 lr=8.53e-05
[15:17:25]     train step 1400/4000 loss=0.02437 lr=7.90e-05
[15:17:29]     train step 1600/4000 loss=0.02037 lr=7.19e-05
[15:17:33]     train step 1800/4000 loss=0.01712 lr=6.42e-05
[15:17:37]     train step 2000/4000 loss=0.01500 lr=5.62e-05
[15:17:41]     train step 2200/4000 loss=0.01308 lr=4.80e-05
[15:17:45]     train step 2400/4000 loss=0.01145 lr=3.99e-05
[15:17:49]     train step 2600/4000 loss=0.01035 lr=3.20e-05
[15:17:54]     train step 2800/4000 loss=0.00922 lr=2.48e-05
[15:17:58]     train step 3000/4000 loss=0.00846 lr=1.82e-05
[15:18:02]     train step 3200/4000 loss=0.00779 lr=1.26e-05
[15:18:06]     train step 3400/4000 loss=0.00733 lr=8.08e-06
[15:18:10]     train step 3600/4000 loss=0.00704 lr=4.74e-06
[15:18:14]     train step 3800/4000 loss=0.00691 lr=2.69e-06
[15:18:18]     train step 4000/4000 loss=0.00683 lr=2.00e-06
[15:19:34]   [eval] SR=1.000
[15:19:34]   [safe] intervention at t=0 (rollout 0) len=47
[15:19:35] 
===== safe Round 12 | dataset=20 =====
[15:19:39]     train step 200/4000 loss=0.61684 lr=8.00e-05
[15:19:43]     train step 400/4000 loss=0.21694 lr=9.96e-05
[15:19:47]     train step 600/4000 loss=0.08234 lr=9.79e-05
[15:19:51]     train step 800/4000 loss=0.05154 lr=9.49e-05
[15:19:55]     train step 1000/4000 loss=0.03740 lr=9.07e-05
[15:19:59]     train step 1200/4000 loss=0.02926 lr=8.53e-05
[15:20:03]     train step 1400/4000 loss=0.02391 lr=7.90e-05
[15:20:08]     train step 1600/4000 loss=0.02024 lr=7.19e-05
[15:20:12]     train step 1800/4000 loss=0.01798 lr=6.42e-05
[15:20:16]     train step 2000/4000 loss=0.01510 lr=5.62e-05
[15:20:20]     train step 2200/4000 loss=0.01313 lr=4.80e-05
[15:20:24]     train step 2400/4000 loss=0.01161 lr=3.99e-05
[15:20:28]     train step 2600/4000 loss=0.01043 lr=3.20e-05
[15:20:32]     train step 2800/4000 loss=0.00945 lr=2.48e-05
[15:20:37]     train step 3000/4000 loss=0.00862 lr=1.82e-05
[15:20:41]     train step 3200/4000 loss=0.00799 lr=1.26e-05
[15:20:45]     train step 3400/4000 loss=0.00749 lr=8.08e-06
[15:20:49]     train step 3600/4000 loss=0.00724 lr=4.74e-06
[15:20:53]     train step 3800/4000 loss=0.00709 lr=2.69e-06
[15:20:57]     train step 4000/4000 loss=0.00702 lr=2.00e-06
[15:22:13]   [eval] SR=1.000
[15:22:14]   [safe] intervention at t=2 (rollout 0) len=45
[15:22:14] 
===== safe Round 13 | dataset=21 =====
[15:22:18]     train step 200/4000 loss=0.61564 lr=8.00e-05
[15:22:22]     train step 400/4000 loss=0.21894 lr=9.96e-05
[15:22:27]     train step 600/4000 loss=0.08119 lr=9.79e-05
[15:22:31]     train step 800/4000 loss=0.05099 lr=9.49e-05
[15:22:35]     train step 1000/4000 loss=0.03740 lr=9.07e-05
[15:22:39]     train step 1200/4000 loss=0.02882 lr=8.53e-05
[15:22:43]     train step 1400/4000 loss=0.02437 lr=7.90e-05
[15:22:47]     train step 1600/4000 loss=0.02023 lr=7.19e-05
[15:22:52]     train step 1800/4000 loss=0.01696 lr=6.42e-05
[15:22:56]     train step 2000/4000 loss=0.01513 lr=5.62e-05
[15:23:00]     train step 2200/4000 loss=0.01340 lr=4.80e-05
[15:23:04]     train step 2400/4000 loss=0.01150 lr=3.99e-05
[15:23:08]     train step 2600/4000 loss=0.01032 lr=3.20e-05
[15:23:12]     train step 2800/4000 loss=0.00927 lr=2.48e-05
[15:23:16]     train step 3000/4000 loss=0.00860 lr=1.82e-05
[15:23:20]     train step 3200/4000 loss=0.00794 lr=1.26e-05
[15:23:24]     train step 3400/4000 loss=0.00751 lr=8.08e-06
[15:23:29]     train step 3600/4000 loss=0.00723 lr=4.74e-06
[15:23:33]     train step 3800/4000 loss=0.00707 lr=2.69e-06
[15:23:37]     train step 4000/4000 loss=0.00701 lr=2.00e-06
[15:24:53]   [eval] SR=1.000
[15:24:53]   [safe] intervention at t=0 (rollout 0) len=44
[15:24:53] 
===== safe Round 14 | dataset=22 =====
[15:24:57]     train step 200/4000 loss=0.61511 lr=8.00e-05
[15:25:01]     train step 400/4000 loss=0.21485 lr=9.96e-05
[15:25:05]     train step 600/4000 loss=0.07923 lr=9.79e-05
[15:25:10]     train step 800/4000 loss=0.04926 lr=9.49e-05
[15:25:14]     train step 1000/4000 loss=0.03664 lr=9.07e-05
[15:25:18]     train step 1200/4000 loss=0.02892 lr=8.53e-05
[15:25:22]     train step 1400/4000 loss=0.02412 lr=7.90e-05
[15:25:26]     train step 1600/4000 loss=0.02065 lr=7.19e-05
[15:25:30]     train step 1800/4000 loss=0.01749 lr=6.42e-05
[15:25:34]     train step 2000/4000 loss=0.01557 lr=5.62e-05
[15:25:39]     train step 2200/4000 loss=0.01363 lr=4.80e-05
[15:25:43]     train step 2400/4000 loss=0.01196 lr=3.99e-05
[15:25:47]     train step 2600/4000 loss=0.01079 lr=3.20e-05
[15:25:51]     train step 2800/4000 loss=0.00978 lr=2.48e-05
[15:25:55]     train step 3000/4000 loss=0.00905 lr=1.82e-05
[15:25:59]     train step 3200/4000 loss=0.00834 lr=1.26e-05
[15:26:03]     train step 3400/4000 loss=0.00779 lr=8.08e-06
[15:26:08]     train step 3600/4000 loss=0.00751 lr=4.74e-06
[15:26:12]     train step 3800/4000 loss=0.00737 lr=2.69e-06
[15:26:16]     train step 4000/4000 loss=0.00731 lr=2.00e-06
[15:27:32]   [eval] SR=1.000
[15:27:34]   [safe] intervention at t=10 (rollout 0) len=33
[15:27:34] 
===== safe Round 15 | dataset=23 =====
[15:27:38]     train step 200/4000 loss=0.61545 lr=8.00e-05
[15:27:42]     train step 400/4000 loss=0.21748 lr=9.96e-05
[15:27:46]     train step 600/4000 loss=0.07890 lr=9.79e-05
[15:27:50]     train step 800/4000 loss=0.04838 lr=9.49e-05
[15:27:55]     train step 1000/4000 loss=0.03592 lr=9.07e-05
[15:27:59]     train step 1200/4000 loss=0.02854 lr=8.53e-05
[15:28:03]     train step 1400/4000 loss=0.02358 lr=7.90e-05
[15:28:07]     train step 1600/4000 loss=0.01999 lr=7.19e-05
[15:28:11]     train step 1800/4000 loss=0.01748 lr=6.42e-05
[15:28:15]     train step 2000/4000 loss=0.01508 lr=5.62e-05
[15:28:19]     train step 2200/4000 loss=0.01299 lr=4.80e-05
[15:28:23]     train step 2400/4000 loss=0.01154 lr=3.99e-05
[15:28:28]     train step 2600/4000 loss=0.01009 lr=3.20e-05
[15:28:32]     train step 2800/4000 loss=0.00917 lr=2.48e-05
[15:28:36]     train step 3000/4000 loss=0.00834 lr=1.82e-05
[15:28:40]     train step 3200/4000 loss=0.00777 lr=1.26e-05
[15:28:44]     train step 3400/4000 loss=0.00726 lr=8.08e-06
[15:28:48]     train step 3600/4000 loss=0.00701 lr=4.74e-06
[15:28:52]     train step 3800/4000 loss=0.00688 lr=2.69e-06
[15:28:57]     train step 4000/4000 loss=0.00682 lr=2.00e-06
[15:30:13]   [eval] SR=1.000
[15:30:13]   [safe] intervention at t=0 (rollout 0) len=45
[15:30:13] 
===== safe Round 16 | dataset=24 =====
[15:30:18]     train step 200/4000 loss=0.61167 lr=8.00e-05
[15:30:22]     train step 400/4000 loss=0.21820 lr=9.96e-05
[15:30:26]     train step 600/4000 loss=0.08167 lr=9.79e-05
[15:30:30]     train step 800/4000 loss=0.04965 lr=9.49e-05
[15:30:34]     train step 1000/4000 loss=0.03632 lr=9.07e-05
[15:30:38]     train step 1200/4000 loss=0.02853 lr=8.53e-05
[15:30:42]     train step 1400/4000 loss=0.02360 lr=7.90e-05
[15:30:47]     train step 1600/4000 loss=0.02034 lr=7.19e-05
[15:30:51]     train step 1800/4000 loss=0.01778 lr=6.42e-05
[15:30:55]     train step 2000/4000 loss=0.01549 lr=5.62e-05
[15:30:59]     train step 2200/4000 loss=0.01343 lr=4.80e-05
[15:31:03]     train step 2400/4000 loss=0.01205 lr=3.99e-05
[15:31:07]     train step 2600/4000 loss=0.01069 lr=3.20e-05
[15:31:11]     train step 2800/4000 loss=0.00974 lr=2.48e-05
[15:31:16]     train step 3000/4000 loss=0.00887 lr=1.82e-05
[15:31:20]     train step 3200/4000 loss=0.00839 lr=1.26e-05
[15:31:24]     train step 3400/4000 loss=0.00781 lr=8.08e-06
[15:31:28]     train step 3600/4000 loss=0.00750 lr=4.74e-06
[15:31:32]     train step 3800/4000 loss=0.00737 lr=2.69e-06
[15:31:36]     train step 4000/4000 loss=0.00725 lr=2.00e-06
[15:32:52]   [eval] SR=1.000
[15:32:54]   [safe] intervention at t=11 (rollout 0) len=36
[15:32:54] 
===== safe Round 17 | dataset=25 =====
[15:32:58]     train step 200/4000 loss=0.61179 lr=8.00e-05
[15:33:02]     train step 400/4000 loss=0.21605 lr=9.96e-05
[15:33:07]     train step 600/4000 loss=0.08209 lr=9.79e-05
[15:33:11]     train step 800/4000 loss=0.05063 lr=9.49e-05
[15:33:15]     train step 1000/4000 loss=0.03727 lr=9.07e-05
[15:33:19]     train step 1200/4000 loss=0.02902 lr=8.53e-05
[15:33:23]     train step 1400/4000 loss=0.02406 lr=7.90e-05
[15:33:27]     train step 1600/4000 loss=0.02033 lr=7.19e-05
[15:33:31]     train step 1800/4000 loss=0.01727 lr=6.42e-05
[15:33:36]     train step 2000/4000 loss=0.01503 lr=5.62e-05
[15:33:40]     train step 2200/4000 loss=0.01316 lr=4.80e-05
[15:33:44]     train step 2400/4000 loss=0.01166 lr=3.99e-05
[15:33:48]     train step 2600/4000 loss=0.01042 lr=3.20e-05
[15:33:52]     train step 2800/4000 loss=0.00957 lr=2.48e-05
[15:33:56]     train step 3000/4000 loss=0.00867 lr=1.82e-05
[15:34:01]     train step 3200/4000 loss=0.00800 lr=1.26e-05
[15:34:05]     train step 3400/4000 loss=0.00751 lr=8.08e-06
[15:34:09]     train step 3600/4000 loss=0.00727 lr=4.74e-06
[15:34:13]     train step 3800/4000 loss=0.00716 lr=2.69e-06
[15:34:17]     train step 4000/4000 loss=0.00709 lr=2.00e-06
[15:35:33]   [eval] SR=1.000
[15:35:34]   [safe] intervention at t=1 (rollout 0) len=47
[15:35:34] 
===== safe Round 18 | dataset=26 =====
[15:35:38]     train step 200/4000 loss=0.61186 lr=8.00e-05
[15:35:42]     train step 400/4000 loss=0.21456 lr=9.96e-05
[15:35:46]     train step 600/4000 loss=0.08267 lr=9.79e-05
[15:35:50]     train step 800/4000 loss=0.05039 lr=9.49e-05
[15:35:55]     train step 1000/4000 loss=0.03706 lr=9.07e-05
[15:35:59]     train step 1200/4000 loss=0.02902 lr=8.53e-05
[15:36:03]     train step 1400/4000 loss=0.02380 lr=7.90e-05
[15:36:07]     train step 1600/4000 loss=0.02031 lr=7.19e-05
[15:36:11]     train step 1800/4000 loss=0.01716 lr=6.42e-05
[15:36:15]     train step 2000/4000 loss=0.01499 lr=5.62e-05
[15:36:20]     train step 2200/4000 loss=0.01345 lr=4.80e-05
[15:36:24]     train step 2400/4000 loss=0.01178 lr=3.99e-05
[15:36:28]     train step 2600/4000 loss=0.01039 lr=3.20e-05
[15:36:32]     train step 2800/4000 loss=0.00964 lr=2.48e-05
[15:36:36]     train step 3000/4000 loss=0.00874 lr=1.82e-05
[15:36:40]     train step 3200/4000 loss=0.00817 lr=1.26e-05
[15:36:44]     train step 3400/4000 loss=0.00770 lr=8.08e-06
[15:36:49]     train step 3600/4000 loss=0.00742 lr=4.74e-06
[15:36:53]     train step 3800/4000 loss=0.00734 lr=2.69e-06
[15:36:57]     train step 4000/4000 loss=0.00729 lr=2.00e-06
[15:38:12]   [eval] SR=1.000
[15:38:16]   [safe] intervention at t=24 (rollout 0) len=19
[15:38:16] 
===== safe Round 19 | dataset=27 =====
[15:38:20]     train step 200/4000 loss=0.61120 lr=8.00e-05
[15:38:24]     train step 400/4000 loss=0.21444 lr=9.96e-05
[15:38:28]     train step 600/4000 loss=0.08132 lr=9.79e-05
[15:38:32]     train step 800/4000 loss=0.04943 lr=9.49e-05
[15:38:36]     train step 1000/4000 loss=0.03650 lr=9.07e-05
[15:38:41]     train step 1200/4000 loss=0.02897 lr=8.53e-05
[15:38:45]     train step 1400/4000 loss=0.02401 lr=7.90e-05
[15:38:49]     train step 1600/4000 loss=0.02047 lr=7.19e-05
[15:38:53]     train step 1800/4000 loss=0.01717 lr=6.42e-05
[15:38:57]     train step 2000/4000 loss=0.01495 lr=5.62e-05
[15:39:01]     train step 2200/4000 loss=0.01325 lr=4.80e-05
[15:39:05]     train step 2400/4000 loss=0.01167 lr=3.99e-05
[15:39:09]     train step 2600/4000 loss=0.01033 lr=3.20e-05
[15:39:13]     train step 2800/4000 loss=0.00944 lr=2.48e-05
[15:39:18]     train step 3000/4000 loss=0.00873 lr=1.82e-05
[15:39:22]     train step 3200/4000 loss=0.00809 lr=1.26e-05
[15:39:26]     train step 3400/4000 loss=0.00765 lr=8.08e-06
[15:39:30]     train step 3600/4000 loss=0.00739 lr=4.74e-06
[15:39:34]     train step 3800/4000 loss=0.00728 lr=2.69e-06
[15:39:38]     train step 4000/4000 loss=0.00718 lr=2.00e-06
[15:40:54]   [eval] SR=1.000
[15:40:54]   [safe] intervention at t=0 (rollout 0) len=46
[15:40:54] 
===== safe Round 20 | dataset=28 =====
[15:40:59]     train step 200/4000 loss=0.61159 lr=8.00e-05
[15:41:03]     train step 400/4000 loss=0.21689 lr=9.96e-05
[15:41:07]     train step 600/4000 loss=0.08093 lr=9.79e-05
[15:41:11]     train step 800/4000 loss=0.05071 lr=9.49e-05
[15:41:15]     train step 1000/4000 loss=0.03696 lr=9.07e-05
[15:41:19]     train step 1200/4000 loss=0.02862 lr=8.53e-05
[15:41:23]     train step 1400/4000 loss=0.02409 lr=7.90e-05
[15:41:27]     train step 1600/4000 loss=0.02073 lr=7.19e-05
[15:41:32]     train step 1800/4000 loss=0.01758 lr=6.42e-05
[15:41:36]     train step 2000/4000 loss=0.01518 lr=5.62e-05
[15:41:40]     train step 2200/4000 loss=0.01317 lr=4.80e-05
[15:41:44]     train step 2400/4000 loss=0.01163 lr=3.99e-05
[15:41:48]     train step 2600/4000 loss=0.01045 lr=3.20e-05
[15:41:52]     train step 2800/4000 loss=0.00946 lr=2.48e-05
[15:41:56]     train step 3000/4000 loss=0.00866 lr=1.82e-05
[15:42:01]     train step 3200/4000 loss=0.00800 lr=1.26e-05
[15:42:05]     train step 3400/4000 loss=0.00760 lr=8.08e-06
[15:42:09]     train step 3600/4000 loss=0.00734 lr=4.74e-06
[15:42:13]     train step 3800/4000 loss=0.00719 lr=2.69e-06
[15:42:17]     train step 4000/4000 loss=0.00711 lr=2.00e-06
[15:43:32]   [eval] SR=1.000
[15:43:33] DONE in 3625.3s | final_success=1.0
[15:43:33] [write] /weka/s226137394/DmNfull/distil/results/Lift/state/safe/seed2/result.json
