[16:29:06] [env] loaded /weka/s226137394/DmNfull/.env
[16:29:08] ===== DISTIL | task=Lift modality=state ablation=ensemble seed=3 budget=20 smoke=False device=cuda =====
[16:29:08] [bootstrap] loaded 8 shared demos from /weka/s226137394/DmNfull/distil/results/shared_bootstrap/Lift_state/Lift_state_ni8.pkl
[16:29:10] 
===== ensemble Round 0 | dataset=8 =====
[16:29:16]     train step 200/8000 loss=0.61264 lr=8.00e-05
[16:29:20]     train step 400/8000 loss=0.24755 lr=9.99e-05
[16:29:24]     train step 600/8000 loss=0.08754 lr=9.95e-05
[16:29:28]     train step 800/8000 loss=0.05282 lr=9.88e-05
[16:29:32]     train step 1000/8000 loss=0.03862 lr=9.78e-05
[16:29:36]     train step 1200/8000 loss=0.03026 lr=9.64e-05
[16:29:40]     train step 1400/8000 loss=0.02448 lr=9.48e-05
[16:29:44]     train step 1600/8000 loss=0.02072 lr=9.29e-05
[16:29:48]     train step 1800/8000 loss=0.01761 lr=9.07e-05
[16:29:52]     train step 2000/8000 loss=0.01543 lr=8.82e-05
[16:29:57]     train step 2200/8000 loss=0.01321 lr=8.55e-05
[16:30:01]     train step 2400/8000 loss=0.01147 lr=8.26e-05
[16:30:05]     train step 2600/8000 loss=0.00994 lr=7.94e-05
[16:30:09]     train step 2800/8000 loss=0.00950 lr=7.61e-05
[16:30:13]     train step 3000/8000 loss=0.00790 lr=7.26e-05
[16:30:17]     train step 3200/8000 loss=0.00705 lr=6.90e-05
[16:30:21]     train step 3400/8000 loss=0.00673 lr=6.52e-05
[16:30:25]     train step 3600/8000 loss=0.00552 lr=6.14e-05
[16:30:29]     train step 3800/8000 loss=0.00486 lr=5.75e-05
[16:30:33]     train step 4000/8000 loss=0.00482 lr=5.35e-05
[16:30:37]     train step 4200/8000 loss=0.00407 lr=4.95e-05
[16:30:41]     train step 4400/8000 loss=0.00383 lr=4.56e-05
[16:30:45]     train step 4600/8000 loss=0.00366 lr=4.16e-05
[16:30:49]     train step 4800/8000 loss=0.00334 lr=3.78e-05
[16:30:53]     train step 5000/8000 loss=0.00302 lr=3.40e-05
[16:30:57]     train step 5200/8000 loss=0.00283 lr=3.03e-05
[16:31:01]     train step 5400/8000 loss=0.00273 lr=2.68e-05
[16:31:05]     train step 5600/8000 loss=0.00252 lr=2.34e-05
[16:31:09]     train step 5800/8000 loss=0.00243 lr=2.02e-05
[16:31:13]     train step 6000/8000 loss=0.00230 lr=1.73e-05
[16:31:18]     train step 6200/8000 loss=0.00224 lr=1.45e-05
[16:31:22]     train step 6400/8000 loss=0.00215 lr=1.20e-05
[16:31:26]     train step 6600/8000 loss=0.00208 lr=9.69e-06
[16:31:30]     train step 6800/8000 loss=0.00203 lr=7.69e-06
[16:31:34]     train step 7000/8000 loss=0.00198 lr=5.98e-06
[16:31:38]     train step 7200/8000 loss=0.00196 lr=4.56e-06
[16:31:42]     train step 7400/8000 loss=0.00192 lr=3.45e-06
[16:31:46]     train step 7600/8000 loss=0.00192 lr=2.65e-06
[16:31:50]     train step 7800/8000 loss=0.00187 lr=2.16e-06
[16:31:54]     train step 8000/8000 loss=0.00187 lr=2.00e-06
[16:46:06]   [eval] SR=0.650
[16:46:07]   [ensemble] intervention at t=0 (rollout 0) len=47
[16:46:07] 
===== ensemble Round 1 | dataset=9 =====
[16:46:11]     train step 200/4000 loss=0.60993 lr=8.00e-05
[16:46:15]     train step 400/4000 loss=0.23290 lr=9.96e-05
[16:46:20]     train step 600/4000 loss=0.08203 lr=9.79e-05
[16:46:24]     train step 800/4000 loss=0.05043 lr=9.49e-05
[16:46:28]     train step 1000/4000 loss=0.03766 lr=9.07e-05
[16:46:32]     train step 1200/4000 loss=0.02960 lr=8.53e-05
[16:46:36]     train step 1400/4000 loss=0.02425 lr=7.90e-05
[16:46:40]     train step 1600/4000 loss=0.02064 lr=7.19e-05
[16:46:44]     train step 1800/4000 loss=0.01721 lr=6.42e-05
[16:46:48]     train step 2000/4000 loss=0.01478 lr=5.62e-05
[16:46:52]     train step 2200/4000 loss=0.01288 lr=4.80e-05
[16:46:57]     train step 2400/4000 loss=0.01096 lr=3.99e-05
[16:47:01]     train step 2600/4000 loss=0.00969 lr=3.20e-05
[16:47:05]     train step 2800/4000 loss=0.00881 lr=2.48e-05
[16:47:09]     train step 3000/4000 loss=0.00786 lr=1.82e-05
[16:47:13]     train step 3200/4000 loss=0.00719 lr=1.26e-05
[16:47:17]     train step 3400/4000 loss=0.00696 lr=8.08e-06
[16:47:21]     train step 3600/4000 loss=0.00655 lr=4.74e-06
[16:47:25]     train step 3800/4000 loss=0.00637 lr=2.69e-06
[16:47:30]     train step 4000/4000 loss=0.00624 lr=2.00e-06
[16:55:01]   [eval] SR=0.910
[16:55:02]   [ensemble] intervention at t=0 (rollout 0) len=43
[16:55:02] 
===== ensemble Round 2 | dataset=10 =====
[16:55:06]     train step 200/4000 loss=0.60861 lr=8.00e-05
[16:55:10]     train step 400/4000 loss=0.22725 lr=9.96e-05
[16:55:15]     train step 600/4000 loss=0.08077 lr=9.79e-05
[16:55:19]     train step 800/4000 loss=0.05058 lr=9.49e-05
[16:55:23]     train step 1000/4000 loss=0.03654 lr=9.07e-05
[16:55:27]     train step 1200/4000 loss=0.02912 lr=8.53e-05
[16:55:31]     train step 1400/4000 loss=0.02379 lr=7.90e-05
[16:55:35]     train step 1600/4000 loss=0.02025 lr=7.19e-05
[16:55:40]     train step 1800/4000 loss=0.01717 lr=6.42e-05
[16:55:44]     train step 2000/4000 loss=0.01457 lr=5.62e-05
[16:55:48]     train step 2200/4000 loss=0.01282 lr=4.80e-05
[16:55:52]     train step 2400/4000 loss=0.01116 lr=3.99e-05
[16:55:56]     train step 2600/4000 loss=0.00984 lr=3.20e-05
[16:56:00]     train step 2800/4000 loss=0.00882 lr=2.48e-05
[16:56:05]     train step 3000/4000 loss=0.00822 lr=1.82e-05
[16:56:09]     train step 3200/4000 loss=0.00741 lr=1.26e-05
[16:56:13]     train step 3400/4000 loss=0.00717 lr=8.08e-06
[16:56:17]     train step 3600/4000 loss=0.00683 lr=4.74e-06
[16:56:21]     train step 3800/4000 loss=0.00661 lr=2.69e-06
[16:56:25]     train step 4000/4000 loss=0.00653 lr=2.00e-06
[17:03:36]   [eval] SR=0.970
[17:03:37]   [ensemble] intervention at t=0 (rollout 0) len=46
[17:03:37] 
===== ensemble Round 3 | dataset=11 =====
[17:03:41]     train step 200/4000 loss=0.60967 lr=8.00e-05
[17:03:45]     train step 400/4000 loss=0.22278 lr=9.96e-05
[17:03:50]     train step 600/4000 loss=0.07714 lr=9.79e-05
[17:03:54]     train step 800/4000 loss=0.04948 lr=9.49e-05
[17:03:58]     train step 1000/4000 loss=0.03624 lr=9.07e-05
[17:04:02]     train step 1200/4000 loss=0.02856 lr=8.53e-05
[17:04:07]     train step 1400/4000 loss=0.02350 lr=7.90e-05
[17:04:11]     train step 1600/4000 loss=0.01992 lr=7.19e-05
[17:04:15]     train step 1800/4000 loss=0.01667 lr=6.42e-05
[17:04:19]     train step 2000/4000 loss=0.01470 lr=5.62e-05
[17:04:23]     train step 2200/4000 loss=0.01235 lr=4.80e-05
[17:04:27]     train step 2400/4000 loss=0.01063 lr=3.99e-05
[17:04:32]     train step 2600/4000 loss=0.00975 lr=3.20e-05
[17:04:36]     train step 2800/4000 loss=0.00861 lr=2.48e-05
[17:04:40]     train step 3000/4000 loss=0.00782 lr=1.82e-05
[17:04:44]     train step 3200/4000 loss=0.00718 lr=1.26e-05
[17:04:49]     train step 3400/4000 loss=0.00679 lr=8.08e-06
[17:04:53]     train step 3600/4000 loss=0.00652 lr=4.74e-06
[17:04:57]     train step 3800/4000 loss=0.00628 lr=2.69e-06
[17:05:01]     train step 4000/4000 loss=0.00619 lr=2.00e-06
[17:12:03]   [eval] SR=0.990
[17:12:07]   [ensemble] intervention at t=7 (rollout 0) len=37
[17:12:07] 
===== ensemble Round 4 | dataset=12 =====
[17:12:11]     train step 200/4000 loss=0.60155 lr=8.00e-05
[17:12:15]     train step 400/4000 loss=0.21830 lr=9.96e-05
[17:12:19]     train step 600/4000 loss=0.07772 lr=9.79e-05
[17:12:24]     train step 800/4000 loss=0.04862 lr=9.49e-05
[17:12:28]     train step 1000/4000 loss=0.03693 lr=9.07e-05
[17:12:32]     train step 1200/4000 loss=0.02867 lr=8.53e-05
[17:12:36]     train step 1400/4000 loss=0.02364 lr=7.90e-05
[17:12:40]     train step 1600/4000 loss=0.01947 lr=7.19e-05
[17:12:45]     train step 1800/4000 loss=0.01675 lr=6.42e-05
[17:12:49]     train step 2000/4000 loss=0.01449 lr=5.62e-05
[17:12:53]     train step 2200/4000 loss=0.01263 lr=4.80e-05
[17:12:57]     train step 2400/4000 loss=0.01079 lr=3.99e-05
[17:13:01]     train step 2600/4000 loss=0.00953 lr=3.20e-05
[17:13:06]     train step 2800/4000 loss=0.00870 lr=2.48e-05
[17:13:10]     train step 3000/4000 loss=0.00778 lr=1.82e-05
[17:13:14]     train step 3200/4000 loss=0.00733 lr=1.26e-05
[17:13:18]     train step 3400/4000 loss=0.00692 lr=8.08e-06
[17:13:23]     train step 3600/4000 loss=0.00663 lr=4.74e-06
[17:13:27]     train step 3800/4000 loss=0.00643 lr=2.69e-06
[17:13:31]     train step 4000/4000 loss=0.00634 lr=2.00e-06
[17:20:27]   [eval] SR=1.000
[17:20:28]   [ensemble] intervention at t=0 (rollout 0) len=47
[17:20:28] 
===== ensemble Round 5 | dataset=13 =====
[17:20:32]     train step 200/4000 loss=0.60394 lr=8.00e-05
[17:20:37]     train step 400/4000 loss=0.22062 lr=9.96e-05
[17:20:41]     train step 600/4000 loss=0.07895 lr=9.79e-05
[17:20:45]     train step 800/4000 loss=0.05006 lr=9.49e-05
[17:20:49]     train step 1000/4000 loss=0.03666 lr=9.07e-05
[17:20:53]     train step 1200/4000 loss=0.02899 lr=8.53e-05
[17:20:58]     train step 1400/4000 loss=0.02364 lr=7.90e-05
[17:21:02]     train step 1600/4000 loss=0.01997 lr=7.19e-05
[17:21:06]     train step 1800/4000 loss=0.01704 lr=6.42e-05
[17:21:10]     train step 2000/4000 loss=0.01507 lr=5.62e-05
[17:21:15]     train step 2200/4000 loss=0.01324 lr=4.80e-05
[17:21:19]     train step 2400/4000 loss=0.01124 lr=3.99e-05
[17:21:23]     train step 2600/4000 loss=0.01002 lr=3.20e-05
[17:21:27]     train step 2800/4000 loss=0.00892 lr=2.48e-05
[17:21:31]     train step 3000/4000 loss=0.00809 lr=1.82e-05
[17:21:36]     train step 3200/4000 loss=0.00759 lr=1.26e-05
[17:21:40]     train step 3400/4000 loss=0.00718 lr=8.08e-06
[17:21:44]     train step 3600/4000 loss=0.00686 lr=4.74e-06
[17:21:48]     train step 3800/4000 loss=0.00667 lr=2.69e-06
[17:21:53]     train step 4000/4000 loss=0.00653 lr=2.00e-06
[17:28:51]   [eval] SR=0.990
[17:28:52]   [ensemble] intervention at t=0 (rollout 0) len=44
[17:28:52] 
===== ensemble Round 6 | dataset=14 =====
[17:28:57]     train step 200/4000 loss=0.60520 lr=8.00e-05
[17:29:01]     train step 400/4000 loss=0.22154 lr=9.96e-05
[17:29:05]     train step 600/4000 loss=0.07722 lr=9.79e-05
[17:29:09]     train step 800/4000 loss=0.04892 lr=9.49e-05
[17:29:13]     train step 1000/4000 loss=0.03617 lr=9.07e-05
[17:29:18]     train step 1200/4000 loss=0.02880 lr=8.53e-05
[17:29:22]     train step 1400/4000 loss=0.02328 lr=7.90e-05
[17:29:26]     train step 1600/4000 loss=0.01949 lr=7.19e-05
[17:29:30]     train step 1800/4000 loss=0.01668 lr=6.42e-05
[17:29:35]     train step 2000/4000 loss=0.01437 lr=5.62e-05
[17:29:39]     train step 2200/4000 loss=0.01260 lr=4.80e-05
[17:29:43]     train step 2400/4000 loss=0.01092 lr=3.99e-05
[17:29:47]     train step 2600/4000 loss=0.00967 lr=3.20e-05
[17:29:51]     train step 2800/4000 loss=0.00873 lr=2.48e-05
[17:29:56]     train step 3000/4000 loss=0.00797 lr=1.82e-05
[17:30:00]     train step 3200/4000 loss=0.00736 lr=1.26e-05
[17:30:04]     train step 3400/4000 loss=0.00708 lr=8.08e-06
[17:30:08]     train step 3600/4000 loss=0.00679 lr=4.74e-06
[17:30:12]     train step 3800/4000 loss=0.00658 lr=2.69e-06
[17:30:17]     train step 4000/4000 loss=0.00648 lr=2.00e-06
[17:37:13]   [eval] SR=1.000
[17:37:27]   [ensemble] intervention at t=26 (rollout 0) len=18
[17:37:27] 
===== ensemble Round 7 | dataset=15 =====
[17:37:31]     train step 200/4000 loss=0.60726 lr=8.00e-05
[17:37:35]     train step 400/4000 loss=0.21992 lr=9.96e-05
[17:37:40]     train step 600/4000 loss=0.07882 lr=9.79e-05
[17:37:44]     train step 800/4000 loss=0.04970 lr=9.49e-05
[17:37:48]     train step 1000/4000 loss=0.03660 lr=9.07e-05
[17:37:52]     train step 1200/4000 loss=0.02892 lr=8.53e-05
[17:37:57]     train step 1400/4000 loss=0.02407 lr=7.90e-05
[17:38:01]     train step 1600/4000 loss=0.02027 lr=7.19e-05
[17:38:05]     train step 1800/4000 loss=0.01744 lr=6.42e-05
[17:38:09]     train step 2000/4000 loss=0.01527 lr=5.62e-05
[17:38:13]     train step 2200/4000 loss=0.01328 lr=4.80e-05
[17:38:18]     train step 2400/4000 loss=0.01158 lr=3.99e-05
[17:38:22]     train step 2600/4000 loss=0.01016 lr=3.20e-05
[17:38:26]     train step 2800/4000 loss=0.00918 lr=2.48e-05
[17:38:30]     train step 3000/4000 loss=0.00859 lr=1.82e-05
[17:38:35]     train step 3200/4000 loss=0.00799 lr=1.26e-05
[17:38:39]     train step 3400/4000 loss=0.00759 lr=8.08e-06
[17:38:43]     train step 3600/4000 loss=0.00733 lr=4.74e-06
[17:38:47]     train step 3800/4000 loss=0.00711 lr=2.69e-06
[17:38:51]     train step 4000/4000 loss=0.00704 lr=2.00e-06
[17:45:46]   [eval] SR=1.000
[17:45:58]   [ensemble] intervention at t=24 (rollout 0) len=22
[17:45:58] 
===== ensemble Round 8 | dataset=16 =====
[17:46:03]     train step 200/4000 loss=0.60644 lr=8.00e-05
[17:46:07]     train step 400/4000 loss=0.21954 lr=9.96e-05
[17:46:11]     train step 600/4000 loss=0.08088 lr=9.79e-05
[17:46:15]     train step 800/4000 loss=0.05019 lr=9.49e-05
[17:46:19]     train step 1000/4000 loss=0.03755 lr=9.07e-05
[17:46:24]     train step 1200/4000 loss=0.02979 lr=8.53e-05
[17:46:28]     train step 1400/4000 loss=0.02428 lr=7.90e-05
[17:46:32]     train step 1600/4000 loss=0.02102 lr=7.19e-05
[17:46:36]     train step 1800/4000 loss=0.01762 lr=6.42e-05
[17:46:40]     train step 2000/4000 loss=0.01552 lr=5.62e-05
[17:46:45]     train step 2200/4000 loss=0.01324 lr=4.80e-05
[17:46:49]     train step 2400/4000 loss=0.01148 lr=3.99e-05
[17:46:53]     train step 2600/4000 loss=0.01018 lr=3.20e-05
[17:46:57]     train step 2800/4000 loss=0.00940 lr=2.48e-05
[17:47:01]     train step 3000/4000 loss=0.00851 lr=1.82e-05
[17:47:06]     train step 3200/4000 loss=0.00798 lr=1.26e-05
[17:47:10]     train step 3400/4000 loss=0.00757 lr=8.08e-06
[17:47:14]     train step 3600/4000 loss=0.00732 lr=4.74e-06
[17:47:18]     train step 3800/4000 loss=0.00714 lr=2.69e-06
[17:47:22]     train step 4000/4000 loss=0.00700 lr=2.00e-06
[17:54:18]   [eval] SR=1.000
[17:54:32]   [ensemble] intervention at t=27 (rollout 0) len=21
[17:54:33] 
===== ensemble Round 9 | dataset=17 =====
[17:54:37]     train step 200/4000 loss=0.60614 lr=8.00e-05
[17:54:41]     train step 400/4000 loss=0.21835 lr=9.96e-05
[17:54:45]     train step 600/4000 loss=0.07897 lr=9.79e-05
[17:54:50]     train step 800/4000 loss=0.04934 lr=9.49e-05
[17:54:54]     train step 1000/4000 loss=0.03681 lr=9.07e-05
[17:54:58]     train step 1200/4000 loss=0.03004 lr=8.53e-05
[17:55:02]     train step 1400/4000 loss=0.02449 lr=7.90e-05
[17:55:07]     train step 1600/4000 loss=0.02051 lr=7.19e-05
[17:55:11]     train step 1800/4000 loss=0.01804 lr=6.42e-05
[17:55:15]     train step 2000/4000 loss=0.01566 lr=5.62e-05
[17:55:19]     train step 2200/4000 loss=0.01312 lr=4.80e-05
[17:55:24]     train step 2400/4000 loss=0.01154 lr=3.99e-05
[17:55:28]     train step 2600/4000 loss=0.01037 lr=3.20e-05
[17:55:32]     train step 2800/4000 loss=0.00946 lr=2.48e-05
[17:55:36]     train step 3000/4000 loss=0.00855 lr=1.82e-05
[17:55:41]     train step 3200/4000 loss=0.00807 lr=1.26e-05
[17:55:45]     train step 3400/4000 loss=0.00767 lr=8.08e-06
[17:55:49]     train step 3600/4000 loss=0.00745 lr=4.74e-06
[17:55:54]     train step 3800/4000 loss=0.00715 lr=2.69e-06
[17:55:58]     train step 4000/4000 loss=0.00707 lr=2.00e-06
[18:02:57]   [eval] SR=0.990
[18:03:10]   [ensemble] intervention at t=25 (rollout 0) len=17
[18:03:10] 
===== ensemble Round 10 | dataset=18 =====
[18:03:14]     train step 200/4000 loss=0.60671 lr=8.00e-05
[18:03:19]     train step 400/4000 loss=0.22044 lr=9.96e-05
[18:03:23]     train step 600/4000 loss=0.07865 lr=9.79e-05
[18:03:27]     train step 800/4000 loss=0.04962 lr=9.49e-05
[18:03:31]     train step 1000/4000 loss=0.03687 lr=9.07e-05
[18:03:36]     train step 1200/4000 loss=0.02966 lr=8.53e-05
[18:03:40]     train step 1400/4000 loss=0.02429 lr=7.90e-05
[18:03:44]     train step 1600/4000 loss=0.02090 lr=7.19e-05
[18:03:48]     train step 1800/4000 loss=0.01744 lr=6.42e-05
[18:03:52]     train step 2000/4000 loss=0.01517 lr=5.62e-05
[18:03:57]     train step 2200/4000 loss=0.01296 lr=4.80e-05
[18:04:01]     train step 2400/4000 loss=0.01137 lr=3.99e-05
[18:04:05]     train step 2600/4000 loss=0.01025 lr=3.20e-05
[18:04:09]     train step 2800/4000 loss=0.00921 lr=2.48e-05
[18:04:13]     train step 3000/4000 loss=0.00832 lr=1.82e-05
[18:04:18]     train step 3200/4000 loss=0.00786 lr=1.26e-05
[18:04:22]     train step 3400/4000 loss=0.00742 lr=8.08e-06
[18:04:26]     train step 3600/4000 loss=0.00709 lr=4.74e-06
[18:04:30]     train step 3800/4000 loss=0.00693 lr=2.69e-06
[18:04:35]     train step 4000/4000 loss=0.00680 lr=2.00e-06
[18:11:35]   [eval] SR=1.000
[18:11:49]   [ensemble] intervention at t=27 (rollout 0) len=21
[18:11:49] 
===== ensemble Round 11 | dataset=19 =====
[18:11:53]     train step 200/4000 loss=0.60767 lr=8.00e-05
[18:11:58]     train step 400/4000 loss=0.22019 lr=9.96e-05
[18:12:02]     train step 600/4000 loss=0.07724 lr=9.79e-05
[18:12:06]     train step 800/4000 loss=0.04955 lr=9.49e-05
[18:12:10]     train step 1000/4000 loss=0.03757 lr=9.07e-05
[18:12:15]     train step 1200/4000 loss=0.03012 lr=8.53e-05
[18:12:19]     train step 1400/4000 loss=0.02479 lr=7.90e-05
[18:12:23]     train step 1600/4000 loss=0.02085 lr=7.19e-05
[18:12:27]     train step 1800/4000 loss=0.01789 lr=6.42e-05
[18:12:32]     train step 2000/4000 loss=0.01556 lr=5.62e-05
[18:12:36]     train step 2200/4000 loss=0.01341 lr=4.80e-05
[18:12:40]     train step 2400/4000 loss=0.01209 lr=3.99e-05
[18:12:44]     train step 2600/4000 loss=0.01075 lr=3.20e-05
[18:12:48]     train step 2800/4000 loss=0.00949 lr=2.48e-05
[18:12:53]     train step 3000/4000 loss=0.00883 lr=1.82e-05
[18:12:57]     train step 3200/4000 loss=0.00816 lr=1.26e-05
[18:13:01]     train step 3400/4000 loss=0.00781 lr=8.08e-06
[18:13:05]     train step 3600/4000 loss=0.00751 lr=4.74e-06
[18:13:09]     train step 3800/4000 loss=0.00725 lr=2.69e-06
[18:13:14]     train step 4000/4000 loss=0.00719 lr=2.00e-06
[18:20:09]   [eval] SR=1.000
[18:20:09]   [ensemble] intervention at t=0 (rollout 0) len=46
[18:20:10] 
===== ensemble Round 12 | dataset=20 =====
[18:20:14]     train step 200/4000 loss=0.60844 lr=8.00e-05
[18:20:18]     train step 400/4000 loss=0.21881 lr=9.96e-05
[18:20:22]     train step 600/4000 loss=0.07873 lr=9.79e-05
[18:20:26]     train step 800/4000 loss=0.04938 lr=9.49e-05
[18:20:31]     train step 1000/4000 loss=0.03659 lr=9.07e-05
[18:20:35]     train step 1200/4000 loss=0.02906 lr=8.53e-05
[18:20:39]     train step 1400/4000 loss=0.02449 lr=7.90e-05
[18:20:43]     train step 1600/4000 loss=0.02070 lr=7.19e-05
[18:20:48]     train step 1800/4000 loss=0.01748 lr=6.42e-05
[18:20:52]     train step 2000/4000 loss=0.01535 lr=5.62e-05
[18:20:56]     train step 2200/4000 loss=0.01309 lr=4.80e-05
[18:21:00]     train step 2400/4000 loss=0.01145 lr=3.99e-05
[18:21:05]     train step 2600/4000 loss=0.01005 lr=3.20e-05
[18:21:09]     train step 2800/4000 loss=0.00913 lr=2.48e-05
[18:21:13]     train step 3000/4000 loss=0.00832 lr=1.82e-05
[18:21:17]     train step 3200/4000 loss=0.00781 lr=1.26e-05
[18:21:22]     train step 3400/4000 loss=0.00744 lr=8.08e-06
[18:21:26]     train step 3600/4000 loss=0.00712 lr=4.74e-06
[18:21:30]     train step 3800/4000 loss=0.00692 lr=2.69e-06
[18:21:34]     train step 4000/4000 loss=0.00682 lr=2.00e-06
[18:28:31]   [eval] SR=1.000
[18:28:45]   [ensemble] intervention at t=26 (rollout 0) len=20
[18:28:45] 
===== ensemble Round 13 | dataset=21 =====
[18:28:49]     train step 200/4000 loss=0.60856 lr=8.00e-05
[18:28:53]     train step 400/4000 loss=0.21755 lr=9.96e-05
[18:28:57]     train step 600/4000 loss=0.07738 lr=9.79e-05
[18:29:02]     train step 800/4000 loss=0.04939 lr=9.49e-05
[18:29:06]     train step 1000/4000 loss=0.03692 lr=9.07e-05
[18:29:10]     train step 1200/4000 loss=0.02924 lr=8.53e-05
[18:29:14]     train step 1400/4000 loss=0.02417 lr=7.90e-05
[18:29:19]     train step 1600/4000 loss=0.02117 lr=7.19e-05
[18:29:23]     train step 1800/4000 loss=0.01790 lr=6.42e-05
[18:29:27]     train step 2000/4000 loss=0.01578 lr=5.62e-05
[18:29:31]     train step 2200/4000 loss=0.01342 lr=4.80e-05
[18:29:36]     train step 2400/4000 loss=0.01173 lr=3.99e-05
[18:29:40]     train step 2600/4000 loss=0.01066 lr=3.20e-05
[18:29:44]     train step 2800/4000 loss=0.00967 lr=2.48e-05
[18:29:48]     train step 3000/4000 loss=0.00872 lr=1.82e-05
[18:29:53]     train step 3200/4000 loss=0.00827 lr=1.26e-05
[18:29:57]     train step 3400/4000 loss=0.00779 lr=8.08e-06
[18:30:01]     train step 3600/4000 loss=0.00749 lr=4.74e-06
[18:30:05]     train step 3800/4000 loss=0.00724 lr=2.69e-06
[18:30:09]     train step 4000/4000 loss=0.00715 lr=2.00e-06
[18:37:06]   [eval] SR=1.000
[18:37:06]   [ensemble] intervention at t=0 (rollout 0) len=44
[18:37:06] 
===== ensemble Round 14 | dataset=22 =====
[18:37:11]     train step 200/4000 loss=0.60775 lr=8.00e-05
[18:37:15]     train step 400/4000 loss=0.21734 lr=9.96e-05
[18:37:19]     train step 600/4000 loss=0.07881 lr=9.79e-05
[18:37:23]     train step 800/4000 loss=0.05048 lr=9.49e-05
[18:37:27]     train step 1000/4000 loss=0.03781 lr=9.07e-05
[18:37:32]     train step 1200/4000 loss=0.02945 lr=8.53e-05
[18:37:36]     train step 1400/4000 loss=0.02426 lr=7.90e-05
[18:37:40]     train step 1600/4000 loss=0.02106 lr=7.19e-05
[18:37:44]     train step 1800/4000 loss=0.01782 lr=6.42e-05
[18:37:48]     train step 2000/4000 loss=0.01558 lr=5.62e-05
[18:37:53]     train step 2200/4000 loss=0.01386 lr=4.80e-05
[18:37:57]     train step 2400/4000 loss=0.01187 lr=3.99e-05
[18:38:01]     train step 2600/4000 loss=0.01082 lr=3.20e-05
[18:38:05]     train step 2800/4000 loss=0.00962 lr=2.48e-05
[18:38:09]     train step 3000/4000 loss=0.00877 lr=1.82e-05
[18:38:14]     train step 3200/4000 loss=0.00813 lr=1.26e-05
[18:38:18]     train step 3400/4000 loss=0.00775 lr=8.08e-06
[18:38:22]     train step 3600/4000 loss=0.00749 lr=4.74e-06
[18:38:26]     train step 3800/4000 loss=0.00728 lr=2.69e-06
[18:38:30]     train step 4000/4000 loss=0.00716 lr=2.00e-06
[18:45:23]   [eval] SR=1.000
[18:45:35]   [ensemble] intervention at t=22 (rollout 0) len=19
[18:45:35] 
===== ensemble Round 15 | dataset=23 =====
[18:45:39]     train step 200/4000 loss=0.60794 lr=8.00e-05
[18:45:44]     train step 400/4000 loss=0.21868 lr=9.96e-05
[18:45:48]     train step 600/4000 loss=0.07892 lr=9.79e-05
[18:45:52]     train step 800/4000 loss=0.04970 lr=9.49e-05
[18:45:56]     train step 1000/4000 loss=0.03728 lr=9.07e-05
[18:46:00]     train step 1200/4000 loss=0.02981 lr=8.53e-05
[18:46:05]     train step 1400/4000 loss=0.02429 lr=7.90e-05
[18:46:09]     train step 1600/4000 loss=0.02108 lr=7.19e-05
[18:46:13]     train step 1800/4000 loss=0.01745 lr=6.42e-05
[18:46:17]     train step 2000/4000 loss=0.01520 lr=5.62e-05
[18:46:22]     train step 2200/4000 loss=0.01291 lr=4.80e-05
[18:46:26]     train step 2400/4000 loss=0.01136 lr=3.99e-05
[18:46:30]     train step 2600/4000 loss=0.01033 lr=3.20e-05
[18:46:34]     train step 2800/4000 loss=0.00905 lr=2.48e-05
[18:46:39]     train step 3000/4000 loss=0.00835 lr=1.82e-05
[18:46:43]     train step 3200/4000 loss=0.00781 lr=1.26e-05
[18:46:47]     train step 3400/4000 loss=0.00744 lr=8.08e-06
[18:46:51]     train step 3600/4000 loss=0.00716 lr=4.74e-06
[18:46:55]     train step 3800/4000 loss=0.00690 lr=2.69e-06
[18:47:00]     train step 4000/4000 loss=0.00682 lr=2.00e-06
[18:53:54]   [eval] SR=1.000
[18:53:55]   [ensemble] intervention at t=0 (rollout 0) len=45
[18:53:55] 
===== ensemble Round 16 | dataset=24 =====
[18:53:59]     train step 200/4000 loss=0.60276 lr=8.00e-05
[18:54:03]     train step 400/4000 loss=0.21767 lr=9.96e-05
[18:54:07]     train step 600/4000 loss=0.08102 lr=9.79e-05
[18:54:12]     train step 800/4000 loss=0.05031 lr=9.49e-05
[18:54:16]     train step 1000/4000 loss=0.03747 lr=9.07e-05
[18:54:20]     train step 1200/4000 loss=0.03062 lr=8.53e-05
[18:54:24]     train step 1400/4000 loss=0.02469 lr=7.90e-05
[18:54:28]     train step 1600/4000 loss=0.02161 lr=7.19e-05
[18:54:33]     train step 1800/4000 loss=0.01822 lr=6.42e-05
[18:54:37]     train step 2000/4000 loss=0.01597 lr=5.62e-05
[18:54:41]     train step 2200/4000 loss=0.01407 lr=4.80e-05
[18:54:45]     train step 2400/4000 loss=0.01210 lr=3.99e-05
[18:54:49]     train step 2600/4000 loss=0.01108 lr=3.20e-05
[18:54:54]     train step 2800/4000 loss=0.00992 lr=2.48e-05
[18:54:58]     train step 3000/4000 loss=0.00901 lr=1.82e-05
[18:55:02]     train step 3200/4000 loss=0.00835 lr=1.26e-05
[18:55:06]     train step 3400/4000 loss=0.00796 lr=8.08e-06
[18:55:11]     train step 3600/4000 loss=0.00765 lr=4.74e-06
[18:55:15]     train step 3800/4000 loss=0.00740 lr=2.69e-06
[18:55:19]     train step 4000/4000 loss=0.00731 lr=2.00e-06
[19:02:12]   [eval] SR=1.000
[19:02:25]   [ensemble] intervention at t=25 (rollout 0) len=22
[19:02:25] 
===== ensemble Round 17 | dataset=25 =====
[19:02:30]     train step 200/4000 loss=0.60374 lr=8.00e-05
[19:02:34]     train step 400/4000 loss=0.21578 lr=9.96e-05
[19:02:38]     train step 600/4000 loss=0.07831 lr=9.79e-05
[19:02:42]     train step 800/4000 loss=0.05024 lr=9.49e-05
[19:02:47]     train step 1000/4000 loss=0.03761 lr=9.07e-05
[19:02:51]     train step 1200/4000 loss=0.03010 lr=8.53e-05
[19:02:55]     train step 1400/4000 loss=0.02500 lr=7.90e-05
[19:02:59]     train step 1600/4000 loss=0.02112 lr=7.19e-05
[19:03:03]     train step 1800/4000 loss=0.01854 lr=6.42e-05
[19:03:08]     train step 2000/4000 loss=0.01591 lr=5.62e-05
[19:03:12]     train step 2200/4000 loss=0.01370 lr=4.80e-05
[19:03:16]     train step 2400/4000 loss=0.01202 lr=3.99e-05
[19:03:20]     train step 2600/4000 loss=0.01084 lr=3.20e-05
[19:03:24]     train step 2800/4000 loss=0.00983 lr=2.48e-05
[19:03:28]     train step 3000/4000 loss=0.00899 lr=1.82e-05
[19:03:33]     train step 3200/4000 loss=0.00838 lr=1.26e-05
[19:03:37]     train step 3400/4000 loss=0.00802 lr=8.08e-06
[19:03:41]     train step 3600/4000 loss=0.00774 lr=4.74e-06
[19:03:45]     train step 3800/4000 loss=0.00746 lr=2.69e-06
[19:03:49]     train step 4000/4000 loss=0.00740 lr=2.00e-06
[19:10:45]   [eval] SR=1.000
[19:10:46]   [ensemble] intervention at t=1 (rollout 0) len=46
[19:10:46] 
===== ensemble Round 18 | dataset=26 =====
[19:10:50]     train step 200/4000 loss=0.60354 lr=8.00e-05
[19:10:55]     train step 400/4000 loss=0.21571 lr=9.96e-05
[19:10:59]     train step 600/4000 loss=0.07944 lr=9.79e-05
[19:11:03]     train step 800/4000 loss=0.05020 lr=9.49e-05
[19:11:07]     train step 1000/4000 loss=0.03728 lr=9.07e-05
[19:11:11]     train step 1200/4000 loss=0.02939 lr=8.53e-05
[19:11:16]     train step 1400/4000 loss=0.02473 lr=7.90e-05
[19:11:20]     train step 1600/4000 loss=0.02079 lr=7.19e-05
[19:11:24]     train step 1800/4000 loss=0.01772 lr=6.42e-05
[19:11:28]     train step 2000/4000 loss=0.01575 lr=5.62e-05
[19:11:32]     train step 2200/4000 loss=0.01328 lr=4.80e-05
[19:11:37]     train step 2400/4000 loss=0.01181 lr=3.99e-05
[19:11:41]     train step 2600/4000 loss=0.01076 lr=3.20e-05
[19:11:45]     train step 2800/4000 loss=0.00974 lr=2.48e-05
[19:11:49]     train step 3000/4000 loss=0.00906 lr=1.82e-05
[19:11:53]     train step 3200/4000 loss=0.00833 lr=1.26e-05
[19:11:58]     train step 3400/4000 loss=0.00804 lr=8.08e-06
[19:12:02]     train step 3600/4000 loss=0.00771 lr=4.74e-06
[19:12:06]     train step 3800/4000 loss=0.00753 lr=2.69e-06
[19:12:10]     train step 4000/4000 loss=0.00743 lr=2.00e-06
[19:19:04]   [eval] SR=1.000
[19:19:17]   [ensemble] intervention at t=24 (rollout 0) len=19
[19:19:17] 
===== ensemble Round 19 | dataset=27 =====
[19:19:21]     train step 200/4000 loss=0.60356 lr=8.00e-05
[19:19:25]     train step 400/4000 loss=0.21478 lr=9.96e-05
[19:19:30]     train step 600/4000 loss=0.07761 lr=9.79e-05
[19:19:34]     train step 800/4000 loss=0.05149 lr=9.49e-05
[19:19:38]     train step 1000/4000 loss=0.03789 lr=9.07e-05
[19:19:42]     train step 1200/4000 loss=0.03120 lr=8.53e-05
[19:19:47]     train step 1400/4000 loss=0.02501 lr=7.90e-05
[19:19:51]     train step 1600/4000 loss=0.02132 lr=7.19e-05
[19:19:55]     train step 1800/4000 loss=0.01837 lr=6.42e-05
[19:19:59]     train step 2000/4000 loss=0.01574 lr=5.62e-05
[19:20:03]     train step 2200/4000 loss=0.01356 lr=4.80e-05
[19:20:08]     train step 2400/4000 loss=0.01179 lr=3.99e-05
[19:20:12]     train step 2600/4000 loss=0.01073 lr=3.20e-05
[19:20:16]     train step 2800/4000 loss=0.00972 lr=2.48e-05
[19:20:20]     train step 3000/4000 loss=0.00885 lr=1.82e-05
[19:20:25]     train step 3200/4000 loss=0.00826 lr=1.26e-05
[19:20:29]     train step 3400/4000 loss=0.00793 lr=8.08e-06
[19:20:33]     train step 3600/4000 loss=0.00761 lr=4.74e-06
[19:20:37]     train step 3800/4000 loss=0.00738 lr=2.69e-06
[19:20:41]     train step 4000/4000 loss=0.00727 lr=2.00e-06
[19:27:36]   [eval] SR=1.000
[19:27:50]   [ensemble] intervention at t=27 (rollout 0) len=18
[19:27:50] 
===== ensemble Round 20 | dataset=28 =====
[19:27:55]     train step 200/4000 loss=0.60439 lr=8.00e-05
[19:27:59]     train step 400/4000 loss=0.21711 lr=9.96e-05
[19:28:03]     train step 600/4000 loss=0.07871 lr=9.79e-05
[19:28:07]     train step 800/4000 loss=0.05005 lr=9.49e-05
[19:28:12]     train step 1000/4000 loss=0.03677 lr=9.07e-05
[19:28:16]     train step 1200/4000 loss=0.02970 lr=8.53e-05
[19:28:20]     train step 1400/4000 loss=0.02430 lr=7.90e-05
[19:28:24]     train step 1600/4000 loss=0.02052 lr=7.19e-05
[19:28:29]     train step 1800/4000 loss=0.01762 lr=6.42e-05
[19:28:33]     train step 2000/4000 loss=0.01503 lr=5.62e-05
[19:28:37]     train step 2200/4000 loss=0.01351 lr=4.80e-05
[19:28:41]     train step 2400/4000 loss=0.01184 lr=3.99e-05
[19:28:45]     train step 2600/4000 loss=0.01050 lr=3.20e-05
[19:28:50]     train step 2800/4000 loss=0.00962 lr=2.48e-05
[19:28:54]     train step 3000/4000 loss=0.00878 lr=1.82e-05
[19:28:58]     train step 3200/4000 loss=0.00818 lr=1.26e-05
[19:29:02]     train step 3400/4000 loss=0.00786 lr=8.08e-06
[19:29:06]     train step 3600/4000 loss=0.00753 lr=4.74e-06
[19:29:11]     train step 3800/4000 loss=0.00733 lr=2.69e-06
[19:29:15]     train step 4000/4000 loss=0.00721 lr=2.00e-06
[19:36:10]   [eval] SR=1.000
[19:36:10] DONE in 11220.6s | final_success=1.0
[19:36:10] [write] /weka/s226137394/DmNfull/distil/results/Lift/state/ensemble/seed3/result.json
