[21:29:18] [env] loaded /weka/s226137394/DmNfull/.env
[21:29:19] ===== DISTIL | task=Lift modality=image ablation=allocation_random seed=1 budget=20 smoke=False device=cuda =====
[21:29:21] [bootstrap] loaded 8 shared demos from /weka/s226137394/DmNfull/distil/results/shared_bootstrap/Lift_image/Lift_image_ni8.pkl
[21:29:21] [kag] copied Lift.json + rendered .kag.txt into /weka/s226137394/DmNfull/distil/results/Lift/image/allocation_random/seed1/kag
[21:29:29] [init] using 8 bootstrap demos (shared with baselines)
[21:29:29] 
===== DISTIL Round 0 | dataset=8 trajs =====
[21:29:29]   [train] 8 trajs, 357 windows, state_dim=23 act_dim=7 params=4.61M steps=8000
[21:30:05]     train step 200/8000 loss=0.59497 lr=8.00e-05
[21:30:35]     train step 400/8000 loss=0.28692 lr=9.99e-05
[21:31:06]     train step 600/8000 loss=0.16720 lr=9.95e-05
[21:31:37]     train step 800/8000 loss=0.11475 lr=9.88e-05
[21:32:07]     train step 1000/8000 loss=0.08283 lr=9.78e-05
[21:32:38]     train step 1200/8000 loss=0.06522 lr=9.64e-05
[21:33:08]     train step 1400/8000 loss=0.05501 lr=9.48e-05
[21:33:39]     train step 1600/8000 loss=0.04493 lr=9.29e-05
[21:34:10]     train step 1800/8000 loss=0.03785 lr=9.07e-05
[21:34:40]     train step 2000/8000 loss=0.03292 lr=8.82e-05
[21:35:11]     train step 2200/8000 loss=0.02969 lr=8.55e-05
[21:35:42]     train step 2400/8000 loss=0.02517 lr=8.26e-05
[21:36:13]     train step 2600/8000 loss=0.02328 lr=7.94e-05
[21:36:43]     train step 2800/8000 loss=0.02068 lr=7.61e-05
[21:37:14]     train step 3000/8000 loss=0.01902 lr=7.26e-05
[21:37:45]     train step 3200/8000 loss=0.01736 lr=6.90e-05
[21:38:16]     train step 3400/8000 loss=0.01574 lr=6.52e-05
[21:38:46]     train step 3600/8000 loss=0.01475 lr=6.14e-05
[21:39:17]     train step 3800/8000 loss=0.01337 lr=5.75e-05
[21:39:48]     train step 4000/8000 loss=0.01230 lr=5.35e-05
[21:40:19]     train step 4200/8000 loss=0.01116 lr=4.95e-05
[21:40:50]     train step 4400/8000 loss=0.01056 lr=4.56e-05
[21:41:21]     train step 4600/8000 loss=0.00936 lr=4.16e-05
[21:41:52]     train step 4800/8000 loss=0.00903 lr=3.78e-05
[21:42:23]     train step 5000/8000 loss=0.00790 lr=3.40e-05
[21:42:54]     train step 5200/8000 loss=0.00738 lr=3.03e-05
[21:43:25]     train step 5400/8000 loss=0.00659 lr=2.68e-05
[21:43:56]     train step 5600/8000 loss=0.00620 lr=2.34e-05
[21:44:27]     train step 5800/8000 loss=0.00556 lr=2.02e-05
[21:44:58]     train step 6000/8000 loss=0.00527 lr=1.73e-05
[21:45:29]     train step 6200/8000 loss=0.00495 lr=1.45e-05
[21:45:59]     train step 6400/8000 loss=0.00461 lr=1.20e-05
[21:46:30]     train step 6600/8000 loss=0.00434 lr=9.69e-06
[21:47:02]     train step 6800/8000 loss=0.00417 lr=7.69e-06
[21:47:33]     train step 7000/8000 loss=0.00394 lr=5.98e-06
[21:48:04]     train step 7200/8000 loss=0.00382 lr=4.56e-06
[21:48:36]     train step 7400/8000 loss=0.00372 lr=3.45e-06
[21:49:07]     train step 7600/8000 loss=0.00366 lr=2.65e-06
[21:49:38]     train step 7800/8000 loss=0.00354 lr=2.16e-06
[21:50:09]     train step 8000/8000 loss=0.00353 lr=2.00e-06
[21:50:34]   [calibrate] threshold(alpha=0.99)=0.00695 over 1428 samples (median=0.00345)
