[22:41:51] [env] loaded /weka/s226137394/DmNfull/.env
[22:41:53] ===== DISTIL | task=Lift modality=image ablation=allocation_random seed=4 budget=20 smoke=False device=cuda =====
[22:41:54] [bootstrap] loaded 8 shared demos from /weka/s226137394/DmNfull/distil/results/shared_bootstrap/Lift_image/Lift_image_ni8.pkl
[22:41:54] [kag] copied Lift.json + rendered .kag.txt into /weka/s226137394/DmNfull/distil/results/Lift/image/allocation_random/seed4/kag
[22:42:02] [init] using 8 bootstrap demos (shared with baselines)
[22:42:02] 
===== DISTIL Round 0 | dataset=8 trajs =====
[22:42:02]   [train] 8 trajs, 357 windows, state_dim=23 act_dim=7 params=4.61M steps=8000
[22:42:38]     train step 200/8000 loss=0.61511 lr=8.00e-05
[22:43:10]     train step 400/8000 loss=0.26810 lr=9.99e-05
[22:43:41]     train step 600/8000 loss=0.15331 lr=9.95e-05
[22:44:12]     train step 800/8000 loss=0.10520 lr=9.88e-05
[22:44:43]     train step 1000/8000 loss=0.08013 lr=9.78e-05
[22:45:14]     train step 1200/8000 loss=0.06550 lr=9.64e-05
[22:45:45]     train step 1400/8000 loss=0.05526 lr=9.48e-05
[22:46:16]     train step 1600/8000 loss=0.04656 lr=9.29e-05
[22:46:47]     train step 1800/8000 loss=0.04180 lr=9.07e-05
[22:47:18]     train step 2000/8000 loss=0.03568 lr=8.82e-05
[22:47:48]     train step 2200/8000 loss=0.03282 lr=8.55e-05
[22:48:19]     train step 2400/8000 loss=0.02838 lr=8.26e-05
[22:48:50]     train step 2600/8000 loss=0.02582 lr=7.94e-05
[22:49:22]     train step 2800/8000 loss=0.02349 lr=7.61e-05
[22:49:53]     train step 3000/8000 loss=0.02216 lr=7.26e-05
[22:50:24]     train step 3200/8000 loss=0.01932 lr=6.90e-05
[22:50:55]     train step 3400/8000 loss=0.01869 lr=6.52e-05
[22:51:26]     train step 3600/8000 loss=0.01716 lr=6.14e-05
[22:51:57]     train step 3800/8000 loss=0.01552 lr=5.75e-05
[22:52:28]     train step 4000/8000 loss=0.01404 lr=5.35e-05
[22:52:59]     train step 4200/8000 loss=0.01393 lr=4.95e-05
[22:53:29]     train step 4400/8000 loss=0.01178 lr=4.56e-05
[22:54:01]     train step 4600/8000 loss=0.01081 lr=4.16e-05
[22:54:33]     train step 4800/8000 loss=0.00982 lr=3.78e-05
[22:55:04]     train step 5000/8000 loss=0.00967 lr=3.40e-05
[22:55:35]     train step 5200/8000 loss=0.00824 lr=3.03e-05
[22:56:06]     train step 5400/8000 loss=0.00783 lr=2.68e-05
[22:56:37]     train step 5600/8000 loss=0.00745 lr=2.34e-05
[22:57:08]     train step 5800/8000 loss=0.00645 lr=2.02e-05
[22:57:38]     train step 6000/8000 loss=0.00580 lr=1.73e-05
[22:58:09]     train step 6200/8000 loss=0.00538 lr=1.45e-05
[22:58:41]     train step 6400/8000 loss=0.00491 lr=1.20e-05
[22:59:12]     train step 6600/8000 loss=0.00466 lr=9.69e-06
[22:59:43]     train step 6800/8000 loss=0.00462 lr=7.69e-06
[23:00:14]     train step 7000/8000 loss=0.00420 lr=5.98e-06
[23:00:45]     train step 7200/8000 loss=0.00407 lr=4.56e-06
[23:01:16]     train step 7400/8000 loss=0.00395 lr=3.45e-06
[23:01:48]     train step 7600/8000 loss=0.00383 lr=2.65e-06
[23:02:19]     train step 7800/8000 loss=0.00377 lr=2.16e-06
[23:02:50]     train step 8000/8000 loss=0.00370 lr=2.00e-06
[23:03:16]   [calibrate] threshold(alpha=0.99)=0.00559 over 1428 samples (median=0.00383)
[23:21:01]   [eval] pure-policy success=0.410 mean_len=171 (fixed 100-ep set)
[23:28:17]   [screen] 24/40 failures found
[23:28:28]   [collect a0] mode=select choice=random_alloc cited=[3000026] success=True len=30
[23:28:29] 
===== DISTIL Round 1 | dataset=9 trajs =====
[23:28:29]   [train] 9 trajs, 387 windows, state_dim=23 act_dim=7 params=4.61M steps=4000
[23:28:59]     train step 200/4000 loss=0.55942 lr=8.00e-05
[23:29:27]     train step 400/4000 loss=0.25162 lr=9.96e-05
[23:29:56]     train step 600/4000 loss=0.14548 lr=9.79e-05
[23:30:24]     train step 800/4000 loss=0.09858 lr=9.49e-05
[23:30:53]     train step 1000/4000 loss=0.07380 lr=9.07e-05
[23:31:22]     train step 1200/4000 loss=0.05715 lr=8.53e-05
[23:31:50]     train step 1400/4000 loss=0.04603 lr=7.90e-05
[23:32:19]     train step 1600/4000 loss=0.03821 lr=7.19e-05
[23:32:47]     train step 1800/4000 loss=0.03354 lr=6.42e-05
[23:33:16]     train step 2000/4000 loss=0.02917 lr=5.62e-05
[23:33:45]     train step 2200/4000 loss=0.02612 lr=4.80e-05
[23:34:14]     train step 2400/4000 loss=0.02275 lr=3.99e-05
[23:34:43]     train step 2600/4000 loss=0.02055 lr=3.20e-05
[23:35:12]     train step 2800/4000 loss=0.01860 lr=2.48e-05
[23:35:41]     train step 3000/4000 loss=0.01676 lr=1.82e-05
[23:36:09]     train step 3200/4000 loss=0.01580 lr=1.26e-05
[23:36:37]     train step 3400/4000 loss=0.01464 lr=8.08e-06
[23:37:06]     train step 3600/4000 loss=0.01393 lr=4.74e-06
[23:37:35]     train step 3800/4000 loss=0.01334 lr=2.69e-06
[23:38:03]     train step 4000/4000 loss=0.01310 lr=2.00e-06
[23:38:30]   [calibrate] threshold(alpha=0.99)=0.02032 over 1548 samples (median=0.01322)
[23:54:44]   [eval] pure-policy success=0.510 mean_len=159 (fixed 100-ep set)
[00:00:52]   [screen] 16/40 failures found
[00:01:07]   [collect a0] mode=select choice=random_alloc cited=[3000072] success=True len=27
[00:01:07] 
===== DISTIL Round 2 | dataset=10 trajs =====
[00:01:07]   [train] 10 trajs, 414 windows, state_dim=23 act_dim=7 params=4.61M steps=4000
[00:01:41]     train step 200/4000 loss=0.56813 lr=8.00e-05
[00:02:13]     train step 400/4000 loss=0.24125 lr=9.96e-05
[00:02:44]     train step 600/4000 loss=0.14446 lr=9.79e-05
[00:03:16]     train step 800/4000 loss=0.10058 lr=9.49e-05
[00:03:48]     train step 1000/4000 loss=0.07665 lr=9.07e-05
[00:04:20]     train step 1200/4000 loss=0.06161 lr=8.53e-05
[00:04:53]     train step 1400/4000 loss=0.05118 lr=7.90e-05
[00:05:25]     train step 1600/4000 loss=0.04527 lr=7.19e-05
[00:05:58]     train step 1800/4000 loss=0.03939 lr=6.42e-05
[00:06:29]     train step 2000/4000 loss=0.03485 lr=5.62e-05
[00:07:01]     train step 2200/4000 loss=0.03130 lr=4.80e-05
[00:07:34]     train step 2400/4000 loss=0.02803 lr=3.99e-05
[00:08:06]     train step 2600/4000 loss=0.02531 lr=3.20e-05
[00:08:39]     train step 2800/4000 loss=0.02242 lr=2.48e-05
[00:09:12]     train step 3000/4000 loss=0.02065 lr=1.82e-05
[00:09:44]     train step 3200/4000 loss=0.01889 lr=1.26e-05
[00:10:16]     train step 3400/4000 loss=0.01760 lr=8.08e-06
[00:10:49]     train step 3600/4000 loss=0.01659 lr=4.74e-06
[00:11:21]     train step 3800/4000 loss=0.01603 lr=2.69e-06
[00:11:54]     train step 4000/4000 loss=0.01546 lr=2.00e-06
[00:12:23]   [calibrate] threshold(alpha=0.99)=0.02695 over 1656 samples (median=0.01580)
[00:27:37]   [eval] pure-policy success=0.530 mean_len=149 (fixed 100-ep set)
[00:33:10]   [screen] 14/40 failures found
[00:33:24]   [collect a0] mode=select choice=random_alloc cited=[3000118] success=True len=28
[00:33:25] 
===== DISTIL Round 3 | dataset=11 trajs =====
[00:33:25]   [train] 11 trajs, 442 windows, state_dim=23 act_dim=7 params=4.61M steps=4000
[00:33:58]     train step 200/4000 loss=0.58038 lr=8.00e-05
[00:34:31]     train step 400/4000 loss=0.25426 lr=9.96e-05
[00:35:04]     train step 600/4000 loss=0.14107 lr=9.79e-05
[00:35:36]     train step 800/4000 loss=0.09790 lr=9.49e-05
[00:36:08]     train step 1000/4000 loss=0.07366 lr=9.07e-05
[00:36:41]     train step 1200/4000 loss=0.05995 lr=8.53e-05
[00:37:14]     train step 1400/4000 loss=0.05004 lr=7.90e-05
[00:37:46]     train step 1600/4000 loss=0.04390 lr=7.19e-05
[00:38:19]     train step 1800/4000 loss=0.03931 lr=6.42e-05
[00:38:52]     train step 2000/4000 loss=0.03437 lr=5.62e-05
[00:39:24]     train step 2200/4000 loss=0.03013 lr=4.80e-05
[00:39:58]     train step 2400/4000 loss=0.02657 lr=3.99e-05
[00:40:31]     train step 2600/4000 loss=0.02449 lr=3.20e-05
[00:41:03]     train step 2800/4000 loss=0.02230 lr=2.48e-05
[00:41:36]     train step 3000/4000 loss=0.02070 lr=1.82e-05
[00:42:09]     train step 3200/4000 loss=0.01911 lr=1.26e-05
[00:42:42]     train step 3400/4000 loss=0.01782 lr=8.08e-06
[00:43:15]     train step 3600/4000 loss=0.01699 lr=4.74e-06
[00:43:47]     train step 3800/4000 loss=0.01594 lr=2.69e-06
[00:44:20]     train step 4000/4000 loss=0.01576 lr=2.00e-06
[00:44:50]   [calibrate] threshold(alpha=0.99)=0.02850 over 1768 samples (median=0.01595)
[00:59:50]   [eval] pure-policy success=0.620 mean_len=147 (fixed 100-ep set)
[01:05:32]   [screen] 15/40 failures found
[01:05:52]   [collect a0] mode=select choice=random_alloc cited=[3000138] success=True len=44
[01:05:52] 
===== DISTIL Round 4 | dataset=12 trajs =====
[01:05:53]   [train] 12 trajs, 486 windows, state_dim=23 act_dim=7 params=4.61M steps=4000
[01:06:28]     train step 200/4000 loss=0.58795 lr=8.00e-05
[01:07:03]     train step 400/4000 loss=0.24221 lr=9.96e-05
[01:07:37]     train step 600/4000 loss=0.13523 lr=9.79e-05
[01:08:12]     train step 800/4000 loss=0.09522 lr=9.49e-05
[01:08:46]     train step 1000/4000 loss=0.07220 lr=9.07e-05
[01:09:20]     train step 1200/4000 loss=0.05960 lr=8.53e-05
[01:09:54]     train step 1400/4000 loss=0.05081 lr=7.90e-05
[01:10:29]     train step 1600/4000 loss=0.04497 lr=7.19e-05
[01:11:03]     train step 1800/4000 loss=0.03854 lr=6.42e-05
[01:11:37]     train step 2000/4000 loss=0.03524 lr=5.62e-05
[01:12:11]     train step 2200/4000 loss=0.03118 lr=4.80e-05
[01:12:45]     train step 2400/4000 loss=0.02842 lr=3.99e-05
[01:13:19]     train step 2600/4000 loss=0.02606 lr=3.20e-05
[01:13:53]     train step 2800/4000 loss=0.02436 lr=2.48e-05
[01:14:27]     train step 3000/4000 loss=0.02213 lr=1.82e-05
[01:15:01]     train step 3200/4000 loss=0.02085 lr=1.26e-05
[01:15:35]     train step 3400/4000 loss=0.01958 lr=8.08e-06
[01:16:10]     train step 3600/4000 loss=0.01847 lr=4.74e-06
[01:16:44]     train step 3800/4000 loss=0.01785 lr=2.69e-06
[01:17:18]     train step 4000/4000 loss=0.01734 lr=2.00e-06
[01:17:52]   [calibrate] threshold(alpha=0.99)=0.03777 over 1944 samples (median=0.01655)
[01:33:55]   [eval] pure-policy success=0.660 mean_len=157 (fixed 100-ep set)
[01:39:51]   [screen] 15/40 failures found
[01:40:33]   [collect a0] mode=select choice=random_alloc cited=[3000199] success=True len=29
[01:40:33] 
===== DISTIL Round 5 | dataset=13 trajs =====
[01:40:34]   [train] 13 trajs, 515 windows, state_dim=23 act_dim=7 params=4.61M steps=4000
[01:41:09]     train step 200/4000 loss=0.55843 lr=8.00e-05
[01:41:44]     train step 400/4000 loss=0.23504 lr=9.96e-05
[01:42:19]     train step 600/4000 loss=0.13147 lr=9.79e-05
[01:42:54]     train step 800/4000 loss=0.09017 lr=9.49e-05
[01:43:29]     train step 1000/4000 loss=0.07057 lr=9.07e-05
[01:44:04]     train step 1200/4000 loss=0.05885 lr=8.53e-05
[01:44:39]     train step 1400/4000 loss=0.05023 lr=7.90e-05
[01:45:14]     train step 1600/4000 loss=0.04737 lr=7.19e-05
[01:45:49]     train step 1800/4000 loss=0.04136 lr=6.42e-05
[01:46:24]     train step 2000/4000 loss=0.03932 lr=5.62e-05
[01:46:59]     train step 2200/4000 loss=0.03513 lr=4.80e-05
[01:47:34]     train step 2400/4000 loss=0.03336 lr=3.99e-05
[01:48:09]     train step 2600/4000 loss=0.03078 lr=3.20e-05
[01:48:44]     train step 2800/4000 loss=0.02880 lr=2.48e-05
[01:49:19]     train step 3000/4000 loss=0.02698 lr=1.82e-05
[01:49:54]     train step 3200/4000 loss=0.02569 lr=1.26e-05
[01:50:29]     train step 3400/4000 loss=0.02430 lr=8.08e-06
[01:51:04]     train step 3600/4000 loss=0.02306 lr=4.74e-06
[01:51:40]     train step 3800/4000 loss=0.02244 lr=2.69e-06
[01:52:14]     train step 4000/4000 loss=0.02185 lr=2.00e-06
[01:52:50]   [calibrate] threshold(alpha=0.99)=0.04590 over 2060 samples (median=0.01937)
[02:06:50]   [eval] pure-policy success=0.740 mean_len=137 (fixed 100-ep set)
[02:12:23]   [screen] 12/40 failures found
[02:13:12]   [collect a0] mode=select choice=random_alloc cited=[3000238] success=True len=27
[02:13:12] 
===== DISTIL Round 6 | dataset=14 trajs =====
[02:13:12]   [train] 14 trajs, 542 windows, state_dim=23 act_dim=7 params=4.61M steps=4000
[02:13:48]     train step 200/4000 loss=0.57861 lr=8.00e-05
[02:14:22]     train step 400/4000 loss=0.23441 lr=9.96e-05
[02:14:57]     train step 600/4000 loss=0.13875 lr=9.79e-05
[02:15:32]     train step 800/4000 loss=0.10150 lr=9.49e-05
[02:16:07]     train step 1000/4000 loss=0.07966 lr=9.07e-05
[02:16:42]     train step 1200/4000 loss=0.06451 lr=8.53e-05
[02:17:17]     train step 1400/4000 loss=0.05425 lr=7.90e-05
[02:17:52]     train step 1600/4000 loss=0.04836 lr=7.19e-05
[02:18:27]     train step 1800/4000 loss=0.04231 lr=6.42e-05
[02:19:02]     train step 2000/4000 loss=0.03747 lr=5.62e-05
[02:19:37]     train step 2200/4000 loss=0.03414 lr=4.80e-05
[02:20:12]     train step 2400/4000 loss=0.03029 lr=3.99e-05
[02:20:47]     train step 2600/4000 loss=0.02693 lr=3.20e-05
[02:21:22]     train step 2800/4000 loss=0.02487 lr=2.48e-05
[02:21:58]     train step 3000/4000 loss=0.02311 lr=1.82e-05
[02:22:33]     train step 3200/4000 loss=0.02153 lr=1.26e-05
[02:23:07]     train step 3400/4000 loss=0.02008 lr=8.08e-06
[02:23:43]     train step 3600/4000 loss=0.01923 lr=4.74e-06
[02:24:18]     train step 3800/4000 loss=0.01847 lr=2.69e-06
[02:24:53]     train step 4000/4000 loss=0.01788 lr=2.00e-06
[02:25:30]   [calibrate] threshold(alpha=0.99)=0.03622 over 2168 samples (median=0.01751)
[02:39:19]   [eval] pure-policy success=0.720 mean_len=135 (fixed 100-ep set)
[02:44:06]   [screen] 6/40 failures found
[02:44:18]   [collect a0] mode=select choice=random_alloc cited=[3000271] success=True len=32
[02:44:18] 
===== DISTIL Round 7 | dataset=15 trajs =====
[02:44:18]   [train] 15 trajs, 574 windows, state_dim=23 act_dim=7 params=4.61M steps=4000
[02:44:54]     train step 200/4000 loss=0.54870 lr=8.00e-05
[02:45:29]     train step 400/4000 loss=0.22625 lr=9.96e-05
[02:46:04]     train step 600/4000 loss=0.12766 lr=9.79e-05
[02:46:39]     train step 800/4000 loss=0.09477 lr=9.49e-05
[02:47:14]     train step 1000/4000 loss=0.07376 lr=9.07e-05
[02:47:50]     train step 1200/4000 loss=0.06057 lr=8.53e-05
[02:48:24]     train step 1400/4000 loss=0.05325 lr=7.90e-05
[02:48:59]     train step 1600/4000 loss=0.04412 lr=7.19e-05
[02:49:34]     train step 1800/4000 loss=0.03889 lr=6.42e-05
[02:50:09]     train step 2000/4000 loss=0.03536 lr=5.62e-05
[02:50:44]     train step 2200/4000 loss=0.03207 lr=4.80e-05
[02:51:19]     train step 2400/4000 loss=0.02852 lr=3.99e-05
[02:51:54]     train step 2600/4000 loss=0.02628 lr=3.20e-05
[02:52:29]     train step 2800/4000 loss=0.02390 lr=2.48e-05
[02:53:05]     train step 3000/4000 loss=0.02223 lr=1.82e-05
[02:53:39]     train step 3200/4000 loss=0.02075 lr=1.26e-05
[02:54:15]     train step 3400/4000 loss=0.01975 lr=8.08e-06
[02:54:50]     train step 3600/4000 loss=0.01894 lr=4.74e-06
[02:55:25]     train step 3800/4000 loss=0.01821 lr=2.69e-06
[02:56:00]     train step 4000/4000 loss=0.01791 lr=2.00e-06
[02:56:39]   [calibrate] threshold(alpha=0.99)=0.03577 over 2296 samples (median=0.01699)
[03:08:18]   [eval] pure-policy success=0.840 mean_len=114 (fixed 100-ep set)
[03:14:24]   [screen] 13/40 failures found
[03:15:14]   [collect a0] mode=select choice=random_alloc cited=[3000284] success=True len=32
[03:15:14] 
===== DISTIL Round 8 | dataset=16 trajs =====
[03:15:14]   [train] 16 trajs, 606 windows, state_dim=23 act_dim=7 params=4.61M steps=4000
[03:15:49]     train step 200/4000 loss=0.54780 lr=8.00e-05
[03:16:24]     train step 400/4000 loss=0.23763 lr=9.96e-05
[03:16:59]     train step 600/4000 loss=0.14409 lr=9.79e-05
[03:17:35]     train step 800/4000 loss=0.10011 lr=9.49e-05
[03:18:10]     train step 1000/4000 loss=0.07816 lr=9.07e-05
[03:18:45]     train step 1200/4000 loss=0.06271 lr=8.53e-05
[03:19:20]     train step 1400/4000 loss=0.05437 lr=7.90e-05
[03:19:55]     train step 1600/4000 loss=0.04483 lr=7.19e-05
[03:20:30]     train step 1800/4000 loss=0.04093 lr=6.42e-05
[03:21:05]     train step 2000/4000 loss=0.03601 lr=5.62e-05
[03:21:40]     train step 2200/4000 loss=0.03222 lr=4.80e-05
[03:22:16]     train step 2400/4000 loss=0.02931 lr=3.99e-05
[03:22:51]     train step 2600/4000 loss=0.02674 lr=3.20e-05
[03:23:26]     train step 2800/4000 loss=0.02437 lr=2.48e-05
[03:24:00]     train step 3000/4000 loss=0.02265 lr=1.82e-05
[03:24:35]     train step 3200/4000 loss=0.02089 lr=1.26e-05
[03:25:11]     train step 3400/4000 loss=0.01960 lr=8.08e-06
[03:25:46]     train step 3600/4000 loss=0.01892 lr=4.74e-06
[03:26:21]     train step 3800/4000 loss=0.01800 lr=2.69e-06
[03:26:56]     train step 4000/4000 loss=0.01766 lr=2.00e-06
[03:27:38]   [calibrate] threshold(alpha=0.99)=0.03222 over 2424 samples (median=0.01770)
[03:41:42]   [eval] pure-policy success=0.670 mean_len=138 (fixed 100-ep set)
[03:47:58]   [screen] 14/40 failures found
[03:48:32]   [collect a0] mode=select choice=random_alloc cited=[3000336] success=True len=23
[03:48:32] 
===== DISTIL Round 9 | dataset=17 trajs =====
[03:48:32]   [train] 17 trajs, 629 windows, state_dim=23 act_dim=7 params=4.61M steps=4000
[03:49:07]     train step 200/4000 loss=0.60234 lr=8.00e-05
[03:49:42]     train step 400/4000 loss=0.24027 lr=9.96e-05
[03:50:17]     train step 600/4000 loss=0.13731 lr=9.79e-05
[03:50:52]     train step 800/4000 loss=0.09600 lr=9.49e-05
[03:51:27]     train step 1000/4000 loss=0.07467 lr=9.07e-05
[03:52:03]     train step 1200/4000 loss=0.06097 lr=8.53e-05
[03:52:37]     train step 1400/4000 loss=0.05410 lr=7.90e-05
[03:53:12]     train step 1600/4000 loss=0.04759 lr=7.19e-05
[03:53:47]     train step 1800/4000 loss=0.04178 lr=6.42e-05
[03:54:23]     train step 2000/4000 loss=0.03768 lr=5.62e-05
[03:54:58]     train step 2200/4000 loss=0.03333 lr=4.80e-05
[03:55:33]     train step 2400/4000 loss=0.03026 lr=3.99e-05
[03:56:09]     train step 2600/4000 loss=0.02835 lr=3.20e-05
[03:56:44]     train step 2800/4000 loss=0.02614 lr=2.48e-05
[03:57:19]     train step 3000/4000 loss=0.02451 lr=1.82e-05
[03:57:54]     train step 3200/4000 loss=0.02312 lr=1.26e-05
[03:58:29]     train step 3400/4000 loss=0.02153 lr=8.08e-06
[03:59:04]     train step 3600/4000 loss=0.02058 lr=4.74e-06
[03:59:39]     train step 3800/4000 loss=0.02004 lr=2.69e-06
[04:00:14]     train step 4000/4000 loss=0.01967 lr=2.00e-06
[04:00:57]   [calibrate] threshold(alpha=0.99)=0.03933 over 2516 samples (median=0.01904)
[04:13:22]   [eval] pure-policy success=0.800 mean_len=122 (fixed 100-ep set)
[04:18:24]   [screen] 8/40 failures found
[04:18:46]   [collect a0] mode=select choice=random_alloc cited=[3000377] success=True len=26
[04:18:47] 
===== DISTIL Round 10 | dataset=18 trajs =====
[04:18:47]   [train] 18 trajs, 655 windows, state_dim=23 act_dim=7 params=4.61M steps=4000
[04:19:22]     train step 200/4000 loss=0.58594 lr=8.00e-05
[04:19:58]     train step 400/4000 loss=0.24414 lr=9.96e-05
[04:20:33]     train step 600/4000 loss=0.14726 lr=9.79e-05
[04:21:08]     train step 800/4000 loss=0.10424 lr=9.49e-05
[04:21:45]     train step 1000/4000 loss=0.08288 lr=9.07e-05
[04:22:20]     train step 1200/4000 loss=0.07057 lr=8.53e-05
[04:22:55]     train step 1400/4000 loss=0.06116 lr=7.90e-05
[04:23:30]     train step 1600/4000 loss=0.05476 lr=7.19e-05
[04:24:06]     train step 1800/4000 loss=0.04969 lr=6.42e-05
[04:24:41]     train step 2000/4000 loss=0.04554 lr=5.62e-05
[04:25:16]     train step 2200/4000 loss=0.04117 lr=4.80e-05
[04:25:51]     train step 2400/4000 loss=0.03828 lr=3.99e-05
[04:26:26]     train step 2600/4000 loss=0.03493 lr=3.20e-05
[04:27:01]     train step 2800/4000 loss=0.03312 lr=2.48e-05
[04:27:36]     train step 3000/4000 loss=0.03074 lr=1.82e-05
[04:28:12]     train step 3200/4000 loss=0.02872 lr=1.26e-05
[04:28:47]     train step 3400/4000 loss=0.02750 lr=8.08e-06
[04:29:22]     train step 3600/4000 loss=0.02640 lr=4.74e-06
[04:29:57]     train step 3800/4000 loss=0.02551 lr=2.69e-06
[04:30:32]     train step 4000/4000 loss=0.02489 lr=2.00e-06
[04:31:17]   [calibrate] threshold(alpha=0.99)=0.04973 over 2620 samples (median=0.02472)
[04:42:32]   [eval] pure-policy success=0.830 mean_len=110 (fixed 100-ep set)
[04:47:48]   [screen] 9/40 failures found
[04:48:14]   [collect a0] mode=select choice=random_alloc cited=[3000414] success=True len=30
[04:48:14] 
===== DISTIL Round 11 | dataset=19 trajs =====
[04:48:14]   [train] 19 trajs, 685 windows, state_dim=23 act_dim=7 params=4.61M steps=4000
[04:48:49]     train step 200/4000 loss=0.60600 lr=8.00e-05
[04:49:24]     train step 400/4000 loss=0.24561 lr=9.96e-05
[04:49:59]     train step 600/4000 loss=0.14490 lr=9.79e-05
[04:50:34]     train step 800/4000 loss=0.10409 lr=9.49e-05
[04:51:10]     train step 1000/4000 loss=0.08251 lr=9.07e-05
[04:51:45]     train step 1200/4000 loss=0.06817 lr=8.53e-05
[04:52:20]     train step 1400/4000 loss=0.06036 lr=7.90e-05
[04:52:56]     train step 1600/4000 loss=0.05275 lr=7.19e-05
[04:53:31]     train step 1800/4000 loss=0.04792 lr=6.42e-05
[04:54:05]     train step 2000/4000 loss=0.04376 lr=5.62e-05
[04:54:40]     train step 2200/4000 loss=0.04012 lr=4.80e-05
[04:55:16]     train step 2400/4000 loss=0.03680 lr=3.99e-05
[04:55:50]     train step 2600/4000 loss=0.03318 lr=3.20e-05
[04:56:25]     train step 2800/4000 loss=0.03119 lr=2.48e-05
[04:57:00]     train step 3000/4000 loss=0.02872 lr=1.82e-05
[04:57:35]     train step 3200/4000 loss=0.02736 lr=1.26e-05
[04:58:11]     train step 3400/4000 loss=0.02630 lr=8.08e-06
[04:58:46]     train step 3600/4000 loss=0.02550 lr=4.74e-06
[04:59:21]     train step 3800/4000 loss=0.02443 lr=2.69e-06
[04:59:56]     train step 4000/4000 loss=0.02386 lr=2.00e-06
[05:00:43]   [calibrate] threshold(alpha=0.99)=0.05081 over 2740 samples (median=0.02290)
[05:09:56]   [eval] pure-policy success=0.950 mean_len=90 (fixed 100-ep set)
[05:13:10]   [screen] 0/40 failures found
[05:13:10]   [screen] no usable failures — budget-free, next round (1/4 toward saturation stop)
[05:13:10] 
===== DISTIL Round 12 | dataset=19 trajs =====
[05:13:11]   [train] 19 trajs, 685 windows, state_dim=23 act_dim=7 params=4.61M steps=4000
[05:13:46]     train step 200/4000 loss=0.59281 lr=8.00e-05
[05:14:21]     train step 400/4000 loss=0.24681 lr=9.96e-05
[05:14:56]     train step 600/4000 loss=0.14511 lr=9.79e-05
[05:15:31]     train step 800/4000 loss=0.10107 lr=9.49e-05
[05:16:06]     train step 1000/4000 loss=0.07808 lr=9.07e-05
[05:16:41]     train step 1200/4000 loss=0.06373 lr=8.53e-05
[05:17:16]     train step 1400/4000 loss=0.05551 lr=7.90e-05
[05:17:51]     train step 1600/4000 loss=0.04903 lr=7.19e-05
[05:18:26]     train step 1800/4000 loss=0.04375 lr=6.42e-05
[05:19:01]     train step 2000/4000 loss=0.03859 lr=5.62e-05
[05:19:37]     train step 2200/4000 loss=0.03496 lr=4.80e-05
[05:20:12]     train step 2400/4000 loss=0.03160 lr=3.99e-05
[05:20:48]     train step 2600/4000 loss=0.02898 lr=3.20e-05
[05:21:23]     train step 2800/4000 loss=0.02646 lr=2.48e-05
[05:21:58]     train step 3000/4000 loss=0.02481 lr=1.82e-05
[05:22:33]     train step 3200/4000 loss=0.02367 lr=1.26e-05
[05:23:08]     train step 3400/4000 loss=0.02229 lr=8.08e-06
[05:23:43]     train step 3600/4000 loss=0.02163 lr=4.74e-06
[05:24:18]     train step 3800/4000 loss=0.02112 lr=2.69e-06
[05:24:54]     train step 4000/4000 loss=0.02054 lr=2.00e-06
[05:25:41]   [calibrate] threshold(alpha=0.99)=0.04141 over 2740 samples (median=0.02016)
[05:33:59]   [eval] pure-policy success=0.960 mean_len=81 (fixed 100-ep set)
[05:37:16]   [screen] 1/40 failures found
[05:37:22]   [collect a0] mode=select choice=random_alloc cited=[3000490] success=True len=28
[05:37:22] 
===== DISTIL Round 13 | dataset=20 trajs =====
[05:37:23]   [train] 20 trajs, 713 windows, state_dim=23 act_dim=7 params=4.61M steps=4000
[05:37:58]     train step 200/4000 loss=0.58565 lr=8.00e-05
[05:38:33]     train step 400/4000 loss=0.23529 lr=9.96e-05
[05:39:08]     train step 600/4000 loss=0.14340 lr=9.79e-05
[05:39:43]     train step 800/4000 loss=0.10140 lr=9.49e-05
[05:40:19]     train step 1000/4000 loss=0.07843 lr=9.07e-05
[05:40:54]     train step 1200/4000 loss=0.06449 lr=8.53e-05
[05:41:29]     train step 1400/4000 loss=0.05321 lr=7.90e-05
[05:42:04]     train step 1600/4000 loss=0.04667 lr=7.19e-05
[05:42:39]     train step 1800/4000 loss=0.04038 lr=6.42e-05
[05:43:14]     train step 2000/4000 loss=0.03676 lr=5.62e-05
[05:43:49]     train step 2200/4000 loss=0.03300 lr=4.80e-05
[05:44:24]     train step 2400/4000 loss=0.02967 lr=3.99e-05
[05:44:59]     train step 2600/4000 loss=0.02786 lr=3.20e-05
[05:45:34]     train step 2800/4000 loss=0.02572 lr=2.48e-05
[05:46:09]     train step 3000/4000 loss=0.02333 lr=1.82e-05
[05:46:44]     train step 3200/4000 loss=0.02211 lr=1.26e-05
[05:47:19]     train step 3400/4000 loss=0.02087 lr=8.08e-06
[05:47:55]     train step 3600/4000 loss=0.01977 lr=4.74e-06
[05:48:30]     train step 3800/4000 loss=0.01908 lr=2.69e-06
[05:49:05]     train step 4000/4000 loss=0.01875 lr=2.00e-06
[05:49:54]   [calibrate] threshold(alpha=0.99)=0.04053 over 2852 samples (median=0.01850)
[06:01:15]   [eval] pure-policy success=0.890 mean_len=111 (fixed 100-ep set)
[06:05:39]   [screen] 5/40 failures found
[06:05:58]   [collect a0] mode=select choice=random_alloc cited=[3000522] success=True len=26
[06:05:58] 
===== DISTIL Round 14 | dataset=21 trajs =====
[06:05:58]   [train] 21 trajs, 739 windows, state_dim=23 act_dim=7 params=4.61M steps=4000
[06:06:33]     train step 200/4000 loss=0.58046 lr=8.00e-05
[06:07:09]     train step 400/4000 loss=0.24687 lr=9.96e-05
[06:07:44]     train step 600/4000 loss=0.14355 lr=9.79e-05
[06:08:20]     train step 800/4000 loss=0.10119 lr=9.49e-05
[06:08:55]     train step 1000/4000 loss=0.08133 lr=9.07e-05
[06:09:31]     train step 1200/4000 loss=0.06726 lr=8.53e-05
[06:10:06]     train step 1400/4000 loss=0.05883 lr=7.90e-05
[06:10:42]     train step 1600/4000 loss=0.05089 lr=7.19e-05
[06:11:18]     train step 1800/4000 loss=0.04441 lr=6.42e-05
[06:11:53]     train step 2000/4000 loss=0.03944 lr=5.62e-05
[06:12:28]     train step 2200/4000 loss=0.03608 lr=4.80e-05
[06:13:03]     train step 2400/4000 loss=0.03218 lr=3.99e-05
[06:13:38]     train step 2600/4000 loss=0.02910 lr=3.20e-05
[06:14:13]     train step 2800/4000 loss=0.02703 lr=2.48e-05
[06:14:48]     train step 3000/4000 loss=0.02504 lr=1.82e-05
[06:15:23]     train step 3200/4000 loss=0.02351 lr=1.26e-05
[06:15:58]     train step 3400/4000 loss=0.02237 lr=8.08e-06
[06:16:33]     train step 3600/4000 loss=0.02126 lr=4.74e-06
[06:17:09]     train step 3800/4000 loss=0.02068 lr=2.69e-06
[06:17:44]     train step 4000/4000 loss=0.02013 lr=2.00e-06
[06:18:35]   [calibrate] threshold(alpha=0.99)=0.04107 over 2956 samples (median=0.01929)
[06:29:13]   [eval] pure-policy success=0.840 mean_len=104 (fixed 100-ep set)
[06:33:40]   [screen] 3/40 failures found
[06:33:48]   [collect a0] mode=select choice=random_alloc cited=[3000590] success=True len=27
[06:33:48] 
===== DISTIL Round 15 | dataset=22 trajs =====
[06:33:48]   [train] 22 trajs, 766 windows, state_dim=23 act_dim=7 params=4.61M steps=4000
[06:34:24]     train step 200/4000 loss=0.55238 lr=8.00e-05
[06:34:59]     train step 400/4000 loss=0.22631 lr=9.96e-05
[06:35:35]     train step 600/4000 loss=0.13485 lr=9.79e-05
[06:36:10]     train step 800/4000 loss=0.09790 lr=9.49e-05
[06:36:45]     train step 1000/4000 loss=0.07570 lr=9.07e-05
[06:37:21]     train step 1200/4000 loss=0.06300 lr=8.53e-05
[06:37:56]     train step 1400/4000 loss=0.05369 lr=7.90e-05
[06:38:31]     train step 1600/4000 loss=0.04709 lr=7.19e-05
[06:39:06]     train step 1800/4000 loss=0.04064 lr=6.42e-05
[06:39:41]     train step 2000/4000 loss=0.03747 lr=5.62e-05
[06:40:17]     train step 2200/4000 loss=0.03337 lr=4.80e-05
[06:40:52]     train step 2400/4000 loss=0.02914 lr=3.99e-05
[06:41:27]     train step 2600/4000 loss=0.02657 lr=3.20e-05
[06:42:02]     train step 2800/4000 loss=0.02461 lr=2.48e-05
[06:42:37]     train step 3000/4000 loss=0.02283 lr=1.82e-05
[06:43:13]     train step 3200/4000 loss=0.02156 lr=1.26e-05
[06:43:48]     train step 3400/4000 loss=0.02045 lr=8.08e-06
[06:44:23]     train step 3600/4000 loss=0.01955 lr=4.74e-06
[06:44:58]     train step 3800/4000 loss=0.01895 lr=2.69e-06
[06:45:33]     train step 4000/4000 loss=0.01846 lr=2.00e-06
[06:46:26]   [calibrate] threshold(alpha=0.99)=0.03707 over 3064 samples (median=0.01820)
[06:55:14]   [eval] pure-policy success=0.940 mean_len=86 (fixed 100-ep set)
[06:59:17]   [screen] 2/40 failures found
[06:59:22]   [collect a0] mode=select choice=random_alloc cited=[3000621] success=True len=28
[06:59:22] 
===== DISTIL Round 16 | dataset=23 trajs =====
[06:59:22]   [train] 23 trajs, 794 windows, state_dim=23 act_dim=7 params=4.61M steps=4000
[06:59:57]     train step 200/4000 loss=0.58555 lr=8.00e-05
[07:00:32]     train step 400/4000 loss=0.25362 lr=9.96e-05
[07:01:07]     train step 600/4000 loss=0.14622 lr=9.79e-05
[07:01:42]     train step 800/4000 loss=0.10463 lr=9.49e-05
[07:02:17]     train step 1000/4000 loss=0.08307 lr=9.07e-05
[07:02:53]     train step 1200/4000 loss=0.06921 lr=8.53e-05
[07:03:28]     train step 1400/4000 loss=0.06114 lr=7.90e-05
[07:04:03]     train step 1600/4000 loss=0.05515 lr=7.19e-05
[07:04:38]     train step 1800/4000 loss=0.04997 lr=6.42e-05
[07:05:13]     train step 2000/4000 loss=0.04469 lr=5.62e-05
[07:05:48]     train step 2200/4000 loss=0.04139 lr=4.80e-05
[07:06:23]     train step 2400/4000 loss=0.03681 lr=3.99e-05
[07:06:58]     train step 2600/4000 loss=0.03408 lr=3.20e-05
[07:07:33]     train step 2800/4000 loss=0.03122 lr=2.48e-05
[07:08:08]     train step 3000/4000 loss=0.02992 lr=1.82e-05
[07:08:43]     train step 3200/4000 loss=0.02823 lr=1.26e-05
[07:09:18]     train step 3400/4000 loss=0.02686 lr=8.08e-06
[07:09:54]     train step 3600/4000 loss=0.02598 lr=4.74e-06
[07:10:29]     train step 3800/4000 loss=0.02497 lr=2.69e-06
[07:11:04]     train step 4000/4000 loss=0.02483 lr=2.00e-06
[07:11:58]   [calibrate] threshold(alpha=0.99)=0.05428 over 3176 samples (median=0.02318)
[07:22:06]   [eval] pure-policy success=0.960 mean_len=99 (fixed 100-ep set)
[07:26:59]   [screen] 8/40 failures found
[07:27:20]   [collect a0] mode=select choice=random_alloc cited=[3000658] success=True len=25
[07:27:20] 
===== DISTIL Round 17 | dataset=24 trajs =====
[07:27:21]   [train] 24 trajs, 819 windows, state_dim=23 act_dim=7 params=4.61M steps=4000
[07:27:56]     train step 200/4000 loss=0.58766 lr=8.00e-05
[07:28:31]     train step 400/4000 loss=0.23172 lr=9.96e-05
[07:29:06]     train step 600/4000 loss=0.14255 lr=9.79e-05
[07:29:41]     train step 800/4000 loss=0.10346 lr=9.49e-05
[07:30:16]     train step 1000/4000 loss=0.08173 lr=9.07e-05
[07:30:51]     train step 1200/4000 loss=0.06973 lr=8.53e-05
[07:31:27]     train step 1400/4000 loss=0.06204 lr=7.90e-05
[07:32:02]     train step 1600/4000 loss=0.05507 lr=7.19e-05
[07:32:38]     train step 1800/4000 loss=0.04890 lr=6.42e-05
[07:33:13]     train step 2000/4000 loss=0.04333 lr=5.62e-05
[07:33:48]     train step 2200/4000 loss=0.03909 lr=4.80e-05
[07:34:23]     train step 2400/4000 loss=0.03558 lr=3.99e-05
[07:34:58]     train step 2600/4000 loss=0.03275 lr=3.20e-05
[07:35:33]     train step 2800/4000 loss=0.03049 lr=2.48e-05
[07:36:08]     train step 3000/4000 loss=0.02818 lr=1.82e-05
[07:36:43]     train step 3200/4000 loss=0.02635 lr=1.26e-05
[07:37:18]     train step 3400/4000 loss=0.02538 lr=8.08e-06
[07:37:53]     train step 3600/4000 loss=0.02415 lr=4.74e-06
[07:38:28]     train step 3800/4000 loss=0.02366 lr=2.69e-06
[07:39:03]     train step 4000/4000 loss=0.02310 lr=2.00e-06
[07:39:59]   [calibrate] threshold(alpha=0.99)=0.04887 over 3276 samples (median=0.02271)
[07:50:56]   [eval] pure-policy success=0.880 mean_len=107 (fixed 100-ep set)
[07:55:12]   [screen] 4/40 failures found
[07:55:20]   [collect a0] mode=select choice=random_alloc cited=[3000690] success=True len=28
[07:55:21] 
===== DISTIL Round 18 | dataset=25 trajs =====
[07:55:21]   [train] 25 trajs, 847 windows, state_dim=23 act_dim=7 params=4.61M steps=4000
[07:55:56]     train step 200/4000 loss=0.54810 lr=8.00e-05
[07:56:31]     train step 400/4000 loss=0.24452 lr=9.96e-05
[07:57:06]     train step 600/4000 loss=0.14117 lr=9.79e-05
[07:57:41]     train step 800/4000 loss=0.10348 lr=9.49e-05
[07:58:16]     train step 1000/4000 loss=0.08009 lr=9.07e-05
[07:58:51]     train step 1200/4000 loss=0.06741 lr=8.53e-05
[07:59:26]     train step 1400/4000 loss=0.05902 lr=7.90e-05
[08:00:01]     train step 1600/4000 loss=0.05294 lr=7.19e-05
[08:00:36]     train step 1800/4000 loss=0.04738 lr=6.42e-05
[08:01:11]     train step 2000/4000 loss=0.04172 lr=5.62e-05
[08:01:46]     train step 2200/4000 loss=0.03926 lr=4.80e-05
[08:02:22]     train step 2400/4000 loss=0.03576 lr=3.99e-05
[08:02:57]     train step 2600/4000 loss=0.03337 lr=3.20e-05
[08:03:32]     train step 2800/4000 loss=0.03064 lr=2.48e-05
[08:04:07]     train step 3000/4000 loss=0.02890 lr=1.82e-05
[08:04:42]     train step 3200/4000 loss=0.02707 lr=1.26e-05
[08:05:17]     train step 3400/4000 loss=0.02568 lr=8.08e-06
[08:05:52]     train step 3600/4000 loss=0.02480 lr=4.74e-06
[08:06:27]     train step 3800/4000 loss=0.02403 lr=2.69e-06
[08:07:02]     train step 4000/4000 loss=0.02384 lr=2.00e-06
[08:08:00]   [calibrate] threshold(alpha=0.99)=0.05313 over 3388 samples (median=0.02290)
[08:18:01]   [eval] pure-policy success=0.830 mean_len=98 (fixed 100-ep set)
[08:23:05]   [screen] 9/40 failures found
[08:23:23]   [collect a0] mode=select choice=random_alloc cited=[3000752] success=True len=43
[08:23:23] 
===== DISTIL Round 19 | dataset=26 trajs =====
[08:23:24]   [train] 26 trajs, 890 windows, state_dim=23 act_dim=7 params=4.61M steps=4000
[08:23:59]     train step 200/4000 loss=0.57801 lr=8.00e-05
[08:24:34]     train step 400/4000 loss=0.22853 lr=9.96e-05
[08:25:09]     train step 600/4000 loss=0.13134 lr=9.79e-05
[08:25:45]     train step 800/4000 loss=0.09411 lr=9.49e-05
[08:26:20]     train step 1000/4000 loss=0.06969 lr=9.07e-05
[08:26:55]     train step 1200/4000 loss=0.05759 lr=8.53e-05
[08:27:30]     train step 1400/4000 loss=0.04854 lr=7.90e-05
[08:28:05]     train step 1600/4000 loss=0.04188 lr=7.19e-05
[08:28:40]     train step 1800/4000 loss=0.03653 lr=6.42e-05
[08:29:15]     train step 2000/4000 loss=0.03335 lr=5.62e-05
[08:29:50]     train step 2200/4000 loss=0.03030 lr=4.80e-05
[08:30:26]     train step 2400/4000 loss=0.02753 lr=3.99e-05
[08:31:01]     train step 2600/4000 loss=0.02515 lr=3.20e-05
[08:31:36]     train step 2800/4000 loss=0.02326 lr=2.48e-05
[08:32:11]     train step 3000/4000 loss=0.02182 lr=1.82e-05
[08:32:46]     train step 3200/4000 loss=0.02056 lr=1.26e-05
[08:33:21]     train step 3400/4000 loss=0.01925 lr=8.08e-06
[08:33:57]     train step 3600/4000 loss=0.01862 lr=4.74e-06
[08:34:32]     train step 3800/4000 loss=0.01799 lr=2.69e-06
[08:35:07]     train step 4000/4000 loss=0.01749 lr=2.00e-06
[08:36:08]   [calibrate] threshold(alpha=0.99)=0.03716 over 3560 samples (median=0.01738)
