[15:44:05] [env] loaded /weka/s226137394/DmNfull/.env
[15:44:06] ===== DISTIL | task=Lift modality=state ablation=dropout seed=3 budget=20 smoke=False device=cuda =====
[15:44:07] [bootstrap] loaded 8 shared demos from /weka/s226137394/DmNfull/distil/results/shared_bootstrap/Lift_state/Lift_state_ni8.pkl
[15:44:09] 
===== dropout Round 0 | dataset=8 =====
[15:44:15]     train step 200/8000 loss=0.61264 lr=8.00e-05
[15:44:19]     train step 400/8000 loss=0.24755 lr=9.99e-05
[15:44:23]     train step 600/8000 loss=0.08755 lr=9.95e-05
[15:44:27]     train step 800/8000 loss=0.05286 lr=9.88e-05
[15:44:31]     train step 1000/8000 loss=0.03812 lr=9.78e-05
[15:44:35]     train step 1200/8000 loss=0.03019 lr=9.64e-05
[15:44:39]     train step 1400/8000 loss=0.02394 lr=9.48e-05
[15:44:43]     train step 1600/8000 loss=0.02062 lr=9.29e-05
[15:44:47]     train step 1800/8000 loss=0.01692 lr=9.07e-05
[15:44:51]     train step 2000/8000 loss=0.01521 lr=8.82e-05
[15:44:55]     train step 2200/8000 loss=0.01348 lr=8.55e-05
[15:44:59]     train step 2400/8000 loss=0.01094 lr=8.26e-05
[15:45:03]     train step 2600/8000 loss=0.01032 lr=7.94e-05
[15:45:07]     train step 2800/8000 loss=0.00884 lr=7.61e-05
[15:45:11]     train step 3000/8000 loss=0.00775 lr=7.26e-05
[15:45:15]     train step 3200/8000 loss=0.00692 lr=6.90e-05
[15:45:19]     train step 3400/8000 loss=0.00682 lr=6.52e-05
[15:45:23]     train step 3600/8000 loss=0.00561 lr=6.14e-05
[15:45:27]     train step 3800/8000 loss=0.00477 lr=5.75e-05
[15:45:31]     train step 4000/8000 loss=0.00486 lr=5.35e-05
[15:45:35]     train step 4200/8000 loss=0.00405 lr=4.95e-05
[15:45:39]     train step 4400/8000 loss=0.00387 lr=4.56e-05
[15:45:43]     train step 4600/8000 loss=0.00372 lr=4.16e-05
[15:45:47]     train step 4800/8000 loss=0.00337 lr=3.78e-05
[15:45:51]     train step 5000/8000 loss=0.00304 lr=3.40e-05
[15:45:55]     train step 5200/8000 loss=0.00284 lr=3.03e-05
[15:45:59]     train step 5400/8000 loss=0.00271 lr=2.68e-05
[15:46:03]     train step 5600/8000 loss=0.00250 lr=2.34e-05
[15:46:07]     train step 5800/8000 loss=0.00242 lr=2.02e-05
[15:46:11]     train step 6000/8000 loss=0.00228 lr=1.73e-05
[15:46:15]     train step 6200/8000 loss=0.00224 lr=1.45e-05
[15:46:19]     train step 6400/8000 loss=0.00214 lr=1.20e-05
[15:46:23]     train step 6600/8000 loss=0.00207 lr=9.69e-06
[15:46:27]     train step 6800/8000 loss=0.00202 lr=7.69e-06
[15:46:31]     train step 7000/8000 loss=0.00198 lr=5.98e-06
[15:46:35]     train step 7200/8000 loss=0.00195 lr=4.56e-06
[15:46:39]     train step 7400/8000 loss=0.00191 lr=3.45e-06
[15:46:43]     train step 7600/8000 loss=0.00191 lr=2.65e-06
[15:46:47]     train step 7800/8000 loss=0.00186 lr=2.16e-06
[15:46:51]     train step 8000/8000 loss=0.00187 lr=2.00e-06
[15:50:00]   [eval] SR=0.670
[15:50:01]   [dropout] intervention at t=0 (rollout 0) len=47
[15:50:01] 
===== dropout Round 1 | dataset=9 =====
[15:50:06]     train step 200/4000 loss=0.61007 lr=8.00e-05
[15:50:10]     train step 400/4000 loss=0.23304 lr=9.96e-05
[15:50:14]     train step 600/4000 loss=0.08254 lr=9.79e-05
[15:50:18]     train step 800/4000 loss=0.05159 lr=9.49e-05
[15:50:22]     train step 1000/4000 loss=0.03780 lr=9.07e-05
[15:50:26]     train step 1200/4000 loss=0.02910 lr=8.53e-05
[15:50:30]     train step 1400/4000 loss=0.02381 lr=7.90e-05
[15:50:34]     train step 1600/4000 loss=0.02013 lr=7.19e-05
[15:50:38]     train step 1800/4000 loss=0.01705 lr=6.42e-05
[15:50:42]     train step 2000/4000 loss=0.01475 lr=5.62e-05
[15:50:46]     train step 2200/4000 loss=0.01301 lr=4.80e-05
[15:50:50]     train step 2400/4000 loss=0.01100 lr=3.99e-05
[15:50:54]     train step 2600/4000 loss=0.00972 lr=3.20e-05
[15:50:58]     train step 2800/4000 loss=0.00881 lr=2.48e-05
[15:51:02]     train step 3000/4000 loss=0.00784 lr=1.82e-05
[15:51:06]     train step 3200/4000 loss=0.00718 lr=1.26e-05
[15:51:10]     train step 3400/4000 loss=0.00693 lr=8.08e-06
[15:51:14]     train step 3600/4000 loss=0.00653 lr=4.74e-06
[15:51:19]     train step 3800/4000 loss=0.00636 lr=2.69e-06
[15:51:23]     train step 4000/4000 loss=0.00622 lr=2.00e-06
[15:53:31]   [eval] SR=0.870
[15:53:32]   [dropout] intervention at t=0 (rollout 0) len=43
[15:53:32] 
===== dropout Round 2 | dataset=10 =====
[15:53:36]     train step 200/4000 loss=0.60864 lr=8.00e-05
[15:53:41]     train step 400/4000 loss=0.22715 lr=9.96e-05
[15:53:45]     train step 600/4000 loss=0.08087 lr=9.79e-05
[15:53:49]     train step 800/4000 loss=0.04951 lr=9.49e-05
[15:53:53]     train step 1000/4000 loss=0.03601 lr=9.07e-05
[15:53:57]     train step 1200/4000 loss=0.02938 lr=8.53e-05
[15:54:01]     train step 1400/4000 loss=0.02381 lr=7.90e-05
[15:54:05]     train step 1600/4000 loss=0.02039 lr=7.19e-05
[15:54:09]     train step 1800/4000 loss=0.01745 lr=6.42e-05
[15:54:13]     train step 2000/4000 loss=0.01506 lr=5.62e-05
[15:54:17]     train step 2200/4000 loss=0.01283 lr=4.80e-05
[15:54:22]     train step 2400/4000 loss=0.01148 lr=3.99e-05
[15:54:26]     train step 2600/4000 loss=0.00997 lr=3.20e-05
[15:54:30]     train step 2800/4000 loss=0.00896 lr=2.48e-05
[15:54:34]     train step 3000/4000 loss=0.00828 lr=1.82e-05
[15:54:38]     train step 3200/4000 loss=0.00746 lr=1.26e-05
[15:54:42]     train step 3400/4000 loss=0.00722 lr=8.08e-06
[15:54:46]     train step 3600/4000 loss=0.00688 lr=4.74e-06
[15:54:50]     train step 3800/4000 loss=0.00667 lr=2.69e-06
[15:54:54]     train step 4000/4000 loss=0.00659 lr=2.00e-06
[15:56:31]   [eval] SR=0.960
[15:56:32]   [dropout] intervention at t=0 (rollout 0) len=45
[15:56:32] 
===== dropout Round 3 | dataset=11 =====
[15:56:36]     train step 200/4000 loss=0.60966 lr=8.00e-05
[15:56:40]     train step 400/4000 loss=0.22389 lr=9.96e-05
[15:56:45]     train step 600/4000 loss=0.07917 lr=9.79e-05
[15:56:49]     train step 800/4000 loss=0.04880 lr=9.49e-05
[15:56:53]     train step 1000/4000 loss=0.03614 lr=9.07e-05
[15:56:57]     train step 1200/4000 loss=0.03013 lr=8.53e-05
[15:57:01]     train step 1400/4000 loss=0.02441 lr=7.90e-05
[15:57:05]     train step 1600/4000 loss=0.02073 lr=7.19e-05
[15:57:09]     train step 1800/4000 loss=0.01756 lr=6.42e-05
[15:57:14]     train step 2000/4000 loss=0.01440 lr=5.62e-05
[15:57:18]     train step 2200/4000 loss=0.01255 lr=4.80e-05
[15:57:22]     train step 2400/4000 loss=0.01054 lr=3.99e-05
[15:57:26]     train step 2600/4000 loss=0.00944 lr=3.20e-05
[15:57:30]     train step 2800/4000 loss=0.00845 lr=2.48e-05
[15:57:34]     train step 3000/4000 loss=0.00787 lr=1.82e-05
[15:57:39]     train step 3200/4000 loss=0.00703 lr=1.26e-05
[15:57:43]     train step 3400/4000 loss=0.00669 lr=8.08e-06
[15:57:47]     train step 3600/4000 loss=0.00638 lr=4.74e-06
[15:57:51]     train step 3800/4000 loss=0.00615 lr=2.69e-06
[15:57:55]     train step 4000/4000 loss=0.00605 lr=2.00e-06
[15:59:20]   [eval] SR=0.990
[15:59:23]   [dropout] intervention at t=2 (rollout 0) len=42
[15:59:23] 
===== dropout Round 4 | dataset=12 =====
[15:59:27]     train step 200/4000 loss=0.60112 lr=8.00e-05
[15:59:31]     train step 400/4000 loss=0.21745 lr=9.96e-05
[15:59:36]     train step 600/4000 loss=0.07853 lr=9.79e-05
[15:59:40]     train step 800/4000 loss=0.04949 lr=9.49e-05
[15:59:44]     train step 1000/4000 loss=0.03558 lr=9.07e-05
[15:59:48]     train step 1200/4000 loss=0.02850 lr=8.53e-05
[15:59:52]     train step 1400/4000 loss=0.02359 lr=7.90e-05
[15:59:56]     train step 1600/4000 loss=0.02012 lr=7.19e-05
[16:00:00]     train step 1800/4000 loss=0.01677 lr=6.42e-05
[16:00:05]     train step 2000/4000 loss=0.01442 lr=5.62e-05
[16:00:09]     train step 2200/4000 loss=0.01239 lr=4.80e-05
[16:00:13]     train step 2400/4000 loss=0.01081 lr=3.99e-05
[16:00:17]     train step 2600/4000 loss=0.00968 lr=3.20e-05
[16:00:21]     train step 2800/4000 loss=0.00882 lr=2.48e-05
[16:00:25]     train step 3000/4000 loss=0.00790 lr=1.82e-05
[16:00:30]     train step 3200/4000 loss=0.00747 lr=1.26e-05
[16:00:34]     train step 3400/4000 loss=0.00705 lr=8.08e-06
[16:00:38]     train step 3600/4000 loss=0.00682 lr=4.74e-06
[16:00:42]     train step 3800/4000 loss=0.00658 lr=2.69e-06
[16:00:46]     train step 4000/4000 loss=0.00650 lr=2.00e-06
[16:02:05]   [eval] SR=1.000
[16:02:06]   [dropout] intervention at t=0 (rollout 0) len=47
[16:02:06] 
===== dropout Round 5 | dataset=13 =====
[16:02:11]     train step 200/4000 loss=0.60223 lr=8.00e-05
[16:02:15]     train step 400/4000 loss=0.21501 lr=9.96e-05
[16:02:19]     train step 600/4000 loss=0.07701 lr=9.79e-05
[16:02:23]     train step 800/4000 loss=0.04964 lr=9.49e-05
[16:02:27]     train step 1000/4000 loss=0.03703 lr=9.07e-05
[16:02:31]     train step 1200/4000 loss=0.02922 lr=8.53e-05
[16:02:35]     train step 1400/4000 loss=0.02342 lr=7.90e-05
[16:02:39]     train step 1600/4000 loss=0.02007 lr=7.19e-05
[16:02:44]     train step 1800/4000 loss=0.01735 lr=6.42e-05
[16:02:48]     train step 2000/4000 loss=0.01453 lr=5.62e-05
[16:02:52]     train step 2200/4000 loss=0.01305 lr=4.80e-05
[16:02:56]     train step 2400/4000 loss=0.01115 lr=3.99e-05
[16:03:00]     train step 2600/4000 loss=0.00977 lr=3.20e-05
[16:03:04]     train step 2800/4000 loss=0.00903 lr=2.48e-05
[16:03:08]     train step 3000/4000 loss=0.00796 lr=1.82e-05
[16:03:13]     train step 3200/4000 loss=0.00734 lr=1.26e-05
[16:03:17]     train step 3400/4000 loss=0.00704 lr=8.08e-06
[16:03:21]     train step 3600/4000 loss=0.00673 lr=4.74e-06
[16:03:25]     train step 3800/4000 loss=0.00650 lr=2.69e-06
[16:03:29]     train step 4000/4000 loss=0.00642 lr=2.00e-06
[16:04:46]   [eval] SR=1.000
[16:04:48]   [dropout] intervention at t=1 (rollout 0) len=43
[16:04:48] 
===== dropout Round 6 | dataset=14 =====
[16:04:52]     train step 200/4000 loss=0.60378 lr=8.00e-05
[16:04:56]     train step 400/4000 loss=0.21761 lr=9.96e-05
[16:05:00]     train step 600/4000 loss=0.07701 lr=9.79e-05
[16:05:05]     train step 800/4000 loss=0.04961 lr=9.49e-05
[16:05:09]     train step 1000/4000 loss=0.03691 lr=9.07e-05
[16:05:13]     train step 1200/4000 loss=0.02910 lr=8.53e-05
[16:05:17]     train step 1400/4000 loss=0.02359 lr=7.90e-05
[16:05:21]     train step 1600/4000 loss=0.01969 lr=7.19e-05
[16:05:25]     train step 1800/4000 loss=0.01705 lr=6.42e-05
[16:05:30]     train step 2000/4000 loss=0.01474 lr=5.62e-05
[16:05:34]     train step 2200/4000 loss=0.01256 lr=4.80e-05
[16:05:38]     train step 2400/4000 loss=0.01085 lr=3.99e-05
[16:05:42]     train step 2600/4000 loss=0.00948 lr=3.20e-05
[16:05:46]     train step 2800/4000 loss=0.00864 lr=2.48e-05
[16:05:50]     train step 3000/4000 loss=0.00785 lr=1.82e-05
[16:05:54]     train step 3200/4000 loss=0.00732 lr=1.26e-05
[16:05:59]     train step 3400/4000 loss=0.00705 lr=8.08e-06
[16:06:03]     train step 3600/4000 loss=0.00677 lr=4.74e-06
[16:06:07]     train step 3800/4000 loss=0.00659 lr=2.69e-06
[16:06:11]     train step 4000/4000 loss=0.00648 lr=2.00e-06
[16:07:28]   [eval] SR=1.000
[16:07:31]   [dropout] intervention at t=2 (rollout 0) len=44
[16:07:31] 
===== dropout Round 7 | dataset=15 =====
[16:07:35]     train step 200/4000 loss=0.60520 lr=8.00e-05
[16:07:39]     train step 400/4000 loss=0.21781 lr=9.96e-05
[16:07:43]     train step 600/4000 loss=0.07822 lr=9.79e-05
[16:07:47]     train step 800/4000 loss=0.04977 lr=9.49e-05
[16:07:52]     train step 1000/4000 loss=0.03689 lr=9.07e-05
[16:07:56]     train step 1200/4000 loss=0.02879 lr=8.53e-05
[16:08:00]     train step 1400/4000 loss=0.02344 lr=7.90e-05
[16:08:04]     train step 1600/4000 loss=0.02008 lr=7.19e-05
[16:08:08]     train step 1800/4000 loss=0.01699 lr=6.42e-05
[16:08:12]     train step 2000/4000 loss=0.01479 lr=5.62e-05
[16:08:16]     train step 2200/4000 loss=0.01336 lr=4.80e-05
[16:08:20]     train step 2400/4000 loss=0.01137 lr=3.99e-05
[16:08:25]     train step 2600/4000 loss=0.01032 lr=3.20e-05
[16:08:29]     train step 2800/4000 loss=0.00924 lr=2.48e-05
[16:08:33]     train step 3000/4000 loss=0.00856 lr=1.82e-05
[16:08:37]     train step 3200/4000 loss=0.00782 lr=1.26e-05
[16:08:41]     train step 3400/4000 loss=0.00752 lr=8.08e-06
[16:08:45]     train step 3600/4000 loss=0.00725 lr=4.74e-06
[16:08:49]     train step 3800/4000 loss=0.00704 lr=2.69e-06
[16:08:54]     train step 4000/4000 loss=0.00689 lr=2.00e-06
[16:10:10]   [eval] SR=1.000
[16:10:29]   [dropout] intervention at t=22 (rollout 0) len=23
[16:10:29] 
===== dropout Round 8 | dataset=16 =====
[16:10:34]     train step 200/4000 loss=0.60453 lr=8.00e-05
[16:10:38]     train step 400/4000 loss=0.21854 lr=9.96e-05
[16:10:42]     train step 600/4000 loss=0.07922 lr=9.79e-05
[16:10:46]     train step 800/4000 loss=0.04952 lr=9.49e-05
[16:10:50]     train step 1000/4000 loss=0.03616 lr=9.07e-05
[16:10:54]     train step 1200/4000 loss=0.02884 lr=8.53e-05
[16:10:58]     train step 1400/4000 loss=0.02450 lr=7.90e-05
[16:11:03]     train step 1600/4000 loss=0.02064 lr=7.19e-05
[16:11:07]     train step 1800/4000 loss=0.01770 lr=6.42e-05
[16:11:11]     train step 2000/4000 loss=0.01564 lr=5.62e-05
[16:11:15]     train step 2200/4000 loss=0.01349 lr=4.80e-05
[16:11:19]     train step 2400/4000 loss=0.01189 lr=3.99e-05
[16:11:23]     train step 2600/4000 loss=0.01060 lr=3.20e-05
[16:11:27]     train step 2800/4000 loss=0.00960 lr=2.48e-05
[16:11:32]     train step 3000/4000 loss=0.00875 lr=1.82e-05
[16:11:36]     train step 3200/4000 loss=0.00812 lr=1.26e-05
[16:11:40]     train step 3400/4000 loss=0.00769 lr=8.08e-06
[16:11:44]     train step 3600/4000 loss=0.00744 lr=4.74e-06
[16:11:48]     train step 3800/4000 loss=0.00719 lr=2.69e-06
[16:11:52]     train step 4000/4000 loss=0.00706 lr=2.00e-06
[16:13:09]   [eval] SR=1.000
[16:13:32]   [dropout] intervention at t=27 (rollout 0) len=21
[16:13:32] 
===== dropout Round 9 | dataset=17 =====
[16:13:36]     train step 200/4000 loss=0.60418 lr=8.00e-05
[16:13:41]     train step 400/4000 loss=0.21845 lr=9.96e-05
[16:13:45]     train step 600/4000 loss=0.07978 lr=9.79e-05
[16:13:49]     train step 800/4000 loss=0.04916 lr=9.49e-05
[16:13:53]     train step 1000/4000 loss=0.03643 lr=9.07e-05
[16:13:57]     train step 1200/4000 loss=0.02916 lr=8.53e-05
[16:14:01]     train step 1400/4000 loss=0.02416 lr=7.90e-05
[16:14:06]     train step 1600/4000 loss=0.02055 lr=7.19e-05
[16:14:10]     train step 1800/4000 loss=0.01766 lr=6.42e-05
[16:14:14]     train step 2000/4000 loss=0.01546 lr=5.62e-05
[16:14:18]     train step 2200/4000 loss=0.01351 lr=4.80e-05
[16:14:22]     train step 2400/4000 loss=0.01189 lr=3.99e-05
[16:14:26]     train step 2600/4000 loss=0.01064 lr=3.20e-05
[16:14:30]     train step 2800/4000 loss=0.00946 lr=2.48e-05
[16:14:35]     train step 3000/4000 loss=0.00881 lr=1.82e-05
[16:14:39]     train step 3200/4000 loss=0.00808 lr=1.26e-05
[16:14:43]     train step 3400/4000 loss=0.00774 lr=8.08e-06
[16:14:47]     train step 3600/4000 loss=0.00744 lr=4.74e-06
[16:14:51]     train step 3800/4000 loss=0.00723 lr=2.69e-06
[16:14:55]     train step 4000/4000 loss=0.00712 lr=2.00e-06
[16:16:12]   [eval] SR=1.000
[16:16:32]   [dropout] intervention at t=23 (rollout 0) len=20
[16:16:32] 
===== dropout Round 10 | dataset=18 =====
[16:16:36]     train step 200/4000 loss=0.60495 lr=8.00e-05
[16:16:40]     train step 400/4000 loss=0.21923 lr=9.96e-05
[16:16:44]     train step 600/4000 loss=0.07886 lr=9.79e-05
[16:16:48]     train step 800/4000 loss=0.04894 lr=9.49e-05
[16:16:53]     train step 1000/4000 loss=0.03734 lr=9.07e-05
[16:16:57]     train step 1200/4000 loss=0.02940 lr=8.53e-05
[16:17:01]     train step 1400/4000 loss=0.02410 lr=7.90e-05
[16:17:05]     train step 1600/4000 loss=0.02058 lr=7.19e-05
[16:17:09]     train step 1800/4000 loss=0.01786 lr=6.42e-05
[16:17:14]     train step 2000/4000 loss=0.01553 lr=5.62e-05
[16:17:18]     train step 2200/4000 loss=0.01341 lr=4.80e-05
[16:17:22]     train step 2400/4000 loss=0.01183 lr=3.99e-05
[16:17:26]     train step 2600/4000 loss=0.01048 lr=3.20e-05
[16:17:30]     train step 2800/4000 loss=0.00984 lr=2.48e-05
[16:17:34]     train step 3000/4000 loss=0.00870 lr=1.82e-05
[16:17:38]     train step 3200/4000 loss=0.00826 lr=1.26e-05
[16:17:43]     train step 3400/4000 loss=0.00789 lr=8.08e-06
[16:17:47]     train step 3600/4000 loss=0.00755 lr=4.74e-06
[16:17:51]     train step 3800/4000 loss=0.00734 lr=2.69e-06
[16:17:55]     train step 4000/4000 loss=0.00722 lr=2.00e-06
[16:19:11]   [eval] SR=1.000
[16:19:12]   [dropout] intervention at t=0 (rollout 0) len=48
[16:19:13] 
===== dropout Round 11 | dataset=19 =====
[16:19:17]     train step 200/4000 loss=0.60575 lr=8.00e-05
[16:19:21]     train step 400/4000 loss=0.21911 lr=9.96e-05
[16:19:25]     train step 600/4000 loss=0.08046 lr=9.79e-05
[16:19:29]     train step 800/4000 loss=0.05085 lr=9.49e-05
[16:19:33]     train step 1000/4000 loss=0.03757 lr=9.07e-05
[16:19:37]     train step 1200/4000 loss=0.02973 lr=8.53e-05
[16:19:42]     train step 1400/4000 loss=0.02415 lr=7.90e-05
[16:19:46]     train step 1600/4000 loss=0.02075 lr=7.19e-05
[16:19:50]     train step 1800/4000 loss=0.01762 lr=6.42e-05
[16:19:54]     train step 2000/4000 loss=0.01541 lr=5.62e-05
[16:19:58]     train step 2200/4000 loss=0.01366 lr=4.80e-05
[16:20:02]     train step 2400/4000 loss=0.01162 lr=3.99e-05
[16:20:06]     train step 2600/4000 loss=0.01048 lr=3.20e-05
[16:20:11]     train step 2800/4000 loss=0.00944 lr=2.48e-05
[16:20:15]     train step 3000/4000 loss=0.00872 lr=1.82e-05
[16:20:19]     train step 3200/4000 loss=0.00813 lr=1.26e-05
[16:20:23]     train step 3400/4000 loss=0.00770 lr=8.08e-06
[16:20:27]     train step 3600/4000 loss=0.00737 lr=4.74e-06
[16:20:31]     train step 3800/4000 loss=0.00717 lr=2.69e-06
[16:20:35]     train step 4000/4000 loss=0.00703 lr=2.00e-06
[16:21:52]   [eval] SR=1.000
[16:21:53]   [dropout] intervention at t=0 (rollout 0) len=47
[16:21:53] 
===== dropout Round 12 | dataset=20 =====
[16:21:57]     train step 200/4000 loss=0.60628 lr=8.00e-05
[16:22:01]     train step 400/4000 loss=0.21830 lr=9.96e-05
[16:22:05]     train step 600/4000 loss=0.07821 lr=9.79e-05
[16:22:10]     train step 800/4000 loss=0.05054 lr=9.49e-05
[16:22:14]     train step 1000/4000 loss=0.03744 lr=9.07e-05
[16:22:18]     train step 1200/4000 loss=0.02996 lr=8.53e-05
[16:22:22]     train step 1400/4000 loss=0.02375 lr=7.90e-05
[16:22:26]     train step 1600/4000 loss=0.02076 lr=7.19e-05
[16:22:30]     train step 1800/4000 loss=0.01764 lr=6.42e-05
[16:22:35]     train step 2000/4000 loss=0.01497 lr=5.62e-05
[16:22:39]     train step 2200/4000 loss=0.01286 lr=4.80e-05
[16:22:43]     train step 2400/4000 loss=0.01149 lr=3.99e-05
[16:22:47]     train step 2600/4000 loss=0.01045 lr=3.20e-05
[16:22:51]     train step 2800/4000 loss=0.00933 lr=2.48e-05
[16:22:55]     train step 3000/4000 loss=0.00855 lr=1.82e-05
[16:22:59]     train step 3200/4000 loss=0.00799 lr=1.26e-05
[16:23:04]     train step 3400/4000 loss=0.00765 lr=8.08e-06
[16:23:08]     train step 3600/4000 loss=0.00727 lr=4.74e-06
[16:23:12]     train step 3800/4000 loss=0.00709 lr=2.69e-06
[16:23:16]     train step 4000/4000 loss=0.00697 lr=2.00e-06
[16:24:32]   [eval] SR=1.000
[16:24:53]   [dropout] intervention at t=24 (rollout 0) len=21
[16:24:53] 
===== dropout Round 13 | dataset=21 =====
[16:24:57]     train step 200/4000 loss=0.60607 lr=8.00e-05
[16:25:01]     train step 400/4000 loss=0.21859 lr=9.96e-05
[16:25:05]     train step 600/4000 loss=0.07804 lr=9.79e-05
[16:25:09]     train step 800/4000 loss=0.05003 lr=9.49e-05
[16:25:14]     train step 1000/4000 loss=0.03667 lr=9.07e-05
[16:25:18]     train step 1200/4000 loss=0.02918 lr=8.53e-05
[16:25:22]     train step 1400/4000 loss=0.02448 lr=7.90e-05
[16:25:26]     train step 1600/4000 loss=0.02093 lr=7.19e-05
[16:25:30]     train step 1800/4000 loss=0.01744 lr=6.42e-05
[16:25:34]     train step 2000/4000 loss=0.01515 lr=5.62e-05
[16:25:38]     train step 2200/4000 loss=0.01309 lr=4.80e-05
[16:25:42]     train step 2400/4000 loss=0.01143 lr=3.99e-05
[16:25:47]     train step 2600/4000 loss=0.01031 lr=3.20e-05
[16:25:51]     train step 2800/4000 loss=0.00928 lr=2.48e-05
[16:25:55]     train step 3000/4000 loss=0.00873 lr=1.82e-05
[16:25:59]     train step 3200/4000 loss=0.00809 lr=1.26e-05
[16:26:03]     train step 3400/4000 loss=0.00767 lr=8.08e-06
[16:26:07]     train step 3600/4000 loss=0.00736 lr=4.74e-06
[16:26:11]     train step 3800/4000 loss=0.00713 lr=2.69e-06
[16:26:16]     train step 4000/4000 loss=0.00704 lr=2.00e-06
[16:27:36]   [eval] SR=0.990
[16:27:37]   [dropout] intervention at t=0 (rollout 0) len=44
[16:27:37] 
===== dropout Round 14 | dataset=22 =====
[16:27:41]     train step 200/4000 loss=0.60559 lr=8.00e-05
[16:27:45]     train step 400/4000 loss=0.21797 lr=9.96e-05
[16:27:49]     train step 600/4000 loss=0.07784 lr=9.79e-05
[16:27:53]     train step 800/4000 loss=0.04948 lr=9.49e-05
[16:27:58]     train step 1000/4000 loss=0.03684 lr=9.07e-05
[16:28:02]     train step 1200/4000 loss=0.02980 lr=8.53e-05
[16:28:06]     train step 1400/4000 loss=0.02448 lr=7.90e-05
[16:28:10]     train step 1600/4000 loss=0.02045 lr=7.19e-05
[16:28:14]     train step 1800/4000 loss=0.01752 lr=6.42e-05
[16:28:18]     train step 2000/4000 loss=0.01553 lr=5.62e-05
[16:28:22]     train step 2200/4000 loss=0.01385 lr=4.80e-05
[16:28:27]     train step 2400/4000 loss=0.01167 lr=3.99e-05
[16:28:31]     train step 2600/4000 loss=0.01022 lr=3.20e-05
[16:28:35]     train step 2800/4000 loss=0.00933 lr=2.48e-05
[16:28:39]     train step 3000/4000 loss=0.00849 lr=1.82e-05
[16:28:43]     train step 3200/4000 loss=0.00794 lr=1.26e-05
[16:28:47]     train step 3400/4000 loss=0.00763 lr=8.08e-06
[16:28:51]     train step 3600/4000 loss=0.00734 lr=4.74e-06
[16:28:56]     train step 3800/4000 loss=0.00713 lr=2.69e-06
[16:29:00]     train step 4000/4000 loss=0.00700 lr=2.00e-06
[16:30:17]   [eval] SR=1.000
[16:30:30]   [dropout] intervention at t=15 (rollout 0) len=28
[16:30:30] 
===== dropout Round 15 | dataset=23 =====
[16:30:34]     train step 200/4000 loss=0.60530 lr=8.00e-05
[16:30:39]     train step 400/4000 loss=0.21860 lr=9.96e-05
[16:30:43]     train step 600/4000 loss=0.07704 lr=9.79e-05
[16:30:47]     train step 800/4000 loss=0.04973 lr=9.49e-05
[16:30:51]     train step 1000/4000 loss=0.03690 lr=9.07e-05
[16:30:55]     train step 1200/4000 loss=0.02876 lr=8.53e-05
[16:30:59]     train step 1400/4000 loss=0.02378 lr=7.90e-05
[16:31:04]     train step 1600/4000 loss=0.02044 lr=7.19e-05
[16:31:08]     train step 1800/4000 loss=0.01742 lr=6.42e-05
[16:31:12]     train step 2000/4000 loss=0.01527 lr=5.62e-05
[16:31:16]     train step 2200/4000 loss=0.01359 lr=4.80e-05
[16:31:20]     train step 2400/4000 loss=0.01136 lr=3.99e-05
[16:31:24]     train step 2600/4000 loss=0.01022 lr=3.20e-05
[16:31:28]     train step 2800/4000 loss=0.00937 lr=2.48e-05
[16:31:33]     train step 3000/4000 loss=0.00854 lr=1.82e-05
[16:31:37]     train step 3200/4000 loss=0.00785 lr=1.26e-05
[16:31:41]     train step 3400/4000 loss=0.00747 lr=8.08e-06
[16:31:45]     train step 3600/4000 loss=0.00719 lr=4.74e-06
[16:31:49]     train step 3800/4000 loss=0.00699 lr=2.69e-06
[16:31:53]     train step 4000/4000 loss=0.00686 lr=2.00e-06
[16:33:10]   [eval] SR=1.000
[16:33:11]   [dropout] intervention at t=0 (rollout 0) len=45
[16:33:12] 
===== dropout Round 16 | dataset=24 =====
[16:33:16]     train step 200/4000 loss=0.60042 lr=8.00e-05
[16:33:20]     train step 400/4000 loss=0.21463 lr=9.96e-05
[16:33:24]     train step 600/4000 loss=0.07792 lr=9.79e-05
[16:33:28]     train step 800/4000 loss=0.04906 lr=9.49e-05
[16:33:32]     train step 1000/4000 loss=0.03710 lr=9.07e-05
[16:33:37]     train step 1200/4000 loss=0.02954 lr=8.53e-05
[16:33:41]     train step 1400/4000 loss=0.02501 lr=7.90e-05
[16:33:45]     train step 1600/4000 loss=0.02084 lr=7.19e-05
[16:33:49]     train step 1800/4000 loss=0.01849 lr=6.42e-05
[16:33:53]     train step 2000/4000 loss=0.01584 lr=5.62e-05
[16:33:57]     train step 2200/4000 loss=0.01411 lr=4.80e-05
[16:34:02]     train step 2400/4000 loss=0.01231 lr=3.99e-05
[16:34:06]     train step 2600/4000 loss=0.01090 lr=3.20e-05
[16:34:10]     train step 2800/4000 loss=0.00985 lr=2.48e-05
[16:34:14]     train step 3000/4000 loss=0.00915 lr=1.82e-05
[16:34:18]     train step 3200/4000 loss=0.00852 lr=1.26e-05
[16:34:22]     train step 3400/4000 loss=0.00814 lr=8.08e-06
[16:34:26]     train step 3600/4000 loss=0.00783 lr=4.74e-06
[16:34:31]     train step 3800/4000 loss=0.00763 lr=2.69e-06
[16:34:35]     train step 4000/4000 loss=0.00752 lr=2.00e-06
[16:35:51]   [eval] SR=1.000
[16:36:12]   [dropout] intervention at t=24 (rollout 0) len=23
[16:36:12] 
===== dropout Round 17 | dataset=25 =====
[16:36:16]     train step 200/4000 loss=0.60144 lr=8.00e-05
[16:36:20]     train step 400/4000 loss=0.21540 lr=9.96e-05
[16:36:24]     train step 600/4000 loss=0.07890 lr=9.79e-05
[16:36:29]     train step 800/4000 loss=0.04945 lr=9.49e-05
[16:36:33]     train step 1000/4000 loss=0.03675 lr=9.07e-05
[16:36:37]     train step 1200/4000 loss=0.03019 lr=8.53e-05
[16:36:41]     train step 1400/4000 loss=0.02447 lr=7.90e-05
[16:36:45]     train step 1600/4000 loss=0.02078 lr=7.19e-05
[16:36:49]     train step 1800/4000 loss=0.01769 lr=6.42e-05
[16:36:54]     train step 2000/4000 loss=0.01530 lr=5.62e-05
[16:36:58]     train step 2200/4000 loss=0.01348 lr=4.80e-05
[16:37:02]     train step 2400/4000 loss=0.01157 lr=3.99e-05
[16:37:06]     train step 2600/4000 loss=0.01044 lr=3.20e-05
[16:37:10]     train step 2800/4000 loss=0.00966 lr=2.48e-05
[16:37:14]     train step 3000/4000 loss=0.00867 lr=1.82e-05
[16:37:19]     train step 3200/4000 loss=0.00814 lr=1.26e-05
[16:37:23]     train step 3400/4000 loss=0.00776 lr=8.08e-06
[16:37:27]     train step 3600/4000 loss=0.00748 lr=4.74e-06
[16:37:31]     train step 3800/4000 loss=0.00724 lr=2.69e-06
[16:37:35]     train step 4000/4000 loss=0.00715 lr=2.00e-06
[16:38:52]   [eval] SR=1.000
[16:38:54]   [dropout] intervention at t=1 (rollout 0) len=46
[16:38:54] 
===== dropout Round 18 | dataset=26 =====
[16:38:58]     train step 200/4000 loss=0.60150 lr=8.00e-05
[16:39:02]     train step 400/4000 loss=0.21479 lr=9.96e-05
[16:39:06]     train step 600/4000 loss=0.07721 lr=9.79e-05
[16:39:10]     train step 800/4000 loss=0.04889 lr=9.49e-05
[16:39:15]     train step 1000/4000 loss=0.03586 lr=9.07e-05
[16:39:19]     train step 1200/4000 loss=0.02927 lr=8.53e-05
[16:39:23]     train step 1400/4000 loss=0.02410 lr=7.90e-05
[16:39:27]     train step 1600/4000 loss=0.02097 lr=7.19e-05
[16:39:31]     train step 1800/4000 loss=0.01808 lr=6.42e-05
[16:39:35]     train step 2000/4000 loss=0.01550 lr=5.62e-05
[16:39:39]     train step 2200/4000 loss=0.01353 lr=4.80e-05
[16:39:44]     train step 2400/4000 loss=0.01172 lr=3.99e-05
[16:39:48]     train step 2600/4000 loss=0.01053 lr=3.20e-05
[16:39:52]     train step 2800/4000 loss=0.00968 lr=2.48e-05
[16:39:56]     train step 3000/4000 loss=0.00887 lr=1.82e-05
[16:40:00]     train step 3200/4000 loss=0.00827 lr=1.26e-05
[16:40:04]     train step 3400/4000 loss=0.00797 lr=8.08e-06
[16:40:09]     train step 3600/4000 loss=0.00763 lr=4.74e-06
[16:40:13]     train step 3800/4000 loss=0.00741 lr=2.69e-06
[16:40:17]     train step 4000/4000 loss=0.00728 lr=2.00e-06
[16:41:33]   [eval] SR=1.000
[16:41:36]   [dropout] intervention at t=2 (rollout 0) len=41
[16:41:36] 
===== dropout Round 19 | dataset=27 =====
[16:41:40]     train step 200/4000 loss=0.60116 lr=8.00e-05
[16:41:44]     train step 400/4000 loss=0.21659 lr=9.96e-05
[16:41:49]     train step 600/4000 loss=0.07787 lr=9.79e-05
[16:41:53]     train step 800/4000 loss=0.04843 lr=9.49e-05
[16:41:57]     train step 1000/4000 loss=0.03644 lr=9.07e-05
[16:42:01]     train step 1200/4000 loss=0.02944 lr=8.53e-05
[16:42:05]     train step 1400/4000 loss=0.02422 lr=7.90e-05
[16:42:09]     train step 1600/4000 loss=0.02095 lr=7.19e-05
[16:42:14]     train step 1800/4000 loss=0.01810 lr=6.42e-05
[16:42:18]     train step 2000/4000 loss=0.01554 lr=5.62e-05
[16:42:22]     train step 2200/4000 loss=0.01380 lr=4.80e-05
[16:42:26]     train step 2400/4000 loss=0.01186 lr=3.99e-05
[16:42:30]     train step 2600/4000 loss=0.01090 lr=3.20e-05
[16:42:34]     train step 2800/4000 loss=0.00973 lr=2.48e-05
[16:42:39]     train step 3000/4000 loss=0.00894 lr=1.82e-05
[16:42:43]     train step 3200/4000 loss=0.00845 lr=1.26e-05
[16:42:47]     train step 3400/4000 loss=0.00808 lr=8.08e-06
[16:42:51]     train step 3600/4000 loss=0.00777 lr=4.74e-06
[16:42:55]     train step 3800/4000 loss=0.00752 lr=2.69e-06
[16:42:59]     train step 4000/4000 loss=0.00740 lr=2.00e-06
[16:44:16]   [eval] SR=1.000
[16:44:18]   [dropout] intervention at t=1 (rollout 0) len=45
[16:44:18] 
===== dropout Round 20 | dataset=28 =====
[16:44:22]     train step 200/4000 loss=0.60202 lr=8.00e-05
[16:44:27]     train step 400/4000 loss=0.21492 lr=9.96e-05
[16:44:31]     train step 600/4000 loss=0.07819 lr=9.79e-05
[16:44:35]     train step 800/4000 loss=0.04880 lr=9.49e-05
[16:44:39]     train step 1000/4000 loss=0.03590 lr=9.07e-05
[16:44:43]     train step 1200/4000 loss=0.02941 lr=8.53e-05
[16:44:47]     train step 1400/4000 loss=0.02463 lr=7.90e-05
[16:44:52]     train step 1600/4000 loss=0.02056 lr=7.19e-05
[16:44:56]     train step 1800/4000 loss=0.01843 lr=6.42e-05
[16:45:00]     train step 2000/4000 loss=0.01557 lr=5.62e-05
[16:45:04]     train step 2200/4000 loss=0.01378 lr=4.80e-05
[16:45:08]     train step 2400/4000 loss=0.01213 lr=3.99e-05
[16:45:12]     train step 2600/4000 loss=0.01101 lr=3.20e-05
[16:45:16]     train step 2800/4000 loss=0.00991 lr=2.48e-05
[16:45:21]     train step 3000/4000 loss=0.00907 lr=1.82e-05
[16:45:25]     train step 3200/4000 loss=0.00865 lr=1.26e-05
[16:45:29]     train step 3400/4000 loss=0.00826 lr=8.08e-06
[16:45:33]     train step 3600/4000 loss=0.00792 lr=4.74e-06
[16:45:37]     train step 3800/4000 loss=0.00773 lr=2.69e-06
[16:45:41]     train step 4000/4000 loss=0.00759 lr=2.00e-06
[16:46:58]   [eval] SR=1.000
[16:46:58] DONE in 3769.6s | final_success=1.0
[16:46:58] [write] /weka/s226137394/DmNfull/distil/results/Lift/state/dropout/seed3/result.json
