[14:22:35] [env] loaded /weka/s226137394/DmNfull/.env
[14:22:35] ===== DISTIL | task=Lift modality=state ablation=diffdagger seed=4 budget=20 smoke=False device=cuda =====
[14:22:36] [bootstrap] loaded 8 shared demos from /weka/s226137394/DmNfull/distil/results/shared_bootstrap/Lift_state/Lift_state_ni8.pkl
[14:22:38] [init] using 8 pre-collected (calibrated Ni) demos
[14:22:38] 
===== Round 0 | dataset=8 trajs =====
[14:22:38]   [train] 8 trajs, 357 windows, state_dim=23 act_dim=7 params=4.26M steps=8000
[14:22:44]     train step 200/8000 loss=0.63121 lr=8.00e-05
[14:22:48]     train step 400/8000 loss=0.24310 lr=9.99e-05
[14:22:52]     train step 600/8000 loss=0.09020 lr=9.95e-05
[14:22:56]     train step 800/8000 loss=0.05747 lr=9.88e-05
[14:23:00]     train step 1000/8000 loss=0.04167 lr=9.78e-05
[14:23:04]     train step 1200/8000 loss=0.03194 lr=9.64e-05
[14:23:08]     train step 1400/8000 loss=0.02720 lr=9.48e-05
[14:23:12]     train step 1600/8000 loss=0.02358 lr=9.29e-05
[14:23:16]     train step 1800/8000 loss=0.01977 lr=9.07e-05
[14:23:20]     train step 2000/8000 loss=0.01699 lr=8.82e-05
[14:23:24]     train step 2200/8000 loss=0.01553 lr=8.55e-05
[14:23:28]     train step 2400/8000 loss=0.01306 lr=8.26e-05
[14:23:32]     train step 2600/8000 loss=0.01123 lr=7.94e-05
[14:23:36]     train step 2800/8000 loss=0.01035 lr=7.61e-05
[14:23:40]     train step 3000/8000 loss=0.00912 lr=7.26e-05
[14:23:44]     train step 3200/8000 loss=0.00737 lr=6.90e-05
[14:23:48]     train step 3400/8000 loss=0.00682 lr=6.52e-05
[14:23:53]     train step 3600/8000 loss=0.00719 lr=6.14e-05
[14:23:57]     train step 3800/8000 loss=0.00547 lr=5.75e-05
[14:24:01]     train step 4000/8000 loss=0.00479 lr=5.35e-05
[14:24:05]     train step 4200/8000 loss=0.00450 lr=4.95e-05
[14:24:09]     train step 4400/8000 loss=0.00393 lr=4.56e-05
[14:24:13]     train step 4600/8000 loss=0.00390 lr=4.16e-05
[14:24:17]     train step 4800/8000 loss=0.00358 lr=3.78e-05
[14:24:21]     train step 5000/8000 loss=0.00334 lr=3.40e-05
[14:24:25]     train step 5200/8000 loss=0.00310 lr=3.03e-05
[14:24:29]     train step 5400/8000 loss=0.00303 lr=2.68e-05
[14:24:33]     train step 5600/8000 loss=0.00263 lr=2.34e-05
[14:24:37]     train step 5800/8000 loss=0.00252 lr=2.02e-05
[14:24:41]     train step 6000/8000 loss=0.00241 lr=1.73e-05
[14:24:45]     train step 6200/8000 loss=0.00239 lr=1.45e-05
[14:24:49]     train step 6400/8000 loss=0.00234 lr=1.20e-05
[14:24:54]     train step 6600/8000 loss=0.00220 lr=9.69e-06
[14:24:58]     train step 6800/8000 loss=0.00216 lr=7.69e-06
[14:25:02]     train step 7000/8000 loss=0.00209 lr=5.98e-06
[14:25:06]     train step 7200/8000 loss=0.00207 lr=4.56e-06
[14:25:10]     train step 7400/8000 loss=0.00203 lr=3.45e-06
[14:25:14]     train step 7600/8000 loss=0.00200 lr=2.65e-06
[14:25:18]     train step 7800/8000 loss=0.00198 lr=2.16e-06
[14:25:22]     train step 8000/8000 loss=0.00196 lr=2.00e-06
[14:25:29]   [calibrate] threshold(alpha=0.99)=0.00316 over 1428 samples (median=0.00198)
[14:28:39]   [eval] pure-policy success=0.700 mean_len=116 (fixed 100-ep set)
[14:28:39]   [dagger ep1] success=True query=True auto=False maxloss=0.0197 len=44 expert_steps=43 (interv 1/4)
[14:28:40]   [dagger ep2] success=True query=True auto=False maxloss=0.0194 len=46 expert_steps=45 (interv 2/4)
[14:28:40]   [dagger ep3] success=True query=True auto=False maxloss=0.0084 len=44 expert_steps=43 (interv 3/4)
[14:28:41]   [dagger ep4] success=True query=True auto=False maxloss=0.0082 len=42 expert_steps=41 (interv 4/4)
[14:28:41] 
===== Round 1 | dataset=12 trajs =====
[14:28:41]   [train] 12 trajs, 529 windows, state_dim=23 act_dim=7 params=4.26M steps=4000
[14:28:45]     train step 200/4000 loss=0.61890 lr=8.00e-05
[14:28:49]     train step 400/4000 loss=0.21541 lr=9.96e-05
[14:28:53]     train step 600/4000 loss=0.07856 lr=9.79e-05
[14:28:57]     train step 800/4000 loss=0.04860 lr=9.49e-05
[14:29:02]     train step 1000/4000 loss=0.03445 lr=9.07e-05
[14:29:06]     train step 1200/4000 loss=0.02798 lr=8.53e-05
[14:29:10]     train step 1400/4000 loss=0.02342 lr=7.90e-05
[14:29:14]     train step 1600/4000 loss=0.01946 lr=7.19e-05
[14:29:18]     train step 1800/4000 loss=0.01724 lr=6.42e-05
[14:29:22]     train step 2000/4000 loss=0.01481 lr=5.62e-05
[14:29:27]     train step 2200/4000 loss=0.01260 lr=4.80e-05
[14:29:31]     train step 2400/4000 loss=0.01105 lr=3.99e-05
[14:29:35]     train step 2600/4000 loss=0.00972 lr=3.20e-05
[14:29:39]     train step 2800/4000 loss=0.00882 lr=2.48e-05
[14:29:43]     train step 3000/4000 loss=0.00801 lr=1.82e-05
[14:29:47]     train step 3200/4000 loss=0.00747 lr=1.26e-05
[14:29:52]     train step 3400/4000 loss=0.00707 lr=8.08e-06
[14:29:56]     train step 3600/4000 loss=0.00673 lr=4.74e-06
[14:30:00]     train step 3800/4000 loss=0.00655 lr=2.69e-06
[14:30:04]     train step 4000/4000 loss=0.00645 lr=2.00e-06
[14:30:14]   [calibrate] threshold(alpha=0.99)=0.01189 over 2116 samples (median=0.00635)
[14:31:39]   [eval] pure-policy success=0.980 mean_len=51 (fixed 100-ep set)
[14:31:43]   [dagger ep1] success=True query=False auto=False maxloss=0.0159 len=45 expert_steps=0 (interv 0/4)
[14:31:43]   [dagger ep2] success=True query=True auto=False maxloss=0.0170 len=46 expert_steps=45 (interv 1/4)
[14:31:47]   [dagger ep3] success=True query=True auto=False maxloss=0.0194 len=43 expert_steps=2 (interv 2/4)
[14:31:50]   [dagger ep4] success=True query=True auto=False maxloss=0.0161 len=43 expert_steps=12 (interv 3/4)
[14:31:50]   [dagger ep5] success=True query=True auto=False maxloss=0.0849 len=47 expert_steps=46 (interv 4/4)
[14:31:50] 
===== Round 2 | dataset=16 trajs =====
[14:31:50]   [train] 16 trajs, 634 windows, state_dim=23 act_dim=7 params=4.26M steps=4000
[14:31:54]     train step 200/4000 loss=0.64063 lr=8.00e-05
[14:31:59]     train step 400/4000 loss=0.22244 lr=9.96e-05
[14:32:03]     train step 600/4000 loss=0.07892 lr=9.79e-05
[14:32:07]     train step 800/4000 loss=0.05060 lr=9.49e-05
[14:32:11]     train step 1000/4000 loss=0.03689 lr=9.07e-05
[14:32:15]     train step 1200/4000 loss=0.03012 lr=8.53e-05
[14:32:20]     train step 1400/4000 loss=0.02526 lr=7.90e-05
[14:32:24]     train step 1600/4000 loss=0.02145 lr=7.19e-05
[14:32:28]     train step 1800/4000 loss=0.01857 lr=6.42e-05
[14:32:32]     train step 2000/4000 loss=0.01664 lr=5.62e-05
[14:32:36]     train step 2200/4000 loss=0.01471 lr=4.80e-05
[14:32:41]     train step 2400/4000 loss=0.01301 lr=3.99e-05
[14:32:45]     train step 2600/4000 loss=0.01149 lr=3.20e-05
[14:32:49]     train step 2800/4000 loss=0.01044 lr=2.48e-05
[14:32:53]     train step 3000/4000 loss=0.00942 lr=1.82e-05
[14:32:57]     train step 3200/4000 loss=0.00880 lr=1.26e-05
[14:33:02]     train step 3400/4000 loss=0.00832 lr=8.08e-06
[14:33:06]     train step 3600/4000 loss=0.00809 lr=4.74e-06
[14:33:10]     train step 3800/4000 loss=0.00787 lr=2.69e-06
[14:33:14]     train step 4000/4000 loss=0.00776 lr=2.00e-06
[14:33:26]   [calibrate] threshold(alpha=0.99)=0.01424 over 2536 samples (median=0.00771)
[14:34:49]   [eval] pure-policy success=0.990 mean_len=49 (fixed 100-ep set)
[14:34:50]   [dagger ep1] success=True query=True auto=False maxloss=0.0193 len=44 expert_steps=43 (interv 1/4)
[14:34:52]   [dagger ep2] success=True query=True auto=False maxloss=0.0228 len=45 expert_steps=25 (interv 2/4)
[14:34:52]   [dagger ep3] success=True query=True auto=False maxloss=0.0327 len=47 expert_steps=46 (interv 3/4)
[14:34:55]   [dagger ep4] success=True query=True auto=False maxloss=0.0222 len=44 expert_steps=15 (interv 4/4)
[14:34:55] 
===== Round 3 | dataset=20 trajs =====
[14:34:55]   [train] 20 trajs, 763 windows, state_dim=23 act_dim=7 params=4.26M steps=4000
[14:34:59]     train step 200/4000 loss=0.62958 lr=8.00e-05
[14:35:03]     train step 400/4000 loss=0.23132 lr=9.96e-05
[14:35:08]     train step 600/4000 loss=0.08171 lr=9.79e-05
[14:35:12]     train step 800/4000 loss=0.04996 lr=9.49e-05
[14:35:16]     train step 1000/4000 loss=0.03625 lr=9.07e-05
[14:35:20]     train step 1200/4000 loss=0.03055 lr=8.53e-05
[14:35:24]     train step 1400/4000 loss=0.02476 lr=7.90e-05
[14:35:28]     train step 1600/4000 loss=0.02069 lr=7.19e-05
[14:35:33]     train step 1800/4000 loss=0.01821 lr=6.42e-05
[14:35:37]     train step 2000/4000 loss=0.01563 lr=5.62e-05
[14:35:41]     train step 2200/4000 loss=0.01423 lr=4.80e-05
[14:35:45]     train step 2400/4000 loss=0.01269 lr=3.99e-05
[14:35:49]     train step 2600/4000 loss=0.01146 lr=3.20e-05
[14:35:54]     train step 2800/4000 loss=0.01033 lr=2.48e-05
[14:35:58]     train step 3000/4000 loss=0.00954 lr=1.82e-05
[14:36:02]     train step 3200/4000 loss=0.00894 lr=1.26e-05
[14:36:06]     train step 3400/4000 loss=0.00842 lr=8.08e-06
[14:36:10]     train step 3600/4000 loss=0.00816 lr=4.74e-06
[14:36:15]     train step 3800/4000 loss=0.00799 lr=2.69e-06
[14:36:19]     train step 4000/4000 loss=0.00793 lr=2.00e-06
[14:36:33]   [calibrate] threshold(alpha=0.99)=0.01376 over 3052 samples (median=0.00788)
[14:37:53]   [eval] pure-policy success=1.000 mean_len=48 (fixed 100-ep set)
[14:37:54]   [dagger ep1] success=True query=True auto=False maxloss=0.0211 len=47 expert_steps=46 (interv 1/4)
[14:37:56]   [dagger ep2] success=True query=True auto=False maxloss=0.0202 len=44 expert_steps=20 (interv 2/4)
[14:38:00]   [dagger ep3] success=True query=False auto=False maxloss=0.0183 len=47 expert_steps=0 (interv 2/4)
[14:38:03]   [dagger ep4] success=True query=True auto=False maxloss=0.0197 len=49 expert_steps=14 (interv 3/4)
[14:38:07]   [dagger ep5] success=True query=False auto=False maxloss=0.0179 len=44 expert_steps=0 (interv 3/4)
[14:38:09]   [dagger ep6] success=True query=True auto=False maxloss=0.0217 len=44 expert_steps=21 (interv 4/4)
[14:38:09] 
===== Round 4 | dataset=24 trajs =====
[14:38:09]   [train] 24 trajs, 864 windows, state_dim=23 act_dim=7 params=4.26M steps=4000
[14:38:13]     train step 200/4000 loss=0.58289 lr=8.00e-05
[14:38:17]     train step 400/4000 loss=0.20478 lr=9.96e-05
[14:38:21]     train step 600/4000 loss=0.08075 lr=9.79e-05
[14:38:26]     train step 800/4000 loss=0.05202 lr=9.49e-05
[14:38:30]     train step 1000/4000 loss=0.03925 lr=9.07e-05
[14:38:34]     train step 1200/4000 loss=0.03151 lr=8.53e-05
[14:38:38]     train step 1400/4000 loss=0.02645 lr=7.90e-05
[14:38:42]     train step 1600/4000 loss=0.02269 lr=7.19e-05
[14:38:47]     train step 1800/4000 loss=0.01964 lr=6.42e-05
[14:38:51]     train step 2000/4000 loss=0.01713 lr=5.62e-05
[14:38:55]     train step 2200/4000 loss=0.01528 lr=4.80e-05
[14:38:59]     train step 2400/4000 loss=0.01386 lr=3.99e-05
[14:39:03]     train step 2600/4000 loss=0.01205 lr=3.20e-05
[14:39:08]     train step 2800/4000 loss=0.01106 lr=2.48e-05
[14:39:12]     train step 3000/4000 loss=0.01045 lr=1.82e-05
[14:39:16]     train step 3200/4000 loss=0.00959 lr=1.26e-05
[14:39:20]     train step 3400/4000 loss=0.00907 lr=8.08e-06
[14:39:24]     train step 3600/4000 loss=0.00882 lr=4.74e-06
[14:39:29]     train step 3800/4000 loss=0.00856 lr=2.69e-06
[14:39:33]     train step 4000/4000 loss=0.00842 lr=2.00e-06
[14:39:49]   [calibrate] threshold(alpha=0.99)=0.01599 over 3456 samples (median=0.00834)
[14:41:05]   [eval] pure-policy success=1.000 mean_len=46 (fixed 100-ep set)
[14:41:09]   [dagger ep1] success=True query=True auto=False maxloss=0.0329 len=55 expert_steps=21 (interv 1/4)
[14:41:11]   [dagger ep2] success=True query=True auto=False maxloss=0.0191 len=45 expert_steps=20 (interv 2/4)
[14:41:14]   [dagger ep3] success=True query=True auto=False maxloss=0.0290 len=49 expert_steps=17 (interv 3/4)
[14:41:16]   [dagger ep4] success=True query=True auto=False maxloss=0.0260 len=45 expert_steps=13 (interv 4/4)
[14:41:16] [stop] reached final_demos=28 (28 trajs)
[14:42:34] 
[FINAL] pure-policy success=1.000 over 100 eps
[14:42:34] DONE in 1196.7s | final_success=1.0
[14:42:34] [write] /weka/s226137394/DmNfull/distil/results/Lift/state/diffdagger/seed4/result.json
