[15:53:37] [env] loaded /weka/s226137394/DmNfull/.env
[15:53:38] ===== DISTIL | task=Lift modality=state ablation=dropout seed=5 budget=20 smoke=False device=cuda =====
[15:53:38] [bootstrap] loaded 8 shared demos from /weka/s226137394/DmNfull/distil/results/shared_bootstrap/Lift_state/Lift_state_ni8.pkl
[15:53:41] 
===== dropout Round 0 | dataset=8 =====
[15:53:47]     train step 200/8000 loss=0.59670 lr=8.00e-05
[15:53:51]     train step 400/8000 loss=0.23637 lr=9.99e-05
[15:53:55]     train step 600/8000 loss=0.08748 lr=9.95e-05
[15:53:58]     train step 800/8000 loss=0.05544 lr=9.88e-05
[15:54:02]     train step 1000/8000 loss=0.04172 lr=9.78e-05
[15:54:06]     train step 1200/8000 loss=0.03246 lr=9.64e-05
[15:54:10]     train step 1400/8000 loss=0.02647 lr=9.48e-05
[15:54:14]     train step 1600/8000 loss=0.02298 lr=9.29e-05
[15:54:18]     train step 1800/8000 loss=0.01965 lr=9.07e-05
[15:54:22]     train step 2000/8000 loss=0.01694 lr=8.82e-05
[15:54:27]     train step 2200/8000 loss=0.01476 lr=8.55e-05
[15:54:30]     train step 2400/8000 loss=0.01393 lr=8.26e-05
[15:54:34]     train step 2600/8000 loss=0.01127 lr=7.94e-05
[15:54:38]     train step 2800/8000 loss=0.01026 lr=7.61e-05
[15:54:42]     train step 3000/8000 loss=0.00924 lr=7.26e-05
[15:54:46]     train step 3200/8000 loss=0.00861 lr=6.90e-05
[15:54:50]     train step 3400/8000 loss=0.00712 lr=6.52e-05
[15:54:54]     train step 3600/8000 loss=0.00644 lr=6.14e-05
[15:54:58]     train step 3800/8000 loss=0.00589 lr=5.75e-05
[15:55:02]     train step 4000/8000 loss=0.00521 lr=5.35e-05
[15:55:06]     train step 4200/8000 loss=0.00499 lr=4.95e-05
[15:55:10]     train step 4400/8000 loss=0.00433 lr=4.56e-05
[15:55:14]     train step 4600/8000 loss=0.00396 lr=4.16e-05
[15:55:18]     train step 4800/8000 loss=0.00382 lr=3.78e-05
[15:55:22]     train step 5000/8000 loss=0.00350 lr=3.40e-05
[15:55:26]     train step 5200/8000 loss=0.00320 lr=3.03e-05
[15:55:30]     train step 5400/8000 loss=0.00304 lr=2.68e-05
[15:55:34]     train step 5600/8000 loss=0.00296 lr=2.34e-05
[15:55:38]     train step 5800/8000 loss=0.00284 lr=2.02e-05
[15:55:42]     train step 6000/8000 loss=0.00269 lr=1.73e-05
[15:55:46]     train step 6200/8000 loss=0.00259 lr=1.45e-05
[15:55:50]     train step 6400/8000 loss=0.00246 lr=1.20e-05
[15:55:54]     train step 6600/8000 loss=0.00238 lr=9.69e-06
[15:55:58]     train step 6800/8000 loss=0.00231 lr=7.69e-06
[15:56:02]     train step 7000/8000 loss=0.00226 lr=5.98e-06
[15:56:06]     train step 7200/8000 loss=0.00221 lr=4.56e-06
[15:56:10]     train step 7400/8000 loss=0.00220 lr=3.45e-06
[15:56:14]     train step 7600/8000 loss=0.00215 lr=2.65e-06
[15:56:18]     train step 7800/8000 loss=0.00216 lr=2.16e-06
[15:56:22]     train step 8000/8000 loss=0.00213 lr=2.00e-06
[15:59:42]   [eval] SR=0.660
[15:59:43]   [dropout] intervention at t=0 (rollout 0) len=47
[15:59:43] 
===== dropout Round 1 | dataset=9 =====
[15:59:47]     train step 200/4000 loss=0.59451 lr=8.00e-05
[15:59:51]     train step 400/4000 loss=0.22403 lr=9.96e-05
[15:59:56]     train step 600/4000 loss=0.08466 lr=9.79e-05
[16:00:00]     train step 800/4000 loss=0.05276 lr=9.49e-05
[16:00:04]     train step 1000/4000 loss=0.03944 lr=9.07e-05
[16:00:08]     train step 1200/4000 loss=0.03156 lr=8.53e-05
[16:00:12]     train step 1400/4000 loss=0.02526 lr=7.90e-05
[16:00:16]     train step 1600/4000 loss=0.02232 lr=7.19e-05
[16:00:20]     train step 1800/4000 loss=0.01841 lr=6.42e-05
[16:00:24]     train step 2000/4000 loss=0.01541 lr=5.62e-05
[16:00:28]     train step 2200/4000 loss=0.01337 lr=4.80e-05
[16:00:32]     train step 2400/4000 loss=0.01181 lr=3.99e-05
[16:00:36]     train step 2600/4000 loss=0.01062 lr=3.20e-05
[16:00:40]     train step 2800/4000 loss=0.00954 lr=2.48e-05
[16:00:44]     train step 3000/4000 loss=0.00889 lr=1.82e-05
[16:00:48]     train step 3200/4000 loss=0.00819 lr=1.26e-05
[16:00:52]     train step 3400/4000 loss=0.00769 lr=8.08e-06
[16:00:56]     train step 3600/4000 loss=0.00728 lr=4.74e-06
[16:01:00]     train step 3800/4000 loss=0.00718 lr=2.69e-06
[16:01:05]     train step 4000/4000 loss=0.00707 lr=2.00e-06
[16:03:24]   [eval] SR=0.830
[16:03:25]   [dropout] intervention at t=0 (rollout 0) len=43
[16:03:25] 
===== dropout Round 2 | dataset=10 =====
[16:03:30]     train step 200/4000 loss=0.59809 lr=8.00e-05
[16:03:34]     train step 400/4000 loss=0.22270 lr=9.96e-05
[16:03:38]     train step 600/4000 loss=0.08249 lr=9.79e-05
[16:03:42]     train step 800/4000 loss=0.05228 lr=9.49e-05
[16:03:46]     train step 1000/4000 loss=0.03790 lr=9.07e-05
[16:03:50]     train step 1200/4000 loss=0.03086 lr=8.53e-05
[16:03:55]     train step 1400/4000 loss=0.02486 lr=7.90e-05
[16:03:59]     train step 1600/4000 loss=0.02135 lr=7.19e-05
[16:04:03]     train step 1800/4000 loss=0.01795 lr=6.42e-05
[16:04:07]     train step 2000/4000 loss=0.01520 lr=5.62e-05
[16:04:11]     train step 2200/4000 loss=0.01415 lr=4.80e-05
[16:04:15]     train step 2400/4000 loss=0.01232 lr=3.99e-05
[16:04:19]     train step 2600/4000 loss=0.01081 lr=3.20e-05
[16:04:23]     train step 2800/4000 loss=0.00979 lr=2.48e-05
[16:04:28]     train step 3000/4000 loss=0.00900 lr=1.82e-05
[16:04:32]     train step 3200/4000 loss=0.00832 lr=1.26e-05
[16:04:36]     train step 3400/4000 loss=0.00795 lr=8.08e-06
[16:04:40]     train step 3600/4000 loss=0.00760 lr=4.74e-06
[16:04:44]     train step 3800/4000 loss=0.00744 lr=2.69e-06
[16:04:48]     train step 4000/4000 loss=0.00733 lr=2.00e-06
[16:06:48]   [eval] SR=0.910
[16:06:49]   [dropout] intervention at t=0 (rollout 0) len=45
[16:06:49] 
===== dropout Round 3 | dataset=11 =====
[16:06:53]     train step 200/4000 loss=0.59773 lr=8.00e-05
[16:06:58]     train step 400/4000 loss=0.22061 lr=9.96e-05
[16:07:02]     train step 600/4000 loss=0.08119 lr=9.79e-05
[16:07:06]     train step 800/4000 loss=0.05122 lr=9.49e-05
[16:07:10]     train step 1000/4000 loss=0.03730 lr=9.07e-05
[16:07:14]     train step 1200/4000 loss=0.03000 lr=8.53e-05
[16:07:18]     train step 1400/4000 loss=0.02450 lr=7.90e-05
[16:07:22]     train step 1600/4000 loss=0.02088 lr=7.19e-05
[16:07:27]     train step 1800/4000 loss=0.01792 lr=6.42e-05
[16:07:31]     train step 2000/4000 loss=0.01573 lr=5.62e-05
[16:07:35]     train step 2200/4000 loss=0.01418 lr=4.80e-05
[16:07:39]     train step 2400/4000 loss=0.01190 lr=3.99e-05
[16:07:43]     train step 2600/4000 loss=0.01104 lr=3.20e-05
[16:07:47]     train step 2800/4000 loss=0.00999 lr=2.48e-05
[16:07:51]     train step 3000/4000 loss=0.00921 lr=1.82e-05
[16:07:56]     train step 3200/4000 loss=0.00845 lr=1.26e-05
[16:08:00]     train step 3400/4000 loss=0.00796 lr=8.08e-06
[16:08:04]     train step 3600/4000 loss=0.00766 lr=4.74e-06
[16:08:08]     train step 3800/4000 loss=0.00753 lr=2.69e-06
[16:08:12]     train step 4000/4000 loss=0.00740 lr=2.00e-06
[16:09:42]   [eval] SR=0.980
[16:09:43]   [dropout] intervention at t=0 (rollout 0) len=44
[16:09:43] 
===== dropout Round 4 | dataset=12 =====
[16:09:47]     train step 200/4000 loss=0.59773 lr=8.00e-05
[16:09:52]     train step 400/4000 loss=0.21526 lr=9.96e-05
[16:09:56]     train step 600/4000 loss=0.08035 lr=9.79e-05
[16:10:00]     train step 800/4000 loss=0.05210 lr=9.49e-05
[16:10:04]     train step 1000/4000 loss=0.03821 lr=9.07e-05
[16:10:08]     train step 1200/4000 loss=0.03039 lr=8.53e-05
[16:10:12]     train step 1400/4000 loss=0.02459 lr=7.90e-05
[16:10:17]     train step 1600/4000 loss=0.02134 lr=7.19e-05
[16:10:21]     train step 1800/4000 loss=0.01855 lr=6.42e-05
[16:10:25]     train step 2000/4000 loss=0.01593 lr=5.62e-05
[16:10:29]     train step 2200/4000 loss=0.01405 lr=4.80e-05
[16:10:33]     train step 2400/4000 loss=0.01268 lr=3.99e-05
[16:10:37]     train step 2600/4000 loss=0.01140 lr=3.20e-05
[16:10:42]     train step 2800/4000 loss=0.01009 lr=2.48e-05
[16:10:46]     train step 3000/4000 loss=0.00928 lr=1.82e-05
[16:10:50]     train step 3200/4000 loss=0.00868 lr=1.26e-05
[16:10:54]     train step 3400/4000 loss=0.00823 lr=8.08e-06
[16:10:58]     train step 3600/4000 loss=0.00788 lr=4.74e-06
[16:11:02]     train step 3800/4000 loss=0.00772 lr=2.69e-06
[16:11:06]     train step 4000/4000 loss=0.00758 lr=2.00e-06
[16:12:29]   [eval] SR=1.000
[16:12:30]   [dropout] intervention at t=0 (rollout 0) len=47
[16:12:30] 
===== dropout Round 5 | dataset=13 =====
[16:12:34]     train step 200/4000 loss=0.59842 lr=8.00e-05
[16:12:38]     train step 400/4000 loss=0.21458 lr=9.96e-05
[16:12:42]     train step 600/4000 loss=0.08123 lr=9.79e-05
[16:12:47]     train step 800/4000 loss=0.05399 lr=9.49e-05
[16:12:51]     train step 1000/4000 loss=0.03908 lr=9.07e-05
[16:12:55]     train step 1200/4000 loss=0.03111 lr=8.53e-05
[16:12:59]     train step 1400/4000 loss=0.02582 lr=7.90e-05
[16:13:03]     train step 1600/4000 loss=0.02150 lr=7.19e-05
[16:13:07]     train step 1800/4000 loss=0.01921 lr=6.42e-05
[16:13:12]     train step 2000/4000 loss=0.01633 lr=5.62e-05
[16:13:16]     train step 2200/4000 loss=0.01438 lr=4.80e-05
[16:13:20]     train step 2400/4000 loss=0.01291 lr=3.99e-05
[16:13:24]     train step 2600/4000 loss=0.01141 lr=3.20e-05
[16:13:28]     train step 2800/4000 loss=0.01033 lr=2.48e-05
[16:13:32]     train step 3000/4000 loss=0.00947 lr=1.82e-05
[16:13:36]     train step 3200/4000 loss=0.00884 lr=1.26e-05
[16:13:40]     train step 3400/4000 loss=0.00837 lr=8.08e-06
[16:13:45]     train step 3600/4000 loss=0.00809 lr=4.74e-06
[16:13:49]     train step 3800/4000 loss=0.00793 lr=2.69e-06
[16:13:53]     train step 4000/4000 loss=0.00782 lr=2.00e-06
[16:15:13]   [eval] SR=0.990
[16:15:14]   [dropout] intervention at t=0 (rollout 0) len=43
[16:15:14] 
===== dropout Round 6 | dataset=14 =====
[16:15:19]     train step 200/4000 loss=0.59932 lr=8.00e-05
[16:15:23]     train step 400/4000 loss=0.21786 lr=9.96e-05
[16:15:27]     train step 600/4000 loss=0.08335 lr=9.79e-05
[16:15:31]     train step 800/4000 loss=0.05444 lr=9.49e-05
[16:15:35]     train step 1000/4000 loss=0.04039 lr=9.07e-05
[16:15:39]     train step 1200/4000 loss=0.03162 lr=8.53e-05
[16:15:43]     train step 1400/4000 loss=0.02608 lr=7.90e-05
[16:15:47]     train step 1600/4000 loss=0.02260 lr=7.19e-05
[16:15:52]     train step 1800/4000 loss=0.01959 lr=6.42e-05
[16:15:56]     train step 2000/4000 loss=0.01655 lr=5.62e-05
[16:16:00]     train step 2200/4000 loss=0.01480 lr=4.80e-05
[16:16:04]     train step 2400/4000 loss=0.01330 lr=3.99e-05
[16:16:08]     train step 2600/4000 loss=0.01147 lr=3.20e-05
[16:16:12]     train step 2800/4000 loss=0.01046 lr=2.48e-05
[16:16:16]     train step 3000/4000 loss=0.00958 lr=1.82e-05
[16:16:21]     train step 3200/4000 loss=0.00900 lr=1.26e-05
[16:16:25]     train step 3400/4000 loss=0.00848 lr=8.08e-06
[16:16:29]     train step 3600/4000 loss=0.00819 lr=4.74e-06
[16:16:33]     train step 3800/4000 loss=0.00804 lr=2.69e-06
[16:16:37]     train step 4000/4000 loss=0.00787 lr=2.00e-06
[16:17:56]   [eval] SR=0.990
[16:18:07]   [dropout] intervention at t=12 (rollout 0) len=33
[16:18:07] 
===== dropout Round 7 | dataset=15 =====
[16:18:12]     train step 200/4000 loss=0.59911 lr=8.00e-05
[16:18:16]     train step 400/4000 loss=0.21734 lr=9.96e-05
[16:18:20]     train step 600/4000 loss=0.08253 lr=9.79e-05
[16:18:24]     train step 800/4000 loss=0.05412 lr=9.49e-05
[16:18:28]     train step 1000/4000 loss=0.03936 lr=9.07e-05
[16:18:32]     train step 1200/4000 loss=0.03124 lr=8.53e-05
[16:18:36]     train step 1400/4000 loss=0.02620 lr=7.90e-05
[16:18:40]     train step 1600/4000 loss=0.02263 lr=7.19e-05
[16:18:45]     train step 1800/4000 loss=0.01956 lr=6.42e-05
[16:18:49]     train step 2000/4000 loss=0.01767 lr=5.62e-05
[16:18:53]     train step 2200/4000 loss=0.01544 lr=4.80e-05
[16:18:57]     train step 2400/4000 loss=0.01361 lr=3.99e-05
[16:19:01]     train step 2600/4000 loss=0.01243 lr=3.20e-05
[16:19:05]     train step 2800/4000 loss=0.01143 lr=2.48e-05
[16:19:09]     train step 3000/4000 loss=0.01061 lr=1.82e-05
[16:19:14]     train step 3200/4000 loss=0.00986 lr=1.26e-05
[16:19:18]     train step 3400/4000 loss=0.00939 lr=8.08e-06
[16:19:22]     train step 3600/4000 loss=0.00899 lr=4.74e-06
[16:19:26]     train step 3800/4000 loss=0.00890 lr=2.69e-06
[16:19:30]     train step 4000/4000 loss=0.00876 lr=2.00e-06
[16:20:50]   [eval] SR=0.990
[16:21:01]   [dropout] intervention at t=12 (rollout 0) len=32
[16:21:01] 
===== dropout Round 8 | dataset=16 =====
[16:21:05]     train step 200/4000 loss=0.59979 lr=8.00e-05
[16:21:09]     train step 400/4000 loss=0.21779 lr=9.96e-05
[16:21:13]     train step 600/4000 loss=0.08252 lr=9.79e-05
[16:21:18]     train step 800/4000 loss=0.05499 lr=9.49e-05
[16:21:22]     train step 1000/4000 loss=0.03939 lr=9.07e-05
[16:21:26]     train step 1200/4000 loss=0.03163 lr=8.53e-05
[16:21:30]     train step 1400/4000 loss=0.02623 lr=7.90e-05
[16:21:34]     train step 1600/4000 loss=0.02306 lr=7.19e-05
[16:21:38]     train step 1800/4000 loss=0.01943 lr=6.42e-05
[16:21:42]     train step 2000/4000 loss=0.01687 lr=5.62e-05
[16:21:47]     train step 2200/4000 loss=0.01527 lr=4.80e-05
[16:21:51]     train step 2400/4000 loss=0.01386 lr=3.99e-05
[16:21:55]     train step 2600/4000 loss=0.01215 lr=3.20e-05
[16:21:59]     train step 2800/4000 loss=0.01124 lr=2.48e-05
[16:22:03]     train step 3000/4000 loss=0.01036 lr=1.82e-05
[16:22:07]     train step 3200/4000 loss=0.00963 lr=1.26e-05
[16:22:11]     train step 3400/4000 loss=0.00928 lr=8.08e-06
[16:22:16]     train step 3600/4000 loss=0.00885 lr=4.74e-06
[16:22:20]     train step 3800/4000 loss=0.00867 lr=2.69e-06
[16:22:24]     train step 4000/4000 loss=0.00859 lr=2.00e-06
[16:23:40]   [eval] SR=1.000
[16:24:03]   [dropout] intervention at t=27 (rollout 0) len=20
[16:24:04] 
===== dropout Round 9 | dataset=17 =====
[16:24:08]     train step 200/4000 loss=0.60039 lr=8.00e-05
[16:24:12]     train step 400/4000 loss=0.21584 lr=9.96e-05
[16:24:16]     train step 600/4000 loss=0.08274 lr=9.79e-05
[16:24:20]     train step 800/4000 loss=0.05368 lr=9.49e-05
[16:24:24]     train step 1000/4000 loss=0.03958 lr=9.07e-05
[16:24:29]     train step 1200/4000 loss=0.03209 lr=8.53e-05
[16:24:33]     train step 1400/4000 loss=0.02615 lr=7.90e-05
[16:24:37]     train step 1600/4000 loss=0.02226 lr=7.19e-05
[16:24:41]     train step 1800/4000 loss=0.01994 lr=6.42e-05
[16:24:45]     train step 2000/4000 loss=0.01767 lr=5.62e-05
[16:24:49]     train step 2200/4000 loss=0.01558 lr=4.80e-05
[16:24:53]     train step 2400/4000 loss=0.01385 lr=3.99e-05
[16:24:58]     train step 2600/4000 loss=0.01262 lr=3.20e-05
[16:25:02]     train step 2800/4000 loss=0.01150 lr=2.48e-05
[16:25:06]     train step 3000/4000 loss=0.01055 lr=1.82e-05
[16:25:10]     train step 3200/4000 loss=0.00983 lr=1.26e-05
[16:25:14]     train step 3400/4000 loss=0.00942 lr=8.08e-06
[16:25:18]     train step 3600/4000 loss=0.00903 lr=4.74e-06
[16:25:22]     train step 3800/4000 loss=0.00888 lr=2.69e-06
[16:25:26]     train step 4000/4000 loss=0.00872 lr=2.00e-06
[16:26:46]   [eval] SR=0.990
[16:26:47]   [dropout] intervention at t=0 (rollout 0) len=43
[16:26:47] 
===== dropout Round 10 | dataset=18 =====
[16:26:51]     train step 200/4000 loss=0.59995 lr=8.00e-05
[16:26:55]     train step 400/4000 loss=0.21749 lr=9.96e-05
[16:26:59]     train step 600/4000 loss=0.08570 lr=9.79e-05
[16:27:03]     train step 800/4000 loss=0.05411 lr=9.49e-05
[16:27:08]     train step 1000/4000 loss=0.04004 lr=9.07e-05
[16:27:12]     train step 1200/4000 loss=0.03198 lr=8.53e-05
[16:27:16]     train step 1400/4000 loss=0.02653 lr=7.90e-05
[16:27:20]     train step 1600/4000 loss=0.02316 lr=7.19e-05
[16:27:24]     train step 1800/4000 loss=0.01991 lr=6.42e-05
[16:27:28]     train step 2000/4000 loss=0.01728 lr=5.62e-05
[16:27:32]     train step 2200/4000 loss=0.01607 lr=4.80e-05
[16:27:37]     train step 2400/4000 loss=0.01408 lr=3.99e-05
[16:27:41]     train step 2600/4000 loss=0.01275 lr=3.20e-05
[16:27:45]     train step 2800/4000 loss=0.01163 lr=2.48e-05
[16:27:49]     train step 3000/4000 loss=0.01085 lr=1.82e-05
[16:27:53]     train step 3200/4000 loss=0.01005 lr=1.26e-05
[16:27:57]     train step 3400/4000 loss=0.00968 lr=8.08e-06
[16:28:01]     train step 3600/4000 loss=0.00924 lr=4.74e-06
[16:28:06]     train step 3800/4000 loss=0.00910 lr=2.69e-06
[16:28:10]     train step 4000/4000 loss=0.00895 lr=2.00e-06
[16:29:30]   [eval] SR=0.990
[16:29:31]   [dropout] intervention at t=0 (rollout 0) len=48
[16:29:31] 
===== dropout Round 11 | dataset=19 =====
[16:29:35]     train step 200/4000 loss=0.60023 lr=8.00e-05
[16:29:39]     train step 400/4000 loss=0.21736 lr=9.96e-05
[16:29:43]     train step 600/4000 loss=0.08596 lr=9.79e-05
[16:29:47]     train step 800/4000 loss=0.05341 lr=9.49e-05
[16:29:52]     train step 1000/4000 loss=0.03997 lr=9.07e-05
[16:29:56]     train step 1200/4000 loss=0.03223 lr=8.53e-05
[16:30:00]     train step 1400/4000 loss=0.02595 lr=7.90e-05
[16:30:04]     train step 1600/4000 loss=0.02217 lr=7.19e-05
[16:30:08]     train step 1800/4000 loss=0.02056 lr=6.42e-05
[16:30:12]     train step 2000/4000 loss=0.01799 lr=5.62e-05
[16:30:16]     train step 2200/4000 loss=0.01579 lr=4.80e-05
[16:30:21]     train step 2400/4000 loss=0.01416 lr=3.99e-05
[16:30:25]     train step 2600/4000 loss=0.01280 lr=3.20e-05
[16:30:29]     train step 2800/4000 loss=0.01202 lr=2.48e-05
[16:30:33]     train step 3000/4000 loss=0.01096 lr=1.82e-05
[16:30:37]     train step 3200/4000 loss=0.01022 lr=1.26e-05
[16:30:41]     train step 3400/4000 loss=0.00983 lr=8.08e-06
[16:30:45]     train step 3600/4000 loss=0.00938 lr=4.74e-06
[16:30:49]     train step 3800/4000 loss=0.00920 lr=2.69e-06
[16:30:54]     train step 4000/4000 loss=0.00910 lr=2.00e-06
[16:32:11]   [eval] SR=1.000
[16:32:13]   [dropout] intervention at t=0 (rollout 0) len=46
[16:32:13] 
===== dropout Round 12 | dataset=20 =====
[16:32:17]     train step 200/4000 loss=0.59987 lr=8.00e-05
[16:32:21]     train step 400/4000 loss=0.21620 lr=9.96e-05
[16:32:25]     train step 600/4000 loss=0.08358 lr=9.79e-05
[16:32:29]     train step 800/4000 loss=0.05512 lr=9.49e-05
[16:32:33]     train step 1000/4000 loss=0.03977 lr=9.07e-05
[16:32:38]     train step 1200/4000 loss=0.03213 lr=8.53e-05
[16:32:42]     train step 1400/4000 loss=0.02676 lr=7.90e-05
[16:32:46]     train step 1600/4000 loss=0.02316 lr=7.19e-05
[16:32:50]     train step 1800/4000 loss=0.02028 lr=6.42e-05
[16:32:54]     train step 2000/4000 loss=0.01781 lr=5.62e-05
[16:32:58]     train step 2200/4000 loss=0.01566 lr=4.80e-05
[16:33:02]     train step 2400/4000 loss=0.01394 lr=3.99e-05
[16:33:06]     train step 2600/4000 loss=0.01269 lr=3.20e-05
[16:33:10]     train step 2800/4000 loss=0.01171 lr=2.48e-05
[16:33:15]     train step 3000/4000 loss=0.01092 lr=1.82e-05
[16:33:19]     train step 3200/4000 loss=0.01013 lr=1.26e-05
[16:33:23]     train step 3400/4000 loss=0.00972 lr=8.08e-06
[16:33:27]     train step 3600/4000 loss=0.00931 lr=4.74e-06
[16:33:31]     train step 3800/4000 loss=0.00912 lr=2.69e-06
[16:33:35]     train step 4000/4000 loss=0.00900 lr=2.00e-06
[16:34:53]   [eval] SR=0.990
[16:35:15]   [dropout] intervention at t=25 (rollout 0) len=21
[16:35:15] 
===== dropout Round 13 | dataset=21 =====
[16:35:19]     train step 200/4000 loss=0.59957 lr=8.00e-05
[16:35:23]     train step 400/4000 loss=0.21538 lr=9.96e-05
[16:35:27]     train step 600/4000 loss=0.08554 lr=9.79e-05
[16:35:31]     train step 800/4000 loss=0.05485 lr=9.49e-05
[16:35:36]     train step 1000/4000 loss=0.04047 lr=9.07e-05
[16:35:40]     train step 1200/4000 loss=0.03260 lr=8.53e-05
[16:35:44]     train step 1400/4000 loss=0.02681 lr=7.90e-05
[16:35:48]     train step 1600/4000 loss=0.02308 lr=7.19e-05
[16:35:52]     train step 1800/4000 loss=0.02004 lr=6.42e-05
[16:35:56]     train step 2000/4000 loss=0.01743 lr=5.62e-05
[16:36:00]     train step 2200/4000 loss=0.01621 lr=4.80e-05
[16:36:04]     train step 2400/4000 loss=0.01451 lr=3.99e-05
[16:36:08]     train step 2600/4000 loss=0.01322 lr=3.20e-05
[16:36:13]     train step 2800/4000 loss=0.01224 lr=2.48e-05
[16:36:17]     train step 3000/4000 loss=0.01126 lr=1.82e-05
[16:36:21]     train step 3200/4000 loss=0.01058 lr=1.26e-05
[16:36:25]     train step 3400/4000 loss=0.01004 lr=8.08e-06
[16:36:29]     train step 3600/4000 loss=0.00962 lr=4.74e-06
[16:36:33]     train step 3800/4000 loss=0.00954 lr=2.69e-06
[16:36:37]     train step 4000/4000 loss=0.00936 lr=2.00e-06
[16:37:54]   [eval] SR=1.000
[16:37:55]   [dropout] intervention at t=0 (rollout 0) len=44
[16:37:56] 
===== dropout Round 14 | dataset=22 =====
[16:38:00]     train step 200/4000 loss=0.59879 lr=8.00e-05
[16:38:04]     train step 400/4000 loss=0.21699 lr=9.96e-05
[16:38:08]     train step 600/4000 loss=0.08456 lr=9.79e-05
[16:38:12]     train step 800/4000 loss=0.05391 lr=9.49e-05
[16:38:16]     train step 1000/4000 loss=0.03914 lr=9.07e-05
[16:38:20]     train step 1200/4000 loss=0.03138 lr=8.53e-05
[16:38:25]     train step 1400/4000 loss=0.02673 lr=7.90e-05
[16:38:29]     train step 1600/4000 loss=0.02283 lr=7.19e-05
[16:38:33]     train step 1800/4000 loss=0.01976 lr=6.42e-05
[16:38:37]     train step 2000/4000 loss=0.01774 lr=5.62e-05
[16:38:41]     train step 2200/4000 loss=0.01589 lr=4.80e-05
[16:38:45]     train step 2400/4000 loss=0.01433 lr=3.99e-05
[16:38:49]     train step 2600/4000 loss=0.01299 lr=3.20e-05
[16:38:53]     train step 2800/4000 loss=0.01204 lr=2.48e-05
[16:38:58]     train step 3000/4000 loss=0.01113 lr=1.82e-05
[16:39:02]     train step 3200/4000 loss=0.01041 lr=1.26e-05
[16:39:06]     train step 3400/4000 loss=0.01000 lr=8.08e-06
[16:39:10]     train step 3600/4000 loss=0.00957 lr=4.74e-06
[16:39:14]     train step 3800/4000 loss=0.00940 lr=2.69e-06
[16:39:18]     train step 4000/4000 loss=0.00930 lr=2.00e-06
[16:40:35]   [eval] SR=1.000
[16:40:36]   [dropout] intervention at t=0 (rollout 0) len=42
[16:40:36] 
===== dropout Round 15 | dataset=23 =====
[16:40:40]     train step 200/4000 loss=0.59959 lr=8.00e-05
[16:40:44]     train step 400/4000 loss=0.21508 lr=9.96e-05
[16:40:48]     train step 600/4000 loss=0.08346 lr=9.79e-05
[16:40:52]     train step 800/4000 loss=0.05516 lr=9.49e-05
[16:40:57]     train step 1000/4000 loss=0.04071 lr=9.07e-05
[16:41:01]     train step 1200/4000 loss=0.03217 lr=8.53e-05
[16:41:05]     train step 1400/4000 loss=0.02751 lr=7.90e-05
[16:41:09]     train step 1600/4000 loss=0.02317 lr=7.19e-05
[16:41:13]     train step 1800/4000 loss=0.02019 lr=6.42e-05
[16:41:17]     train step 2000/4000 loss=0.01775 lr=5.62e-05
[16:41:21]     train step 2200/4000 loss=0.01544 lr=4.80e-05
[16:41:25]     train step 2400/4000 loss=0.01395 lr=3.99e-05
[16:41:30]     train step 2600/4000 loss=0.01283 lr=3.20e-05
[16:41:34]     train step 2800/4000 loss=0.01153 lr=2.48e-05
[16:41:38]     train step 3000/4000 loss=0.01073 lr=1.82e-05
[16:41:42]     train step 3200/4000 loss=0.01008 lr=1.26e-05
[16:41:46]     train step 3400/4000 loss=0.00951 lr=8.08e-06
[16:41:50]     train step 3600/4000 loss=0.00915 lr=4.74e-06
[16:41:55]     train step 3800/4000 loss=0.00897 lr=2.69e-06
[16:41:59]     train step 4000/4000 loss=0.00885 lr=2.00e-06
[16:43:17]   [eval] SR=0.990
[16:43:18]   [dropout] intervention at t=0 (rollout 0) len=45
[16:43:18] 
===== dropout Round 16 | dataset=24 =====
[16:43:22]     train step 200/4000 loss=0.59385 lr=8.00e-05
[16:43:27]     train step 400/4000 loss=0.21551 lr=9.96e-05
[16:43:31]     train step 600/4000 loss=0.08167 lr=9.79e-05
[16:43:35]     train step 800/4000 loss=0.05330 lr=9.49e-05
[16:43:39]     train step 1000/4000 loss=0.04097 lr=9.07e-05
[16:43:43]     train step 1200/4000 loss=0.03254 lr=8.53e-05
[16:43:47]     train step 1400/4000 loss=0.02684 lr=7.90e-05
[16:43:51]     train step 1600/4000 loss=0.02334 lr=7.19e-05
[16:43:55]     train step 1800/4000 loss=0.02066 lr=6.42e-05
[16:44:00]     train step 2000/4000 loss=0.01803 lr=5.62e-05
[16:44:04]     train step 2200/4000 loss=0.01642 lr=4.80e-05
[16:44:08]     train step 2400/4000 loss=0.01498 lr=3.99e-05
[16:44:12]     train step 2600/4000 loss=0.01345 lr=3.20e-05
[16:44:16]     train step 2800/4000 loss=0.01247 lr=2.48e-05
[16:44:20]     train step 3000/4000 loss=0.01160 lr=1.82e-05
[16:44:24]     train step 3200/4000 loss=0.01099 lr=1.26e-05
[16:44:29]     train step 3400/4000 loss=0.01045 lr=8.08e-06
[16:44:33]     train step 3600/4000 loss=0.01006 lr=4.74e-06
[16:44:37]     train step 3800/4000 loss=0.00992 lr=2.69e-06
[16:44:41]     train step 4000/4000 loss=0.00979 lr=2.00e-06
[16:45:59]   [eval] SR=0.990
[16:46:19]   [dropout] intervention at t=23 (rollout 0) len=24
[16:46:19] 
===== dropout Round 17 | dataset=25 =====
[16:46:23]     train step 200/4000 loss=0.59397 lr=8.00e-05
[16:46:27]     train step 400/4000 loss=0.21248 lr=9.96e-05
[16:46:31]     train step 600/4000 loss=0.08200 lr=9.79e-05
[16:46:35]     train step 800/4000 loss=0.05438 lr=9.49e-05
[16:46:40]     train step 1000/4000 loss=0.04132 lr=9.07e-05
[16:46:44]     train step 1200/4000 loss=0.03364 lr=8.53e-05
[16:46:48]     train step 1400/4000 loss=0.02759 lr=7.90e-05
[16:46:52]     train step 1600/4000 loss=0.02363 lr=7.19e-05
[16:46:56]     train step 1800/4000 loss=0.02063 lr=6.42e-05
[16:47:00]     train step 2000/4000 loss=0.01864 lr=5.62e-05
[16:47:04]     train step 2200/4000 loss=0.01628 lr=4.80e-05
[16:47:08]     train step 2400/4000 loss=0.01522 lr=3.99e-05
[16:47:13]     train step 2600/4000 loss=0.01357 lr=3.20e-05
[16:47:17]     train step 2800/4000 loss=0.01270 lr=2.48e-05
[16:47:21]     train step 3000/4000 loss=0.01169 lr=1.82e-05
[16:47:25]     train step 3200/4000 loss=0.01090 lr=1.26e-05
[16:47:29]     train step 3400/4000 loss=0.01056 lr=8.08e-06
[16:47:33]     train step 3600/4000 loss=0.01002 lr=4.74e-06
[16:47:37]     train step 3800/4000 loss=0.00987 lr=2.69e-06
[16:47:42]     train step 4000/4000 loss=0.00966 lr=2.00e-06
[16:49:03]   [eval] SR=0.980
[16:49:05]   [dropout] intervention at t=1 (rollout 0) len=46
[16:49:05] 
===== dropout Round 18 | dataset=26 =====
[16:49:10]     train step 200/4000 loss=0.59408 lr=8.00e-05
[16:49:14]     train step 400/4000 loss=0.21318 lr=9.96e-05
[16:49:18]     train step 600/4000 loss=0.08342 lr=9.79e-05
[16:49:22]     train step 800/4000 loss=0.05412 lr=9.49e-05
[16:49:26]     train step 1000/4000 loss=0.04082 lr=9.07e-05
[16:49:30]     train step 1200/4000 loss=0.03311 lr=8.53e-05
[16:49:34]     train step 1400/4000 loss=0.02750 lr=7.90e-05
[16:49:39]     train step 1600/4000 loss=0.02313 lr=7.19e-05
[16:49:43]     train step 1800/4000 loss=0.02063 lr=6.42e-05
[16:49:47]     train step 2000/4000 loss=0.01904 lr=5.62e-05
[16:49:51]     train step 2200/4000 loss=0.01662 lr=4.80e-05
[16:49:55]     train step 2400/4000 loss=0.01495 lr=3.99e-05
[16:49:59]     train step 2600/4000 loss=0.01362 lr=3.20e-05
[16:50:03]     train step 2800/4000 loss=0.01267 lr=2.48e-05
[16:50:08]     train step 3000/4000 loss=0.01171 lr=1.82e-05
[16:50:12]     train step 3200/4000 loss=0.01085 lr=1.26e-05
[16:50:16]     train step 3400/4000 loss=0.01048 lr=8.08e-06
[16:50:20]     train step 3600/4000 loss=0.01006 lr=4.74e-06
[16:50:24]     train step 3800/4000 loss=0.00985 lr=2.69e-06
[16:50:28]     train step 4000/4000 loss=0.00972 lr=2.00e-06
[16:51:44]   [eval] SR=1.000
[16:52:03]   [dropout] intervention at t=23 (rollout 0) len=20
[16:52:04] 
===== dropout Round 19 | dataset=27 =====
[16:52:08]     train step 200/4000 loss=0.59490 lr=8.00e-05
[16:52:12]     train step 400/4000 loss=0.21321 lr=9.96e-05
[16:52:16]     train step 600/4000 loss=0.08538 lr=9.79e-05
[16:52:20]     train step 800/4000 loss=0.05617 lr=9.49e-05
[16:52:24]     train step 1000/4000 loss=0.04058 lr=9.07e-05
[16:52:28]     train step 1200/4000 loss=0.03181 lr=8.53e-05
[16:52:33]     train step 1400/4000 loss=0.02667 lr=7.90e-05
[16:52:37]     train step 1600/4000 loss=0.02304 lr=7.19e-05
[16:52:41]     train step 1800/4000 loss=0.02058 lr=6.42e-05
[16:52:45]     train step 2000/4000 loss=0.01779 lr=5.62e-05
[16:52:49]     train step 2200/4000 loss=0.01646 lr=4.80e-05
[16:52:53]     train step 2400/4000 loss=0.01494 lr=3.99e-05
[16:52:57]     train step 2600/4000 loss=0.01367 lr=3.20e-05
[16:53:01]     train step 2800/4000 loss=0.01247 lr=2.48e-05
[16:53:05]     train step 3000/4000 loss=0.01176 lr=1.82e-05
[16:53:10]     train step 3200/4000 loss=0.01099 lr=1.26e-05
[16:53:14]     train step 3400/4000 loss=0.01049 lr=8.08e-06
[16:53:18]     train step 3600/4000 loss=0.01009 lr=4.74e-06
[16:53:22]     train step 3800/4000 loss=0.00993 lr=2.69e-06
[16:53:26]     train step 4000/4000 loss=0.00975 lr=2.00e-06
[16:54:41]   [eval] SR=1.000
[16:54:42]   [dropout] intervention at t=0 (rollout 0) len=46
[16:54:43] 
===== dropout Round 20 | dataset=28 =====
[16:54:47]     train step 200/4000 loss=0.59454 lr=8.00e-05
[16:54:51]     train step 400/4000 loss=0.21533 lr=9.96e-05
[16:54:55]     train step 600/4000 loss=0.08476 lr=9.79e-05
[16:54:59]     train step 800/4000 loss=0.05491 lr=9.49e-05
[16:55:03]     train step 1000/4000 loss=0.03987 lr=9.07e-05
[16:55:07]     train step 1200/4000 loss=0.03342 lr=8.53e-05
[16:55:11]     train step 1400/4000 loss=0.02728 lr=7.90e-05
[16:55:16]     train step 1600/4000 loss=0.02381 lr=7.19e-05
[16:55:20]     train step 1800/4000 loss=0.02187 lr=6.42e-05
[16:55:24]     train step 2000/4000 loss=0.01838 lr=5.62e-05
[16:55:28]     train step 2200/4000 loss=0.01662 lr=4.80e-05
[16:55:32]     train step 2400/4000 loss=0.01489 lr=3.99e-05
[16:55:36]     train step 2600/4000 loss=0.01378 lr=3.20e-05
[16:55:40]     train step 2800/4000 loss=0.01249 lr=2.48e-05
[16:55:44]     train step 3000/4000 loss=0.01157 lr=1.82e-05
[16:55:48]     train step 3200/4000 loss=0.01101 lr=1.26e-05
[16:55:53]     train step 3400/4000 loss=0.01052 lr=8.08e-06
[16:55:57]     train step 3600/4000 loss=0.01016 lr=4.74e-06
[16:56:01]     train step 3800/4000 loss=0.00997 lr=2.69e-06
[16:56:05]     train step 4000/4000 loss=0.00979 lr=2.00e-06
[16:57:20]   [eval] SR=1.000
[16:57:20] DONE in 3820.0s | final_success=1.0
[16:57:20] [write] /weka/s226137394/DmNfull/distil/results/Lift/state/dropout/seed5/result.json
