[17:11:09] [env] loaded /weka/s226137394/DmNfull/.env
[17:11:10] ===== DISTIL | task=Lift modality=state ablation=thrifty seed=5 budget=20 smoke=False device=cuda =====
[17:11:12] [bootstrap] loaded 8 shared demos from /weka/s226137394/DmNfull/distil/results/shared_bootstrap/Lift_state/Lift_state_ni8.pkl
[17:11:16] 
===== thrifty Round 0 | dataset=8 =====
[17:11:29]     train step 200/8000 loss=0.59670 lr=8.00e-05
[17:11:38]     train step 400/8000 loss=0.23628 lr=9.99e-05
[17:11:48]     train step 600/8000 loss=0.08563 lr=9.95e-05
[17:11:57]     train step 800/8000 loss=0.05633 lr=9.88e-05
[17:12:06]     train step 1000/8000 loss=0.04135 lr=9.78e-05
[17:12:15]     train step 1200/8000 loss=0.03310 lr=9.64e-05
[17:12:24]     train step 1400/8000 loss=0.02669 lr=9.48e-05
[17:12:33]     train step 1600/8000 loss=0.02253 lr=9.29e-05
[17:12:42]     train step 1800/8000 loss=0.01927 lr=9.07e-05
[17:12:51]     train step 2000/8000 loss=0.01651 lr=8.82e-05
[17:12:59]     train step 2200/8000 loss=0.01479 lr=8.55e-05
[17:13:08]     train step 2400/8000 loss=0.01270 lr=8.26e-05
[17:13:17]     train step 2600/8000 loss=0.01174 lr=7.94e-05
[17:13:27]     train step 2800/8000 loss=0.01020 lr=7.61e-05
[17:13:36]     train step 3000/8000 loss=0.00921 lr=7.26e-05
[17:13:45]     train step 3200/8000 loss=0.00809 lr=6.90e-05
[17:13:54]     train step 3400/8000 loss=0.00700 lr=6.52e-05
[17:14:03]     train step 3600/8000 loss=0.00650 lr=6.14e-05
[17:14:11]     train step 3800/8000 loss=0.00564 lr=5.75e-05
[17:14:20]     train step 4000/8000 loss=0.00531 lr=5.35e-05
[17:14:30]     train step 4200/8000 loss=0.00490 lr=4.95e-05
[17:14:38]     train step 4400/8000 loss=0.00445 lr=4.56e-05
[17:14:47]     train step 4600/8000 loss=0.00390 lr=4.16e-05
[17:14:56]     train step 4800/8000 loss=0.00365 lr=3.78e-05
[17:15:05]     train step 5000/8000 loss=0.00351 lr=3.40e-05
[17:15:14]     train step 5200/8000 loss=0.00315 lr=3.03e-05
[17:15:23]     train step 5400/8000 loss=0.00310 lr=2.68e-05
[17:15:33]     train step 5600/8000 loss=0.00293 lr=2.34e-05
[17:15:42]     train step 5800/8000 loss=0.00282 lr=2.02e-05
[17:15:51]     train step 6000/8000 loss=0.00266 lr=1.73e-05
[17:16:00]     train step 6200/8000 loss=0.00256 lr=1.45e-05
[17:16:08]     train step 6400/8000 loss=0.00246 lr=1.20e-05
[17:16:16]     train step 6600/8000 loss=0.00238 lr=9.69e-06
[17:16:26]     train step 6800/8000 loss=0.00231 lr=7.69e-06
[17:16:35]     train step 7000/8000 loss=0.00225 lr=5.98e-06
[17:16:44]     train step 7200/8000 loss=0.00220 lr=4.56e-06
[17:16:53]     train step 7400/8000 loss=0.00219 lr=3.45e-06
[17:17:02]     train step 7600/8000 loss=0.00214 lr=2.65e-06
[17:17:12]     train step 7800/8000 loss=0.00215 lr=2.16e-06
[17:17:21]     train step 8000/8000 loss=0.00212 lr=2.00e-06
[17:45:18]   [eval] SR=0.690
[17:45:19]   [thrifty] intervention at t=0 (rollout 0) len=47
[17:45:19] 
===== thrifty Round 1 | dataset=9 =====
[17:45:29]     train step 200/4000 loss=0.59458 lr=8.00e-05
[17:45:38]     train step 400/4000 loss=0.22381 lr=9.96e-05
[17:45:47]     train step 600/4000 loss=0.08479 lr=9.79e-05
[17:45:57]     train step 800/4000 loss=0.05343 lr=9.49e-05
[17:46:06]     train step 1000/4000 loss=0.03923 lr=9.07e-05
[17:46:15]     train step 1200/4000 loss=0.03064 lr=8.53e-05
[17:46:24]     train step 1400/4000 loss=0.02493 lr=7.90e-05
[17:46:33]     train step 1600/4000 loss=0.02123 lr=7.19e-05
[17:46:42]     train step 1800/4000 loss=0.01808 lr=6.42e-05
[17:46:50]     train step 2000/4000 loss=0.01552 lr=5.62e-05
[17:46:59]     train step 2200/4000 loss=0.01411 lr=4.80e-05
[17:47:05]     train step 2400/4000 loss=0.01178 lr=3.99e-05
[17:47:15]     train step 2600/4000 loss=0.01056 lr=3.20e-05
[17:47:24]     train step 2800/4000 loss=0.00961 lr=2.48e-05
[17:47:32]     train step 3000/4000 loss=0.00890 lr=1.82e-05
[17:47:40]     train step 3200/4000 loss=0.00824 lr=1.26e-05
[17:47:49]     train step 3400/4000 loss=0.00773 lr=8.08e-06
[17:47:58]     train step 3600/4000 loss=0.00731 lr=4.74e-06
[17:48:08]     train step 3800/4000 loss=0.00721 lr=2.69e-06
[17:48:16]     train step 4000/4000 loss=0.00710 lr=2.00e-06
[18:03:29]   [eval] SR=0.840
[18:03:30]   [thrifty] intervention at t=0 (rollout 0) len=42
[18:03:30] 
===== thrifty Round 2 | dataset=10 =====
[18:03:38]     train step 200/4000 loss=0.59830 lr=8.00e-05
[18:03:47]     train step 400/4000 loss=0.22112 lr=9.96e-05
[18:03:53]     train step 600/4000 loss=0.08166 lr=9.79e-05
[18:04:00]     train step 800/4000 loss=0.05321 lr=9.49e-05
[18:04:07]     train step 1000/4000 loss=0.03878 lr=9.07e-05
[18:04:16]     train step 1200/4000 loss=0.03106 lr=8.53e-05
[18:04:25]     train step 1400/4000 loss=0.02491 lr=7.90e-05
[18:04:32]     train step 1600/4000 loss=0.02147 lr=7.19e-05
[18:04:39]     train step 1800/4000 loss=0.01865 lr=6.42e-05
[18:04:46]     train step 2000/4000 loss=0.01621 lr=5.62e-05
[18:04:52]     train step 2200/4000 loss=0.01420 lr=4.80e-05
[18:05:01]     train step 2400/4000 loss=0.01238 lr=3.99e-05
[18:05:08]     train step 2600/4000 loss=0.01119 lr=3.20e-05
[18:05:14]     train step 2800/4000 loss=0.01024 lr=2.48e-05
[18:05:22]     train step 3000/4000 loss=0.00942 lr=1.82e-05
[18:05:30]     train step 3200/4000 loss=0.00861 lr=1.26e-05
[18:05:39]     train step 3400/4000 loss=0.00822 lr=8.08e-06
[18:05:47]     train step 3600/4000 loss=0.00790 lr=4.74e-06
[18:05:54]     train step 3800/4000 loss=0.00772 lr=2.69e-06
[18:06:01]     train step 4000/4000 loss=0.00763 lr=2.00e-06
[18:20:16]   [eval] SR=0.890
[18:20:18]   [thrifty] intervention at t=0 (rollout 0) len=45
[18:20:18] 
===== thrifty Round 3 | dataset=11 =====
[18:20:27]     train step 200/4000 loss=0.59791 lr=8.00e-05
[18:20:37]     train step 400/4000 loss=0.21859 lr=9.96e-05
[18:20:46]     train step 600/4000 loss=0.08063 lr=9.79e-05
[18:20:54]     train step 800/4000 loss=0.05190 lr=9.49e-05
[18:21:03]     train step 1000/4000 loss=0.03830 lr=9.07e-05
[18:21:11]     train step 1200/4000 loss=0.03079 lr=8.53e-05
[18:21:17]     train step 1400/4000 loss=0.02439 lr=7.90e-05
[18:21:24]     train step 1600/4000 loss=0.02052 lr=7.19e-05
[18:21:33]     train step 1800/4000 loss=0.01820 lr=6.42e-05
[18:21:42]     train step 2000/4000 loss=0.01548 lr=5.62e-05
[18:21:51]     train step 2200/4000 loss=0.01369 lr=4.80e-05
[18:22:01]     train step 2400/4000 loss=0.01220 lr=3.99e-05
[18:22:08]     train step 2600/4000 loss=0.01103 lr=3.20e-05
[18:22:16]     train step 2800/4000 loss=0.00992 lr=2.48e-05
[18:22:23]     train step 3000/4000 loss=0.00910 lr=1.82e-05
[18:22:32]     train step 3200/4000 loss=0.00841 lr=1.26e-05
[18:22:42]     train step 3400/4000 loss=0.00804 lr=8.08e-06
[18:22:51]     train step 3600/4000 loss=0.00772 lr=4.74e-06
[18:23:01]     train step 3800/4000 loss=0.00754 lr=2.69e-06
[18:23:10]     train step 4000/4000 loss=0.00747 lr=2.00e-06
[18:35:52]   [eval] SR=0.980
[18:35:54]   [thrifty] intervention at t=0 (rollout 0) len=44
[18:35:54] 
===== thrifty Round 4 | dataset=12 =====
[18:36:03]     train step 200/4000 loss=0.59738 lr=8.00e-05
[18:36:12]     train step 400/4000 loss=0.21560 lr=9.96e-05
[18:36:21]     train step 600/4000 loss=0.08428 lr=9.79e-05
[18:36:31]     train step 800/4000 loss=0.05270 lr=9.49e-05
[18:36:39]     train step 1000/4000 loss=0.03843 lr=9.07e-05
[18:36:46]     train step 1200/4000 loss=0.03077 lr=8.53e-05
[18:36:53]     train step 1400/4000 loss=0.02512 lr=7.90e-05
[18:37:02]     train step 1600/4000 loss=0.02116 lr=7.19e-05
[18:37:10]     train step 1800/4000 loss=0.01908 lr=6.42e-05
[18:37:19]     train step 2000/4000 loss=0.01617 lr=5.62e-05
[18:37:25]     train step 2200/4000 loss=0.01475 lr=4.80e-05
[18:37:31]     train step 2400/4000 loss=0.01269 lr=3.99e-05
[18:37:38]     train step 2600/4000 loss=0.01149 lr=3.20e-05
[18:37:46]     train step 2800/4000 loss=0.01033 lr=2.48e-05
[18:37:55]     train step 3000/4000 loss=0.00950 lr=1.82e-05
[18:38:02]     train step 3200/4000 loss=0.00885 lr=1.26e-05
[18:38:08]     train step 3400/4000 loss=0.00841 lr=8.08e-06
[18:38:17]     train step 3600/4000 loss=0.00810 lr=4.74e-06
[18:38:25]     train step 3800/4000 loss=0.00797 lr=2.69e-06
[18:38:35]     train step 4000/4000 loss=0.00786 lr=2.00e-06
[18:50:38]   [eval] SR=0.990
[18:50:39]   [thrifty] intervention at t=0 (rollout 0) len=47
[18:50:39] 
===== thrifty Round 5 | dataset=13 =====
[18:50:46]     train step 200/4000 loss=0.59818 lr=8.00e-05
[18:50:52]     train step 400/4000 loss=0.21476 lr=9.96e-05
[18:51:01]     train step 600/4000 loss=0.08308 lr=9.79e-05
[18:51:09]     train step 800/4000 loss=0.05433 lr=9.49e-05
[18:51:15]     train step 1000/4000 loss=0.03912 lr=9.07e-05
[18:51:23]     train step 1200/4000 loss=0.03204 lr=8.53e-05
[18:51:30]     train step 1400/4000 loss=0.02616 lr=7.90e-05
[18:51:36]     train step 1600/4000 loss=0.02215 lr=7.19e-05
[18:51:45]     train step 1800/4000 loss=0.01946 lr=6.42e-05
[18:51:52]     train step 2000/4000 loss=0.01709 lr=5.62e-05
[18:52:01]     train step 2200/4000 loss=0.01511 lr=4.80e-05
[18:52:07]     train step 2400/4000 loss=0.01319 lr=3.99e-05
[18:52:14]     train step 2600/4000 loss=0.01200 lr=3.20e-05
[18:52:22]     train step 2800/4000 loss=0.01076 lr=2.48e-05
[18:52:30]     train step 3000/4000 loss=0.01002 lr=1.82e-05
[18:52:37]     train step 3200/4000 loss=0.00930 lr=1.26e-05
[18:52:43]     train step 3400/4000 loss=0.00887 lr=8.08e-06
[18:52:49]     train step 3600/4000 loss=0.00847 lr=4.74e-06
[18:52:56]     train step 3800/4000 loss=0.00832 lr=2.69e-06
[18:53:02]     train step 4000/4000 loss=0.00821 lr=2.00e-06
[19:05:05]   [eval] SR=1.000
[19:05:06]   [thrifty] intervention at t=0 (rollout 0) len=43
[19:05:07] 
===== thrifty Round 6 | dataset=14 =====
[19:05:16]     train step 200/4000 loss=0.59921 lr=8.00e-05
[19:05:24]     train step 400/4000 loss=0.21467 lr=9.96e-05
[19:05:32]     train step 600/4000 loss=0.08249 lr=9.79e-05
[19:05:40]     train step 800/4000 loss=0.05375 lr=9.49e-05
[19:05:47]     train step 1000/4000 loss=0.03922 lr=9.07e-05
[19:05:54]     train step 1200/4000 loss=0.03154 lr=8.53e-05
[19:06:00]     train step 1400/4000 loss=0.02621 lr=7.90e-05
[19:06:08]     train step 1600/4000 loss=0.02240 lr=7.19e-05
[19:06:16]     train step 1800/4000 loss=0.01979 lr=6.42e-05
[19:06:23]     train step 2000/4000 loss=0.01711 lr=5.62e-05
[19:06:29]     train step 2200/4000 loss=0.01517 lr=4.80e-05
[19:06:37]     train step 2400/4000 loss=0.01335 lr=3.99e-05
[19:06:43]     train step 2600/4000 loss=0.01239 lr=3.20e-05
[19:06:50]     train step 2800/4000 loss=0.01118 lr=2.48e-05
[19:06:58]     train step 3000/4000 loss=0.01013 lr=1.82e-05
[19:07:07]     train step 3200/4000 loss=0.00943 lr=1.26e-05
[19:07:13]     train step 3400/4000 loss=0.00892 lr=8.08e-06
[19:07:19]     train step 3600/4000 loss=0.00859 lr=4.74e-06
[19:07:26]     train step 3800/4000 loss=0.00845 lr=2.69e-06
[19:07:35]     train step 4000/4000 loss=0.00829 lr=2.00e-06
[19:19:43]   [eval] SR=0.990
[19:19:44]   [thrifty] intervention at t=0 (rollout 0) len=45
[19:19:44] 
===== thrifty Round 7 | dataset=15 =====
[19:19:53]     train step 200/4000 loss=0.59962 lr=8.00e-05
[19:20:02]     train step 400/4000 loss=0.21631 lr=9.96e-05
[19:20:12]     train step 600/4000 loss=0.08310 lr=9.79e-05
[19:20:21]     train step 800/4000 loss=0.05344 lr=9.49e-05
[19:20:29]     train step 1000/4000 loss=0.03901 lr=9.07e-05
[19:20:36]     train step 1200/4000 loss=0.03086 lr=8.53e-05
[19:20:42]     train step 1400/4000 loss=0.02582 lr=7.90e-05
[19:20:49]     train step 1600/4000 loss=0.02231 lr=7.19e-05
[19:20:56]     train step 1800/4000 loss=0.01948 lr=6.42e-05
[19:21:04]     train step 2000/4000 loss=0.01804 lr=5.62e-05
[19:21:11]     train step 2200/4000 loss=0.01554 lr=4.80e-05
[19:21:20]     train step 2400/4000 loss=0.01429 lr=3.99e-05
[19:21:26]     train step 2600/4000 loss=0.01283 lr=3.20e-05
[19:21:32]     train step 2800/4000 loss=0.01189 lr=2.48e-05
[19:21:41]     train step 3000/4000 loss=0.01088 lr=1.82e-05
[19:21:47]     train step 3200/4000 loss=0.01021 lr=1.26e-05
[19:21:54]     train step 3400/4000 loss=0.00980 lr=8.08e-06
[19:22:01]     train step 3600/4000 loss=0.00938 lr=4.74e-06
[19:22:07]     train step 3800/4000 loss=0.00922 lr=2.69e-06
[19:22:16]     train step 4000/4000 loss=0.00910 lr=2.00e-06
[19:34:18]   [eval] SR=0.990
[19:34:20]   [thrifty] intervention at t=0 (rollout 0) len=44
[19:34:20] 
===== thrifty Round 8 | dataset=16 =====
[19:34:26]     train step 200/4000 loss=0.59914 lr=8.00e-05
[19:34:33]     train step 400/4000 loss=0.21424 lr=9.96e-05
[19:34:39]     train step 600/4000 loss=0.08137 lr=9.79e-05
[19:34:49]     train step 800/4000 loss=0.05406 lr=9.49e-05
[19:34:56]     train step 1000/4000 loss=0.03966 lr=9.07e-05
[19:35:03]     train step 1200/4000 loss=0.03175 lr=8.53e-05
[19:35:10]     train step 1400/4000 loss=0.02617 lr=7.90e-05
[19:35:19]     train step 1600/4000 loss=0.02240 lr=7.19e-05
[19:35:28]     train step 1800/4000 loss=0.01999 lr=6.42e-05
[19:35:36]     train step 2000/4000 loss=0.01715 lr=5.62e-05
[19:35:45]     train step 2200/4000 loss=0.01536 lr=4.80e-05
[19:35:54]     train step 2400/4000 loss=0.01393 lr=3.99e-05
[19:36:04]     train step 2600/4000 loss=0.01245 lr=3.20e-05
[19:36:12]     train step 2800/4000 loss=0.01146 lr=2.48e-05
[19:36:19]     train step 3000/4000 loss=0.01055 lr=1.82e-05
[19:36:27]     train step 3200/4000 loss=0.00995 lr=1.26e-05
[19:36:37]     train step 3400/4000 loss=0.00946 lr=8.08e-06
[19:36:46]     train step 3600/4000 loss=0.00911 lr=4.74e-06
[19:36:56]     train step 3800/4000 loss=0.00892 lr=2.69e-06
[19:37:05]     train step 4000/4000 loss=0.00880 lr=2.00e-06
[19:50:06]   [eval] SR=0.990
[19:50:07]   [thrifty] intervention at t=0 (rollout 0) len=48
[19:50:07] 
===== thrifty Round 9 | dataset=17 =====
[19:50:16]     train step 200/4000 loss=0.59908 lr=8.00e-05
[19:50:25]     train step 400/4000 loss=0.21542 lr=9.96e-05
[19:50:35]     train step 600/4000 loss=0.08114 lr=9.79e-05
[19:50:43]     train step 800/4000 loss=0.05378 lr=9.49e-05
[19:50:52]     train step 1000/4000 loss=0.03931 lr=9.07e-05
[19:51:01]     train step 1200/4000 loss=0.03205 lr=8.53e-05
[19:51:10]     train step 1400/4000 loss=0.02592 lr=7.90e-05
[19:51:17]     train step 1600/4000 loss=0.02317 lr=7.19e-05
[19:51:26]     train step 1800/4000 loss=0.01983 lr=6.42e-05
[19:51:35]     train step 2000/4000 loss=0.01750 lr=5.62e-05
[19:51:42]     train step 2200/4000 loss=0.01574 lr=4.80e-05
[19:51:50]     train step 2400/4000 loss=0.01388 lr=3.99e-05
[19:51:56]     train step 2600/4000 loss=0.01282 lr=3.20e-05
[19:52:03]     train step 2800/4000 loss=0.01171 lr=2.48e-05
[19:52:12]     train step 3000/4000 loss=0.01088 lr=1.82e-05
[19:52:19]     train step 3200/4000 loss=0.01010 lr=1.26e-05
[19:52:26]     train step 3400/4000 loss=0.00969 lr=8.08e-06
[19:52:33]     train step 3600/4000 loss=0.00925 lr=4.74e-06
[19:52:43]     train step 3800/4000 loss=0.00912 lr=2.69e-06
[19:52:51]     train step 4000/4000 loss=0.00897 lr=2.00e-06
[20:05:57]   [eval] SR=0.980
[20:05:58]   [thrifty] intervention at t=0 (rollout 0) len=43
[20:05:58] 
===== thrifty Round 10 | dataset=18 =====
[20:06:04]     train step 200/4000 loss=0.59885 lr=8.00e-05
[20:06:12]     train step 400/4000 loss=0.21926 lr=9.96e-05
[20:06:21]     train step 600/4000 loss=0.08357 lr=9.79e-05
[20:06:31]     train step 800/4000 loss=0.05379 lr=9.49e-05
[20:06:39]     train step 1000/4000 loss=0.03968 lr=9.07e-05
[20:06:45]     train step 1200/4000 loss=0.03156 lr=8.53e-05
[20:06:54]     train step 1400/4000 loss=0.02570 lr=7.90e-05
[20:07:03]     train step 1600/4000 loss=0.02256 lr=7.19e-05
[20:07:13]     train step 1800/4000 loss=0.01985 lr=6.42e-05
[20:07:22]     train step 2000/4000 loss=0.01728 lr=5.62e-05
[20:07:29]     train step 2200/4000 loss=0.01536 lr=4.80e-05
[20:07:36]     train step 2400/4000 loss=0.01388 lr=3.99e-05
[20:07:43]     train step 2600/4000 loss=0.01262 lr=3.20e-05
[20:07:49]     train step 2800/4000 loss=0.01171 lr=2.48e-05
[20:07:55]     train step 3000/4000 loss=0.01071 lr=1.82e-05
[20:08:02]     train step 3200/4000 loss=0.01000 lr=1.26e-05
[20:08:08]     train step 3400/4000 loss=0.00959 lr=8.08e-06
[20:08:16]     train step 3600/4000 loss=0.00924 lr=4.74e-06
[20:08:26]     train step 3800/4000 loss=0.00904 lr=2.69e-06
[20:08:35]     train step 4000/4000 loss=0.00892 lr=2.00e-06
[20:21:44]   [eval] SR=0.980
[20:21:45]   [thrifty] intervention at t=0 (rollout 0) len=48
[20:21:46] 
===== thrifty Round 11 | dataset=19 =====
[20:21:54]     train step 200/4000 loss=0.59927 lr=8.00e-05
[20:22:03]     train step 400/4000 loss=0.21718 lr=9.96e-05
[20:22:09]     train step 600/4000 loss=0.08261 lr=9.79e-05
[20:22:17]     train step 800/4000 loss=0.05410 lr=9.49e-05
[20:22:26]     train step 1000/4000 loss=0.03934 lr=9.07e-05
[20:22:36]     train step 1200/4000 loss=0.03151 lr=8.53e-05
[20:22:45]     train step 1400/4000 loss=0.02615 lr=7.90e-05
[20:22:53]     train step 1600/4000 loss=0.02246 lr=7.19e-05
[20:23:02]     train step 1800/4000 loss=0.01968 lr=6.42e-05
[20:23:11]     train step 2000/4000 loss=0.01733 lr=5.62e-05
[20:23:18]     train step 2200/4000 loss=0.01572 lr=4.80e-05
[20:23:27]     train step 2400/4000 loss=0.01413 lr=3.99e-05
[20:23:34]     train step 2600/4000 loss=0.01286 lr=3.20e-05
[20:23:41]     train step 2800/4000 loss=0.01187 lr=2.48e-05
[20:23:50]     train step 3000/4000 loss=0.01111 lr=1.82e-05
[20:23:58]     train step 3200/4000 loss=0.01020 lr=1.26e-05
[20:24:08]     train step 3400/4000 loss=0.00977 lr=8.08e-06
[20:24:17]     train step 3600/4000 loss=0.00944 lr=4.74e-06
[20:24:26]     train step 3800/4000 loss=0.00923 lr=2.69e-06
[20:24:33]     train step 4000/4000 loss=0.00913 lr=2.00e-06
[20:37:00]   [eval] SR=0.990
[20:37:01]   [thrifty] intervention at t=0 (rollout 0) len=46
[20:37:01] 
===== thrifty Round 12 | dataset=20 =====
[20:37:07]     train step 200/4000 loss=0.59837 lr=8.00e-05
[20:37:14]     train step 400/4000 loss=0.21524 lr=9.96e-05
[20:37:22]     train step 600/4000 loss=0.08392 lr=9.79e-05
[20:37:32]     train step 800/4000 loss=0.05363 lr=9.49e-05
[20:37:40]     train step 1000/4000 loss=0.03967 lr=9.07e-05
[20:37:46]     train step 1200/4000 loss=0.03216 lr=8.53e-05
[20:37:54]     train step 1400/4000 loss=0.02684 lr=7.90e-05
[20:38:02]     train step 1600/4000 loss=0.02326 lr=7.19e-05
[20:38:09]     train step 1800/4000 loss=0.02037 lr=6.42e-05
[20:38:15]     train step 2000/4000 loss=0.01788 lr=5.62e-05
[20:38:22]     train step 2200/4000 loss=0.01588 lr=4.80e-05
[20:38:30]     train step 2400/4000 loss=0.01429 lr=3.99e-05
[20:38:39]     train step 2600/4000 loss=0.01302 lr=3.20e-05
[20:38:48]     train step 2800/4000 loss=0.01199 lr=2.48e-05
[20:38:57]     train step 3000/4000 loss=0.01107 lr=1.82e-05
[20:39:07]     train step 3200/4000 loss=0.01032 lr=1.26e-05
[20:39:16]     train step 3400/4000 loss=0.00990 lr=8.08e-06
[20:39:24]     train step 3600/4000 loss=0.00949 lr=4.74e-06
[20:39:32]     train step 3800/4000 loss=0.00932 lr=2.69e-06
[20:39:40]     train step 4000/4000 loss=0.00915 lr=2.00e-06
[20:52:04]   [eval] SR=0.980
[20:52:05]   [thrifty] intervention at t=0 (rollout 0) len=47
[20:52:06] 
===== thrifty Round 13 | dataset=21 =====
[20:52:13]     train step 200/4000 loss=0.59768 lr=8.00e-05
[20:52:20]     train step 400/4000 loss=0.21565 lr=9.96e-05
[20:52:26]     train step 600/4000 loss=0.08383 lr=9.79e-05
[20:52:33]     train step 800/4000 loss=0.05348 lr=9.49e-05
[20:52:41]     train step 1000/4000 loss=0.03969 lr=9.07e-05
[20:52:49]     train step 1200/4000 loss=0.03140 lr=8.53e-05
[20:52:55]     train step 1400/4000 loss=0.02645 lr=7.90e-05
[20:53:03]     train step 1600/4000 loss=0.02234 lr=7.19e-05
[20:53:09]     train step 1800/4000 loss=0.01973 lr=6.42e-05
[20:53:18]     train step 2000/4000 loss=0.01801 lr=5.62e-05
[20:53:24]     train step 2200/4000 loss=0.01565 lr=4.80e-05
[20:53:31]     train step 2400/4000 loss=0.01424 lr=3.99e-05
[20:53:38]     train step 2600/4000 loss=0.01281 lr=3.20e-05
[20:53:45]     train step 2800/4000 loss=0.01172 lr=2.48e-05
[20:53:52]     train step 3000/4000 loss=0.01096 lr=1.82e-05
[20:54:01]     train step 3200/4000 loss=0.01023 lr=1.26e-05
[20:54:08]     train step 3400/4000 loss=0.00972 lr=8.08e-06
[20:54:17]     train step 3600/4000 loss=0.00931 lr=4.74e-06
[20:54:24]     train step 3800/4000 loss=0.00927 lr=2.69e-06
[20:54:34]     train step 4000/4000 loss=0.00911 lr=2.00e-06
[21:07:21]   [eval] SR=1.000
[21:07:22]   [thrifty] intervention at t=0 (rollout 0) len=43
[21:07:22] 
===== thrifty Round 14 | dataset=22 =====
[21:07:31]     train step 200/4000 loss=0.59735 lr=8.00e-05
[21:07:40]     train step 400/4000 loss=0.21650 lr=9.96e-05
[21:07:49]     train step 600/4000 loss=0.08438 lr=9.79e-05
[21:07:59]     train step 800/4000 loss=0.05337 lr=9.49e-05
[21:08:07]     train step 1000/4000 loss=0.04026 lr=9.07e-05
[21:08:14]     train step 1200/4000 loss=0.03266 lr=8.53e-05
[21:08:23]     train step 1400/4000 loss=0.02738 lr=7.90e-05
[21:08:33]     train step 1600/4000 loss=0.02295 lr=7.19e-05
[21:08:42]     train step 1800/4000 loss=0.02043 lr=6.42e-05
[21:08:51]     train step 2000/4000 loss=0.01771 lr=5.62e-05
[21:08:57]     train step 2200/4000 loss=0.01588 lr=4.80e-05
[21:09:05]     train step 2400/4000 loss=0.01397 lr=3.99e-05
[21:09:13]     train step 2600/4000 loss=0.01269 lr=3.20e-05
[21:09:20]     train step 2800/4000 loss=0.01173 lr=2.48e-05
[21:09:29]     train step 3000/4000 loss=0.01065 lr=1.82e-05
[21:09:38]     train step 3200/4000 loss=0.00996 lr=1.26e-05
[21:09:47]     train step 3400/4000 loss=0.00949 lr=8.08e-06
[21:09:57]     train step 3600/4000 loss=0.00914 lr=4.74e-06
[21:10:06]     train step 3800/4000 loss=0.00901 lr=2.69e-06
[21:10:16]     train step 4000/4000 loss=0.00886 lr=2.00e-06
[21:22:41]   [eval] SR=1.000
[21:22:42]   [thrifty] intervention at t=0 (rollout 0) len=42
[21:22:43] 
===== thrifty Round 15 | dataset=23 =====
[21:22:50]     train step 200/4000 loss=0.59789 lr=8.00e-05
[21:22:59]     train step 400/4000 loss=0.21437 lr=9.96e-05
[21:23:08]     train step 600/4000 loss=0.08137 lr=9.79e-05
[21:23:14]     train step 800/4000 loss=0.05388 lr=9.49e-05
[21:23:21]     train step 1000/4000 loss=0.03956 lr=9.07e-05
[21:23:28]     train step 1200/4000 loss=0.03207 lr=8.53e-05
[21:23:38]     train step 1400/4000 loss=0.02731 lr=7.90e-05
[21:23:47]     train step 1600/4000 loss=0.02280 lr=7.19e-05
[21:23:57]     train step 1800/4000 loss=0.02002 lr=6.42e-05
[21:24:06]     train step 2000/4000 loss=0.01761 lr=5.62e-05
[21:24:13]     train step 2200/4000 loss=0.01620 lr=4.80e-05
[21:24:23]     train step 2400/4000 loss=0.01430 lr=3.99e-05
[21:24:32]     train step 2600/4000 loss=0.01299 lr=3.20e-05
[21:24:42]     train step 2800/4000 loss=0.01192 lr=2.48e-05
[21:24:48]     train step 3000/4000 loss=0.01115 lr=1.82e-05
[21:24:55]     train step 3200/4000 loss=0.01044 lr=1.26e-05
[21:25:03]     train step 3400/4000 loss=0.00985 lr=8.08e-06
[21:25:10]     train step 3600/4000 loss=0.00953 lr=4.74e-06
[21:25:16]     train step 3800/4000 loss=0.00933 lr=2.69e-06
[21:25:23]     train step 4000/4000 loss=0.00922 lr=2.00e-06
[21:37:32]   [eval] SR=1.000
[21:37:33]   [thrifty] intervention at t=0 (rollout 0) len=45
[21:37:33] 
===== thrifty Round 16 | dataset=24 =====
[21:37:41]     train step 200/4000 loss=0.59240 lr=8.00e-05
[21:37:47]     train step 400/4000 loss=0.21430 lr=9.96e-05
[21:37:54]     train step 600/4000 loss=0.08460 lr=9.79e-05
[21:38:02]     train step 800/4000 loss=0.05473 lr=9.49e-05
[21:38:09]     train step 1000/4000 loss=0.03956 lr=9.07e-05
[21:38:18]     train step 1200/4000 loss=0.03202 lr=8.53e-05
[21:38:28]     train step 1400/4000 loss=0.02615 lr=7.90e-05
[21:38:36]     train step 1600/4000 loss=0.02319 lr=7.19e-05
[21:38:42]     train step 1800/4000 loss=0.02003 lr=6.42e-05
[21:38:49]     train step 2000/4000 loss=0.01784 lr=5.62e-05
[21:38:56]     train step 2200/4000 loss=0.01608 lr=4.80e-05
[21:39:03]     train step 2400/4000 loss=0.01377 lr=3.99e-05
[21:39:09]     train step 2600/4000 loss=0.01278 lr=3.20e-05
[21:39:18]     train step 2800/4000 loss=0.01164 lr=2.48e-05
[21:39:27]     train step 3000/4000 loss=0.01058 lr=1.82e-05
[21:39:35]     train step 3200/4000 loss=0.01009 lr=1.26e-05
[21:39:42]     train step 3400/4000 loss=0.00961 lr=8.08e-06
[21:39:48]     train step 3600/4000 loss=0.00917 lr=4.74e-06
[21:39:55]     train step 3800/4000 loss=0.00907 lr=2.69e-06
[21:40:01]     train step 4000/4000 loss=0.00894 lr=2.00e-06
[21:52:08]   [eval] SR=1.000
[21:52:09]   [thrifty] intervention at t=0 (rollout 0) len=47
[21:52:09] 
===== thrifty Round 17 | dataset=25 =====
[21:52:16]     train step 200/4000 loss=0.59202 lr=8.00e-05
[21:52:22]     train step 400/4000 loss=0.21306 lr=9.96e-05
[21:52:28]     train step 600/4000 loss=0.08325 lr=9.79e-05
[21:52:35]     train step 800/4000 loss=0.05417 lr=9.49e-05
[21:52:41]     train step 1000/4000 loss=0.04032 lr=9.07e-05
[21:52:50]     train step 1200/4000 loss=0.03218 lr=8.53e-05
[21:52:58]     train step 1400/4000 loss=0.02721 lr=7.90e-05
[21:53:04]     train step 1600/4000 loss=0.02337 lr=7.19e-05
[21:53:10]     train step 1800/4000 loss=0.02054 lr=6.42e-05
[21:53:17]     train step 2000/4000 loss=0.01826 lr=5.62e-05
[21:53:23]     train step 2200/4000 loss=0.01678 lr=4.80e-05
[21:53:29]     train step 2400/4000 loss=0.01515 lr=3.99e-05
[21:53:36]     train step 2600/4000 loss=0.01365 lr=3.20e-05
[21:53:45]     train step 2800/4000 loss=0.01263 lr=2.48e-05
[21:53:55]     train step 3000/4000 loss=0.01191 lr=1.82e-05
[21:54:03]     train step 3200/4000 loss=0.01125 lr=1.26e-05
[21:54:12]     train step 3400/4000 loss=0.01070 lr=8.08e-06
[21:54:22]     train step 3600/4000 loss=0.01023 lr=4.74e-06
[21:54:31]     train step 3800/4000 loss=0.01011 lr=2.69e-06
[21:54:41]     train step 4000/4000 loss=0.00997 lr=2.00e-06
[22:07:31]   [eval] SR=1.000
[22:07:33]   [thrifty] intervention at t=0 (rollout 0) len=47
[22:07:34] 
===== thrifty Round 18 | dataset=26 =====
[22:07:41]     train step 200/4000 loss=0.59235 lr=8.00e-05
[22:07:49]     train step 400/4000 loss=0.21224 lr=9.96e-05
[22:07:56]     train step 600/4000 loss=0.08381 lr=9.79e-05
[22:08:04]     train step 800/4000 loss=0.05417 lr=9.49e-05
[22:08:11]     train step 1000/4000 loss=0.03995 lr=9.07e-05
[22:08:18]     train step 1200/4000 loss=0.03244 lr=8.53e-05
[22:08:24]     train step 1400/4000 loss=0.02635 lr=7.90e-05
[22:08:32]     train step 1600/4000 loss=0.02298 lr=7.19e-05
[22:08:41]     train step 1800/4000 loss=0.02022 lr=6.42e-05
[22:08:50]     train step 2000/4000 loss=0.01776 lr=5.62e-05
[22:08:56]     train step 2200/4000 loss=0.01639 lr=4.80e-05
[22:09:03]     train step 2400/4000 loss=0.01452 lr=3.99e-05
[22:09:09]     train step 2600/4000 loss=0.01358 lr=3.20e-05
[22:09:16]     train step 2800/4000 loss=0.01237 lr=2.48e-05
[22:09:24]     train step 3000/4000 loss=0.01170 lr=1.82e-05
[22:09:32]     train step 3200/4000 loss=0.01093 lr=1.26e-05
[22:09:38]     train step 3400/4000 loss=0.01053 lr=8.08e-06
[22:09:45]     train step 3600/4000 loss=0.01011 lr=4.74e-06
[22:09:54]     train step 3800/4000 loss=0.00995 lr=2.69e-06
[22:10:03]     train step 4000/4000 loss=0.00987 lr=2.00e-06
[22:22:47]   [eval] SR=1.000
[22:22:48]   [thrifty] intervention at t=0 (rollout 0) len=43
[22:22:49] 
===== thrifty Round 19 | dataset=27 =====
[22:22:57]     train step 200/4000 loss=0.59210 lr=8.00e-05
[22:23:07]     train step 400/4000 loss=0.21236 lr=9.96e-05
[22:23:16]     train step 600/4000 loss=0.08039 lr=9.79e-05
[22:23:26]     train step 800/4000 loss=0.05291 lr=9.49e-05
[22:23:34]     train step 1000/4000 loss=0.04091 lr=9.07e-05
[22:23:42]     train step 1200/4000 loss=0.03269 lr=8.53e-05
[22:23:50]     train step 1400/4000 loss=0.02686 lr=7.90e-05
[22:23:56]     train step 1600/4000 loss=0.02349 lr=7.19e-05
[22:24:03]     train step 1800/4000 loss=0.02031 lr=6.42e-05
[22:24:11]     train step 2000/4000 loss=0.01796 lr=5.62e-05
[22:24:18]     train step 2200/4000 loss=0.01641 lr=4.80e-05
[22:24:27]     train step 2400/4000 loss=0.01475 lr=3.99e-05
[22:24:37]     train step 2600/4000 loss=0.01339 lr=3.20e-05
[22:24:46]     train step 2800/4000 loss=0.01235 lr=2.48e-05
[22:24:55]     train step 3000/4000 loss=0.01162 lr=1.82e-05
[22:25:04]     train step 3200/4000 loss=0.01084 lr=1.26e-05
[22:25:13]     train step 3400/4000 loss=0.01035 lr=8.08e-06
[22:25:20]     train step 3600/4000 loss=0.01001 lr=4.74e-06
[22:25:27]     train step 3800/4000 loss=0.00990 lr=2.69e-06
[22:25:34]     train step 4000/4000 loss=0.00974 lr=2.00e-06
[22:37:51]   [eval] SR=1.000
[22:37:52]   [thrifty] intervention at t=0 (rollout 0) len=46
[22:37:52] 
===== thrifty Round 20 | dataset=28 =====
[22:38:01]     train step 200/4000 loss=0.59147 lr=8.00e-05
[22:38:10]     train step 400/4000 loss=0.21154 lr=9.96e-05
[22:38:17]     train step 600/4000 loss=0.08245 lr=9.79e-05
[22:38:23]     train step 800/4000 loss=0.05449 lr=9.49e-05
[22:38:30]     train step 1000/4000 loss=0.03991 lr=9.07e-05
[22:38:36]     train step 1200/4000 loss=0.03290 lr=8.53e-05
[22:38:43]     train step 1400/4000 loss=0.02678 lr=7.90e-05
[22:38:51]     train step 1600/4000 loss=0.02323 lr=7.19e-05
[22:39:00]     train step 1800/4000 loss=0.02041 lr=6.42e-05
[22:39:09]     train step 2000/4000 loss=0.01826 lr=5.62e-05
[22:39:18]     train step 2200/4000 loss=0.01672 lr=4.80e-05
[22:39:27]     train step 2400/4000 loss=0.01480 lr=3.99e-05
[22:39:36]     train step 2600/4000 loss=0.01367 lr=3.20e-05
[22:39:45]     train step 2800/4000 loss=0.01269 lr=2.48e-05
[22:39:52]     train step 3000/4000 loss=0.01166 lr=1.82e-05
[22:40:00]     train step 3200/4000 loss=0.01106 lr=1.26e-05
[22:40:08]     train step 3400/4000 loss=0.01061 lr=8.08e-06
[22:40:16]     train step 3600/4000 loss=0.01020 lr=4.74e-06
[22:40:24]     train step 3800/4000 loss=0.00999 lr=2.69e-06
[22:40:33]     train step 4000/4000 loss=0.00988 lr=2.00e-06
[22:52:35]   [eval] SR=1.000
[22:52:35] DONE in 20480.8s | final_success=1.0
[22:52:35] [write] /weka/s226137394/DmNfull/distil/results/Lift/state/thrifty/seed5/result.json
