[14:23:37] [env] loaded /weka/s226137394/DmNfull/.env
[14:23:39] ===== DISTIL | task=Lift modality=state ablation=diffdagger seed=5 budget=20 smoke=False device=cuda =====
[14:23:40] [bootstrap] loaded 8 shared demos from /weka/s226137394/DmNfull/distil/results/shared_bootstrap/Lift_state/Lift_state_ni8.pkl
[14:23:42] [init] using 8 pre-collected (calibrated Ni) demos
[14:23:42] 
===== Round 0 | dataset=8 trajs =====
[14:23:43]   [train] 8 trajs, 357 windows, state_dim=23 act_dim=7 params=4.26M steps=8000
[14:23:48]     train step 200/8000 loss=0.59749 lr=8.00e-05
[14:23:52]     train step 400/8000 loss=0.26401 lr=9.99e-05
[14:23:56]     train step 600/8000 loss=0.10115 lr=9.95e-05
[14:24:00]     train step 800/8000 loss=0.06059 lr=9.88e-05
[14:24:04]     train step 1000/8000 loss=0.04319 lr=9.78e-05
[14:24:08]     train step 1200/8000 loss=0.03384 lr=9.64e-05
[14:24:12]     train step 1400/8000 loss=0.02874 lr=9.48e-05
[14:24:16]     train step 1600/8000 loss=0.02377 lr=9.29e-05
[14:24:20]     train step 1800/8000 loss=0.02147 lr=9.07e-05
[14:24:24]     train step 2000/8000 loss=0.01870 lr=8.82e-05
[14:24:28]     train step 2200/8000 loss=0.01639 lr=8.55e-05
[14:24:32]     train step 2400/8000 loss=0.01440 lr=8.26e-05
[14:24:36]     train step 2600/8000 loss=0.01281 lr=7.94e-05
[14:24:40]     train step 2800/8000 loss=0.01163 lr=7.61e-05
[14:24:44]     train step 3000/8000 loss=0.01001 lr=7.26e-05
[14:24:49]     train step 3200/8000 loss=0.00898 lr=6.90e-05
[14:24:53]     train step 3400/8000 loss=0.00802 lr=6.52e-05
[14:24:57]     train step 3600/8000 loss=0.00786 lr=6.14e-05
[14:25:01]     train step 3800/8000 loss=0.00674 lr=5.75e-05
[14:25:05]     train step 4000/8000 loss=0.00622 lr=5.35e-05
[14:25:09]     train step 4200/8000 loss=0.00568 lr=4.95e-05
[14:25:13]     train step 4400/8000 loss=0.00510 lr=4.56e-05
[14:25:17]     train step 4600/8000 loss=0.00451 lr=4.16e-05
[14:25:21]     train step 4800/8000 loss=0.00433 lr=3.78e-05
[14:25:25]     train step 5000/8000 loss=0.00401 lr=3.40e-05
[14:25:29]     train step 5200/8000 loss=0.00360 lr=3.03e-05
[14:25:33]     train step 5400/8000 loss=0.00334 lr=2.68e-05
[14:25:37]     train step 5600/8000 loss=0.00319 lr=2.34e-05
[14:25:41]     train step 5800/8000 loss=0.00289 lr=2.02e-05
[14:25:45]     train step 6000/8000 loss=0.00277 lr=1.73e-05
[14:25:49]     train step 6200/8000 loss=0.00264 lr=1.45e-05
[14:25:53]     train step 6400/8000 loss=0.00252 lr=1.20e-05
[14:25:57]     train step 6600/8000 loss=0.00247 lr=9.69e-06
[14:26:01]     train step 6800/8000 loss=0.00238 lr=7.69e-06
[14:26:05]     train step 7000/8000 loss=0.00233 lr=5.98e-06
[14:26:10]     train step 7200/8000 loss=0.00229 lr=4.56e-06
[14:26:14]     train step 7400/8000 loss=0.00223 lr=3.45e-06
[14:26:18]     train step 7600/8000 loss=0.00220 lr=2.65e-06
[14:26:22]     train step 7800/8000 loss=0.00218 lr=2.16e-06
[14:26:26]     train step 8000/8000 loss=0.00217 lr=2.00e-06
[14:26:32]   [calibrate] threshold(alpha=0.99)=0.00322 over 1428 samples (median=0.00217)
[14:30:05]   [eval] pure-policy success=0.610 mean_len=129 (fixed 100-ep set)
[14:30:05]   [dagger ep1] success=True query=True auto=False maxloss=0.0481 len=43 expert_steps=42 (interv 1/4)
[14:30:06]   [dagger ep2] success=True query=True auto=False maxloss=0.0603 len=46 expert_steps=45 (interv 2/4)
[14:30:06]   [dagger ep3] success=True query=True auto=False maxloss=0.0127 len=42 expert_steps=41 (interv 3/4)
[14:30:07]   [dagger ep4] success=True query=True auto=False maxloss=0.0063 len=43 expert_steps=42 (interv 4/4)
[14:30:07] 
===== Round 1 | dataset=12 trajs =====
[14:30:07]   [train] 12 trajs, 527 windows, state_dim=23 act_dim=7 params=4.26M steps=4000
[14:30:11]     train step 200/4000 loss=0.57501 lr=8.00e-05
[14:30:15]     train step 400/4000 loss=0.21766 lr=9.96e-05
[14:30:19]     train step 600/4000 loss=0.08041 lr=9.79e-05
[14:30:23]     train step 800/4000 loss=0.05079 lr=9.49e-05
[14:30:28]     train step 1000/4000 loss=0.03777 lr=9.07e-05
[14:30:32]     train step 1200/4000 loss=0.02904 lr=8.53e-05
[14:30:36]     train step 1400/4000 loss=0.02343 lr=7.90e-05
[14:30:40]     train step 1600/4000 loss=0.01996 lr=7.19e-05
[14:30:44]     train step 1800/4000 loss=0.01716 lr=6.42e-05
[14:30:48]     train step 2000/4000 loss=0.01478 lr=5.62e-05
[14:30:52]     train step 2200/4000 loss=0.01270 lr=4.80e-05
[14:30:57]     train step 2400/4000 loss=0.01142 lr=3.99e-05
[14:31:01]     train step 2600/4000 loss=0.00975 lr=3.20e-05
[14:31:05]     train step 2800/4000 loss=0.00871 lr=2.48e-05
[14:31:09]     train step 3000/4000 loss=0.00789 lr=1.82e-05
[14:31:13]     train step 3200/4000 loss=0.00727 lr=1.26e-05
[14:31:17]     train step 3400/4000 loss=0.00690 lr=8.08e-06
[14:31:22]     train step 3600/4000 loss=0.00649 lr=4.74e-06
[14:31:26]     train step 3800/4000 loss=0.00629 lr=2.69e-06
[14:31:30]     train step 4000/4000 loss=0.00622 lr=2.00e-06
[14:31:39]   [calibrate] threshold(alpha=0.99)=0.01325 over 2108 samples (median=0.00613)
[14:33:36]   [eval] pure-policy success=0.920 mean_len=69 (fixed 100-ep set)
[14:33:36]   [dagger ep1] success=True query=True auto=False maxloss=0.0232 len=41 expert_steps=40 (interv 1/4)
[14:33:36]   [dagger ep2] success=True query=True auto=False maxloss=0.0220 len=44 expert_steps=43 (interv 2/4)
[14:33:37]   [dagger ep3] success=True query=True auto=False maxloss=0.0435 len=44 expert_steps=43 (interv 3/4)
[14:33:37]   [dagger ep4] success=True query=True auto=False maxloss=0.0710 len=45 expert_steps=44 (interv 4/4)
[14:33:37] 
===== Round 2 | dataset=16 trajs =====
[14:33:37]   [train] 16 trajs, 697 windows, state_dim=23 act_dim=7 params=4.26M steps=4000
[14:33:42]     train step 200/4000 loss=0.56783 lr=8.00e-05
[14:33:46]     train step 400/4000 loss=0.20386 lr=9.96e-05
[14:33:50]     train step 600/4000 loss=0.07602 lr=9.79e-05
[14:33:54]     train step 800/4000 loss=0.04938 lr=9.49e-05
[14:33:59]     train step 1000/4000 loss=0.03638 lr=9.07e-05
[14:34:03]     train step 1200/4000 loss=0.02908 lr=8.53e-05
[14:34:07]     train step 1400/4000 loss=0.02435 lr=7.90e-05
[14:34:11]     train step 1600/4000 loss=0.02059 lr=7.19e-05
[14:34:15]     train step 1800/4000 loss=0.01821 lr=6.42e-05
[14:34:20]     train step 2000/4000 loss=0.01562 lr=5.62e-05
[14:34:24]     train step 2200/4000 loss=0.01355 lr=4.80e-05
[14:34:28]     train step 2400/4000 loss=0.01247 lr=3.99e-05
[14:34:32]     train step 2600/4000 loss=0.01090 lr=3.20e-05
[14:34:36]     train step 2800/4000 loss=0.00998 lr=2.48e-05
[14:34:41]     train step 3000/4000 loss=0.00915 lr=1.82e-05
[14:34:45]     train step 3200/4000 loss=0.00840 lr=1.26e-05
[14:34:49]     train step 3400/4000 loss=0.00796 lr=8.08e-06
[14:34:53]     train step 3600/4000 loss=0.00768 lr=4.74e-06
[14:34:57]     train step 3800/4000 loss=0.00755 lr=2.69e-06
[14:35:01]     train step 4000/4000 loss=0.00738 lr=2.00e-06
[14:35:14]   [calibrate] threshold(alpha=0.99)=0.01763 over 2788 samples (median=0.00726)
[14:36:31]   [eval] pure-policy success=1.000 mean_len=45 (fixed 100-ep set)
[14:36:35]   [dagger ep1] success=True query=False auto=False maxloss=0.0181 len=45 expert_steps=0 (interv 0/4)
[14:36:39]   [dagger ep2] success=True query=False auto=False maxloss=0.0212 len=43 expert_steps=0 (interv 0/4)
[14:36:42]   [dagger ep3] success=True query=False auto=False maxloss=0.0325 len=43 expert_steps=0 (interv 0/4)
[14:36:46]   [dagger ep4] success=True query=False auto=False maxloss=0.0189 len=46 expert_steps=0 (interv 0/4)
[14:36:50]   [dagger ep5] success=True query=False auto=False maxloss=0.0257 len=44 expert_steps=0 (interv 0/4)
[14:36:50]   [dagger ep6] success=True query=True auto=False maxloss=0.0202 len=47 expert_steps=46 (interv 1/4)
[14:36:53]   [dagger ep7] success=True query=False auto=False maxloss=0.0182 len=41 expert_steps=0 (interv 1/4)
[14:36:57]   [dagger ep8] success=True query=False auto=False maxloss=0.0220 len=47 expert_steps=0 (interv 1/4)
[14:37:01]   [dagger ep9] success=True query=True auto=False maxloss=0.0235 len=43 expert_steps=1 (interv 2/4)
[14:37:05]   [dagger ep10] success=True query=False auto=False maxloss=0.0399 len=46 expert_steps=0 (interv 2/4)
[14:37:08]   [dagger ep11] success=True query=False auto=False maxloss=0.0255 len=47 expert_steps=0 (interv 2/4)
[14:37:09]   [dagger ep12] success=True query=True auto=False maxloss=0.0477 len=48 expert_steps=47 (interv 3/4)
[14:37:13]   [dagger ep13] success=True query=True auto=False maxloss=0.0574 len=48 expert_steps=2 (interv 4/4)
[14:37:13] 
===== Round 3 | dataset=20 trajs =====
[14:37:13]   [train] 20 trajs, 793 windows, state_dim=23 act_dim=7 params=4.26M steps=4000
[14:37:17]     train step 200/4000 loss=0.60623 lr=8.00e-05
[14:37:21]     train step 400/4000 loss=0.22791 lr=9.96e-05
[14:37:25]     train step 600/4000 loss=0.08918 lr=9.79e-05
[14:37:30]     train step 800/4000 loss=0.05562 lr=9.49e-05
[14:37:34]     train step 1000/4000 loss=0.04115 lr=9.07e-05
[14:37:38]     train step 1200/4000 loss=0.03273 lr=8.53e-05
[14:37:42]     train step 1400/4000 loss=0.02793 lr=7.90e-05
[14:37:46]     train step 1600/4000 loss=0.02394 lr=7.19e-05
[14:37:50]     train step 1800/4000 loss=0.02109 lr=6.42e-05
[14:37:55]     train step 2000/4000 loss=0.01855 lr=5.62e-05
[14:37:59]     train step 2200/4000 loss=0.01640 lr=4.80e-05
[14:38:03]     train step 2400/4000 loss=0.01492 lr=3.99e-05
[14:38:07]     train step 2600/4000 loss=0.01340 lr=3.20e-05
[14:38:11]     train step 2800/4000 loss=0.01230 lr=2.48e-05
[14:38:15]     train step 3000/4000 loss=0.01127 lr=1.82e-05
[14:38:20]     train step 3200/4000 loss=0.01039 lr=1.26e-05
[14:38:24]     train step 3400/4000 loss=0.00986 lr=8.08e-06
[14:38:28]     train step 3600/4000 loss=0.00943 lr=4.74e-06
[14:38:32]     train step 3800/4000 loss=0.00920 lr=2.69e-06
[14:38:36]     train step 4000/4000 loss=0.00908 lr=2.00e-06
[14:38:51]   [calibrate] threshold(alpha=0.99)=0.02050 over 3172 samples (median=0.00900)
[14:40:08]   [eval] pure-policy success=1.000 mean_len=45 (fixed 100-ep set)
[14:40:12]   [dagger ep1] success=True query=False auto=False maxloss=0.0196 len=48 expert_steps=0 (interv 0/4)
[14:40:15]   [dagger ep2] success=True query=False auto=False maxloss=0.0221 len=44 expert_steps=0 (interv 0/4)
[14:40:19]   [dagger ep3] success=True query=False auto=False maxloss=0.0376 len=47 expert_steps=0 (interv 0/4)
[14:40:23]   [dagger ep4] success=True query=False auto=False maxloss=0.0188 len=46 expert_steps=0 (interv 0/4)
[14:40:26]   [dagger ep5] success=True query=False auto=False maxloss=0.0196 len=43 expert_steps=0 (interv 0/4)
[14:40:30]   [dagger ep6] success=True query=True auto=False maxloss=0.0278 len=45 expert_steps=2 (interv 1/4)
[14:40:34]   [dagger ep7] success=True query=False auto=False maxloss=0.0261 len=48 expert_steps=0 (interv 1/4)
[14:40:38]   [dagger ep8] success=True query=False auto=False maxloss=0.0229 len=45 expert_steps=0 (interv 1/4)
[14:40:41]   [dagger ep9] success=True query=False auto=False maxloss=0.0421 len=45 expert_steps=0 (interv 1/4)
[14:40:45]   [dagger ep10] success=True query=False auto=False maxloss=0.0214 len=43 expert_steps=0 (interv 1/4)
[14:40:49]   [dagger ep11] success=True query=False auto=False maxloss=0.0203 len=46 expert_steps=0 (interv 1/4)
[14:40:52]   [dagger ep12] success=True query=True auto=False maxloss=0.0346 len=45 expert_steps=14 (interv 2/4)
[14:40:55]   [dagger ep13] success=True query=True auto=False maxloss=0.0455 len=44 expert_steps=1 (interv 3/4)
[14:40:59]   [dagger ep14] success=True query=False auto=False maxloss=0.0278 len=46 expert_steps=0 (interv 3/4)
[14:40:59]   [dagger ep15] success=True query=True auto=False maxloss=0.0439 len=45 expert_steps=44 (interv 4/4)
[14:40:59] 
===== Round 4 | dataset=24 trajs =====
[14:41:00]   [train] 24 trajs, 854 windows, state_dim=23 act_dim=7 params=4.26M steps=4000
[14:41:04]     train step 200/4000 loss=0.58245 lr=8.00e-05
[14:41:08]     train step 400/4000 loss=0.21024 lr=9.96e-05
[14:41:12]     train step 600/4000 loss=0.07600 lr=9.79e-05
[14:41:16]     train step 800/4000 loss=0.04902 lr=9.49e-05
[14:41:21]     train step 1000/4000 loss=0.03567 lr=9.07e-05
[14:41:25]     train step 1200/4000 loss=0.02873 lr=8.53e-05
[14:41:29]     train step 1400/4000 loss=0.02388 lr=7.90e-05
[14:41:33]     train step 1600/4000 loss=0.02036 lr=7.19e-05
[14:41:37]     train step 1800/4000 loss=0.01790 lr=6.42e-05
[14:41:41]     train step 2000/4000 loss=0.01626 lr=5.62e-05
[14:41:46]     train step 2200/4000 loss=0.01439 lr=4.80e-05
[14:41:50]     train step 2400/4000 loss=0.01288 lr=3.99e-05
[14:41:54]     train step 2600/4000 loss=0.01179 lr=3.20e-05
[14:41:58]     train step 2800/4000 loss=0.01113 lr=2.48e-05
[14:42:02]     train step 3000/4000 loss=0.01027 lr=1.82e-05
[14:42:07]     train step 3200/4000 loss=0.00934 lr=1.26e-05
[14:42:11]     train step 3400/4000 loss=0.00897 lr=8.08e-06
[14:42:15]     train step 3600/4000 loss=0.00873 lr=4.74e-06
[14:42:19]     train step 3800/4000 loss=0.00862 lr=2.69e-06
[14:42:23]     train step 4000/4000 loss=0.00846 lr=2.00e-06
[14:42:39]   [calibrate] threshold(alpha=0.99)=0.01828 over 3416 samples (median=0.00844)
[14:43:56]   [eval] pure-policy success=1.000 mean_len=45 (fixed 100-ep set)
[14:43:59]   [dagger ep1] success=True query=False auto=False maxloss=0.0176 len=45 expert_steps=0 (interv 0/4)
[14:44:03]   [dagger ep2] success=True query=False auto=False maxloss=0.0205 len=44 expert_steps=0 (interv 0/4)
[14:44:07]   [dagger ep3] success=True query=False auto=False maxloss=0.0142 len=45 expert_steps=0 (interv 0/4)
[14:44:11]   [dagger ep4] success=True query=False auto=False maxloss=0.0188 len=47 expert_steps=0 (interv 0/4)
[14:44:14]   [dagger ep5] success=True query=False auto=False maxloss=0.0245 len=46 expert_steps=0 (interv 0/4)
[14:44:18]   [dagger ep6] success=True query=False auto=False maxloss=0.0165 len=45 expert_steps=0 (interv 0/4)
[14:44:22]   [dagger ep7] success=True query=False auto=False maxloss=0.0304 len=48 expert_steps=0 (interv 0/4)
[14:44:26]   [dagger ep8] success=True query=False auto=False maxloss=0.0165 len=44 expert_steps=0 (interv 0/4)
[14:44:29]   [dagger ep9] success=True query=False auto=False maxloss=0.0179 len=43 expert_steps=0 (interv 0/4)
[14:44:33]   [dagger ep10] success=True query=False auto=False maxloss=0.0208 len=46 expert_steps=0 (interv 0/4)
[14:44:37]   [dagger ep11] success=True query=False auto=False maxloss=0.0252 len=44 expert_steps=0 (interv 0/4)
[14:44:40]   [dagger ep12] success=True query=False auto=False maxloss=0.0218 len=45 expert_steps=0 (interv 0/4)
[14:44:43]   [dagger ep13] success=True query=True auto=False maxloss=0.0229 len=44 expert_steps=12 (interv 1/4)
[14:44:47]   [dagger ep14] success=True query=False auto=False maxloss=0.0235 len=44 expert_steps=0 (interv 1/4)
[14:44:47]   [dagger ep15] success=True query=True auto=False maxloss=0.0284 len=43 expert_steps=42 (interv 2/4)
[14:44:48]   [dagger ep16] success=True query=True auto=False maxloss=0.0488 len=45 expert_steps=44 (interv 3/4)
[14:44:51]   [dagger ep17] success=True query=False auto=False maxloss=0.0261 len=46 expert_steps=0 (interv 3/4)
[14:44:55]   [dagger ep18] success=True query=False auto=False maxloss=0.0214 len=45 expert_steps=0 (interv 3/4)
[14:44:59]   [dagger ep19] success=True query=False auto=False maxloss=0.0232 len=47 expert_steps=0 (interv 3/4)
[14:45:03]   [dagger ep20] success=True query=False auto=False maxloss=0.0208 len=43 expert_steps=0 (interv 3/4)
[14:45:06]   [dagger ep21] success=True query=False auto=False maxloss=0.0201 len=42 expert_steps=0 (interv 3/4)
[14:45:10]   [dagger ep22] success=True query=False auto=False maxloss=0.0202 len=46 expert_steps=0 (interv 3/4)
[14:45:13]   [dagger ep23] success=True query=False auto=False maxloss=0.0351 len=44 expert_steps=0 (interv 3/4)
[14:45:17]   [dagger ep24] success=True query=False auto=False maxloss=0.0358 len=44 expert_steps=0 (interv 3/4)
[14:45:21]   [dagger ep25] success=True query=False auto=False maxloss=0.0258 len=43 expert_steps=0 (interv 3/4)
[14:45:24]   [dagger ep26] success=True query=False auto=False maxloss=0.0206 len=47 expert_steps=0 (interv 3/4)
[14:45:28]   [dagger ep27] success=True query=False auto=False maxloss=0.0191 len=45 expert_steps=0 (interv 3/4)
[14:45:32]   [dagger ep28] success=True query=False auto=False maxloss=0.0240 len=45 expert_steps=0 (interv 3/4)
[14:45:35]   [dagger ep29] success=True query=False auto=False maxloss=0.0269 len=45 expert_steps=0 (interv 3/4)
[14:45:38]   [dagger ep30] success=True query=True auto=False maxloss=0.0326 len=43 expert_steps=17 (interv 4/4)
[14:45:38] [stop] reached final_demos=28 (28 trajs)
[14:46:54] 
[FINAL] pure-policy success=1.000 over 100 eps
[14:46:55] DONE in 1393.6s | final_success=1.0
[14:46:55] [write] /weka/s226137394/DmNfull/distil/results/Lift/state/diffdagger/seed5/result.json
