[16:47:07] [env] loaded /weka/s226137394/DmNfull/.env
[16:47:07] ===== DISTIL | task=Lift modality=state ablation=thrifty seed=2 budget=20 smoke=False device=cuda =====
[16:47:08] [bootstrap] loaded 8 shared demos from /weka/s226137394/DmNfull/distil/results/shared_bootstrap/Lift_state/Lift_state_ni8.pkl
[16:47:10] 
===== thrifty Round 0 | dataset=8 =====
[16:47:16]     train step 200/8000 loss=0.62269 lr=8.00e-05
[16:47:20]     train step 400/8000 loss=0.24650 lr=9.99e-05
[16:47:24]     train step 600/8000 loss=0.09273 lr=9.95e-05
[16:47:28]     train step 800/8000 loss=0.05802 lr=9.88e-05
[16:47:32]     train step 1000/8000 loss=0.04119 lr=9.78e-05
[16:47:36]     train step 1200/8000 loss=0.03252 lr=9.64e-05
[16:47:40]     train step 1400/8000 loss=0.02677 lr=9.48e-05
[16:47:44]     train step 1600/8000 loss=0.02290 lr=9.29e-05
[16:47:48]     train step 1800/8000 loss=0.02015 lr=9.07e-05
[16:47:52]     train step 2000/8000 loss=0.01860 lr=8.82e-05
[16:47:56]     train step 2200/8000 loss=0.01594 lr=8.55e-05
[16:48:00]     train step 2400/8000 loss=0.01390 lr=8.26e-05
[16:48:04]     train step 2600/8000 loss=0.01271 lr=7.94e-05
[16:48:08]     train step 2800/8000 loss=0.01131 lr=7.61e-05
[16:48:12]     train step 3000/8000 loss=0.01049 lr=7.26e-05
[16:48:16]     train step 3200/8000 loss=0.00966 lr=6.90e-05
[16:48:20]     train step 3400/8000 loss=0.00809 lr=6.52e-05
[16:48:24]     train step 3600/8000 loss=0.00725 lr=6.14e-05
[16:48:28]     train step 3800/8000 loss=0.00644 lr=5.75e-05
[16:48:32]     train step 4000/8000 loss=0.00625 lr=5.35e-05
[16:48:36]     train step 4200/8000 loss=0.00561 lr=4.95e-05
[16:48:40]     train step 4400/8000 loss=0.00490 lr=4.56e-05
[16:48:44]     train step 4600/8000 loss=0.00510 lr=4.16e-05
[16:48:48]     train step 4800/8000 loss=0.00400 lr=3.78e-05
[16:48:52]     train step 5000/8000 loss=0.00383 lr=3.40e-05
[16:48:56]     train step 5200/8000 loss=0.00357 lr=3.03e-05
[16:49:00]     train step 5400/8000 loss=0.00360 lr=2.68e-05
[16:49:04]     train step 5600/8000 loss=0.00311 lr=2.34e-05
[16:49:08]     train step 5800/8000 loss=0.00299 lr=2.02e-05
[16:49:12]     train step 6000/8000 loss=0.00277 lr=1.73e-05
[16:49:16]     train step 6200/8000 loss=0.00276 lr=1.45e-05
[16:49:20]     train step 6400/8000 loss=0.00259 lr=1.20e-05
[16:49:24]     train step 6600/8000 loss=0.00252 lr=9.69e-06
[16:49:28]     train step 6800/8000 loss=0.00239 lr=7.69e-06
[16:49:32]     train step 7000/8000 loss=0.00239 lr=5.98e-06
[16:49:36]     train step 7200/8000 loss=0.00230 lr=4.56e-06
[16:49:40]     train step 7400/8000 loss=0.00227 lr=3.45e-06
[16:49:44]     train step 7600/8000 loss=0.00227 lr=2.65e-06
[16:49:48]     train step 7800/8000 loss=0.00223 lr=2.16e-06
[16:49:52]     train step 8000/8000 loss=0.00223 lr=2.00e-06
[17:03:49]   [eval] SR=0.750
[17:03:50]   [thrifty] intervention at t=0 (rollout 0) len=47
[17:03:50] 
===== thrifty Round 1 | dataset=9 =====
[17:03:55]     train step 200/4000 loss=0.62086 lr=8.00e-05
[17:03:59]     train step 400/4000 loss=0.23346 lr=9.96e-05
[17:04:03]     train step 600/4000 loss=0.08616 lr=9.79e-05
[17:04:07]     train step 800/4000 loss=0.05244 lr=9.49e-05
[17:04:11]     train step 1000/4000 loss=0.03881 lr=9.07e-05
[17:04:15]     train step 1200/4000 loss=0.03030 lr=8.53e-05
[17:04:19]     train step 1400/4000 loss=0.02563 lr=7.90e-05
[17:04:23]     train step 1600/4000 loss=0.02155 lr=7.19e-05
[17:04:27]     train step 1800/4000 loss=0.01854 lr=6.42e-05
[17:04:31]     train step 2000/4000 loss=0.01616 lr=5.62e-05
[17:04:35]     train step 2200/4000 loss=0.01407 lr=4.80e-05
[17:04:39]     train step 2400/4000 loss=0.01281 lr=3.99e-05
[17:04:43]     train step 2600/4000 loss=0.01112 lr=3.20e-05
[17:04:47]     train step 2800/4000 loss=0.01001 lr=2.48e-05
[17:04:51]     train step 3000/4000 loss=0.00924 lr=1.82e-05
[17:04:56]     train step 3200/4000 loss=0.00870 lr=1.26e-05
[17:05:00]     train step 3400/4000 loss=0.00808 lr=8.08e-06
[17:05:04]     train step 3600/4000 loss=0.00776 lr=4.74e-06
[17:05:08]     train step 3800/4000 loss=0.00762 lr=2.69e-06
[17:05:12]     train step 4000/4000 loss=0.00753 lr=2.00e-06
[17:12:53]   [eval] SR=0.880
[17:12:53]   [thrifty] intervention at t=0 (rollout 0) len=42
[17:12:53] 
===== thrifty Round 2 | dataset=10 =====
[17:12:58]     train step 200/4000 loss=0.61994 lr=8.00e-05
[17:13:02]     train step 400/4000 loss=0.22802 lr=9.96e-05
[17:13:06]     train step 600/4000 loss=0.08274 lr=9.79e-05
[17:13:10]     train step 800/4000 loss=0.05265 lr=9.49e-05
[17:13:14]     train step 1000/4000 loss=0.03786 lr=9.07e-05
[17:13:18]     train step 1200/4000 loss=0.03020 lr=8.53e-05
[17:13:23]     train step 1400/4000 loss=0.02525 lr=7.90e-05
[17:13:27]     train step 1600/4000 loss=0.02154 lr=7.19e-05
[17:13:31]     train step 1800/4000 loss=0.01818 lr=6.42e-05
[17:13:35]     train step 2000/4000 loss=0.01586 lr=5.62e-05
[17:13:39]     train step 2200/4000 loss=0.01379 lr=4.80e-05
[17:13:43]     train step 2400/4000 loss=0.01245 lr=3.99e-05
[17:13:47]     train step 2600/4000 loss=0.01137 lr=3.20e-05
[17:13:51]     train step 2800/4000 loss=0.01018 lr=2.48e-05
[17:13:55]     train step 3000/4000 loss=0.00936 lr=1.82e-05
[17:13:59]     train step 3200/4000 loss=0.00868 lr=1.26e-05
[17:14:03]     train step 3400/4000 loss=0.00819 lr=8.08e-06
[17:14:08]     train step 3600/4000 loss=0.00787 lr=4.74e-06
[17:14:12]     train step 3800/4000 loss=0.00774 lr=2.69e-06
[17:14:16]     train step 4000/4000 loss=0.00770 lr=2.00e-06
[17:21:22]   [eval] SR=0.960
[17:21:23]   [thrifty] intervention at t=0 (rollout 0) len=45
[17:21:23] 
===== thrifty Round 3 | dataset=11 =====
[17:21:28]     train step 200/4000 loss=0.61814 lr=8.00e-05
[17:21:32]     train step 400/4000 loss=0.22558 lr=9.96e-05
[17:21:36]     train step 600/4000 loss=0.08531 lr=9.79e-05
[17:21:40]     train step 800/4000 loss=0.05252 lr=9.49e-05
[17:21:44]     train step 1000/4000 loss=0.03783 lr=9.07e-05
[17:21:48]     train step 1200/4000 loss=0.02988 lr=8.53e-05
[17:21:53]     train step 1400/4000 loss=0.02535 lr=7.90e-05
[17:21:57]     train step 1600/4000 loss=0.02059 lr=7.19e-05
[17:22:01]     train step 1800/4000 loss=0.01754 lr=6.42e-05
[17:22:05]     train step 2000/4000 loss=0.01542 lr=5.62e-05
[17:22:09]     train step 2200/4000 loss=0.01336 lr=4.80e-05
[17:22:13]     train step 2400/4000 loss=0.01153 lr=3.99e-05
[17:22:17]     train step 2600/4000 loss=0.01034 lr=3.20e-05
[17:22:21]     train step 2800/4000 loss=0.00938 lr=2.48e-05
[17:22:26]     train step 3000/4000 loss=0.00875 lr=1.82e-05
[17:22:30]     train step 3200/4000 loss=0.00805 lr=1.26e-05
[17:22:34]     train step 3400/4000 loss=0.00762 lr=8.08e-06
[17:22:38]     train step 3600/4000 loss=0.00737 lr=4.74e-06
[17:22:42]     train step 3800/4000 loss=0.00727 lr=2.69e-06
[17:22:46]     train step 4000/4000 loss=0.00722 lr=2.00e-06
[17:29:40]   [eval] SR=0.990
[17:29:41]   [thrifty] intervention at t=0 (rollout 0) len=44
[17:29:41] 
===== thrifty Round 4 | dataset=12 =====
[17:29:46]     train step 200/4000 loss=0.61713 lr=8.00e-05
[17:29:50]     train step 400/4000 loss=0.21734 lr=9.96e-05
[17:29:54]     train step 600/4000 loss=0.08440 lr=9.79e-05
[17:29:58]     train step 800/4000 loss=0.05287 lr=9.49e-05
[17:30:02]     train step 1000/4000 loss=0.03881 lr=9.07e-05
[17:30:06]     train step 1200/4000 loss=0.03018 lr=8.53e-05
[17:30:10]     train step 1400/4000 loss=0.02441 lr=7.90e-05
[17:30:15]     train step 1600/4000 loss=0.01993 lr=7.19e-05
[17:30:19]     train step 1800/4000 loss=0.01736 lr=6.42e-05
[17:30:23]     train step 2000/4000 loss=0.01516 lr=5.62e-05
[17:30:27]     train step 2200/4000 loss=0.01315 lr=4.80e-05
[17:30:31]     train step 2400/4000 loss=0.01174 lr=3.99e-05
[17:30:35]     train step 2600/4000 loss=0.01039 lr=3.20e-05
[17:30:39]     train step 2800/4000 loss=0.00945 lr=2.48e-05
[17:30:44]     train step 3000/4000 loss=0.00861 lr=1.82e-05
[17:30:48]     train step 3200/4000 loss=0.00799 lr=1.26e-05
[17:30:52]     train step 3400/4000 loss=0.00757 lr=8.08e-06
[17:30:56]     train step 3600/4000 loss=0.00733 lr=4.74e-06
[17:31:00]     train step 3800/4000 loss=0.00721 lr=2.69e-06
[17:31:04]     train step 4000/4000 loss=0.00712 lr=2.00e-06
[17:37:55]   [eval] SR=1.000
[17:37:56]   [thrifty] intervention at t=0 (rollout 0) len=47
[17:37:56] 
===== thrifty Round 5 | dataset=13 =====
[17:38:00]     train step 200/4000 loss=0.61669 lr=8.00e-05
[17:38:04]     train step 400/4000 loss=0.21735 lr=9.96e-05
[17:38:08]     train step 600/4000 loss=0.08255 lr=9.79e-05
[17:38:13]     train step 800/4000 loss=0.05059 lr=9.49e-05
[17:38:17]     train step 1000/4000 loss=0.03756 lr=9.07e-05
[17:38:21]     train step 1200/4000 loss=0.02892 lr=8.53e-05
[17:38:25]     train step 1400/4000 loss=0.02375 lr=7.90e-05
[17:38:29]     train step 1600/4000 loss=0.01992 lr=7.19e-05
[17:38:33]     train step 1800/4000 loss=0.01719 lr=6.42e-05
[17:38:37]     train step 2000/4000 loss=0.01466 lr=5.62e-05
[17:38:41]     train step 2200/4000 loss=0.01312 lr=4.80e-05
[17:38:46]     train step 2400/4000 loss=0.01155 lr=3.99e-05
[17:38:50]     train step 2600/4000 loss=0.01045 lr=3.20e-05
[17:38:54]     train step 2800/4000 loss=0.00923 lr=2.48e-05
[17:38:58]     train step 3000/4000 loss=0.00833 lr=1.82e-05
[17:39:02]     train step 3200/4000 loss=0.00788 lr=1.26e-05
[17:39:06]     train step 3400/4000 loss=0.00740 lr=8.08e-06
[17:39:10]     train step 3600/4000 loss=0.00714 lr=4.74e-06
[17:39:14]     train step 3800/4000 loss=0.00702 lr=2.69e-06
[17:39:18]     train step 4000/4000 loss=0.00696 lr=2.00e-06
[17:46:05]   [eval] SR=1.000
[17:46:06]   [thrifty] intervention at t=0 (rollout 0) len=43
[17:46:06] 
===== thrifty Round 6 | dataset=14 =====
[17:46:10]     train step 200/4000 loss=0.61697 lr=8.00e-05
[17:46:15]     train step 400/4000 loss=0.21648 lr=9.96e-05
[17:46:19]     train step 600/4000 loss=0.08309 lr=9.79e-05
[17:46:23]     train step 800/4000 loss=0.05217 lr=9.49e-05
[17:46:27]     train step 1000/4000 loss=0.03807 lr=9.07e-05
[17:46:31]     train step 1200/4000 loss=0.02976 lr=8.53e-05
[17:46:35]     train step 1400/4000 loss=0.02411 lr=7.90e-05
[17:46:39]     train step 1600/4000 loss=0.02036 lr=7.19e-05
[17:46:43]     train step 1800/4000 loss=0.01705 lr=6.42e-05
[17:46:48]     train step 2000/4000 loss=0.01486 lr=5.62e-05
[17:46:52]     train step 2200/4000 loss=0.01314 lr=4.80e-05
[17:46:56]     train step 2400/4000 loss=0.01161 lr=3.99e-05
[17:47:00]     train step 2600/4000 loss=0.01024 lr=3.20e-05
[17:47:04]     train step 2800/4000 loss=0.00923 lr=2.48e-05
[17:47:08]     train step 3000/4000 loss=0.00848 lr=1.82e-05
[17:47:12]     train step 3200/4000 loss=0.00792 lr=1.26e-05
[17:47:16]     train step 3400/4000 loss=0.00742 lr=8.08e-06
[17:47:20]     train step 3600/4000 loss=0.00718 lr=4.74e-06
[17:47:25]     train step 3800/4000 loss=0.00707 lr=2.69e-06
[17:47:29]     train step 4000/4000 loss=0.00702 lr=2.00e-06
[17:54:17]   [eval] SR=1.000
[17:54:18]   [thrifty] intervention at t=0 (rollout 0) len=45
[17:54:18] 
===== thrifty Round 7 | dataset=15 =====
[17:54:22]     train step 200/4000 loss=0.61813 lr=8.00e-05
[17:54:26]     train step 400/4000 loss=0.22101 lr=9.96e-05
[17:54:30]     train step 600/4000 loss=0.08385 lr=9.79e-05
[17:54:35]     train step 800/4000 loss=0.05138 lr=9.49e-05
[17:54:39]     train step 1000/4000 loss=0.03687 lr=9.07e-05
[17:54:43]     train step 1200/4000 loss=0.02931 lr=8.53e-05
[17:54:47]     train step 1400/4000 loss=0.02387 lr=7.90e-05
[17:54:51]     train step 1600/4000 loss=0.02066 lr=7.19e-05
[17:54:55]     train step 1800/4000 loss=0.01756 lr=6.42e-05
[17:55:00]     train step 2000/4000 loss=0.01563 lr=5.62e-05
[17:55:04]     train step 2200/4000 loss=0.01363 lr=4.80e-05
[17:55:08]     train step 2400/4000 loss=0.01212 lr=3.99e-05
[17:55:12]     train step 2600/4000 loss=0.01066 lr=3.20e-05
[17:55:16]     train step 2800/4000 loss=0.00971 lr=2.48e-05
[17:55:20]     train step 3000/4000 loss=0.00887 lr=1.82e-05
[17:55:24]     train step 3200/4000 loss=0.00832 lr=1.26e-05
[17:55:29]     train step 3400/4000 loss=0.00783 lr=8.08e-06
[17:55:33]     train step 3600/4000 loss=0.00763 lr=4.74e-06
[17:55:37]     train step 3800/4000 loss=0.00744 lr=2.69e-06
[17:55:41]     train step 4000/4000 loss=0.00738 lr=2.00e-06
[18:02:30]   [eval] SR=1.000
[18:02:31]   [thrifty] intervention at t=0 (rollout 0) len=44
[18:02:31] 
===== thrifty Round 8 | dataset=16 =====
[18:02:35]     train step 200/4000 loss=0.61821 lr=8.00e-05
[18:02:39]     train step 400/4000 loss=0.21894 lr=9.96e-05
[18:02:43]     train step 600/4000 loss=0.07946 lr=9.79e-05
[18:02:47]     train step 800/4000 loss=0.05038 lr=9.49e-05
[18:02:52]     train step 1000/4000 loss=0.03708 lr=9.07e-05
[18:02:56]     train step 1200/4000 loss=0.02892 lr=8.53e-05
[18:03:00]     train step 1400/4000 loss=0.02386 lr=7.90e-05
[18:03:04]     train step 1600/4000 loss=0.02025 lr=7.19e-05
[18:03:08]     train step 1800/4000 loss=0.01691 lr=6.42e-05
[18:03:12]     train step 2000/4000 loss=0.01509 lr=5.62e-05
[18:03:17]     train step 2200/4000 loss=0.01318 lr=4.80e-05
[18:03:21]     train step 2400/4000 loss=0.01146 lr=3.99e-05
[18:03:25]     train step 2600/4000 loss=0.01010 lr=3.20e-05
[18:03:29]     train step 2800/4000 loss=0.00926 lr=2.48e-05
[18:03:33]     train step 3000/4000 loss=0.00842 lr=1.82e-05
[18:03:37]     train step 3200/4000 loss=0.00796 lr=1.26e-05
[18:03:41]     train step 3400/4000 loss=0.00748 lr=8.08e-06
[18:03:45]     train step 3600/4000 loss=0.00723 lr=4.74e-06
[18:03:50]     train step 3800/4000 loss=0.00712 lr=2.69e-06
[18:03:54]     train step 4000/4000 loss=0.00703 lr=2.00e-06
[18:10:42]   [eval] SR=1.000
[18:10:43]   [thrifty] intervention at t=0 (rollout 0) len=48
[18:10:43] 
===== thrifty Round 9 | dataset=17 =====
[18:10:47]     train step 200/4000 loss=0.61793 lr=8.00e-05
[18:10:52]     train step 400/4000 loss=0.21689 lr=9.96e-05
[18:10:56]     train step 600/4000 loss=0.08040 lr=9.79e-05
[18:11:00]     train step 800/4000 loss=0.05097 lr=9.49e-05
[18:11:04]     train step 1000/4000 loss=0.03786 lr=9.07e-05
[18:11:08]     train step 1200/4000 loss=0.02979 lr=8.53e-05
[18:11:12]     train step 1400/4000 loss=0.02442 lr=7.90e-05
[18:11:16]     train step 1600/4000 loss=0.02099 lr=7.19e-05
[18:11:21]     train step 1800/4000 loss=0.01798 lr=6.42e-05
[18:11:25]     train step 2000/4000 loss=0.01590 lr=5.62e-05
[18:11:29]     train step 2200/4000 loss=0.01354 lr=4.80e-05
[18:11:33]     train step 2400/4000 loss=0.01217 lr=3.99e-05
[18:11:37]     train step 2600/4000 loss=0.01108 lr=3.20e-05
[18:11:41]     train step 2800/4000 loss=0.00992 lr=2.48e-05
[18:11:45]     train step 3000/4000 loss=0.00907 lr=1.82e-05
[18:11:50]     train step 3200/4000 loss=0.00851 lr=1.26e-05
[18:11:54]     train step 3400/4000 loss=0.00799 lr=8.08e-06
[18:11:58]     train step 3600/4000 loss=0.00775 lr=4.74e-06
[18:12:02]     train step 3800/4000 loss=0.00765 lr=2.69e-06
[18:12:06]     train step 4000/4000 loss=0.00755 lr=2.00e-06
[18:18:57]   [eval] SR=1.000
[18:18:57]   [thrifty] intervention at t=0 (rollout 0) len=43
[18:18:57] 
===== thrifty Round 10 | dataset=18 =====
[18:19:02]     train step 200/4000 loss=0.61791 lr=8.00e-05
[18:19:06]     train step 400/4000 loss=0.21947 lr=9.96e-05
[18:19:10]     train step 600/4000 loss=0.08152 lr=9.79e-05
[18:19:14]     train step 800/4000 loss=0.04957 lr=9.49e-05
[18:19:18]     train step 1000/4000 loss=0.03671 lr=9.07e-05
[18:19:22]     train step 1200/4000 loss=0.02985 lr=8.53e-05
[18:19:26]     train step 1400/4000 loss=0.02458 lr=7.90e-05
[18:19:31]     train step 1600/4000 loss=0.02039 lr=7.19e-05
[18:19:35]     train step 1800/4000 loss=0.01789 lr=6.42e-05
[18:19:39]     train step 2000/4000 loss=0.01566 lr=5.62e-05
[18:19:43]     train step 2200/4000 loss=0.01384 lr=4.80e-05
[18:19:47]     train step 2400/4000 loss=0.01232 lr=3.99e-05
[18:19:51]     train step 2600/4000 loss=0.01093 lr=3.20e-05
[18:19:55]     train step 2800/4000 loss=0.01006 lr=2.48e-05
[18:19:59]     train step 3000/4000 loss=0.00917 lr=1.82e-05
[18:20:04]     train step 3200/4000 loss=0.00856 lr=1.26e-05
[18:20:08]     train step 3400/4000 loss=0.00810 lr=8.08e-06
[18:20:12]     train step 3600/4000 loss=0.00783 lr=4.74e-06
[18:20:16]     train step 3800/4000 loss=0.00771 lr=2.69e-06
[18:20:20]     train step 4000/4000 loss=0.00762 lr=2.00e-06
[18:27:11]   [eval] SR=1.000
[18:27:12]   [thrifty] intervention at t=0 (rollout 0) len=48
[18:27:12] 
===== thrifty Round 11 | dataset=19 =====
[18:27:17]     train step 200/4000 loss=0.61907 lr=8.00e-05
[18:27:21]     train step 400/4000 loss=0.21960 lr=9.96e-05
[18:27:25]     train step 600/4000 loss=0.08074 lr=9.79e-05
[18:27:29]     train step 800/4000 loss=0.04960 lr=9.49e-05
[18:27:33]     train step 1000/4000 loss=0.03728 lr=9.07e-05
[18:27:37]     train step 1200/4000 loss=0.02978 lr=8.53e-05
[18:27:41]     train step 1400/4000 loss=0.02445 lr=7.90e-05
[18:27:46]     train step 1600/4000 loss=0.02068 lr=7.19e-05
[18:27:50]     train step 1800/4000 loss=0.01764 lr=6.42e-05
[18:27:54]     train step 2000/4000 loss=0.01558 lr=5.62e-05
[18:27:58]     train step 2200/4000 loss=0.01350 lr=4.80e-05
[18:28:02]     train step 2400/4000 loss=0.01199 lr=3.99e-05
[18:28:06]     train step 2600/4000 loss=0.01066 lr=3.20e-05
[18:28:10]     train step 2800/4000 loss=0.00976 lr=2.48e-05
[18:28:15]     train step 3000/4000 loss=0.00900 lr=1.82e-05
[18:28:19]     train step 3200/4000 loss=0.00836 lr=1.26e-05
[18:28:23]     train step 3400/4000 loss=0.00792 lr=8.08e-06
[18:28:27]     train step 3600/4000 loss=0.00766 lr=4.74e-06
[18:28:31]     train step 3800/4000 loss=0.00754 lr=2.69e-06
[18:28:35]     train step 4000/4000 loss=0.00746 lr=2.00e-06
[18:35:28]   [eval] SR=0.990
[18:35:29]   [thrifty] intervention at t=0 (rollout 0) len=46
[18:35:29] 
===== thrifty Round 12 | dataset=20 =====
[18:35:33]     train step 200/4000 loss=0.61836 lr=8.00e-05
[18:35:37]     train step 400/4000 loss=0.21725 lr=9.96e-05
[18:35:41]     train step 600/4000 loss=0.08291 lr=9.79e-05
[18:35:45]     train step 800/4000 loss=0.05028 lr=9.49e-05
[18:35:50]     train step 1000/4000 loss=0.03716 lr=9.07e-05
[18:35:54]     train step 1200/4000 loss=0.02996 lr=8.53e-05
[18:35:58]     train step 1400/4000 loss=0.02415 lr=7.90e-05
[18:36:02]     train step 1600/4000 loss=0.02086 lr=7.19e-05
[18:36:06]     train step 1800/4000 loss=0.01806 lr=6.42e-05
[18:36:10]     train step 2000/4000 loss=0.01545 lr=5.62e-05
[18:36:14]     train step 2200/4000 loss=0.01370 lr=4.80e-05
[18:36:18]     train step 2400/4000 loss=0.01218 lr=3.99e-05
[18:36:23]     train step 2600/4000 loss=0.01082 lr=3.20e-05
[18:36:27]     train step 2800/4000 loss=0.01009 lr=2.48e-05
[18:36:31]     train step 3000/4000 loss=0.00899 lr=1.82e-05
[18:36:35]     train step 3200/4000 loss=0.00847 lr=1.26e-05
[18:36:39]     train step 3400/4000 loss=0.00798 lr=8.08e-06
[18:36:43]     train step 3600/4000 loss=0.00769 lr=4.74e-06
[18:36:47]     train step 3800/4000 loss=0.00760 lr=2.69e-06
[18:36:51]     train step 4000/4000 loss=0.00751 lr=2.00e-06
[18:43:44]   [eval] SR=0.990
[18:43:45]   [thrifty] intervention at t=0 (rollout 0) len=47
[18:43:45] 
===== thrifty Round 13 | dataset=21 =====
[18:43:49]     train step 200/4000 loss=0.61826 lr=8.00e-05
[18:43:53]     train step 400/4000 loss=0.21632 lr=9.96e-05
[18:43:57]     train step 600/4000 loss=0.08092 lr=9.79e-05
[18:44:01]     train step 800/4000 loss=0.05099 lr=9.49e-05
[18:44:05]     train step 1000/4000 loss=0.03784 lr=9.07e-05
[18:44:10]     train step 1200/4000 loss=0.03034 lr=8.53e-05
[18:44:14]     train step 1400/4000 loss=0.02524 lr=7.90e-05
[18:44:18]     train step 1600/4000 loss=0.02117 lr=7.19e-05
[18:44:22]     train step 1800/4000 loss=0.01834 lr=6.42e-05
[18:44:26]     train step 2000/4000 loss=0.01571 lr=5.62e-05
[18:44:30]     train step 2200/4000 loss=0.01403 lr=4.80e-05
[18:44:34]     train step 2400/4000 loss=0.01218 lr=3.99e-05
[18:44:38]     train step 2600/4000 loss=0.01097 lr=3.20e-05
[18:44:42]     train step 2800/4000 loss=0.00991 lr=2.48e-05
[18:44:47]     train step 3000/4000 loss=0.00904 lr=1.82e-05
[18:44:51]     train step 3200/4000 loss=0.00849 lr=1.26e-05
[18:44:55]     train step 3400/4000 loss=0.00796 lr=8.08e-06
[18:44:59]     train step 3600/4000 loss=0.00771 lr=4.74e-06
[18:45:03]     train step 3800/4000 loss=0.00757 lr=2.69e-06
[18:45:07]     train step 4000/4000 loss=0.00749 lr=2.00e-06
[18:51:59]   [eval] SR=0.990
[18:52:00]   [thrifty] intervention at t=0 (rollout 0) len=43
[18:52:00] 
===== thrifty Round 14 | dataset=22 =====
[18:52:04]     train step 200/4000 loss=0.61692 lr=8.00e-05
[18:52:08]     train step 400/4000 loss=0.21693 lr=9.96e-05
[18:52:13]     train step 600/4000 loss=0.08104 lr=9.79e-05
[18:52:17]     train step 800/4000 loss=0.04946 lr=9.49e-05
[18:52:21]     train step 1000/4000 loss=0.03680 lr=9.07e-05
[18:52:25]     train step 1200/4000 loss=0.02979 lr=8.53e-05
[18:52:29]     train step 1400/4000 loss=0.02460 lr=7.90e-05
[18:52:33]     train step 1600/4000 loss=0.02071 lr=7.19e-05
[18:52:37]     train step 1800/4000 loss=0.01815 lr=6.42e-05
[18:52:41]     train step 2000/4000 loss=0.01558 lr=5.62e-05
[18:52:46]     train step 2200/4000 loss=0.01384 lr=4.80e-05
[18:52:50]     train step 2400/4000 loss=0.01219 lr=3.99e-05
[18:52:54]     train step 2600/4000 loss=0.01089 lr=3.20e-05
[18:52:58]     train step 2800/4000 loss=0.00978 lr=2.48e-05
[18:53:02]     train step 3000/4000 loss=0.00899 lr=1.82e-05
[18:53:06]     train step 3200/4000 loss=0.00848 lr=1.26e-05
[18:53:10]     train step 3400/4000 loss=0.00795 lr=8.08e-06
[18:53:14]     train step 3600/4000 loss=0.00771 lr=4.74e-06
[18:53:19]     train step 3800/4000 loss=0.00759 lr=2.69e-06
[18:53:23]     train step 4000/4000 loss=0.00751 lr=2.00e-06
[19:00:08]   [eval] SR=1.000
[19:00:09]   [thrifty] intervention at t=0 (rollout 0) len=42
[19:00:09] 
===== thrifty Round 15 | dataset=23 =====
[19:00:13]     train step 200/4000 loss=0.61728 lr=8.00e-05
[19:00:17]     train step 400/4000 loss=0.21672 lr=9.96e-05
[19:00:21]     train step 600/4000 loss=0.08000 lr=9.79e-05
[19:00:25]     train step 800/4000 loss=0.04906 lr=9.49e-05
[19:00:30]     train step 1000/4000 loss=0.03641 lr=9.07e-05
[19:00:34]     train step 1200/4000 loss=0.02991 lr=8.53e-05
[19:00:38]     train step 1400/4000 loss=0.02484 lr=7.90e-05
[19:00:42]     train step 1600/4000 loss=0.02109 lr=7.19e-05
[19:00:46]     train step 1800/4000 loss=0.01804 lr=6.42e-05
[19:00:50]     train step 2000/4000 loss=0.01573 lr=5.62e-05
[19:00:54]     train step 2200/4000 loss=0.01369 lr=4.80e-05
[19:00:58]     train step 2400/4000 loss=0.01207 lr=3.99e-05
[19:01:03]     train step 2600/4000 loss=0.01087 lr=3.20e-05
[19:01:07]     train step 2800/4000 loss=0.00987 lr=2.48e-05
[19:01:11]     train step 3000/4000 loss=0.00911 lr=1.82e-05
[19:01:15]     train step 3200/4000 loss=0.00855 lr=1.26e-05
[19:01:19]     train step 3400/4000 loss=0.00799 lr=8.08e-06
[19:01:23]     train step 3600/4000 loss=0.00768 lr=4.74e-06
[19:01:27]     train step 3800/4000 loss=0.00758 lr=2.69e-06
[19:01:31]     train step 4000/4000 loss=0.00749 lr=2.00e-06
[19:08:17]   [eval] SR=1.000
[19:08:17]   [thrifty] intervention at t=0 (rollout 0) len=45
[19:08:18] 
===== thrifty Round 16 | dataset=24 =====
[19:08:22]     train step 200/4000 loss=0.61343 lr=8.00e-05
[19:08:26]     train step 400/4000 loss=0.21437 lr=9.96e-05
[19:08:30]     train step 600/4000 loss=0.08010 lr=9.79e-05
[19:08:34]     train step 800/4000 loss=0.05097 lr=9.49e-05
[19:08:38]     train step 1000/4000 loss=0.03687 lr=9.07e-05
[19:08:42]     train step 1200/4000 loss=0.02983 lr=8.53e-05
[19:08:46]     train step 1400/4000 loss=0.02471 lr=7.90e-05
[19:08:50]     train step 1600/4000 loss=0.02072 lr=7.19e-05
[19:08:55]     train step 1800/4000 loss=0.01843 lr=6.42e-05
[19:08:59]     train step 2000/4000 loss=0.01573 lr=5.62e-05
[19:09:03]     train step 2200/4000 loss=0.01371 lr=4.80e-05
[19:09:07]     train step 2400/4000 loss=0.01197 lr=3.99e-05
[19:09:11]     train step 2600/4000 loss=0.01095 lr=3.20e-05
[19:09:15]     train step 2800/4000 loss=0.00994 lr=2.48e-05
[19:09:19]     train step 3000/4000 loss=0.00917 lr=1.82e-05
[19:09:23]     train step 3200/4000 loss=0.00849 lr=1.26e-05
[19:09:28]     train step 3400/4000 loss=0.00804 lr=8.08e-06
[19:09:32]     train step 3600/4000 loss=0.00779 lr=4.74e-06
[19:09:36]     train step 3800/4000 loss=0.00767 lr=2.69e-06
[19:09:40]     train step 4000/4000 loss=0.00760 lr=2.00e-06
[19:16:26]   [eval] SR=1.000
[19:16:26]   [thrifty] intervention at t=0 (rollout 0) len=47
[19:16:26] 
===== thrifty Round 17 | dataset=25 =====
[19:16:31]     train step 200/4000 loss=0.61370 lr=8.00e-05
[19:16:35]     train step 400/4000 loss=0.21598 lr=9.96e-05
[19:16:39]     train step 600/4000 loss=0.08092 lr=9.79e-05
[19:16:43]     train step 800/4000 loss=0.05015 lr=9.49e-05
[19:16:47]     train step 1000/4000 loss=0.03727 lr=9.07e-05
[19:16:51]     train step 1200/4000 loss=0.02948 lr=8.53e-05
[19:16:56]     train step 1400/4000 loss=0.02498 lr=7.90e-05
[19:17:00]     train step 1600/4000 loss=0.02137 lr=7.19e-05
[19:17:04]     train step 1800/4000 loss=0.01844 lr=6.42e-05
[19:17:08]     train step 2000/4000 loss=0.01625 lr=5.62e-05
[19:17:12]     train step 2200/4000 loss=0.01433 lr=4.80e-05
[19:17:16]     train step 2400/4000 loss=0.01277 lr=3.99e-05
[19:17:20]     train step 2600/4000 loss=0.01139 lr=3.20e-05
[19:17:24]     train step 2800/4000 loss=0.01018 lr=2.48e-05
[19:17:29]     train step 3000/4000 loss=0.00948 lr=1.82e-05
[19:17:33]     train step 3200/4000 loss=0.00890 lr=1.26e-05
[19:17:37]     train step 3400/4000 loss=0.00833 lr=8.08e-06
[19:17:41]     train step 3600/4000 loss=0.00808 lr=4.74e-06
[19:17:45]     train step 3800/4000 loss=0.00792 lr=2.69e-06
[19:17:49]     train step 4000/4000 loss=0.00790 lr=2.00e-06
[19:24:35]   [eval] SR=1.000
[19:24:36]   [thrifty] intervention at t=0 (rollout 0) len=47
[19:24:36] 
===== thrifty Round 18 | dataset=26 =====
[19:24:40]     train step 200/4000 loss=0.61412 lr=8.00e-05
[19:24:44]     train step 400/4000 loss=0.21563 lr=9.96e-05
[19:24:48]     train step 600/4000 loss=0.08042 lr=9.79e-05
[19:24:53]     train step 800/4000 loss=0.04989 lr=9.49e-05
[19:24:57]     train step 1000/4000 loss=0.03658 lr=9.07e-05
[19:25:01]     train step 1200/4000 loss=0.02958 lr=8.53e-05
[19:25:05]     train step 1400/4000 loss=0.02478 lr=7.90e-05
[19:25:09]     train step 1600/4000 loss=0.02054 lr=7.19e-05
[19:25:13]     train step 1800/4000 loss=0.01794 lr=6.42e-05
[19:25:17]     train step 2000/4000 loss=0.01577 lr=5.62e-05
[19:25:22]     train step 2200/4000 loss=0.01370 lr=4.80e-05
[19:25:26]     train step 2400/4000 loss=0.01225 lr=3.99e-05
[19:25:30]     train step 2600/4000 loss=0.01115 lr=3.20e-05
[19:25:34]     train step 2800/4000 loss=0.00992 lr=2.48e-05
[19:25:38]     train step 3000/4000 loss=0.00926 lr=1.82e-05
[19:25:42]     train step 3200/4000 loss=0.00861 lr=1.26e-05
[19:25:46]     train step 3400/4000 loss=0.00815 lr=8.08e-06
[19:25:50]     train step 3600/4000 loss=0.00792 lr=4.74e-06
[19:25:55]     train step 3800/4000 loss=0.00780 lr=2.69e-06
[19:25:59]     train step 4000/4000 loss=0.00771 lr=2.00e-06
[19:32:46]   [eval] SR=1.000
[19:32:46]   [thrifty] intervention at t=0 (rollout 0) len=43
[19:32:47] 
===== thrifty Round 19 | dataset=27 =====
[19:32:51]     train step 200/4000 loss=0.61369 lr=8.00e-05
[19:32:55]     train step 400/4000 loss=0.21538 lr=9.96e-05
[19:32:59]     train step 600/4000 loss=0.08062 lr=9.79e-05
[19:33:03]     train step 800/4000 loss=0.04968 lr=9.49e-05
[19:33:07]     train step 1000/4000 loss=0.03721 lr=9.07e-05
[19:33:12]     train step 1200/4000 loss=0.02953 lr=8.53e-05
[19:33:16]     train step 1400/4000 loss=0.02471 lr=7.90e-05
[19:33:20]     train step 1600/4000 loss=0.02131 lr=7.19e-05
[19:33:24]     train step 1800/4000 loss=0.01876 lr=6.42e-05
[19:33:28]     train step 2000/4000 loss=0.01612 lr=5.62e-05
[19:33:32]     train step 2200/4000 loss=0.01406 lr=4.80e-05
[19:33:36]     train step 2400/4000 loss=0.01287 lr=3.99e-05
[19:33:40]     train step 2600/4000 loss=0.01151 lr=3.20e-05
[19:33:45]     train step 2800/4000 loss=0.01033 lr=2.48e-05
[19:33:49]     train step 3000/4000 loss=0.00965 lr=1.82e-05
[19:33:53]     train step 3200/4000 loss=0.00896 lr=1.26e-05
[19:33:57]     train step 3400/4000 loss=0.00841 lr=8.08e-06
[19:34:01]     train step 3600/4000 loss=0.00819 lr=4.74e-06
[19:34:05]     train step 3800/4000 loss=0.00810 lr=2.69e-06
[19:34:09]     train step 4000/4000 loss=0.00800 lr=2.00e-06
[19:40:56]   [eval] SR=1.000
[19:40:57]   [thrifty] intervention at t=0 (rollout 0) len=46
[19:40:57] 
===== thrifty Round 20 | dataset=28 =====
[19:41:01]     train step 200/4000 loss=0.61355 lr=8.00e-05
[19:41:05]     train step 400/4000 loss=0.21450 lr=9.96e-05
[19:41:09]     train step 600/4000 loss=0.07951 lr=9.79e-05
[19:41:14]     train step 800/4000 loss=0.05010 lr=9.49e-05
[19:41:18]     train step 1000/4000 loss=0.03725 lr=9.07e-05
[19:41:22]     train step 1200/4000 loss=0.02940 lr=8.53e-05
[19:41:26]     train step 1400/4000 loss=0.02422 lr=7.90e-05
[19:41:30]     train step 1600/4000 loss=0.02100 lr=7.19e-05
[19:41:34]     train step 1800/4000 loss=0.01838 lr=6.42e-05
[19:41:39]     train step 2000/4000 loss=0.01582 lr=5.62e-05
[19:41:43]     train step 2200/4000 loss=0.01366 lr=4.80e-05
[19:41:47]     train step 2400/4000 loss=0.01244 lr=3.99e-05
[19:41:51]     train step 2600/4000 loss=0.01109 lr=3.20e-05
[19:41:55]     train step 2800/4000 loss=0.01015 lr=2.48e-05
[19:41:59]     train step 3000/4000 loss=0.00937 lr=1.82e-05
[19:42:03]     train step 3200/4000 loss=0.00878 lr=1.26e-05
[19:42:08]     train step 3400/4000 loss=0.00820 lr=8.08e-06
[19:42:12]     train step 3600/4000 loss=0.00790 lr=4.74e-06
[19:42:16]     train step 3800/4000 loss=0.00783 lr=2.69e-06
[19:42:20]     train step 4000/4000 loss=0.00775 lr=2.00e-06
[19:49:08]   [eval] SR=1.000
[19:49:08] DONE in 10918.5s | final_success=1.0
[19:49:08] [write] /weka/s226137394/DmNfull/distil/results/Lift/state/thrifty/seed2/result.json
