[14:49:35] [env] loaded /weka/s226137394/DmNfull/.env
[14:49:36] ===== DISTIL | task=Lift modality=state ablation=safe seed=3 budget=20 smoke=False device=cuda =====
[14:49:37] [bootstrap] loaded 8 shared demos from /weka/s226137394/DmNfull/distil/results/shared_bootstrap/Lift_state/Lift_state_ni8.pkl
[14:49:39] 
===== safe Round 0 | dataset=8 =====
[14:49:44]     train step 200/8000 loss=0.61264 lr=8.00e-05
[14:49:48]     train step 400/8000 loss=0.24755 lr=9.99e-05
[14:49:52]     train step 600/8000 loss=0.08783 lr=9.95e-05
[14:49:56]     train step 800/8000 loss=0.05361 lr=9.88e-05
[14:50:00]     train step 1000/8000 loss=0.03811 lr=9.78e-05
[14:50:04]     train step 1200/8000 loss=0.02961 lr=9.64e-05
[14:50:08]     train step 1400/8000 loss=0.02391 lr=9.48e-05
[14:50:12]     train step 1600/8000 loss=0.02031 lr=9.29e-05
[14:50:16]     train step 1800/8000 loss=0.01772 lr=9.07e-05
[14:50:20]     train step 2000/8000 loss=0.01520 lr=8.82e-05
[14:50:25]     train step 2200/8000 loss=0.01290 lr=8.55e-05
[14:50:29]     train step 2400/8000 loss=0.01114 lr=8.26e-05
[14:50:33]     train step 2600/8000 loss=0.01006 lr=7.94e-05
[14:50:37]     train step 2800/8000 loss=0.00924 lr=7.61e-05
[14:50:41]     train step 3000/8000 loss=0.00821 lr=7.26e-05
[14:50:45]     train step 3200/8000 loss=0.00679 lr=6.90e-05
[14:50:49]     train step 3400/8000 loss=0.00672 lr=6.52e-05
[14:50:53]     train step 3600/8000 loss=0.00530 lr=6.14e-05
[14:50:57]     train step 3800/8000 loss=0.00500 lr=5.75e-05
[14:51:01]     train step 4000/8000 loss=0.00488 lr=5.35e-05
[14:51:05]     train step 4200/8000 loss=0.00431 lr=4.95e-05
[14:51:09]     train step 4400/8000 loss=0.00397 lr=4.56e-05
[14:51:13]     train step 4600/8000 loss=0.00380 lr=4.16e-05
[14:51:17]     train step 4800/8000 loss=0.00335 lr=3.78e-05
[14:51:21]     train step 5000/8000 loss=0.00306 lr=3.40e-05
[14:51:25]     train step 5200/8000 loss=0.00285 lr=3.03e-05
[14:51:29]     train step 5400/8000 loss=0.00272 lr=2.68e-05
[14:51:33]     train step 5600/8000 loss=0.00253 lr=2.34e-05
[14:51:37]     train step 5800/8000 loss=0.00244 lr=2.02e-05
[14:51:41]     train step 6000/8000 loss=0.00231 lr=1.73e-05
[14:51:45]     train step 6200/8000 loss=0.00223 lr=1.45e-05
[14:51:49]     train step 6400/8000 loss=0.00215 lr=1.20e-05
[14:51:53]     train step 6600/8000 loss=0.00208 lr=9.69e-06
[14:51:57]     train step 6800/8000 loss=0.00204 lr=7.69e-06
[14:52:01]     train step 7000/8000 loss=0.00199 lr=5.98e-06
[14:52:05]     train step 7200/8000 loss=0.00196 lr=4.56e-06
[14:52:09]     train step 7400/8000 loss=0.00192 lr=3.45e-06
[14:52:13]     train step 7600/8000 loss=0.00192 lr=2.65e-06
[14:52:17]     train step 7800/8000 loss=0.00187 lr=2.16e-06
[14:52:22]     train step 8000/8000 loss=0.00188 lr=2.00e-06
[14:55:24]   [eval] SR=0.710
[14:55:25]   [safe] intervention at t=0 (rollout 0) len=47
[14:55:25] 
===== safe Round 1 | dataset=9 =====
[14:55:29]     train step 200/4000 loss=0.60984 lr=8.00e-05
[14:55:33]     train step 400/4000 loss=0.23260 lr=9.96e-05
[14:55:37]     train step 600/4000 loss=0.08241 lr=9.79e-05
[14:55:41]     train step 800/4000 loss=0.05173 lr=9.49e-05
[14:55:45]     train step 1000/4000 loss=0.03825 lr=9.07e-05
[14:55:49]     train step 1200/4000 loss=0.02978 lr=8.53e-05
[14:55:53]     train step 1400/4000 loss=0.02424 lr=7.90e-05
[14:55:58]     train step 1600/4000 loss=0.02026 lr=7.19e-05
[14:56:02]     train step 1800/4000 loss=0.01703 lr=6.42e-05
[14:56:06]     train step 2000/4000 loss=0.01500 lr=5.62e-05
[14:56:10]     train step 2200/4000 loss=0.01269 lr=4.80e-05
[14:56:14]     train step 2400/4000 loss=0.01081 lr=3.99e-05
[14:56:18]     train step 2600/4000 loss=0.01004 lr=3.20e-05
[14:56:22]     train step 2800/4000 loss=0.00883 lr=2.48e-05
[14:56:26]     train step 3000/4000 loss=0.00789 lr=1.82e-05
[14:56:30]     train step 3200/4000 loss=0.00723 lr=1.26e-05
[14:56:34]     train step 3400/4000 loss=0.00700 lr=8.08e-06
[14:56:38]     train step 3600/4000 loss=0.00659 lr=4.74e-06
[14:56:42]     train step 3800/4000 loss=0.00642 lr=2.69e-06
[14:56:47]     train step 4000/4000 loss=0.00629 lr=2.00e-06
[14:58:52]   [eval] SR=0.900
[14:58:52]   [safe] intervention at t=0 (rollout 0) len=43
[14:58:52] 
===== safe Round 2 | dataset=10 =====
[14:58:57]     train step 200/4000 loss=0.60857 lr=8.00e-05
[14:59:01]     train step 400/4000 loss=0.22723 lr=9.96e-05
[14:59:05]     train step 600/4000 loss=0.08123 lr=9.79e-05
[14:59:09]     train step 800/4000 loss=0.05007 lr=9.49e-05
[14:59:13]     train step 1000/4000 loss=0.03608 lr=9.07e-05
[14:59:18]     train step 1200/4000 loss=0.02957 lr=8.53e-05
[14:59:22]     train step 1400/4000 loss=0.02371 lr=7.90e-05
[14:59:26]     train step 1600/4000 loss=0.02043 lr=7.19e-05
[14:59:30]     train step 1800/4000 loss=0.01713 lr=6.42e-05
[14:59:34]     train step 2000/4000 loss=0.01480 lr=5.62e-05
[14:59:38]     train step 2200/4000 loss=0.01279 lr=4.80e-05
[14:59:42]     train step 2400/4000 loss=0.01104 lr=3.99e-05
[14:59:47]     train step 2600/4000 loss=0.00991 lr=3.20e-05
[14:59:51]     train step 2800/4000 loss=0.00892 lr=2.48e-05
[14:59:55]     train step 3000/4000 loss=0.00826 lr=1.82e-05
[14:59:59]     train step 3200/4000 loss=0.00745 lr=1.26e-05
[15:00:03]     train step 3400/4000 loss=0.00721 lr=8.08e-06
[15:00:07]     train step 3600/4000 loss=0.00685 lr=4.74e-06
[15:00:11]     train step 3800/4000 loss=0.00665 lr=2.69e-06
[15:00:16]     train step 4000/4000 loss=0.00657 lr=2.00e-06
[15:01:56]   [eval] SR=0.960
[15:01:56]   [safe] intervention at t=0 (rollout 0) len=46
[15:01:56] 
===== safe Round 3 | dataset=11 =====
[15:02:01]     train step 200/4000 loss=0.60959 lr=8.00e-05
[15:02:05]     train step 400/4000 loss=0.22344 lr=9.96e-05
[15:02:09]     train step 600/4000 loss=0.07817 lr=9.79e-05
[15:02:13]     train step 800/4000 loss=0.04858 lr=9.49e-05
[15:02:18]     train step 1000/4000 loss=0.03598 lr=9.07e-05
[15:02:22]     train step 1200/4000 loss=0.02899 lr=8.53e-05
[15:02:26]     train step 1400/4000 loss=0.02373 lr=7.90e-05
[15:02:30]     train step 1600/4000 loss=0.01983 lr=7.19e-05
[15:02:34]     train step 1800/4000 loss=0.01691 lr=6.42e-05
[15:02:39]     train step 2000/4000 loss=0.01459 lr=5.62e-05
[15:02:43]     train step 2200/4000 loss=0.01263 lr=4.80e-05
[15:02:47]     train step 2400/4000 loss=0.01092 lr=3.99e-05
[15:02:51]     train step 2600/4000 loss=0.00988 lr=3.20e-05
[15:02:55]     train step 2800/4000 loss=0.00862 lr=2.48e-05
[15:03:00]     train step 3000/4000 loss=0.00788 lr=1.82e-05
[15:03:04]     train step 3200/4000 loss=0.00723 lr=1.26e-05
[15:03:08]     train step 3400/4000 loss=0.00685 lr=8.08e-06
[15:03:12]     train step 3600/4000 loss=0.00657 lr=4.74e-06
[15:03:16]     train step 3800/4000 loss=0.00633 lr=2.69e-06
[15:03:21]     train step 4000/4000 loss=0.00623 lr=2.00e-06
[15:04:45]   [eval] SR=0.990
[15:04:46]   [safe] intervention at t=5 (rollout 0) len=39
[15:04:46] 
===== safe Round 4 | dataset=12 =====
[15:04:50]     train step 200/4000 loss=0.60044 lr=8.00e-05
[15:04:55]     train step 400/4000 loss=0.21831 lr=9.96e-05
[15:04:59]     train step 600/4000 loss=0.07818 lr=9.79e-05
[15:05:03]     train step 800/4000 loss=0.04977 lr=9.49e-05
[15:05:07]     train step 1000/4000 loss=0.03701 lr=9.07e-05
[15:05:11]     train step 1200/4000 loss=0.02957 lr=8.53e-05
[15:05:16]     train step 1400/4000 loss=0.02431 lr=7.90e-05
[15:05:20]     train step 1600/4000 loss=0.02038 lr=7.19e-05
[15:05:24]     train step 1800/4000 loss=0.01739 lr=6.42e-05
[15:05:28]     train step 2000/4000 loss=0.01484 lr=5.62e-05
[15:05:32]     train step 2200/4000 loss=0.01321 lr=4.80e-05
[15:05:36]     train step 2400/4000 loss=0.01150 lr=3.99e-05
[15:05:41]     train step 2600/4000 loss=0.01024 lr=3.20e-05
[15:05:45]     train step 2800/4000 loss=0.00915 lr=2.48e-05
[15:05:49]     train step 3000/4000 loss=0.00835 lr=1.82e-05
[15:05:53]     train step 3200/4000 loss=0.00778 lr=1.26e-05
[15:05:57]     train step 3400/4000 loss=0.00740 lr=8.08e-06
[15:06:02]     train step 3600/4000 loss=0.00710 lr=4.74e-06
[15:06:06]     train step 3800/4000 loss=0.00689 lr=2.69e-06
[15:06:10]     train step 4000/4000 loss=0.00677 lr=2.00e-06
[15:07:33]   [eval] SR=0.990
[15:07:33]   [safe] intervention at t=2 (rollout 0) len=45
[15:07:33] 
===== safe Round 5 | dataset=13 =====
[15:07:38]     train step 200/4000 loss=0.60179 lr=8.00e-05
[15:07:42]     train step 400/4000 loss=0.21861 lr=9.96e-05
[15:07:46]     train step 600/4000 loss=0.07780 lr=9.79e-05
[15:07:50]     train step 800/4000 loss=0.04925 lr=9.49e-05
[15:07:55]     train step 1000/4000 loss=0.03650 lr=9.07e-05
[15:07:59]     train step 1200/4000 loss=0.02896 lr=8.53e-05
[15:08:03]     train step 1400/4000 loss=0.02325 lr=7.90e-05
[15:08:07]     train step 1600/4000 loss=0.02008 lr=7.19e-05
[15:08:11]     train step 1800/4000 loss=0.01715 lr=6.42e-05
[15:08:16]     train step 2000/4000 loss=0.01443 lr=5.62e-05
[15:08:20]     train step 2200/4000 loss=0.01273 lr=4.80e-05
[15:08:24]     train step 2400/4000 loss=0.01090 lr=3.99e-05
[15:08:28]     train step 2600/4000 loss=0.00981 lr=3.20e-05
[15:08:32]     train step 2800/4000 loss=0.00895 lr=2.48e-05
[15:08:36]     train step 3000/4000 loss=0.00801 lr=1.82e-05
[15:08:41]     train step 3200/4000 loss=0.00759 lr=1.26e-05
[15:08:45]     train step 3400/4000 loss=0.00721 lr=8.08e-06
[15:08:49]     train step 3600/4000 loss=0.00691 lr=4.74e-06
[15:08:53]     train step 3800/4000 loss=0.00673 lr=2.69e-06
[15:08:57]     train step 4000/4000 loss=0.00660 lr=2.00e-06
[15:10:15]   [eval] SR=1.000
[15:10:16]   [safe] intervention at t=0 (rollout 0) len=44
[15:10:16] 
===== safe Round 6 | dataset=14 =====
[15:10:20]     train step 200/4000 loss=0.60315 lr=8.00e-05
[15:10:24]     train step 400/4000 loss=0.21894 lr=9.96e-05
[15:10:28]     train step 600/4000 loss=0.07753 lr=9.79e-05
[15:10:33]     train step 800/4000 loss=0.04881 lr=9.49e-05
[15:10:37]     train step 1000/4000 loss=0.03606 lr=9.07e-05
[15:10:41]     train step 1200/4000 loss=0.02845 lr=8.53e-05
[15:10:45]     train step 1400/4000 loss=0.02324 lr=7.90e-05
[15:10:49]     train step 1600/4000 loss=0.01980 lr=7.19e-05
[15:10:53]     train step 1800/4000 loss=0.01698 lr=6.42e-05
[15:10:58]     train step 2000/4000 loss=0.01495 lr=5.62e-05
[15:11:02]     train step 2200/4000 loss=0.01299 lr=4.80e-05
[15:11:06]     train step 2400/4000 loss=0.01100 lr=3.99e-05
[15:11:10]     train step 2600/4000 loss=0.00994 lr=3.20e-05
[15:11:14]     train step 2800/4000 loss=0.00902 lr=2.48e-05
[15:11:19]     train step 3000/4000 loss=0.00819 lr=1.82e-05
[15:11:23]     train step 3200/4000 loss=0.00755 lr=1.26e-05
[15:11:27]     train step 3400/4000 loss=0.00738 lr=8.08e-06
[15:11:31]     train step 3600/4000 loss=0.00705 lr=4.74e-06
[15:11:35]     train step 3800/4000 loss=0.00684 lr=2.69e-06
[15:11:40]     train step 4000/4000 loss=0.00673 lr=2.00e-06
[15:12:57]   [eval] SR=1.000
[15:13:01]   [safe] intervention at t=26 (rollout 0) len=19
[15:13:02] 
===== safe Round 7 | dataset=15 =====
[15:13:06]     train step 200/4000 loss=0.60492 lr=8.00e-05
[15:13:10]     train step 400/4000 loss=0.21874 lr=9.96e-05
[15:13:14]     train step 600/4000 loss=0.07739 lr=9.79e-05
[15:13:18]     train step 800/4000 loss=0.04899 lr=9.49e-05
[15:13:23]     train step 1000/4000 loss=0.03638 lr=9.07e-05
[15:13:27]     train step 1200/4000 loss=0.02905 lr=8.53e-05
[15:13:31]     train step 1400/4000 loss=0.02408 lr=7.90e-05
[15:13:35]     train step 1600/4000 loss=0.02033 lr=7.19e-05
[15:13:39]     train step 1800/4000 loss=0.01748 lr=6.42e-05
[15:13:43]     train step 2000/4000 loss=0.01532 lr=5.62e-05
[15:13:48]     train step 2200/4000 loss=0.01313 lr=4.80e-05
[15:13:52]     train step 2400/4000 loss=0.01143 lr=3.99e-05
[15:13:56]     train step 2600/4000 loss=0.01040 lr=3.20e-05
[15:14:00]     train step 2800/4000 loss=0.00938 lr=2.48e-05
[15:14:04]     train step 3000/4000 loss=0.00851 lr=1.82e-05
[15:14:08]     train step 3200/4000 loss=0.00788 lr=1.26e-05
[15:14:13]     train step 3400/4000 loss=0.00756 lr=8.08e-06
[15:14:17]     train step 3600/4000 loss=0.00729 lr=4.74e-06
[15:14:21]     train step 3800/4000 loss=0.00706 lr=2.69e-06
[15:14:25]     train step 4000/4000 loss=0.00695 lr=2.00e-06
[15:15:43]   [eval] SR=1.000
[15:15:47]   [safe] intervention at t=24 (rollout 0) len=21
[15:15:47] 
===== safe Round 8 | dataset=16 =====
[15:15:51]     train step 200/4000 loss=0.60460 lr=8.00e-05
[15:15:55]     train step 400/4000 loss=0.21783 lr=9.96e-05
[15:15:59]     train step 600/4000 loss=0.07861 lr=9.79e-05
[15:16:04]     train step 800/4000 loss=0.04909 lr=9.49e-05
[15:16:08]     train step 1000/4000 loss=0.03646 lr=9.07e-05
[15:16:12]     train step 1200/4000 loss=0.03003 lr=8.53e-05
[15:16:16]     train step 1400/4000 loss=0.02410 lr=7.90e-05
[15:16:20]     train step 1600/4000 loss=0.02070 lr=7.19e-05
[15:16:25]     train step 1800/4000 loss=0.01793 lr=6.42e-05
[15:16:29]     train step 2000/4000 loss=0.01586 lr=5.62e-05
[15:16:33]     train step 2200/4000 loss=0.01365 lr=4.80e-05
[15:16:37]     train step 2400/4000 loss=0.01178 lr=3.99e-05
[15:16:41]     train step 2600/4000 loss=0.01060 lr=3.20e-05
[15:16:46]     train step 2800/4000 loss=0.00972 lr=2.48e-05
[15:16:50]     train step 3000/4000 loss=0.00864 lr=1.82e-05
[15:16:54]     train step 3200/4000 loss=0.00826 lr=1.26e-05
[15:16:58]     train step 3400/4000 loss=0.00777 lr=8.08e-06
[15:17:02]     train step 3600/4000 loss=0.00756 lr=4.74e-06
[15:17:07]     train step 3800/4000 loss=0.00735 lr=2.69e-06
[15:17:11]     train step 4000/4000 loss=0.00721 lr=2.00e-06
[15:18:28]   [eval] SR=1.000
[15:18:32]   [safe] intervention at t=27 (rollout 0) len=21
[15:18:32] 
===== safe Round 9 | dataset=17 =====
[15:18:37]     train step 200/4000 loss=0.60430 lr=8.00e-05
[15:18:41]     train step 400/4000 loss=0.21680 lr=9.96e-05
[15:18:45]     train step 600/4000 loss=0.07891 lr=9.79e-05
[15:18:49]     train step 800/4000 loss=0.05100 lr=9.49e-05
[15:18:53]     train step 1000/4000 loss=0.03670 lr=9.07e-05
[15:18:58]     train step 1200/4000 loss=0.02960 lr=8.53e-05
[15:19:02]     train step 1400/4000 loss=0.02431 lr=7.90e-05
[15:19:06]     train step 1600/4000 loss=0.02044 lr=7.19e-05
[15:19:10]     train step 1800/4000 loss=0.01760 lr=6.42e-05
[15:19:14]     train step 2000/4000 loss=0.01529 lr=5.62e-05
[15:19:19]     train step 2200/4000 loss=0.01313 lr=4.80e-05
[15:19:23]     train step 2400/4000 loss=0.01127 lr=3.99e-05
[15:19:27]     train step 2600/4000 loss=0.01023 lr=3.20e-05
[15:19:31]     train step 2800/4000 loss=0.00950 lr=2.48e-05
[15:19:35]     train step 3000/4000 loss=0.00857 lr=1.82e-05
[15:19:39]     train step 3200/4000 loss=0.00803 lr=1.26e-05
[15:19:44]     train step 3400/4000 loss=0.00768 lr=8.08e-06
[15:19:48]     train step 3600/4000 loss=0.00747 lr=4.74e-06
[15:19:52]     train step 3800/4000 loss=0.00719 lr=2.69e-06
[15:19:56]     train step 4000/4000 loss=0.00708 lr=2.00e-06
[15:21:14]   [eval] SR=1.000
[15:21:18]   [safe] intervention at t=25 (rollout 0) len=18
[15:21:18] 
===== safe Round 10 | dataset=18 =====
[15:21:22]     train step 200/4000 loss=0.60458 lr=8.00e-05
[15:21:26]     train step 400/4000 loss=0.21897 lr=9.96e-05
[15:21:30]     train step 600/4000 loss=0.07843 lr=9.79e-05
[15:21:34]     train step 800/4000 loss=0.04934 lr=9.49e-05
[15:21:39]     train step 1000/4000 loss=0.03636 lr=9.07e-05
[15:21:43]     train step 1200/4000 loss=0.02980 lr=8.53e-05
[15:21:47]     train step 1400/4000 loss=0.02426 lr=7.90e-05
[15:21:51]     train step 1600/4000 loss=0.02064 lr=7.19e-05
[15:21:55]     train step 1800/4000 loss=0.01768 lr=6.42e-05
[15:22:00]     train step 2000/4000 loss=0.01537 lr=5.62e-05
[15:22:04]     train step 2200/4000 loss=0.01351 lr=4.80e-05
[15:22:08]     train step 2400/4000 loss=0.01174 lr=3.99e-05
[15:22:12]     train step 2600/4000 loss=0.01062 lr=3.20e-05
[15:22:16]     train step 2800/4000 loss=0.00953 lr=2.48e-05
[15:22:21]     train step 3000/4000 loss=0.00896 lr=1.82e-05
[15:22:25]     train step 3200/4000 loss=0.00830 lr=1.26e-05
[15:22:29]     train step 3400/4000 loss=0.00792 lr=8.08e-06
[15:22:33]     train step 3600/4000 loss=0.00759 lr=4.74e-06
[15:22:37]     train step 3800/4000 loss=0.00742 lr=2.69e-06
[15:22:42]     train step 4000/4000 loss=0.00736 lr=2.00e-06
[15:23:59]   [eval] SR=1.000
[15:24:03]   [safe] intervention at t=28 (rollout 0) len=20
[15:24:04] 
===== safe Round 11 | dataset=19 =====
[15:24:08]     train step 200/4000 loss=0.60573 lr=8.00e-05
[15:24:12]     train step 400/4000 loss=0.22067 lr=9.96e-05
[15:24:16]     train step 600/4000 loss=0.08040 lr=9.79e-05
[15:24:20]     train step 800/4000 loss=0.04957 lr=9.49e-05
[15:24:25]     train step 1000/4000 loss=0.03597 lr=9.07e-05
[15:24:29]     train step 1200/4000 loss=0.02947 lr=8.53e-05
[15:24:33]     train step 1400/4000 loss=0.02404 lr=7.90e-05
[15:24:37]     train step 1600/4000 loss=0.02066 lr=7.19e-05
[15:24:41]     train step 1800/4000 loss=0.01771 lr=6.42e-05
[15:24:46]     train step 2000/4000 loss=0.01535 lr=5.62e-05
[15:24:50]     train step 2200/4000 loss=0.01324 lr=4.80e-05
[15:24:54]     train step 2400/4000 loss=0.01170 lr=3.99e-05
[15:24:58]     train step 2600/4000 loss=0.01047 lr=3.20e-05
[15:25:02]     train step 2800/4000 loss=0.00947 lr=2.48e-05
[15:25:07]     train step 3000/4000 loss=0.00863 lr=1.82e-05
[15:25:11]     train step 3200/4000 loss=0.00803 lr=1.26e-05
[15:25:15]     train step 3400/4000 loss=0.00777 lr=8.08e-06
[15:25:19]     train step 3600/4000 loss=0.00743 lr=4.74e-06
[15:25:23]     train step 3800/4000 loss=0.00716 lr=2.69e-06
[15:25:28]     train step 4000/4000 loss=0.00708 lr=2.00e-06
[15:26:45]   [eval] SR=1.000
[15:26:46]   [safe] intervention at t=0 (rollout 0) len=47
[15:26:46] 
===== safe Round 12 | dataset=20 =====
[15:26:50]     train step 200/4000 loss=0.60642 lr=8.00e-05
[15:26:54]     train step 400/4000 loss=0.21721 lr=9.96e-05
[15:26:58]     train step 600/4000 loss=0.07835 lr=9.79e-05
[15:27:03]     train step 800/4000 loss=0.04893 lr=9.49e-05
[15:27:07]     train step 1000/4000 loss=0.03651 lr=9.07e-05
[15:27:11]     train step 1200/4000 loss=0.02967 lr=8.53e-05
[15:27:15]     train step 1400/4000 loss=0.02419 lr=7.90e-05
[15:27:19]     train step 1600/4000 loss=0.02065 lr=7.19e-05
[15:27:23]     train step 1800/4000 loss=0.01796 lr=6.42e-05
[15:27:28]     train step 2000/4000 loss=0.01588 lr=5.62e-05
[15:27:32]     train step 2200/4000 loss=0.01387 lr=4.80e-05
[15:27:36]     train step 2400/4000 loss=0.01216 lr=3.99e-05
[15:27:40]     train step 2600/4000 loss=0.01093 lr=3.20e-05
[15:27:44]     train step 2800/4000 loss=0.00983 lr=2.48e-05
[15:27:49]     train step 3000/4000 loss=0.00902 lr=1.82e-05
[15:27:53]     train step 3200/4000 loss=0.00830 lr=1.26e-05
[15:27:57]     train step 3400/4000 loss=0.00801 lr=8.08e-06
[15:28:01]     train step 3600/4000 loss=0.00772 lr=4.74e-06
[15:28:05]     train step 3800/4000 loss=0.00751 lr=2.69e-06
[15:28:10]     train step 4000/4000 loss=0.00739 lr=2.00e-06
[15:29:27]   [eval] SR=1.000
[15:29:31]   [safe] intervention at t=26 (rollout 0) len=20
[15:29:31] 
===== safe Round 13 | dataset=21 =====
[15:29:35]     train step 200/4000 loss=0.60656 lr=8.00e-05
[15:29:40]     train step 400/4000 loss=0.21915 lr=9.96e-05
[15:29:44]     train step 600/4000 loss=0.08119 lr=9.79e-05
[15:29:48]     train step 800/4000 loss=0.04989 lr=9.49e-05
[15:29:52]     train step 1000/4000 loss=0.03649 lr=9.07e-05
[15:29:56]     train step 1200/4000 loss=0.02906 lr=8.53e-05
[15:30:01]     train step 1400/4000 loss=0.02425 lr=7.90e-05
[15:30:05]     train step 1600/4000 loss=0.02122 lr=7.19e-05
[15:30:09]     train step 1800/4000 loss=0.01797 lr=6.42e-05
[15:30:13]     train step 2000/4000 loss=0.01512 lr=5.62e-05
[15:30:17]     train step 2200/4000 loss=0.01323 lr=4.80e-05
[15:30:22]     train step 2400/4000 loss=0.01155 lr=3.99e-05
[15:30:26]     train step 2600/4000 loss=0.01054 lr=3.20e-05
[15:30:30]     train step 2800/4000 loss=0.00965 lr=2.48e-05
[15:30:34]     train step 3000/4000 loss=0.00868 lr=1.82e-05
[15:30:38]     train step 3200/4000 loss=0.00815 lr=1.26e-05
[15:30:43]     train step 3400/4000 loss=0.00785 lr=8.08e-06
[15:30:47]     train step 3600/4000 loss=0.00753 lr=4.74e-06
[15:30:51]     train step 3800/4000 loss=0.00727 lr=2.69e-06
[15:30:55]     train step 4000/4000 loss=0.00719 lr=2.00e-06
[15:32:13]   [eval] SR=1.000
[15:32:13]   [safe] intervention at t=0 (rollout 0) len=44
[15:32:13] 
===== safe Round 14 | dataset=22 =====
[15:32:17]     train step 200/4000 loss=0.60597 lr=8.00e-05
[15:32:22]     train step 400/4000 loss=0.21530 lr=9.96e-05
[15:32:26]     train step 600/4000 loss=0.07755 lr=9.79e-05
[15:32:30]     train step 800/4000 loss=0.05004 lr=9.49e-05
[15:32:34]     train step 1000/4000 loss=0.03711 lr=9.07e-05
[15:32:38]     train step 1200/4000 loss=0.02950 lr=8.53e-05
[15:32:42]     train step 1400/4000 loss=0.02502 lr=7.90e-05
[15:32:47]     train step 1600/4000 loss=0.02125 lr=7.19e-05
[15:32:51]     train step 1800/4000 loss=0.01799 lr=6.42e-05
[15:32:55]     train step 2000/4000 loss=0.01552 lr=5.62e-05
[15:32:59]     train step 2200/4000 loss=0.01347 lr=4.80e-05
[15:33:03]     train step 2400/4000 loss=0.01199 lr=3.99e-05
[15:33:08]     train step 2600/4000 loss=0.01058 lr=3.20e-05
[15:33:12]     train step 2800/4000 loss=0.00973 lr=2.48e-05
[15:33:16]     train step 3000/4000 loss=0.00902 lr=1.82e-05
[15:33:20]     train step 3200/4000 loss=0.00841 lr=1.26e-05
[15:33:24]     train step 3400/4000 loss=0.00802 lr=8.08e-06
[15:33:28]     train step 3600/4000 loss=0.00773 lr=4.74e-06
[15:33:33]     train step 3800/4000 loss=0.00750 lr=2.69e-06
[15:33:37]     train step 4000/4000 loss=0.00741 lr=2.00e-06
[15:34:55]   [eval] SR=1.000
[15:34:58]   [safe] intervention at t=23 (rollout 0) len=19
[15:34:58] 
===== safe Round 15 | dataset=23 =====
[15:35:03]     train step 200/4000 loss=0.60581 lr=8.00e-05
[15:35:07]     train step 400/4000 loss=0.21497 lr=9.96e-05
[15:35:11]     train step 600/4000 loss=0.07776 lr=9.79e-05
[15:35:15]     train step 800/4000 loss=0.05072 lr=9.49e-05
[15:35:19]     train step 1000/4000 loss=0.03763 lr=9.07e-05
[15:35:23]     train step 1200/4000 loss=0.02992 lr=8.53e-05
[15:35:28]     train step 1400/4000 loss=0.02430 lr=7.90e-05
[15:35:32]     train step 1600/4000 loss=0.02064 lr=7.19e-05
[15:35:36]     train step 1800/4000 loss=0.01744 lr=6.42e-05
[15:35:40]     train step 2000/4000 loss=0.01509 lr=5.62e-05
[15:35:44]     train step 2200/4000 loss=0.01338 lr=4.80e-05
[15:35:49]     train step 2400/4000 loss=0.01182 lr=3.99e-05
[15:35:53]     train step 2600/4000 loss=0.01057 lr=3.20e-05
[15:35:57]     train step 2800/4000 loss=0.00953 lr=2.48e-05
[15:36:01]     train step 3000/4000 loss=0.00881 lr=1.82e-05
[15:36:05]     train step 3200/4000 loss=0.00814 lr=1.26e-05
[15:36:10]     train step 3400/4000 loss=0.00775 lr=8.08e-06
[15:36:14]     train step 3600/4000 loss=0.00749 lr=4.74e-06
[15:36:18]     train step 3800/4000 loss=0.00724 lr=2.69e-06
[15:36:22]     train step 4000/4000 loss=0.00715 lr=2.00e-06
[15:37:40]   [eval] SR=1.000
[15:37:40]   [safe] intervention at t=0 (rollout 0) len=45
[15:37:40] 
===== safe Round 16 | dataset=24 =====
[15:37:45]     train step 200/4000 loss=0.60079 lr=8.00e-05
[15:37:49]     train step 400/4000 loss=0.21555 lr=9.96e-05
[15:37:53]     train step 600/4000 loss=0.07703 lr=9.79e-05
[15:37:57]     train step 800/4000 loss=0.04867 lr=9.49e-05
[15:38:01]     train step 1000/4000 loss=0.03588 lr=9.07e-05
[15:38:06]     train step 1200/4000 loss=0.02881 lr=8.53e-05
[15:38:10]     train step 1400/4000 loss=0.02444 lr=7.90e-05
[15:38:14]     train step 1600/4000 loss=0.02044 lr=7.19e-05
[15:38:18]     train step 1800/4000 loss=0.01789 lr=6.42e-05
[15:38:22]     train step 2000/4000 loss=0.01510 lr=5.62e-05
[15:38:26]     train step 2200/4000 loss=0.01339 lr=4.80e-05
[15:38:31]     train step 2400/4000 loss=0.01196 lr=3.99e-05
[15:38:35]     train step 2600/4000 loss=0.01100 lr=3.20e-05
[15:38:39]     train step 2800/4000 loss=0.00970 lr=2.48e-05
[15:38:43]     train step 3000/4000 loss=0.00884 lr=1.82e-05
[15:38:47]     train step 3200/4000 loss=0.00832 lr=1.26e-05
[15:38:51]     train step 3400/4000 loss=0.00790 lr=8.08e-06
[15:38:56]     train step 3600/4000 loss=0.00768 lr=4.74e-06
[15:39:00]     train step 3800/4000 loss=0.00742 lr=2.69e-06
[15:39:04]     train step 4000/4000 loss=0.00733 lr=2.00e-06
[15:40:22]   [eval] SR=1.000
[15:40:26]   [safe] intervention at t=26 (rollout 0) len=21
[15:40:26] 
===== safe Round 17 | dataset=25 =====
[15:40:30]     train step 200/4000 loss=0.60191 lr=8.00e-05
[15:40:34]     train step 400/4000 loss=0.21385 lr=9.96e-05
[15:40:38]     train step 600/4000 loss=0.07781 lr=9.79e-05
[15:40:43]     train step 800/4000 loss=0.04938 lr=9.49e-05
[15:40:47]     train step 1000/4000 loss=0.03691 lr=9.07e-05
[15:40:51]     train step 1200/4000 loss=0.02901 lr=8.53e-05
[15:40:55]     train step 1400/4000 loss=0.02427 lr=7.90e-05
[15:40:59]     train step 1600/4000 loss=0.02027 lr=7.19e-05
[15:41:03]     train step 1800/4000 loss=0.01712 lr=6.42e-05
[15:41:08]     train step 2000/4000 loss=0.01532 lr=5.62e-05
[15:41:12]     train step 2200/4000 loss=0.01359 lr=4.80e-05
[15:41:16]     train step 2400/4000 loss=0.01152 lr=3.99e-05
[15:41:20]     train step 2600/4000 loss=0.01048 lr=3.20e-05
[15:41:24]     train step 2800/4000 loss=0.00954 lr=2.48e-05
[15:41:29]     train step 3000/4000 loss=0.00864 lr=1.82e-05
[15:41:33]     train step 3200/4000 loss=0.00801 lr=1.26e-05
[15:41:37]     train step 3400/4000 loss=0.00762 lr=8.08e-06
[15:41:41]     train step 3600/4000 loss=0.00732 lr=4.74e-06
[15:41:45]     train step 3800/4000 loss=0.00709 lr=2.69e-06
[15:41:50]     train step 4000/4000 loss=0.00703 lr=2.00e-06
[15:43:07]   [eval] SR=1.000
[15:43:08]   [safe] intervention at t=1 (rollout 0) len=46
[15:43:08] 
===== safe Round 18 | dataset=26 =====
[15:43:12]     train step 200/4000 loss=0.60185 lr=8.00e-05
[15:43:17]     train step 400/4000 loss=0.21447 lr=9.96e-05
[15:43:21]     train step 600/4000 loss=0.07669 lr=9.79e-05
[15:43:25]     train step 800/4000 loss=0.04895 lr=9.49e-05
[15:43:29]     train step 1000/4000 loss=0.03643 lr=9.07e-05
[15:43:33]     train step 1200/4000 loss=0.02913 lr=8.53e-05
[15:43:38]     train step 1400/4000 loss=0.02416 lr=7.90e-05
[15:43:42]     train step 1600/4000 loss=0.02051 lr=7.19e-05
[15:43:46]     train step 1800/4000 loss=0.01763 lr=6.42e-05
[15:43:50]     train step 2000/4000 loss=0.01510 lr=5.62e-05
[15:43:54]     train step 2200/4000 loss=0.01286 lr=4.80e-05
[15:43:59]     train step 2400/4000 loss=0.01174 lr=3.99e-05
[15:44:03]     train step 2600/4000 loss=0.01047 lr=3.20e-05
[15:44:07]     train step 2800/4000 loss=0.00950 lr=2.48e-05
[15:44:11]     train step 3000/4000 loss=0.00866 lr=1.82e-05
[15:44:16]     train step 3200/4000 loss=0.00806 lr=1.26e-05
[15:44:20]     train step 3400/4000 loss=0.00770 lr=8.08e-06
[15:44:24]     train step 3600/4000 loss=0.00738 lr=4.74e-06
[15:44:28]     train step 3800/4000 loss=0.00717 lr=2.69e-06
[15:44:32]     train step 4000/4000 loss=0.00708 lr=2.00e-06
[15:45:50]   [eval] SR=1.000
[15:45:54]   [safe] intervention at t=24 (rollout 0) len=19
[15:45:54] 
===== safe Round 19 | dataset=27 =====
[15:45:58]     train step 200/4000 loss=0.60173 lr=8.00e-05
[15:46:02]     train step 400/4000 loss=0.21353 lr=9.96e-05
[15:46:07]     train step 600/4000 loss=0.07647 lr=9.79e-05
[15:46:11]     train step 800/4000 loss=0.04853 lr=9.49e-05
[15:46:15]     train step 1000/4000 loss=0.03710 lr=9.07e-05
[15:46:19]     train step 1200/4000 loss=0.02944 lr=8.53e-05
[15:46:23]     train step 1400/4000 loss=0.02408 lr=7.90e-05
[15:46:28]     train step 1600/4000 loss=0.02055 lr=7.19e-05
[15:46:32]     train step 1800/4000 loss=0.01773 lr=6.42e-05
[15:46:36]     train step 2000/4000 loss=0.01516 lr=5.62e-05
[15:46:40]     train step 2200/4000 loss=0.01329 lr=4.80e-05
[15:46:44]     train step 2400/4000 loss=0.01170 lr=3.99e-05
[15:46:49]     train step 2600/4000 loss=0.01037 lr=3.20e-05
[15:46:53]     train step 2800/4000 loss=0.00947 lr=2.48e-05
[15:46:57]     train step 3000/4000 loss=0.00860 lr=1.82e-05
[15:47:01]     train step 3200/4000 loss=0.00805 lr=1.26e-05
[15:47:05]     train step 3400/4000 loss=0.00781 lr=8.08e-06
[15:47:10]     train step 3600/4000 loss=0.00742 lr=4.74e-06
[15:47:14]     train step 3800/4000 loss=0.00719 lr=2.69e-06
[15:47:18]     train step 4000/4000 loss=0.00707 lr=2.00e-06
[15:48:36]   [eval] SR=1.000
[15:48:36]   [safe] intervention at t=1 (rollout 0) len=45
[15:48:37] 
===== safe Round 20 | dataset=28 =====
[15:48:41]     train step 200/4000 loss=0.60262 lr=8.00e-05
[15:48:45]     train step 400/4000 loss=0.21466 lr=9.96e-05
[15:48:49]     train step 600/4000 loss=0.07780 lr=9.79e-05
[15:48:53]     train step 800/4000 loss=0.05009 lr=9.49e-05
[15:48:58]     train step 1000/4000 loss=0.03751 lr=9.07e-05
[15:49:02]     train step 1200/4000 loss=0.02931 lr=8.53e-05
[15:49:06]     train step 1400/4000 loss=0.02449 lr=7.90e-05
[15:49:10]     train step 1600/4000 loss=0.02058 lr=7.19e-05
[15:49:14]     train step 1800/4000 loss=0.01734 lr=6.42e-05
[15:49:19]     train step 2000/4000 loss=0.01570 lr=5.62e-05
[15:49:23]     train step 2200/4000 loss=0.01357 lr=4.80e-05
[15:49:27]     train step 2400/4000 loss=0.01216 lr=3.99e-05
[15:49:31]     train step 2600/4000 loss=0.01075 lr=3.20e-05
[15:49:35]     train step 2800/4000 loss=0.00994 lr=2.48e-05
[15:49:39]     train step 3000/4000 loss=0.00893 lr=1.82e-05
[15:49:44]     train step 3200/4000 loss=0.00840 lr=1.26e-05
[15:49:48]     train step 3400/4000 loss=0.00808 lr=8.08e-06
[15:49:52]     train step 3600/4000 loss=0.00776 lr=4.74e-06
[15:49:56]     train step 3800/4000 loss=0.00755 lr=2.69e-06
[15:50:00]     train step 4000/4000 loss=0.00744 lr=2.00e-06
[15:51:17]   [eval] SR=1.000
[15:51:18] DONE in 3699.7s | final_success=1.0
[15:51:18] [write] /weka/s226137394/DmNfull/distil/results/Lift/state/safe/seed3/result.json
