[00:07:49] [env] loaded /weka/s226137394/DmNfull/.env
[00:07:49] ===== DISTIL | task=Lift modality=image ablation=decision_heuristic seed=2 budget=20 smoke=False device=cuda =====
[00:07:50] [bootstrap] loaded 8 shared demos from /weka/s226137394/DmNfull/distil/results/shared_bootstrap/Lift_image/Lift_image_ni8.pkl
[00:07:50] [kag] copied Lift.json + rendered .kag.txt into /weka/s226137394/DmNfull/distil/results/Lift/image/decision_heuristic/seed2/kag
[00:07:53] [init] using 8 bootstrap demos (shared with baselines)
[00:07:53] 
===== DISTIL Round 0 | dataset=8 trajs =====
[00:07:54]   [train] 8 trajs, 357 windows, state_dim=23 act_dim=7 params=4.61M steps=8000
[00:08:06]     train step 200/8000 loss=0.59245 lr=8.00e-05
[00:08:16]     train step 400/8000 loss=0.25596 lr=9.99e-05
[00:08:26]     train step 600/8000 loss=0.14416 lr=9.95e-05
[00:08:36]     train step 800/8000 loss=0.09770 lr=9.88e-05
[00:08:47]     train step 1000/8000 loss=0.07446 lr=9.78e-05
[00:08:57]     train step 1200/8000 loss=0.05980 lr=9.64e-05
[00:09:07]     train step 1400/8000 loss=0.04927 lr=9.48e-05
[00:09:17]     train step 1600/8000 loss=0.04481 lr=9.29e-05
[00:09:27]     train step 1800/8000 loss=0.03826 lr=9.07e-05
[00:09:37]     train step 2000/8000 loss=0.03506 lr=8.82e-05
[00:09:48]     train step 2200/8000 loss=0.02848 lr=8.55e-05
[00:09:58]     train step 2400/8000 loss=0.02730 lr=8.26e-05
[00:10:08]     train step 2600/8000 loss=0.02380 lr=7.94e-05
[00:10:18]     train step 2800/8000 loss=0.02207 lr=7.61e-05
[00:10:28]     train step 3000/8000 loss=0.02081 lr=7.26e-05
[00:10:38]     train step 3200/8000 loss=0.01858 lr=6.90e-05
[00:10:49]     train step 3400/8000 loss=0.01620 lr=6.52e-05
[00:11:00]     train step 3600/8000 loss=0.01509 lr=6.14e-05
[00:11:10]     train step 3800/8000 loss=0.01428 lr=5.75e-05
[00:11:21]     train step 4000/8000 loss=0.01250 lr=5.35e-05
[00:11:32]     train step 4200/8000 loss=0.01099 lr=4.95e-05
[00:11:43]     train step 4400/8000 loss=0.01000 lr=4.56e-05
[00:11:53]     train step 4600/8000 loss=0.00929 lr=4.16e-05
[00:12:04]     train step 4800/8000 loss=0.00829 lr=3.78e-05
[00:12:15]     train step 5000/8000 loss=0.00755 lr=3.40e-05
[00:12:25]     train step 5200/8000 loss=0.00683 lr=3.03e-05
[00:12:35]     train step 5400/8000 loss=0.00623 lr=2.68e-05
[00:12:46]     train step 5600/8000 loss=0.00572 lr=2.34e-05
[00:12:57]     train step 5800/8000 loss=0.00525 lr=2.02e-05
[00:13:07]     train step 6000/8000 loss=0.00491 lr=1.73e-05
[00:13:18]     train step 6200/8000 loss=0.00450 lr=1.45e-05
[00:13:28]     train step 6400/8000 loss=0.00426 lr=1.20e-05
[00:13:39]     train step 6600/8000 loss=0.00403 lr=9.69e-06
[00:13:49]     train step 6800/8000 loss=0.00378 lr=7.69e-06
[00:13:59]     train step 7000/8000 loss=0.00364 lr=5.98e-06
[00:14:09]     train step 7200/8000 loss=0.00354 lr=4.56e-06
[00:14:19]     train step 7400/8000 loss=0.00347 lr=3.45e-06
[00:14:30]     train step 7600/8000 loss=0.00337 lr=2.65e-06
[00:14:40]     train step 7800/8000 loss=0.00332 lr=2.16e-06
[00:14:50]     train step 8000/8000 loss=0.00330 lr=2.00e-06
[00:14:58]   [calibrate] threshold(alpha=0.99)=0.00464 over 1428 samples (median=0.00332)
[00:20:06]   [eval] pure-policy success=0.460 mean_len=176 (fixed 100-ep set)
[00:21:57]   [screen] 18/40 failures found
[00:21:59]   [collect a0] mode=bridge choice=geometric_bridge cited=[3000019, 3000026] success=True len=46
[00:21:59] 
===== DISTIL Round 1 | dataset=9 trajs =====
[00:21:59]   [train] 9 trajs, 403 windows, state_dim=23 act_dim=7 params=4.61M steps=4000
[00:22:09]     train step 200/4000 loss=0.59957 lr=8.00e-05
[00:22:19]     train step 400/4000 loss=0.26840 lr=9.96e-05
[00:22:28]     train step 600/4000 loss=0.14951 lr=9.79e-05
[00:22:37]     train step 800/4000 loss=0.10034 lr=9.49e-05
[00:22:47]     train step 1000/4000 loss=0.07461 lr=9.07e-05
[00:22:56]     train step 1200/4000 loss=0.06026 lr=8.53e-05
[00:23:05]     train step 1400/4000 loss=0.04901 lr=7.90e-05
[00:23:15]     train step 1600/4000 loss=0.04298 lr=7.19e-05
[00:23:24]     train step 1800/4000 loss=0.03735 lr=6.42e-05
[00:23:33]     train step 2000/4000 loss=0.03289 lr=5.62e-05
[00:23:43]     train step 2200/4000 loss=0.02906 lr=4.80e-05
[00:23:52]     train step 2400/4000 loss=0.02565 lr=3.99e-05
[00:24:01]     train step 2600/4000 loss=0.02362 lr=3.20e-05
[00:24:11]     train step 2800/4000 loss=0.02142 lr=2.48e-05
[00:24:20]     train step 3000/4000 loss=0.01965 lr=1.82e-05
[00:24:29]     train step 3200/4000 loss=0.01812 lr=1.26e-05
[00:24:39]     train step 3400/4000 loss=0.01692 lr=8.08e-06
[00:24:48]     train step 3600/4000 loss=0.01593 lr=4.74e-06
[00:24:57]     train step 3800/4000 loss=0.01535 lr=2.69e-06
[00:25:07]     train step 4000/4000 loss=0.01494 lr=2.00e-06
[00:25:15]   [calibrate] threshold(alpha=0.99)=0.02516 over 1612 samples (median=0.01513)
[00:29:52]   [eval] pure-policy success=0.470 mean_len=159 (fixed 100-ep set)
[00:31:42]   [screen] 18/40 failures found
[00:31:47]   [collect a0] mode=bridge choice=geometric_bridge cited=[3000044, 3000064] success=True len=44
[00:31:47] 
===== DISTIL Round 2 | dataset=10 trajs =====
[00:31:47]   [train] 10 trajs, 447 windows, state_dim=23 act_dim=7 params=4.61M steps=4000
[00:31:58]     train step 200/4000 loss=0.61580 lr=8.00e-05
[00:32:09]     train step 400/4000 loss=0.25953 lr=9.96e-05
[00:32:19]     train step 600/4000 loss=0.13441 lr=9.79e-05
[00:32:29]     train step 800/4000 loss=0.09308 lr=9.49e-05
[00:32:38]     train step 1000/4000 loss=0.06904 lr=9.07e-05
[00:32:48]     train step 1200/4000 loss=0.05573 lr=8.53e-05
[00:32:58]     train step 1400/4000 loss=0.04961 lr=7.90e-05
[00:33:08]     train step 1600/4000 loss=0.04098 lr=7.19e-05
[00:33:18]     train step 1800/4000 loss=0.03603 lr=6.42e-05
[00:33:28]     train step 2000/4000 loss=0.03133 lr=5.62e-05
[00:33:38]     train step 2200/4000 loss=0.02804 lr=4.80e-05
[00:33:48]     train step 2400/4000 loss=0.02590 lr=3.99e-05
[00:33:58]     train step 2600/4000 loss=0.02301 lr=3.20e-05
[00:34:08]     train step 2800/4000 loss=0.02075 lr=2.48e-05
[00:34:18]     train step 3000/4000 loss=0.01922 lr=1.82e-05
[00:34:28]     train step 3200/4000 loss=0.01808 lr=1.26e-05
[00:34:38]     train step 3400/4000 loss=0.01667 lr=8.08e-06
[00:34:48]     train step 3600/4000 loss=0.01589 lr=4.74e-06
[00:34:57]     train step 3800/4000 loss=0.01543 lr=2.69e-06
[00:35:07]     train step 4000/4000 loss=0.01494 lr=2.00e-06
[00:35:16]   [calibrate] threshold(alpha=0.99)=0.02309 over 1788 samples (median=0.01530)
[00:40:00]   [eval] pure-policy success=0.490 mean_len=163 (fixed 100-ep set)
[00:42:02]   [screen] 22/40 failures found
[00:42:07]   [collect a0] mode=bridge choice=geometric_bridge cited=[3000108, 3000119] success=True len=45
[00:42:07] 
===== DISTIL Round 3 | dataset=11 trajs =====
[00:42:07]   [train] 11 trajs, 492 windows, state_dim=23 act_dim=7 params=4.61M steps=4000
[00:42:18]     train step 200/4000 loss=0.58192 lr=8.00e-05
[00:42:29]     train step 400/4000 loss=0.25553 lr=9.96e-05
[00:42:41]     train step 600/4000 loss=0.14439 lr=9.79e-05
[00:42:52]     train step 800/4000 loss=0.09719 lr=9.49e-05
[00:43:03]     train step 1000/4000 loss=0.07066 lr=9.07e-05
[00:43:14]     train step 1200/4000 loss=0.05814 lr=8.53e-05
[00:43:26]     train step 1400/4000 loss=0.04892 lr=7.90e-05
[00:43:37]     train step 1600/4000 loss=0.04363 lr=7.19e-05
[00:43:48]     train step 1800/4000 loss=0.03820 lr=6.42e-05
[00:43:59]     train step 2000/4000 loss=0.03417 lr=5.62e-05
[00:44:10]     train step 2200/4000 loss=0.03234 lr=4.80e-05
[00:44:21]     train step 2400/4000 loss=0.02771 lr=3.99e-05
[00:44:33]     train step 2600/4000 loss=0.02557 lr=3.20e-05
[00:44:44]     train step 2800/4000 loss=0.02285 lr=2.48e-05
[00:44:55]     train step 3000/4000 loss=0.02060 lr=1.82e-05
[00:45:06]     train step 3200/4000 loss=0.01943 lr=1.26e-05
[00:45:17]     train step 3400/4000 loss=0.01827 lr=8.08e-06
[00:45:29]     train step 3600/4000 loss=0.01709 lr=4.74e-06
[00:45:40]     train step 3800/4000 loss=0.01652 lr=2.69e-06
[00:45:51]     train step 4000/4000 loss=0.01612 lr=2.00e-06
[00:46:01]   [calibrate] threshold(alpha=0.99)=0.02670 over 1968 samples (median=0.01645)
[00:50:09]   [eval] pure-policy success=0.600 mean_len=142 (fixed 100-ep set)
[00:51:43]   [screen] 15/40 failures found
[00:51:47]   [collect a0] mode=bridge choice=geometric_bridge cited=[3000126, 3000127] success=True len=46
[00:51:47] 
===== DISTIL Round 4 | dataset=12 trajs =====
[00:51:47]   [train] 12 trajs, 538 windows, state_dim=23 act_dim=7 params=4.61M steps=4000
[00:51:59]     train step 200/4000 loss=0.59407 lr=8.00e-05
[00:52:10]     train step 400/4000 loss=0.24240 lr=9.96e-05
[00:52:22]     train step 600/4000 loss=0.13336 lr=9.79e-05
[00:52:34]     train step 800/4000 loss=0.09426 lr=9.49e-05
[00:52:45]     train step 1000/4000 loss=0.07232 lr=9.07e-05
[00:52:57]     train step 1200/4000 loss=0.05887 lr=8.53e-05
[00:53:08]     train step 1400/4000 loss=0.04948 lr=7.90e-05
[00:53:20]     train step 1600/4000 loss=0.04438 lr=7.19e-05
[00:53:32]     train step 1800/4000 loss=0.03912 lr=6.42e-05
[00:53:43]     train step 2000/4000 loss=0.03375 lr=5.62e-05
[00:53:55]     train step 2200/4000 loss=0.03006 lr=4.80e-05
[00:54:06]     train step 2400/4000 loss=0.02664 lr=3.99e-05
[00:54:18]     train step 2600/4000 loss=0.02496 lr=3.20e-05
[00:54:29]     train step 2800/4000 loss=0.02286 lr=2.48e-05
[00:54:41]     train step 3000/4000 loss=0.02081 lr=1.82e-05
[00:54:52]     train step 3200/4000 loss=0.01947 lr=1.26e-05
[00:55:03]     train step 3400/4000 loss=0.01819 lr=8.08e-06
[00:55:15]     train step 3600/4000 loss=0.01717 lr=4.74e-06
[00:55:26]     train step 3800/4000 loss=0.01672 lr=2.69e-06
[00:55:38]     train step 4000/4000 loss=0.01630 lr=2.00e-06
[00:55:49]   [calibrate] threshold(alpha=0.99)=0.02855 over 2152 samples (median=0.01636)
[01:00:29]   [eval] pure-policy success=0.530 mean_len=161 (fixed 100-ep set)
[01:02:18]   [screen] 17/40 failures found
[01:02:24]   [collect a0] mode=bridge choice=geometric_bridge cited=[3000163, 3000192] success=True len=47
[01:02:24] 
===== DISTIL Round 5 | dataset=13 trajs =====
[01:02:24]   [train] 13 trajs, 585 windows, state_dim=23 act_dim=7 params=4.61M steps=4000
[01:02:35]     train step 200/4000 loss=0.59203 lr=8.00e-05
[01:02:45]     train step 400/4000 loss=0.24741 lr=9.96e-05
[01:02:56]     train step 600/4000 loss=0.13412 lr=9.79e-05
[01:03:06]     train step 800/4000 loss=0.09175 lr=9.49e-05
[01:03:17]     train step 1000/4000 loss=0.06997 lr=9.07e-05
[01:03:27]     train step 1200/4000 loss=0.05844 lr=8.53e-05
[01:03:37]     train step 1400/4000 loss=0.04955 lr=7.90e-05
[01:03:48]     train step 1600/4000 loss=0.04309 lr=7.19e-05
[01:03:58]     train step 1800/4000 loss=0.03701 lr=6.42e-05
[01:04:08]     train step 2000/4000 loss=0.03309 lr=5.62e-05
[01:04:18]     train step 2200/4000 loss=0.02985 lr=4.80e-05
[01:04:29]     train step 2400/4000 loss=0.02682 lr=3.99e-05
[01:04:39]     train step 2600/4000 loss=0.02442 lr=3.20e-05
[01:04:50]     train step 2800/4000 loss=0.02235 lr=2.48e-05
[01:05:00]     train step 3000/4000 loss=0.02116 lr=1.82e-05
[01:05:10]     train step 3200/4000 loss=0.01936 lr=1.26e-05
[01:05:21]     train step 3400/4000 loss=0.01824 lr=8.08e-06
[01:05:31]     train step 3600/4000 loss=0.01736 lr=4.74e-06
[01:05:42]     train step 3800/4000 loss=0.01672 lr=2.69e-06
[01:05:52]     train step 4000/4000 loss=0.01636 lr=2.00e-06
[01:06:04]   [calibrate] threshold(alpha=0.99)=0.03069 over 2340 samples (median=0.01654)
[01:10:00]   [eval] pure-policy success=0.630 mean_len=135 (fixed 100-ep set)
[01:11:32]   [screen] 14/40 failures found
[01:11:37]   [collect a0] mode=bridge choice=geometric_bridge cited=[3000231, 3000236] success=True len=45
[01:11:38] 
===== DISTIL Round 6 | dataset=14 trajs =====
[01:11:38]   [train] 14 trajs, 630 windows, state_dim=23 act_dim=7 params=4.61M steps=4000
[01:11:49]     train step 200/4000 loss=0.62851 lr=8.00e-05
[01:12:01]     train step 400/4000 loss=0.25825 lr=9.96e-05
[01:12:12]     train step 600/4000 loss=0.13545 lr=9.79e-05
[01:12:24]     train step 800/4000 loss=0.09112 lr=9.49e-05
[01:12:35]     train step 1000/4000 loss=0.06882 lr=9.07e-05
[01:12:47]     train step 1200/4000 loss=0.05614 lr=8.53e-05
[01:12:58]     train step 1400/4000 loss=0.04669 lr=7.90e-05
[01:13:10]     train step 1600/4000 loss=0.04040 lr=7.19e-05
[01:13:21]     train step 1800/4000 loss=0.03594 lr=6.42e-05
[01:13:33]     train step 2000/4000 loss=0.03179 lr=5.62e-05
[01:13:44]     train step 2200/4000 loss=0.02877 lr=4.80e-05
[01:13:56]     train step 2400/4000 loss=0.02639 lr=3.99e-05
[01:14:07]     train step 2600/4000 loss=0.02395 lr=3.20e-05
[01:14:19]     train step 2800/4000 loss=0.02231 lr=2.48e-05
[01:14:30]     train step 3000/4000 loss=0.02087 lr=1.82e-05
[01:14:41]     train step 3200/4000 loss=0.01924 lr=1.26e-05
[01:14:53]     train step 3400/4000 loss=0.01839 lr=8.08e-06
[01:15:04]     train step 3600/4000 loss=0.01748 lr=4.74e-06
[01:15:16]     train step 3800/4000 loss=0.01712 lr=2.69e-06
[01:15:27]     train step 4000/4000 loss=0.01676 lr=2.00e-06
[01:15:40]   [calibrate] threshold(alpha=0.99)=0.02958 over 2520 samples (median=0.01665)
[01:19:28]   [eval] pure-policy success=0.640 mean_len=131 (fixed 100-ep set)
[01:20:45]   [screen] 10/40 failures found
[01:20:48]   [collect a0] mode=bridge choice=geometric_bridge cited=[3000259, 3000274] success=True len=44
[01:20:49] 
===== DISTIL Round 7 | dataset=15 trajs =====
[01:20:49]   [train] 15 trajs, 674 windows, state_dim=23 act_dim=7 params=4.61M steps=4000
[01:21:00]     train step 200/4000 loss=0.60064 lr=8.00e-05
[01:21:12]     train step 400/4000 loss=0.27750 lr=9.96e-05
[01:21:23]     train step 600/4000 loss=0.15645 lr=9.79e-05
[01:21:34]     train step 800/4000 loss=0.10334 lr=9.49e-05
[01:21:46]     train step 1000/4000 loss=0.07347 lr=9.07e-05
[01:21:58]     train step 1200/4000 loss=0.06121 lr=8.53e-05
[01:22:09]     train step 1400/4000 loss=0.05327 lr=7.90e-05
[01:22:20]     train step 1600/4000 loss=0.04564 lr=7.19e-05
[01:22:32]     train step 1800/4000 loss=0.04055 lr=6.42e-05
[01:22:43]     train step 2000/4000 loss=0.03693 lr=5.62e-05
[01:22:55]     train step 2200/4000 loss=0.03357 lr=4.80e-05
[01:23:06]     train step 2400/4000 loss=0.03061 lr=3.99e-05
[01:23:18]     train step 2600/4000 loss=0.02933 lr=3.20e-05
[01:23:29]     train step 2800/4000 loss=0.02664 lr=2.48e-05
[01:23:41]     train step 3000/4000 loss=0.02536 lr=1.82e-05
[01:23:52]     train step 3200/4000 loss=0.02347 lr=1.26e-05
[01:24:03]     train step 3400/4000 loss=0.02240 lr=8.08e-06
[01:24:15]     train step 3600/4000 loss=0.02139 lr=4.74e-06
[01:24:26]     train step 3800/4000 loss=0.02080 lr=2.69e-06
[01:24:38]     train step 4000/4000 loss=0.02060 lr=2.00e-06
[01:24:51]   [calibrate] threshold(alpha=0.99)=0.04145 over 2696 samples (median=0.01939)
[01:29:15]   [eval] pure-policy success=0.510 mean_len=152 (fixed 100-ep set)
[01:31:12]   [screen] 20/40 failures found
[01:31:23]   [collect a0] mode=bridge choice=geometric_bridge cited=[3000289, 3000303] success=True len=44
[01:31:23] 
===== DISTIL Round 8 | dataset=16 trajs =====
[01:31:23]   [train] 16 trajs, 718 windows, state_dim=23 act_dim=7 params=4.61M steps=4000
[01:31:35]     train step 200/4000 loss=0.58263 lr=8.00e-05
[01:31:46]     train step 400/4000 loss=0.21477 lr=9.96e-05
[01:31:58]     train step 600/4000 loss=0.12151 lr=9.79e-05
[01:32:09]     train step 800/4000 loss=0.08545 lr=9.49e-05
[01:32:20]     train step 1000/4000 loss=0.06568 lr=9.07e-05
[01:32:32]     train step 1200/4000 loss=0.05538 lr=8.53e-05
[01:32:43]     train step 1400/4000 loss=0.04672 lr=7.90e-05
[01:32:55]     train step 1600/4000 loss=0.04058 lr=7.19e-05
[01:33:06]     train step 1800/4000 loss=0.03613 lr=6.42e-05
[01:33:18]     train step 2000/4000 loss=0.03194 lr=5.62e-05
[01:33:29]     train step 2200/4000 loss=0.02855 lr=4.80e-05
[01:33:41]     train step 2400/4000 loss=0.02584 lr=3.99e-05
[01:33:52]     train step 2600/4000 loss=0.02304 lr=3.20e-05
[01:34:04]     train step 2800/4000 loss=0.02105 lr=2.48e-05
[01:34:15]     train step 3000/4000 loss=0.01959 lr=1.82e-05
[01:34:27]     train step 3200/4000 loss=0.01840 lr=1.26e-05
[01:34:38]     train step 3400/4000 loss=0.01727 lr=8.08e-06
[01:34:50]     train step 3600/4000 loss=0.01637 lr=4.74e-06
[01:35:01]     train step 3800/4000 loss=0.01595 lr=2.69e-06
[01:35:13]     train step 4000/4000 loss=0.01557 lr=2.00e-06
[01:35:27]   [calibrate] threshold(alpha=0.99)=0.02818 over 2872 samples (median=0.01569)
[01:39:22]   [eval] pure-policy success=0.650 mean_len=133 (fixed 100-ep set)
[01:40:48]   [screen] 13/40 failures found
[01:40:54]   [collect a0] mode=bridge choice=geometric_bridge cited=[3000320, 3000352] success=True len=46
[01:40:54] 
===== DISTIL Round 9 | dataset=17 trajs =====
[01:40:55]   [train] 17 trajs, 764 windows, state_dim=23 act_dim=7 params=4.61M steps=4000
[01:41:06]     train step 200/4000 loss=0.62356 lr=8.00e-05
[01:41:17]     train step 400/4000 loss=0.24175 lr=9.96e-05
[01:41:29]     train step 600/4000 loss=0.12688 lr=9.79e-05
[01:41:40]     train step 800/4000 loss=0.08907 lr=9.49e-05
[01:41:52]     train step 1000/4000 loss=0.06870 lr=9.07e-05
[01:42:03]     train step 1200/4000 loss=0.05603 lr=8.53e-05
[01:42:15]     train step 1400/4000 loss=0.04894 lr=7.90e-05
[01:42:26]     train step 1600/4000 loss=0.04336 lr=7.19e-05
[01:42:37]     train step 1800/4000 loss=0.03945 lr=6.42e-05
[01:42:49]     train step 2000/4000 loss=0.03586 lr=5.62e-05
[01:43:00]     train step 2200/4000 loss=0.03181 lr=4.80e-05
[01:43:12]     train step 2400/4000 loss=0.02932 lr=3.99e-05
[01:43:23]     train step 2600/4000 loss=0.02680 lr=3.20e-05
[01:43:35]     train step 2800/4000 loss=0.02501 lr=2.48e-05
[01:43:46]     train step 3000/4000 loss=0.02325 lr=1.82e-05
[01:43:57]     train step 3200/4000 loss=0.02206 lr=1.26e-05
[01:44:09]     train step 3400/4000 loss=0.02095 lr=8.08e-06
[01:44:20]     train step 3600/4000 loss=0.01981 lr=4.74e-06
[01:44:32]     train step 3800/4000 loss=0.01948 lr=2.69e-06
[01:44:43]     train step 4000/4000 loss=0.01896 lr=2.00e-06
[01:44:59]   [calibrate] threshold(alpha=0.99)=0.03701 over 3056 samples (median=0.01852)
[01:48:42]   [eval] pure-policy success=0.700 mean_len=128 (fixed 100-ep set)
[01:50:32]   [screen] 18/40 failures found
[01:50:46]   [collect a0] mode=bridge choice=geometric_bridge cited=[3000361, 3000366] success=True len=44
[01:50:46] 
===== DISTIL Round 10 | dataset=18 trajs =====
[01:50:46]   [train] 18 trajs, 808 windows, state_dim=23 act_dim=7 params=4.61M steps=4000
[01:50:58]     train step 200/4000 loss=0.56849 lr=8.00e-05
[01:51:10]     train step 400/4000 loss=0.26133 lr=9.96e-05
[01:51:22]     train step 600/4000 loss=0.14846 lr=9.79e-05
[01:51:34]     train step 800/4000 loss=0.10252 lr=9.49e-05
[01:51:46]     train step 1000/4000 loss=0.07709 lr=9.07e-05
[01:51:57]     train step 1200/4000 loss=0.06079 lr=8.53e-05
[01:52:09]     train step 1400/4000 loss=0.05093 lr=7.90e-05
[01:52:21]     train step 1600/4000 loss=0.04331 lr=7.19e-05
[01:52:32]     train step 1800/4000 loss=0.03757 lr=6.42e-05
[01:52:44]     train step 2000/4000 loss=0.03242 lr=5.62e-05
[01:52:55]     train step 2200/4000 loss=0.02937 lr=4.80e-05
[01:53:07]     train step 2400/4000 loss=0.02650 lr=3.99e-05
[01:53:18]     train step 2600/4000 loss=0.02453 lr=3.20e-05
[01:53:30]     train step 2800/4000 loss=0.02230 lr=2.48e-05
[01:53:42]     train step 3000/4000 loss=0.02090 lr=1.82e-05
[01:53:53]     train step 3200/4000 loss=0.01940 lr=1.26e-05
[01:54:04]     train step 3400/4000 loss=0.01836 lr=8.08e-06
[01:54:16]     train step 3600/4000 loss=0.01771 lr=4.74e-06
[01:54:27]     train step 3800/4000 loss=0.01706 lr=2.69e-06
[01:54:39]     train step 4000/4000 loss=0.01668 lr=2.00e-06
[01:54:55]   [calibrate] threshold(alpha=0.99)=0.03197 over 3232 samples (median=0.01658)
[01:58:50]   [eval] pure-policy success=0.620 mean_len=134 (fixed 100-ep set)
[02:00:30]   [screen] 15/40 failures found
[02:00:40]   [collect a0] mode=bridge choice=geometric_bridge cited=[3000434, 3000436] success=True len=45
[02:00:41] 
===== DISTIL Round 11 | dataset=19 trajs =====
[02:00:41]   [train] 19 trajs, 853 windows, state_dim=23 act_dim=7 params=4.61M steps=4000
[02:00:52]     train step 200/4000 loss=0.60666 lr=8.00e-05
[02:01:04]     train step 400/4000 loss=0.24099 lr=9.96e-05
[02:01:15]     train step 600/4000 loss=0.13004 lr=9.79e-05
[02:01:27]     train step 800/4000 loss=0.08866 lr=9.49e-05
[02:01:38]     train step 1000/4000 loss=0.06482 lr=9.07e-05
[02:01:50]     train step 1200/4000 loss=0.05192 lr=8.53e-05
[02:02:01]     train step 1400/4000 loss=0.04424 lr=7.90e-05
[02:02:12]     train step 1600/4000 loss=0.03774 lr=7.19e-05
[02:02:24]     train step 1800/4000 loss=0.03398 lr=6.42e-05
[02:02:35]     train step 2000/4000 loss=0.03016 lr=5.62e-05
[02:02:46]     train step 2200/4000 loss=0.02741 lr=4.80e-05
[02:02:58]     train step 2400/4000 loss=0.02482 lr=3.99e-05
[02:03:10]     train step 2600/4000 loss=0.02264 lr=3.20e-05
[02:03:21]     train step 2800/4000 loss=0.02111 lr=2.48e-05
[02:03:33]     train step 3000/4000 loss=0.01937 lr=1.82e-05
[02:03:44]     train step 3200/4000 loss=0.01785 lr=1.26e-05
[02:03:56]     train step 3400/4000 loss=0.01696 lr=8.08e-06
[02:04:07]     train step 3600/4000 loss=0.01617 lr=4.74e-06
[02:04:19]     train step 3800/4000 loss=0.01579 lr=2.69e-06
[02:04:30]     train step 4000/4000 loss=0.01526 lr=2.00e-06
[02:04:47]   [calibrate] threshold(alpha=0.99)=0.03091 over 3412 samples (median=0.01475)
[02:08:14]   [eval] pure-policy success=0.740 mean_len=118 (fixed 100-ep set)
[02:09:35]   [screen] 11/40 failures found
[02:09:41]   [collect a0] mode=bridge choice=geometric_bridge cited=[3000464, 3000472] success=True len=45
[02:09:41] 
===== DISTIL Round 12 | dataset=20 trajs =====
[02:09:41]   [train] 20 trajs, 898 windows, state_dim=23 act_dim=7 params=4.61M steps=4000
[02:09:53]     train step 200/4000 loss=0.57655 lr=8.00e-05
[02:10:04]     train step 400/4000 loss=0.21898 lr=9.96e-05
[02:10:16]     train step 600/4000 loss=0.12456 lr=9.79e-05
[02:10:27]     train step 800/4000 loss=0.08577 lr=9.49e-05
[02:10:39]     train step 1000/4000 loss=0.06412 lr=9.07e-05
[02:10:50]     train step 1200/4000 loss=0.05304 lr=8.53e-05
[02:11:02]     train step 1400/4000 loss=0.04487 lr=7.90e-05
[02:11:13]     train step 1600/4000 loss=0.03992 lr=7.19e-05
[02:11:25]     train step 1800/4000 loss=0.03460 lr=6.42e-05
[02:11:36]     train step 2000/4000 loss=0.02985 lr=5.62e-05
[02:11:48]     train step 2200/4000 loss=0.02639 lr=4.80e-05
[02:12:00]     train step 2400/4000 loss=0.02357 lr=3.99e-05
[02:12:11]     train step 2600/4000 loss=0.02170 lr=3.20e-05
[02:12:23]     train step 2800/4000 loss=0.02001 lr=2.48e-05
[02:12:34]     train step 3000/4000 loss=0.01837 lr=1.82e-05
[02:12:45]     train step 3200/4000 loss=0.01725 lr=1.26e-05
[02:12:57]     train step 3400/4000 loss=0.01618 lr=8.08e-06
[02:13:08]     train step 3600/4000 loss=0.01548 lr=4.74e-06
[02:13:20]     train step 3800/4000 loss=0.01493 lr=2.69e-06
[02:13:31]     train step 4000/4000 loss=0.01461 lr=2.00e-06
[02:13:49]   [calibrate] threshold(alpha=0.99)=0.03015 over 3592 samples (median=0.01436)
[02:16:27]   [eval] pure-policy success=0.810 mean_len=90 (fixed 100-ep set)
[02:17:24]   [screen] 5/40 failures found
[02:17:26]   [collect a0] mode=bridge choice=geometric_bridge cited=[3000488, 3000503] success=True len=43
[02:17:26] 
===== DISTIL Round 13 | dataset=21 trajs =====
[02:17:26]   [train] 21 trajs, 941 windows, state_dim=23 act_dim=7 params=4.61M steps=4000
[02:17:36]     train step 200/4000 loss=0.56825 lr=8.00e-05
[02:17:46]     train step 400/4000 loss=0.23886 lr=9.96e-05
[02:17:56]     train step 600/4000 loss=0.12881 lr=9.79e-05
[02:18:06]     train step 800/4000 loss=0.08591 lr=9.49e-05
[02:18:16]     train step 1000/4000 loss=0.06339 lr=9.07e-05
[02:18:26]     train step 1200/4000 loss=0.05073 lr=8.53e-05
[02:18:36]     train step 1400/4000 loss=0.04424 lr=7.90e-05
[02:18:46]     train step 1600/4000 loss=0.03774 lr=7.19e-05
[02:18:56]     train step 1800/4000 loss=0.03246 lr=6.42e-05
[02:19:06]     train step 2000/4000 loss=0.02869 lr=5.62e-05
[02:19:16]     train step 2200/4000 loss=0.02549 lr=4.80e-05
[02:19:26]     train step 2400/4000 loss=0.02316 lr=3.99e-05
[02:19:36]     train step 2600/4000 loss=0.02085 lr=3.20e-05
[02:19:46]     train step 2800/4000 loss=0.01938 lr=2.48e-05
[02:19:56]     train step 3000/4000 loss=0.01810 lr=1.82e-05
[02:20:05]     train step 3200/4000 loss=0.01699 lr=1.26e-05
[02:20:15]     train step 3400/4000 loss=0.01605 lr=8.08e-06
[02:20:25]     train step 3600/4000 loss=0.01527 lr=4.74e-06
[02:20:35]     train step 3800/4000 loss=0.01485 lr=2.69e-06
[02:20:45]     train step 4000/4000 loss=0.01441 lr=2.00e-06
[02:21:04]   [calibrate] threshold(alpha=0.99)=0.02922 over 3764 samples (median=0.01382)
[02:24:57]   [eval] pure-policy success=0.620 mean_len=132 (fixed 100-ep set)
[02:26:35]   [screen] 17/40 failures found
[02:26:47]   [collect a0] mode=bridge choice=geometric_bridge cited=[3000521, 3000528] success=True len=44
[02:26:47] 
===== DISTIL Round 14 | dataset=22 trajs =====
[02:26:47]   [train] 22 trajs, 985 windows, state_dim=23 act_dim=7 params=4.61M steps=4000
[02:26:59]     train step 200/4000 loss=0.62097 lr=8.00e-05
[02:27:10]     train step 400/4000 loss=0.23278 lr=9.96e-05
[02:27:22]     train step 600/4000 loss=0.13343 lr=9.79e-05
[02:27:33]     train step 800/4000 loss=0.09029 lr=9.49e-05
[02:27:45]     train step 1000/4000 loss=0.06776 lr=9.07e-05
[02:27:56]     train step 1200/4000 loss=0.05691 lr=8.53e-05
[02:28:08]     train step 1400/4000 loss=0.04841 lr=7.90e-05
[02:28:19]     train step 1600/4000 loss=0.04314 lr=7.19e-05
[02:28:30]     train step 1800/4000 loss=0.03873 lr=6.42e-05
[02:28:42]     train step 2000/4000 loss=0.03565 lr=5.62e-05
[02:28:53]     train step 2200/4000 loss=0.03219 lr=4.80e-05
[02:29:05]     train step 2400/4000 loss=0.02986 lr=3.99e-05
[02:29:16]     train step 2600/4000 loss=0.02789 lr=3.20e-05
[02:29:27]     train step 2800/4000 loss=0.02565 lr=2.48e-05
[02:29:39]     train step 3000/4000 loss=0.02405 lr=1.82e-05
[02:29:51]     train step 3200/4000 loss=0.02222 lr=1.26e-05
[02:30:03]     train step 3400/4000 loss=0.02129 lr=8.08e-06
[02:30:14]     train step 3600/4000 loss=0.02038 lr=4.74e-06
[02:30:26]     train step 3800/4000 loss=0.02002 lr=2.69e-06
[02:30:37]     train step 4000/4000 loss=0.01943 lr=2.00e-06
[02:30:57]   [calibrate] threshold(alpha=0.99)=0.04017 over 3940 samples (median=0.01859)
[02:34:38]   [eval] pure-policy success=0.660 mean_len=127 (fixed 100-ep set)
[02:36:22]   [screen] 16/40 failures found
[02:36:31]   [collect a0] mode=bridge choice=geometric_bridge cited=[3000582, 3000583] success=True len=44
[02:36:31] 
===== DISTIL Round 15 | dataset=23 trajs =====
[02:36:31]   [train] 23 trajs, 1029 windows, state_dim=23 act_dim=7 params=4.61M steps=4000
[02:36:43]     train step 200/4000 loss=0.59353 lr=8.00e-05
[02:36:54]     train step 400/4000 loss=0.26872 lr=9.96e-05
[02:37:06]     train step 600/4000 loss=0.13542 lr=9.79e-05
[02:37:17]     train step 800/4000 loss=0.08896 lr=9.49e-05
[02:37:29]     train step 1000/4000 loss=0.06451 lr=9.07e-05
[02:37:40]     train step 1200/4000 loss=0.05398 lr=8.53e-05
[02:37:52]     train step 1400/4000 loss=0.04548 lr=7.90e-05
[02:38:03]     train step 1600/4000 loss=0.03956 lr=7.19e-05
[02:38:14]     train step 1800/4000 loss=0.03583 lr=6.42e-05
[02:38:26]     train step 2000/4000 loss=0.03165 lr=5.62e-05
[02:38:37]     train step 2200/4000 loss=0.02805 lr=4.80e-05
[02:38:49]     train step 2400/4000 loss=0.02479 lr=3.99e-05
[02:39:00]     train step 2600/4000 loss=0.02202 lr=3.20e-05
[02:39:12]     train step 2800/4000 loss=0.02034 lr=2.48e-05
[02:39:23]     train step 3000/4000 loss=0.01867 lr=1.82e-05
[02:39:34]     train step 3200/4000 loss=0.01745 lr=1.26e-05
[02:39:46]     train step 3400/4000 loss=0.01621 lr=8.08e-06
[02:39:57]     train step 3600/4000 loss=0.01573 lr=4.74e-06
[02:40:09]     train step 3800/4000 loss=0.01501 lr=2.69e-06
[02:40:20]     train step 4000/4000 loss=0.01480 lr=2.00e-06
[02:40:41]   [calibrate] threshold(alpha=0.99)=0.03277 over 4116 samples (median=0.01402)
[02:43:53]   [eval] pure-policy success=0.740 mean_len=110 (fixed 100-ep set)
[02:45:17]   [screen] 13/40 failures found
[02:45:28]   [collect a0] mode=bridge choice=geometric_bridge cited=[3000621, 3000635] success=True len=46
[02:45:28] 
===== DISTIL Round 16 | dataset=24 trajs =====
[02:45:28]   [train] 24 trajs, 1075 windows, state_dim=23 act_dim=7 params=4.61M steps=4000
[02:45:39]     train step 200/4000 loss=0.55689 lr=8.00e-05
[02:45:51]     train step 400/4000 loss=0.25505 lr=9.96e-05
[02:46:02]     train step 600/4000 loss=0.15481 lr=9.79e-05
[02:46:14]     train step 800/4000 loss=0.11383 lr=9.49e-05
[02:46:25]     train step 1000/4000 loss=0.08282 lr=9.07e-05
[02:46:37]     train step 1200/4000 loss=0.06565 lr=8.53e-05
[02:46:48]     train step 1400/4000 loss=0.05398 lr=7.90e-05
[02:47:00]     train step 1600/4000 loss=0.04738 lr=7.19e-05
[02:47:11]     train step 1800/4000 loss=0.04229 lr=6.42e-05
[02:47:23]     train step 2000/4000 loss=0.03656 lr=5.62e-05
[02:47:35]     train step 2200/4000 loss=0.03408 lr=4.80e-05
[02:47:46]     train step 2400/4000 loss=0.03113 lr=3.99e-05
[02:47:57]     train step 2600/4000 loss=0.02814 lr=3.20e-05
[02:48:09]     train step 2800/4000 loss=0.02571 lr=2.48e-05
[02:48:20]     train step 3000/4000 loss=0.02437 lr=1.82e-05
[02:48:32]     train step 3200/4000 loss=0.02244 lr=1.26e-05
[02:48:43]     train step 3400/4000 loss=0.02130 lr=8.08e-06
[02:48:55]     train step 3600/4000 loss=0.02036 lr=4.74e-06
[02:49:06]     train step 3800/4000 loss=0.01964 lr=2.69e-06
[02:49:18]     train step 4000/4000 loss=0.01922 lr=2.00e-06
[02:49:40]   [calibrate] threshold(alpha=0.99)=0.04351 over 4300 samples (median=0.01871)
[02:53:16]   [eval] pure-policy success=0.680 mean_len=124 (fixed 100-ep set)
[02:54:52]   [screen] 14/40 failures found
[02:55:03]   [collect a0] mode=bridge choice=geometric_bridge cited=[3000652, 3000653] success=True len=48
[02:55:03] 
===== DISTIL Round 17 | dataset=25 trajs =====
[02:55:03]   [train] 25 trajs, 1123 windows, state_dim=23 act_dim=7 params=4.61M steps=4000
[02:55:15]     train step 200/4000 loss=0.59731 lr=8.00e-05
[02:55:27]     train step 400/4000 loss=0.24322 lr=9.96e-05
[02:55:38]     train step 600/4000 loss=0.13421 lr=9.79e-05
[02:55:50]     train step 800/4000 loss=0.09194 lr=9.49e-05
[02:56:02]     train step 1000/4000 loss=0.06838 lr=9.07e-05
[02:56:15]     train step 1200/4000 loss=0.05482 lr=8.53e-05
[02:56:29]     train step 1400/4000 loss=0.04582 lr=7.90e-05
[02:56:43]     train step 1600/4000 loss=0.04054 lr=7.19e-05
[02:56:57]     train step 1800/4000 loss=0.03527 lr=6.42e-05
[02:57:11]     train step 2000/4000 loss=0.03153 lr=5.62e-05
[02:57:25]     train step 2200/4000 loss=0.02845 lr=4.80e-05
[02:57:39]     train step 2400/4000 loss=0.02550 lr=3.99e-05
[02:57:52]     train step 2600/4000 loss=0.02325 lr=3.20e-05
[02:58:06]     train step 2800/4000 loss=0.02107 lr=2.48e-05
[02:58:20]     train step 3000/4000 loss=0.02000 lr=1.82e-05
[02:58:34]     train step 3200/4000 loss=0.01872 lr=1.26e-05
[02:58:48]     train step 3400/4000 loss=0.01771 lr=8.08e-06
[02:59:02]     train step 3600/4000 loss=0.01667 lr=4.74e-06
[02:59:15]     train step 3800/4000 loss=0.01634 lr=2.69e-06
[02:59:28]     train step 4000/4000 loss=0.01573 lr=2.00e-06
[02:59:52]   [calibrate] threshold(alpha=0.99)=0.03574 over 4492 samples (median=0.01540)
[03:03:09]   [eval] pure-policy success=0.790 mean_len=104 (fixed 100-ep set)
[03:04:53]   [screen] 13/40 failures found
[03:05:06]   [collect a0] mode=bridge choice=geometric_bridge cited=[3000692, 3000707] success=True len=44
[03:05:06] 
===== DISTIL Round 18 | dataset=26 trajs =====
[03:05:06]   [train] 26 trajs, 1167 windows, state_dim=23 act_dim=7 params=4.61M steps=4000
[03:05:20]     train step 200/4000 loss=0.60846 lr=8.00e-05
[03:05:35]     train step 400/4000 loss=0.24602 lr=9.96e-05
[03:05:48]     train step 600/4000 loss=0.14121 lr=9.79e-05
[03:06:01]     train step 800/4000 loss=0.09250 lr=9.49e-05
[03:06:14]     train step 1000/4000 loss=0.06975 lr=9.07e-05
[03:06:28]     train step 1200/4000 loss=0.05655 lr=8.53e-05
[03:06:42]     train step 1400/4000 loss=0.04866 lr=7.90e-05
[03:06:55]     train step 1600/4000 loss=0.04286 lr=7.19e-05
[03:07:09]     train step 1800/4000 loss=0.03937 lr=6.42e-05
[03:07:22]     train step 2000/4000 loss=0.03539 lr=5.62e-05
[03:07:35]     train step 2200/4000 loss=0.03361 lr=4.80e-05
[03:07:49]     train step 2400/4000 loss=0.03107 lr=3.99e-05
[03:08:02]     train step 2600/4000 loss=0.02818 lr=3.20e-05
[03:08:16]     train step 2800/4000 loss=0.02686 lr=2.48e-05
[03:08:30]     train step 3000/4000 loss=0.02570 lr=1.82e-05
[03:08:44]     train step 3200/4000 loss=0.02423 lr=1.26e-05
[03:08:58]     train step 3400/4000 loss=0.02332 lr=8.08e-06
[03:09:13]     train step 3600/4000 loss=0.02204 lr=4.74e-06
[03:09:27]     train step 3800/4000 loss=0.02174 lr=2.69e-06
[03:09:41]     train step 4000/4000 loss=0.02116 lr=2.00e-06
[03:10:11]   [calibrate] threshold(alpha=0.99)=0.05152 over 4668 samples (median=0.01943)
[03:14:40]   [eval] pure-policy success=0.560 mean_len=138 (fixed 100-ep set)
[03:16:37]   [screen] 17/40 failures found
[03:16:56]   [collect a0] mode=bridge choice=geometric_bridge cited=[3000727, 3000756] success=True len=44
[03:16:56] 
===== DISTIL Round 19 | dataset=27 trajs =====
[03:16:56]   [train] 27 trajs, 1211 windows, state_dim=23 act_dim=7 params=4.61M steps=4000
[03:17:10]     train step 200/4000 loss=0.62404 lr=8.00e-05
[03:17:23]     train step 400/4000 loss=0.24529 lr=9.96e-05
[03:17:37]     train step 600/4000 loss=0.13099 lr=9.79e-05
[03:17:51]     train step 800/4000 loss=0.08925 lr=9.49e-05
[03:18:04]     train step 1000/4000 loss=0.06735 lr=9.07e-05
[03:18:18]     train step 1200/4000 loss=0.05455 lr=8.53e-05
[03:18:31]     train step 1400/4000 loss=0.04679 lr=7.90e-05
[03:18:44]     train step 1600/4000 loss=0.04138 lr=7.19e-05
[03:18:57]     train step 1800/4000 loss=0.03672 lr=6.42e-05
[03:19:10]     train step 2000/4000 loss=0.03328 lr=5.62e-05
[03:19:24]     train step 2200/4000 loss=0.03114 lr=4.80e-05
[03:19:37]     train step 2400/4000 loss=0.02889 lr=3.99e-05
[03:19:51]     train step 2600/4000 loss=0.02662 lr=3.20e-05
[03:20:04]     train step 2800/4000 loss=0.02465 lr=2.48e-05
[03:20:18]     train step 3000/4000 loss=0.02297 lr=1.82e-05
[03:20:32]     train step 3200/4000 loss=0.02166 lr=1.26e-05
[03:20:45]     train step 3400/4000 loss=0.02041 lr=8.08e-06
[03:21:00]     train step 3600/4000 loss=0.01972 lr=4.74e-06
[03:21:14]     train step 3800/4000 loss=0.01895 lr=2.69e-06
[03:21:27]     train step 4000/4000 loss=0.01865 lr=2.00e-06
[03:21:53]   [calibrate] threshold(alpha=0.99)=0.04188 over 4844 samples (median=0.01713)
[03:26:20]   [eval] pure-policy success=0.590 mean_len=144 (fixed 100-ep set)
[03:28:12]   [screen] 20/40 failures found
[03:28:26]   [collect a0] mode=bridge choice=geometric_bridge cited=[3000776, 3000790] success=True len=47
[03:28:26] 
===== DISTIL Round 20 | dataset=28 trajs =====
[03:28:26]   [train] 28 trajs, 1258 windows, state_dim=23 act_dim=7 params=4.61M steps=4000
[03:28:38]     train step 200/4000 loss=0.56426 lr=8.00e-05
[03:28:50]     train step 400/4000 loss=0.24109 lr=9.96e-05
[03:29:01]     train step 600/4000 loss=0.12423 lr=9.79e-05
[03:29:13]     train step 800/4000 loss=0.08427 lr=9.49e-05
[03:29:24]     train step 1000/4000 loss=0.06515 lr=9.07e-05
[03:29:36]     train step 1200/4000 loss=0.05222 lr=8.53e-05
[03:29:48]     train step 1400/4000 loss=0.04332 lr=7.90e-05
[03:29:59]     train step 1600/4000 loss=0.03900 lr=7.19e-05
[03:30:11]     train step 1800/4000 loss=0.03302 lr=6.42e-05
[03:30:23]     train step 2000/4000 loss=0.02965 lr=5.62e-05
[03:30:34]     train step 2200/4000 loss=0.02681 lr=4.80e-05
[03:30:46]     train step 2400/4000 loss=0.02427 lr=3.99e-05
[03:30:57]     train step 2600/4000 loss=0.02224 lr=3.20e-05
[03:31:09]     train step 2800/4000 loss=0.02050 lr=2.48e-05
[03:31:21]     train step 3000/4000 loss=0.01923 lr=1.82e-05
[03:31:33]     train step 3200/4000 loss=0.01786 lr=1.26e-05
[03:31:45]     train step 3400/4000 loss=0.01704 lr=8.08e-06
[03:31:58]     train step 3600/4000 loss=0.01633 lr=4.74e-06
[03:32:10]     train step 3800/4000 loss=0.01589 lr=2.69e-06
[03:32:22]     train step 4000/4000 loss=0.01547 lr=2.00e-06
[03:32:48]   [calibrate] threshold(alpha=0.99)=0.03516 over 5032 samples (median=0.01437)
[03:36:12]   [eval] pure-policy success=0.710 mean_len=115 (fixed 100-ep set)
[03:36:12] [stop] reached final_demos=28 (28 trajs), sr=0.710
[03:36:12] 
[FINAL] DISTIL pure-policy success=0.71 | demos=28 (last frozen held-out eval)
[03:36:12] DONE in 12500.4s | final_success=0.71
[03:36:12] [write] /weka/s226137394/DmNfull/distil/results/Lift/image/decision_heuristic/seed2/result.json
