[22:38:45] [env] loaded /weka/s226137394/DmNfull/.env
[22:38:46] ===== DISTIL | task=Lift modality=image ablation=allocation_random seed=3 budget=20 smoke=False device=cuda =====
[22:38:47] [bootstrap] loaded 8 shared demos from /weka/s226137394/DmNfull/distil/results/shared_bootstrap/Lift_image/Lift_image_ni8.pkl
[22:38:47] [kag] copied Lift.json + rendered .kag.txt into /weka/s226137394/DmNfull/distil/results/Lift/image/allocation_random/seed3/kag
[22:38:50] [init] using 8 bootstrap demos (shared with baselines)
[22:38:50] 
===== DISTIL Round 0 | dataset=8 trajs =====
[22:38:51]   [train] 8 trajs, 357 windows, state_dim=23 act_dim=7 params=4.61M steps=8000
[22:39:01]     train step 200/8000 loss=0.61085 lr=8.00e-05
[22:39:10]     train step 400/8000 loss=0.26052 lr=9.99e-05
[22:39:19]     train step 600/8000 loss=0.14924 lr=9.95e-05
[22:39:28]     train step 800/8000 loss=0.10274 lr=9.88e-05
[22:39:37]     train step 1000/8000 loss=0.07827 lr=9.78e-05
[22:39:45]     train step 1200/8000 loss=0.06321 lr=9.64e-05
[22:39:54]     train step 1400/8000 loss=0.05461 lr=9.48e-05
[22:40:03]     train step 1600/8000 loss=0.04613 lr=9.29e-05
[22:40:12]     train step 1800/8000 loss=0.04150 lr=9.07e-05
[22:40:20]     train step 2000/8000 loss=0.03548 lr=8.82e-05
[22:40:29]     train step 2200/8000 loss=0.03221 lr=8.55e-05
[22:40:38]     train step 2400/8000 loss=0.02874 lr=8.26e-05
[22:40:47]     train step 2600/8000 loss=0.02673 lr=7.94e-05
[22:40:55]     train step 2800/8000 loss=0.02490 lr=7.61e-05
[22:41:04]     train step 3000/8000 loss=0.02196 lr=7.26e-05
[22:41:13]     train step 3200/8000 loss=0.02170 lr=6.90e-05
[22:41:22]     train step 3400/8000 loss=0.01823 lr=6.52e-05
[22:41:30]     train step 3600/8000 loss=0.01662 lr=6.14e-05
[22:41:39]     train step 3800/8000 loss=0.01511 lr=5.75e-05
[22:41:48]     train step 4000/8000 loss=0.01372 lr=5.35e-05
[22:41:57]     train step 4200/8000 loss=0.01286 lr=4.95e-05
[22:42:05]     train step 4400/8000 loss=0.01169 lr=4.56e-05
[22:42:14]     train step 4600/8000 loss=0.01029 lr=4.16e-05
[22:42:23]     train step 4800/8000 loss=0.00943 lr=3.78e-05
[22:42:32]     train step 5000/8000 loss=0.00896 lr=3.40e-05
[22:42:40]     train step 5200/8000 loss=0.00791 lr=3.03e-05
[22:42:49]     train step 5400/8000 loss=0.00718 lr=2.68e-05
[22:42:58]     train step 5600/8000 loss=0.00692 lr=2.34e-05
[22:43:07]     train step 5800/8000 loss=0.00607 lr=2.02e-05
[22:43:15]     train step 6000/8000 loss=0.00543 lr=1.73e-05
[22:43:24]     train step 6200/8000 loss=0.00508 lr=1.45e-05
[22:43:33]     train step 6400/8000 loss=0.00472 lr=1.20e-05
[22:43:41]     train step 6600/8000 loss=0.00444 lr=9.69e-06
[22:43:50]     train step 6800/8000 loss=0.00434 lr=7.69e-06
[22:43:59]     train step 7000/8000 loss=0.00405 lr=5.98e-06
[22:44:08]     train step 7200/8000 loss=0.00394 lr=4.56e-06
[22:44:17]     train step 7400/8000 loss=0.00384 lr=3.45e-06
[22:44:25]     train step 7600/8000 loss=0.00372 lr=2.65e-06
[22:44:34]     train step 7800/8000 loss=0.00361 lr=2.16e-06
[22:44:43]     train step 8000/8000 loss=0.00356 lr=2.00e-06
[22:44:50]   [calibrate] threshold(alpha=0.99)=0.00552 over 1428 samples (median=0.00365)
[22:49:19]   [eval] pure-policy success=0.560 mean_len=152 (fixed 100-ep set)
[22:50:48]   [screen] 12/40 failures found
[22:50:50]   [collect a0] mode=select choice=random_alloc cited=[3000030] success=True len=43
[22:50:50] 
===== DISTIL Round 1 | dataset=9 trajs =====
[22:50:50]   [train] 9 trajs, 400 windows, state_dim=23 act_dim=7 params=4.61M steps=4000
[22:50:59]     train step 200/4000 loss=0.58574 lr=8.00e-05
[22:51:09]     train step 400/4000 loss=0.26136 lr=9.96e-05
[22:51:18]     train step 600/4000 loss=0.14673 lr=9.79e-05
[22:51:27]     train step 800/4000 loss=0.10009 lr=9.49e-05
[22:51:36]     train step 1000/4000 loss=0.07420 lr=9.07e-05
[22:51:46]     train step 1200/4000 loss=0.06004 lr=8.53e-05
[22:51:55]     train step 1400/4000 loss=0.04945 lr=7.90e-05
[22:52:04]     train step 1600/4000 loss=0.04184 lr=7.19e-05
[22:52:13]     train step 1800/4000 loss=0.03745 lr=6.42e-05
[22:52:22]     train step 2000/4000 loss=0.03208 lr=5.62e-05
[22:52:32]     train step 2200/4000 loss=0.02913 lr=4.80e-05
[22:52:41]     train step 2400/4000 loss=0.02574 lr=3.99e-05
[22:52:50]     train step 2600/4000 loss=0.02414 lr=3.20e-05
[22:52:59]     train step 2800/4000 loss=0.02139 lr=2.48e-05
[22:53:09]     train step 3000/4000 loss=0.01987 lr=1.82e-05
[22:53:18]     train step 3200/4000 loss=0.01806 lr=1.26e-05
[22:53:27]     train step 3400/4000 loss=0.01667 lr=8.08e-06
[22:53:36]     train step 3600/4000 loss=0.01598 lr=4.74e-06
[22:53:45]     train step 3800/4000 loss=0.01544 lr=2.69e-06
[22:53:54]     train step 4000/4000 loss=0.01504 lr=2.00e-06
[22:54:03]   [calibrate] threshold(alpha=0.99)=0.02418 over 1600 samples (median=0.01516)
[22:58:55]   [eval] pure-policy success=0.460 mean_len=167 (fixed 100-ep set)
[23:01:00]   [screen] 20/40 failures found
[23:01:05]   [collect a0] mode=select choice=random_alloc cited=[3000044] success=True len=43
[23:01:05] 
===== DISTIL Round 2 | dataset=10 trajs =====
[23:01:05]   [train] 10 trajs, 443 windows, state_dim=23 act_dim=7 params=4.61M steps=4000
[23:01:15]     train step 200/4000 loss=0.56477 lr=8.00e-05
[23:01:25]     train step 400/4000 loss=0.25183 lr=9.96e-05
[23:01:35]     train step 600/4000 loss=0.14208 lr=9.79e-05
[23:01:44]     train step 800/4000 loss=0.09757 lr=9.49e-05
[23:01:54]     train step 1000/4000 loss=0.07478 lr=9.07e-05
[23:02:04]     train step 1200/4000 loss=0.05878 lr=8.53e-05
[23:02:14]     train step 1400/4000 loss=0.04753 lr=7.90e-05
[23:02:23]     train step 1600/4000 loss=0.04072 lr=7.19e-05
[23:02:33]     train step 1800/4000 loss=0.03486 lr=6.42e-05
[23:02:43]     train step 2000/4000 loss=0.03068 lr=5.62e-05
[23:02:52]     train step 2200/4000 loss=0.02709 lr=4.80e-05
[23:03:02]     train step 2400/4000 loss=0.02482 lr=3.99e-05
[23:03:12]     train step 2600/4000 loss=0.02177 lr=3.20e-05
[23:03:22]     train step 2800/4000 loss=0.02000 lr=2.48e-05
[23:03:31]     train step 3000/4000 loss=0.01871 lr=1.82e-05
[23:03:41]     train step 3200/4000 loss=0.01750 lr=1.26e-05
[23:03:51]     train step 3400/4000 loss=0.01639 lr=8.08e-06
[23:04:01]     train step 3600/4000 loss=0.01541 lr=4.74e-06
[23:04:10]     train step 3800/4000 loss=0.01476 lr=2.69e-06
[23:04:20]     train step 4000/4000 loss=0.01442 lr=2.00e-06
[23:04:29]   [calibrate] threshold(alpha=0.99)=0.02243 over 1772 samples (median=0.01471)
[23:08:47]   [eval] pure-policy success=0.530 mean_len=148 (fixed 100-ep set)
[23:10:18]   [screen] 14/40 failures found
[23:10:21]   [collect a0] mode=select choice=random_alloc cited=[3000091] success=True len=41
[23:10:21] 
===== DISTIL Round 3 | dataset=11 trajs =====
[23:10:21]   [train] 11 trajs, 484 windows, state_dim=23 act_dim=7 params=4.61M steps=4000
[23:10:32]     train step 200/4000 loss=0.62747 lr=8.00e-05
[23:10:43]     train step 400/4000 loss=0.28253 lr=9.96e-05
[23:10:54]     train step 600/4000 loss=0.15109 lr=9.79e-05
[23:11:05]     train step 800/4000 loss=0.10097 lr=9.49e-05
[23:11:16]     train step 1000/4000 loss=0.07677 lr=9.07e-05
[23:11:27]     train step 1200/4000 loss=0.06296 lr=8.53e-05
[23:11:38]     train step 1400/4000 loss=0.05284 lr=7.90e-05
[23:11:49]     train step 1600/4000 loss=0.04707 lr=7.19e-05
[23:12:00]     train step 1800/4000 loss=0.04167 lr=6.42e-05
[23:12:11]     train step 2000/4000 loss=0.03730 lr=5.62e-05
[23:12:22]     train step 2200/4000 loss=0.03333 lr=4.80e-05
[23:12:33]     train step 2400/4000 loss=0.03051 lr=3.99e-05
[23:12:44]     train step 2600/4000 loss=0.02811 lr=3.20e-05
[23:12:55]     train step 2800/4000 loss=0.02628 lr=2.48e-05
[23:13:06]     train step 3000/4000 loss=0.02424 lr=1.82e-05
[23:13:17]     train step 3200/4000 loss=0.02243 lr=1.26e-05
[23:13:27]     train step 3400/4000 loss=0.02111 lr=8.08e-06
[23:13:38]     train step 3600/4000 loss=0.02022 lr=4.74e-06
[23:13:50]     train step 3800/4000 loss=0.01951 lr=2.69e-06
[23:14:01]     train step 4000/4000 loss=0.01913 lr=2.00e-06
[23:14:11]   [calibrate] threshold(alpha=0.99)=0.03831 over 1936 samples (median=0.01834)
[23:18:15]   [eval] pure-policy success=0.640 mean_len=140 (fixed 100-ep set)
[23:19:50]   [screen] 12/40 failures found
[23:19:56]   [collect a0] mode=select choice=random_alloc cited=[3000127] success=True len=23
[23:19:56] 
===== DISTIL Round 4 | dataset=12 trajs =====
[23:19:57]   [train] 12 trajs, 507 windows, state_dim=23 act_dim=7 params=4.61M steps=4000
[23:20:08]     train step 200/4000 loss=0.61845 lr=8.00e-05
[23:20:20]     train step 400/4000 loss=0.26496 lr=9.96e-05
[23:20:31]     train step 600/4000 loss=0.14924 lr=9.79e-05
[23:20:42]     train step 800/4000 loss=0.09701 lr=9.49e-05
[23:20:53]     train step 1000/4000 loss=0.07412 lr=9.07e-05
[23:21:05]     train step 1200/4000 loss=0.06064 lr=8.53e-05
[23:21:16]     train step 1400/4000 loss=0.04868 lr=7.90e-05
[23:21:27]     train step 1600/4000 loss=0.04008 lr=7.19e-05
[23:21:39]     train step 1800/4000 loss=0.03560 lr=6.42e-05
[23:21:50]     train step 2000/4000 loss=0.02989 lr=5.62e-05
[23:22:01]     train step 2200/4000 loss=0.02691 lr=4.80e-05
[23:22:13]     train step 2400/4000 loss=0.02400 lr=3.99e-05
[23:22:24]     train step 2600/4000 loss=0.02231 lr=3.20e-05
[23:22:35]     train step 2800/4000 loss=0.02052 lr=2.48e-05
[23:22:47]     train step 3000/4000 loss=0.01856 lr=1.82e-05
[23:22:58]     train step 3200/4000 loss=0.01706 lr=1.26e-05
[23:23:09]     train step 3400/4000 loss=0.01598 lr=8.08e-06
[23:23:21]     train step 3600/4000 loss=0.01527 lr=4.74e-06
[23:23:32]     train step 3800/4000 loss=0.01478 lr=2.69e-06
[23:23:43]     train step 4000/4000 loss=0.01443 lr=2.00e-06
[23:23:54]   [calibrate] threshold(alpha=0.99)=0.02577 over 2028 samples (median=0.01452)
[23:27:14]   [eval] pure-policy success=0.730 mean_len=115 (fixed 100-ep set)
[23:28:38]   [screen] 10/40 failures found
[23:28:43]   [collect a0] mode=select choice=random_alloc cited=[3000167] success=True len=22
[23:28:44] 
===== DISTIL Round 5 | dataset=13 trajs =====
[23:28:44]   [train] 13 trajs, 529 windows, state_dim=23 act_dim=7 params=4.61M steps=4000
[23:28:55]     train step 200/4000 loss=0.58933 lr=8.00e-05
[23:29:07]     train step 400/4000 loss=0.24566 lr=9.96e-05
[23:29:18]     train step 600/4000 loss=0.13853 lr=9.79e-05
[23:29:30]     train step 800/4000 loss=0.09780 lr=9.49e-05
[23:29:41]     train step 1000/4000 loss=0.07273 lr=9.07e-05
[23:29:52]     train step 1200/4000 loss=0.05500 lr=8.53e-05
[23:30:04]     train step 1400/4000 loss=0.04478 lr=7.90e-05
[23:30:15]     train step 1600/4000 loss=0.03870 lr=7.19e-05
[23:30:26]     train step 1800/4000 loss=0.03263 lr=6.42e-05
[23:30:38]     train step 2000/4000 loss=0.02983 lr=5.62e-05
[23:30:49]     train step 2200/4000 loss=0.02580 lr=4.80e-05
[23:31:01]     train step 2400/4000 loss=0.02353 lr=3.99e-05
[23:31:12]     train step 2600/4000 loss=0.02010 lr=3.20e-05
[23:31:23]     train step 2800/4000 loss=0.01876 lr=2.48e-05
[23:31:35]     train step 3000/4000 loss=0.01691 lr=1.82e-05
[23:31:46]     train step 3200/4000 loss=0.01594 lr=1.26e-05
[23:31:57]     train step 3400/4000 loss=0.01463 lr=8.08e-06
[23:32:09]     train step 3600/4000 loss=0.01391 lr=4.74e-06
[23:32:20]     train step 3800/4000 loss=0.01359 lr=2.69e-06
[23:32:31]     train step 4000/4000 loss=0.01312 lr=2.00e-06
[23:32:42]   [calibrate] threshold(alpha=0.99)=0.02476 over 2116 samples (median=0.01282)
[23:36:36]   [eval] pure-policy success=0.720 mean_len=134 (fixed 100-ep set)
[23:37:56]   [screen] 10/40 failures found
[23:38:00]   [collect a0] mode=select choice=random_alloc cited=[3000231] success=True len=27
[23:38:00] 
===== DISTIL Round 6 | dataset=14 trajs =====
[23:38:00]   [train] 14 trajs, 556 windows, state_dim=23 act_dim=7 params=4.61M steps=4000
[23:38:11]     train step 200/4000 loss=0.54581 lr=8.00e-05
[23:38:23]     train step 400/4000 loss=0.23883 lr=9.96e-05
[23:38:34]     train step 600/4000 loss=0.12893 lr=9.79e-05
[23:38:45]     train step 800/4000 loss=0.08760 lr=9.49e-05
[23:38:57]     train step 1000/4000 loss=0.06574 lr=9.07e-05
[23:39:08]     train step 1200/4000 loss=0.05231 lr=8.53e-05
[23:39:20]     train step 1400/4000 loss=0.04481 lr=7.90e-05
[23:39:31]     train step 1600/4000 loss=0.03895 lr=7.19e-05
[23:39:42]     train step 1800/4000 loss=0.03320 lr=6.42e-05
[23:39:54]     train step 2000/4000 loss=0.02920 lr=5.62e-05
[23:40:05]     train step 2200/4000 loss=0.02724 lr=4.80e-05
[23:40:16]     train step 2400/4000 loss=0.02393 lr=3.99e-05
[23:40:28]     train step 2600/4000 loss=0.02124 lr=3.20e-05
[23:40:39]     train step 2800/4000 loss=0.01938 lr=2.48e-05
[23:40:50]     train step 3000/4000 loss=0.01769 lr=1.82e-05
[23:41:02]     train step 3200/4000 loss=0.01642 lr=1.26e-05
[23:41:13]     train step 3400/4000 loss=0.01539 lr=8.08e-06
[23:41:25]     train step 3600/4000 loss=0.01465 lr=4.74e-06
[23:41:36]     train step 3800/4000 loss=0.01403 lr=2.69e-06
[23:41:48]     train step 4000/4000 loss=0.01392 lr=2.00e-06
[23:41:59]   [calibrate] threshold(alpha=0.99)=0.02851 over 2224 samples (median=0.01348)
[23:45:32]   [eval] pure-policy success=0.800 mean_len=122 (fixed 100-ep set)
[23:47:01]   [screen] 10/40 failures found
[23:47:04]   [collect a0] mode=select choice=random_alloc cited=[3000270] success=True len=33
[23:47:04] 
===== DISTIL Round 7 | dataset=15 trajs =====
[23:47:04]   [train] 15 trajs, 589 windows, state_dim=23 act_dim=7 params=4.61M steps=4000
[23:47:16]     train step 200/4000 loss=0.62618 lr=8.00e-05
[23:47:27]     train step 400/4000 loss=0.22710 lr=9.96e-05
[23:47:39]     train step 600/4000 loss=0.12544 lr=9.79e-05
[23:47:50]     train step 800/4000 loss=0.08706 lr=9.49e-05
[23:48:01]     train step 1000/4000 loss=0.06696 lr=9.07e-05
[23:48:13]     train step 1200/4000 loss=0.05523 lr=8.53e-05
[23:48:24]     train step 1400/4000 loss=0.04640 lr=7.90e-05
[23:48:35]     train step 1600/4000 loss=0.04117 lr=7.19e-05
[23:48:47]     train step 1800/4000 loss=0.03531 lr=6.42e-05
[23:48:58]     train step 2000/4000 loss=0.03155 lr=5.62e-05
[23:49:10]     train step 2200/4000 loss=0.02926 lr=4.80e-05
[23:49:21]     train step 2400/4000 loss=0.02649 lr=3.99e-05
[23:49:32]     train step 2600/4000 loss=0.02408 lr=3.20e-05
[23:49:44]     train step 2800/4000 loss=0.02197 lr=2.48e-05
[23:49:55]     train step 3000/4000 loss=0.02015 lr=1.82e-05
[23:50:07]     train step 3200/4000 loss=0.01900 lr=1.26e-05
[23:50:18]     train step 3400/4000 loss=0.01781 lr=8.08e-06
[23:50:29]     train step 3600/4000 loss=0.01696 lr=4.74e-06
[23:50:41]     train step 3800/4000 loss=0.01634 lr=2.69e-06
[23:50:52]     train step 4000/4000 loss=0.01595 lr=2.00e-06
[23:51:04]   [calibrate] threshold(alpha=0.99)=0.03425 over 2356 samples (median=0.01551)
[23:55:44]   [eval] pure-policy success=0.590 mean_len=161 (fixed 100-ep set)
[23:57:32]   [screen] 16/40 failures found
[23:57:46]   [collect a0] mode=select choice=random_alloc cited=[3000299] success=True len=29
[23:57:46] 
===== DISTIL Round 8 | dataset=16 trajs =====
[23:57:46]   [train] 16 trajs, 618 windows, state_dim=23 act_dim=7 params=4.61M steps=4000
[23:57:58]     train step 200/4000 loss=0.59261 lr=8.00e-05
[23:58:09]     train step 400/4000 loss=0.25593 lr=9.96e-05
[23:58:20]     train step 600/4000 loss=0.14735 lr=9.79e-05
[23:58:32]     train step 800/4000 loss=0.09918 lr=9.49e-05
[23:58:43]     train step 1000/4000 loss=0.07683 lr=9.07e-05
[23:58:55]     train step 1200/4000 loss=0.06397 lr=8.53e-05
[23:59:06]     train step 1400/4000 loss=0.05447 lr=7.90e-05
[23:59:17]     train step 1600/4000 loss=0.04800 lr=7.19e-05
[23:59:29]     train step 1800/4000 loss=0.04249 lr=6.42e-05
[23:59:40]     train step 2000/4000 loss=0.03766 lr=5.62e-05
[23:59:51]     train step 2200/4000 loss=0.03413 lr=4.80e-05
[00:00:03]     train step 2400/4000 loss=0.03133 lr=3.99e-05
[00:00:14]     train step 2600/4000 loss=0.02818 lr=3.20e-05
[00:00:26]     train step 2800/4000 loss=0.02567 lr=2.48e-05
[00:00:37]     train step 3000/4000 loss=0.02396 lr=1.82e-05
[00:00:49]     train step 3200/4000 loss=0.02207 lr=1.26e-05
[00:01:00]     train step 3400/4000 loss=0.02092 lr=8.08e-06
[00:01:11]     train step 3600/4000 loss=0.01996 lr=4.74e-06
[00:01:23]     train step 3800/4000 loss=0.01907 lr=2.69e-06
[00:01:34]     train step 4000/4000 loss=0.01871 lr=2.00e-06
[00:01:47]   [calibrate] threshold(alpha=0.99)=0.04822 over 2472 samples (median=0.01723)
[00:05:06]   [eval] pure-policy success=0.800 mean_len=114 (fixed 100-ep set)
[00:06:18]   [screen] 6/40 failures found
[00:06:23]   [collect a0] mode=select choice=random_alloc cited=[3000324] success=True len=22
[00:06:23] 
===== DISTIL Round 9 | dataset=17 trajs =====
[00:06:23]   [train] 17 trajs, 640 windows, state_dim=23 act_dim=7 params=4.61M steps=4000
[00:06:35]     train step 200/4000 loss=0.58282 lr=8.00e-05
[00:06:46]     train step 400/4000 loss=0.25034 lr=9.96e-05
[00:06:57]     train step 600/4000 loss=0.14158 lr=9.79e-05
[00:07:09]     train step 800/4000 loss=0.09903 lr=9.49e-05
[00:07:20]     train step 1000/4000 loss=0.07631 lr=9.07e-05
[00:07:31]     train step 1200/4000 loss=0.06216 lr=8.53e-05
[00:07:43]     train step 1400/4000 loss=0.05336 lr=7.90e-05
[00:07:54]     train step 1600/4000 loss=0.04750 lr=7.19e-05
[00:08:05]     train step 1800/4000 loss=0.04226 lr=6.42e-05
[00:08:17]     train step 2000/4000 loss=0.03739 lr=5.62e-05
[00:08:28]     train step 2200/4000 loss=0.03439 lr=4.80e-05
[00:08:40]     train step 2400/4000 loss=0.03162 lr=3.99e-05
[00:08:51]     train step 2600/4000 loss=0.02903 lr=3.20e-05
[00:09:02]     train step 2800/4000 loss=0.02637 lr=2.48e-05
[00:09:14]     train step 3000/4000 loss=0.02441 lr=1.82e-05
[00:09:25]     train step 3200/4000 loss=0.02267 lr=1.26e-05
[00:09:36]     train step 3400/4000 loss=0.02165 lr=8.08e-06
[00:09:48]     train step 3600/4000 loss=0.02022 lr=4.74e-06
[00:09:59]     train step 3800/4000 loss=0.01981 lr=2.69e-06
[00:10:11]     train step 4000/4000 loss=0.01926 lr=2.00e-06
[00:10:23]   [calibrate] threshold(alpha=0.99)=0.04767 over 2560 samples (median=0.01791)
[00:13:40]   [eval] pure-policy success=0.810 mean_len=113 (fixed 100-ep set)
[00:15:23]   [screen] 13/40 failures found
[00:15:32]   [collect a0] mode=select choice=random_alloc cited=[3000363] success=True len=25
[00:15:32] 
===== DISTIL Round 10 | dataset=18 trajs =====
[00:15:32]   [train] 18 trajs, 665 windows, state_dim=23 act_dim=7 params=4.61M steps=4000
[00:15:44]     train step 200/4000 loss=0.59306 lr=8.00e-05
[00:15:55]     train step 400/4000 loss=0.24633 lr=9.96e-05
[00:16:06]     train step 600/4000 loss=0.13760 lr=9.79e-05
[00:16:18]     train step 800/4000 loss=0.09554 lr=9.49e-05
[00:16:29]     train step 1000/4000 loss=0.07368 lr=9.07e-05
[00:16:41]     train step 1200/4000 loss=0.06000 lr=8.53e-05
[00:16:52]     train step 1400/4000 loss=0.05190 lr=7.90e-05
[00:17:03]     train step 1600/4000 loss=0.04328 lr=7.19e-05
[00:17:15]     train step 1800/4000 loss=0.03801 lr=6.42e-05
[00:17:26]     train step 2000/4000 loss=0.03294 lr=5.62e-05
[00:17:38]     train step 2200/4000 loss=0.03031 lr=4.80e-05
[00:17:49]     train step 2400/4000 loss=0.02659 lr=3.99e-05
[00:18:01]     train step 2600/4000 loss=0.02380 lr=3.20e-05
[00:18:12]     train step 2800/4000 loss=0.02187 lr=2.48e-05
[00:18:23]     train step 3000/4000 loss=0.02027 lr=1.82e-05
[00:18:35]     train step 3200/4000 loss=0.01870 lr=1.26e-05
[00:18:46]     train step 3400/4000 loss=0.01780 lr=8.08e-06
[00:18:58]     train step 3600/4000 loss=0.01685 lr=4.74e-06
[00:19:09]     train step 3800/4000 loss=0.01629 lr=2.69e-06
[00:19:20]     train step 4000/4000 loss=0.01602 lr=2.00e-06
[00:19:34]   [calibrate] threshold(alpha=0.99)=0.04306 over 2660 samples (median=0.01475)
[00:22:52]   [eval] pure-policy success=0.800 mean_len=113 (fixed 100-ep set)
[00:24:27]   [screen] 9/40 failures found
[00:24:32]   [collect a0] mode=select choice=random_alloc cited=[3000412] success=True len=24
[00:24:32] 
===== DISTIL Round 11 | dataset=19 trajs =====
[00:24:32]   [train] 19 trajs, 689 windows, state_dim=23 act_dim=7 params=4.61M steps=4000
[00:24:43]     train step 200/4000 loss=0.54691 lr=8.00e-05
[00:24:55]     train step 400/4000 loss=0.25506 lr=9.96e-05
[00:25:06]     train step 600/4000 loss=0.14171 lr=9.79e-05
[00:25:17]     train step 800/4000 loss=0.09823 lr=9.49e-05
[00:25:29]     train step 1000/4000 loss=0.07805 lr=9.07e-05
[00:25:40]     train step 1200/4000 loss=0.06607 lr=8.53e-05
[00:25:52]     train step 1400/4000 loss=0.05701 lr=7.90e-05
[00:26:03]     train step 1600/4000 loss=0.04913 lr=7.19e-05
[00:26:15]     train step 1800/4000 loss=0.04357 lr=6.42e-05
[00:26:26]     train step 2000/4000 loss=0.03796 lr=5.62e-05
[00:26:37]     train step 2200/4000 loss=0.03372 lr=4.80e-05
[00:26:49]     train step 2400/4000 loss=0.02989 lr=3.99e-05
[00:27:00]     train step 2600/4000 loss=0.02732 lr=3.20e-05
[00:27:12]     train step 2800/4000 loss=0.02451 lr=2.48e-05
[00:27:23]     train step 3000/4000 loss=0.02208 lr=1.82e-05
[00:27:35]     train step 3200/4000 loss=0.02061 lr=1.26e-05
[00:27:46]     train step 3400/4000 loss=0.01912 lr=8.08e-06
[00:27:58]     train step 3600/4000 loss=0.01826 lr=4.74e-06
[00:28:09]     train step 3800/4000 loss=0.01742 lr=2.69e-06
[00:28:20]     train step 4000/4000 loss=0.01733 lr=2.00e-06
[00:28:34]   [calibrate] threshold(alpha=0.99)=0.04651 over 2756 samples (median=0.01611)
[00:31:33]   [eval] pure-policy success=0.860 mean_len=102 (fixed 100-ep set)
[00:32:43]   [screen] 5/40 failures found
[00:32:51]   [collect a0] mode=select choice=random_alloc cited=[3000454] success=True len=26
[00:32:52] 
===== DISTIL Round 12 | dataset=20 trajs =====
[00:32:52]   [train] 20 trajs, 715 windows, state_dim=23 act_dim=7 params=4.61M steps=4000
[00:33:03]     train step 200/4000 loss=0.55463 lr=8.00e-05
[00:33:15]     train step 400/4000 loss=0.26661 lr=9.96e-05
[00:33:26]     train step 600/4000 loss=0.15470 lr=9.79e-05
[00:33:37]     train step 800/4000 loss=0.10646 lr=9.49e-05
[00:33:49]     train step 1000/4000 loss=0.08022 lr=9.07e-05
[00:34:00]     train step 1200/4000 loss=0.06737 lr=8.53e-05
[00:34:12]     train step 1400/4000 loss=0.05861 lr=7.90e-05
[00:34:23]     train step 1600/4000 loss=0.05177 lr=7.19e-05
[00:34:34]     train step 1800/4000 loss=0.04700 lr=6.42e-05
[00:34:46]     train step 2000/4000 loss=0.04201 lr=5.62e-05
[00:34:57]     train step 2200/4000 loss=0.03953 lr=4.80e-05
[00:35:08]     train step 2400/4000 loss=0.03679 lr=3.99e-05
[00:35:20]     train step 2600/4000 loss=0.03326 lr=3.20e-05
[00:35:31]     train step 2800/4000 loss=0.03084 lr=2.48e-05
[00:35:42]     train step 3000/4000 loss=0.02966 lr=1.82e-05
[00:35:54]     train step 3200/4000 loss=0.02782 lr=1.26e-05
[00:36:05]     train step 3400/4000 loss=0.02630 lr=8.08e-06
[00:36:17]     train step 3600/4000 loss=0.02539 lr=4.74e-06
[00:36:28]     train step 3800/4000 loss=0.02468 lr=2.69e-06
[00:36:39]     train step 4000/4000 loss=0.02420 lr=2.00e-06
[00:36:54]   [calibrate] threshold(alpha=0.99)=0.06283 over 2860 samples (median=0.02050)
[00:40:06]   [eval] pure-policy success=0.870 mean_len=111 (fixed 100-ep set)
[00:41:28]   [screen] 4/40 failures found
[00:41:31]   [collect a0] mode=select choice=random_alloc cited=[3000504] success=True len=28
[00:41:31] 
===== DISTIL Round 13 | dataset=21 trajs =====
[00:41:32]   [train] 21 trajs, 743 windows, state_dim=23 act_dim=7 params=4.61M steps=4000
[00:41:43]     train step 200/4000 loss=0.57745 lr=8.00e-05
[00:41:54]     train step 400/4000 loss=0.23463 lr=9.96e-05
[00:42:06]     train step 600/4000 loss=0.13707 lr=9.79e-05
[00:42:17]     train step 800/4000 loss=0.09539 lr=9.49e-05
[00:42:28]     train step 1000/4000 loss=0.07344 lr=9.07e-05
[00:42:40]     train step 1200/4000 loss=0.06110 lr=8.53e-05
[00:42:51]     train step 1400/4000 loss=0.05383 lr=7.90e-05
[00:43:03]     train step 1600/4000 loss=0.04758 lr=7.19e-05
[00:43:14]     train step 1800/4000 loss=0.04200 lr=6.42e-05
[00:43:25]     train step 2000/4000 loss=0.03812 lr=5.62e-05
[00:43:37]     train step 2200/4000 loss=0.03386 lr=4.80e-05
[00:43:48]     train step 2400/4000 loss=0.03102 lr=3.99e-05
[00:44:00]     train step 2600/4000 loss=0.02934 lr=3.20e-05
[00:44:11]     train step 2800/4000 loss=0.02674 lr=2.48e-05
[00:44:22]     train step 3000/4000 loss=0.02457 lr=1.82e-05
[00:44:34]     train step 3200/4000 loss=0.02287 lr=1.26e-05
[00:44:45]     train step 3400/4000 loss=0.02179 lr=8.08e-06
[00:44:57]     train step 3600/4000 loss=0.02076 lr=4.74e-06
[00:45:08]     train step 3800/4000 loss=0.02027 lr=2.69e-06
[00:45:19]     train step 4000/4000 loss=0.01987 lr=2.00e-06
[00:45:34]   [calibrate] threshold(alpha=0.99)=0.04945 over 2972 samples (median=0.01784)
[00:48:47]   [eval] pure-policy success=0.890 mean_len=110 (fixed 100-ep set)
[00:49:56]   [screen] 5/40 failures found
[00:50:02]   [collect a0] mode=select choice=random_alloc cited=[3000535] success=True len=29
[00:50:02] 
===== DISTIL Round 14 | dataset=22 trajs =====
[00:50:02]   [train] 22 trajs, 772 windows, state_dim=23 act_dim=7 params=4.61M steps=4000
[00:50:14]     train step 200/4000 loss=0.56164 lr=8.00e-05
[00:50:25]     train step 400/4000 loss=0.22221 lr=9.96e-05
[00:50:37]     train step 600/4000 loss=0.12575 lr=9.79e-05
[00:50:48]     train step 800/4000 loss=0.08761 lr=9.49e-05
[00:50:59]     train step 1000/4000 loss=0.06885 lr=9.07e-05
[00:51:11]     train step 1200/4000 loss=0.05978 lr=8.53e-05
[00:51:22]     train step 1400/4000 loss=0.05258 lr=7.90e-05
[00:51:33]     train step 1600/4000 loss=0.04612 lr=7.19e-05
[00:51:45]     train step 1800/4000 loss=0.04004 lr=6.42e-05
[00:51:56]     train step 2000/4000 loss=0.03592 lr=5.62e-05
[00:52:07]     train step 2200/4000 loss=0.03236 lr=4.80e-05
[00:52:19]     train step 2400/4000 loss=0.02915 lr=3.99e-05
[00:52:30]     train step 2600/4000 loss=0.02672 lr=3.20e-05
[00:52:42]     train step 2800/4000 loss=0.02489 lr=2.48e-05
[00:52:53]     train step 3000/4000 loss=0.02328 lr=1.82e-05
[00:53:04]     train step 3200/4000 loss=0.02177 lr=1.26e-05
[00:53:16]     train step 3400/4000 loss=0.02036 lr=8.08e-06
[00:53:27]     train step 3600/4000 loss=0.01964 lr=4.74e-06
[00:53:38]     train step 3800/4000 loss=0.01882 lr=2.69e-06
[00:53:50]     train step 4000/4000 loss=0.01847 lr=2.00e-06
[00:54:05]   [calibrate] threshold(alpha=0.99)=0.05293 over 3088 samples (median=0.01639)
[00:57:00]   [eval] pure-policy success=0.950 mean_len=100 (fixed 100-ep set)
[00:58:01]   [screen] 4/40 failures found
[00:58:06]   [collect a0] mode=select choice=random_alloc cited=[3000577] success=True len=29
[00:58:06] 
===== DISTIL Round 15 | dataset=23 trajs =====
[00:58:06]   [train] 23 trajs, 801 windows, state_dim=23 act_dim=7 params=4.61M steps=4000
[00:58:18]     train step 200/4000 loss=0.58163 lr=8.00e-05
[00:58:29]     train step 400/4000 loss=0.25050 lr=9.96e-05
[00:58:40]     train step 600/4000 loss=0.14280 lr=9.79e-05
[00:58:52]     train step 800/4000 loss=0.09558 lr=9.49e-05
[00:59:03]     train step 1000/4000 loss=0.07285 lr=9.07e-05
[00:59:15]     train step 1200/4000 loss=0.05893 lr=8.53e-05
[00:59:26]     train step 1400/4000 loss=0.04886 lr=7.90e-05
[00:59:37]     train step 1600/4000 loss=0.04372 lr=7.19e-05
[00:59:49]     train step 1800/4000 loss=0.03623 lr=6.42e-05
[01:00:00]     train step 2000/4000 loss=0.03188 lr=5.62e-05
[01:00:11]     train step 2200/4000 loss=0.02828 lr=4.80e-05
[01:00:23]     train step 2400/4000 loss=0.02579 lr=3.99e-05
[01:00:34]     train step 2600/4000 loss=0.02321 lr=3.20e-05
[01:00:46]     train step 2800/4000 loss=0.02125 lr=2.48e-05
[01:00:57]     train step 3000/4000 loss=0.01933 lr=1.82e-05
[01:01:08]     train step 3200/4000 loss=0.01791 lr=1.26e-05
[01:01:20]     train step 3400/4000 loss=0.01696 lr=8.08e-06
[01:01:31]     train step 3600/4000 loss=0.01627 lr=4.74e-06
[01:01:42]     train step 3800/4000 loss=0.01569 lr=2.69e-06
[01:01:54]     train step 4000/4000 loss=0.01538 lr=2.00e-06
[01:02:10]   [calibrate] threshold(alpha=0.99)=0.03756 over 3204 samples (median=0.01413)
[01:04:44]   [eval] pure-policy success=0.930 mean_len=88 (fixed 100-ep set)
[01:05:45]   [screen] 1/40 failures found
[01:05:47]   [collect a0] mode=select choice=random_alloc cited=[3000606] success=True len=19
[01:05:47] 
===== DISTIL Round 16 | dataset=24 trajs =====
[01:05:47]   [train] 24 trajs, 820 windows, state_dim=23 act_dim=7 params=4.61M steps=4000
[01:05:58]     train step 200/4000 loss=0.58571 lr=8.00e-05
[01:06:10]     train step 400/4000 loss=0.21590 lr=9.96e-05
[01:06:21]     train step 600/4000 loss=0.12620 lr=9.79e-05
[01:06:32]     train step 800/4000 loss=0.08671 lr=9.49e-05
[01:06:44]     train step 1000/4000 loss=0.06728 lr=9.07e-05
[01:06:55]     train step 1200/4000 loss=0.05559 lr=8.53e-05
[01:07:06]     train step 1400/4000 loss=0.04814 lr=7.90e-05
[01:07:18]     train step 1600/4000 loss=0.04115 lr=7.19e-05
[01:07:29]     train step 1800/4000 loss=0.03521 lr=6.42e-05
[01:07:40]     train step 2000/4000 loss=0.03142 lr=5.62e-05
[01:07:52]     train step 2200/4000 loss=0.02845 lr=4.80e-05
[01:08:03]     train step 2400/4000 loss=0.02537 lr=3.99e-05
[01:08:15]     train step 2600/4000 loss=0.02327 lr=3.20e-05
[01:08:26]     train step 2800/4000 loss=0.02168 lr=2.48e-05
[01:08:37]     train step 3000/4000 loss=0.01997 lr=1.82e-05
[01:08:49]     train step 3200/4000 loss=0.01869 lr=1.26e-05
[01:09:00]     train step 3400/4000 loss=0.01796 lr=8.08e-06
[01:09:11]     train step 3600/4000 loss=0.01720 lr=4.74e-06
[01:09:23]     train step 3800/4000 loss=0.01676 lr=2.69e-06
[01:09:34]     train step 4000/4000 loss=0.01625 lr=2.00e-06
[01:09:51]   [calibrate] threshold(alpha=0.99)=0.04037 over 3280 samples (median=0.01489)
[01:12:30]   [eval] pure-policy success=0.940 mean_len=90 (fixed 100-ep set)
[01:13:23]   [screen] 1/40 failures found
[01:13:25]   [collect a0] mode=select choice=random_alloc cited=[3000659] success=True len=21
[01:13:25] 
===== DISTIL Round 17 | dataset=25 trajs =====
[01:13:25]   [train] 25 trajs, 841 windows, state_dim=23 act_dim=7 params=4.61M steps=4000
[01:13:36]     train step 200/4000 loss=0.55277 lr=8.00e-05
[01:13:48]     train step 400/4000 loss=0.23614 lr=9.96e-05
[01:13:59]     train step 600/4000 loss=0.13709 lr=9.79e-05
[01:14:10]     train step 800/4000 loss=0.09755 lr=9.49e-05
[01:14:22]     train step 1000/4000 loss=0.07702 lr=9.07e-05
[01:14:33]     train step 1200/4000 loss=0.06442 lr=8.53e-05
[01:14:45]     train step 1400/4000 loss=0.05744 lr=7.90e-05
[01:14:56]     train step 1600/4000 loss=0.05062 lr=7.19e-05
[01:15:07]     train step 1800/4000 loss=0.04647 lr=6.42e-05
[01:15:19]     train step 2000/4000 loss=0.04172 lr=5.62e-05
[01:15:30]     train step 2200/4000 loss=0.03757 lr=4.80e-05
[01:15:41]     train step 2400/4000 loss=0.03492 lr=3.99e-05
[01:15:53]     train step 2600/4000 loss=0.03214 lr=3.20e-05
[01:16:04]     train step 2800/4000 loss=0.02979 lr=2.48e-05
[01:16:15]     train step 3000/4000 loss=0.02761 lr=1.82e-05
[01:16:27]     train step 3200/4000 loss=0.02593 lr=1.26e-05
[01:16:38]     train step 3400/4000 loss=0.02487 lr=8.08e-06
[01:16:49]     train step 3600/4000 loss=0.02398 lr=4.74e-06
[01:17:01]     train step 3800/4000 loss=0.02309 lr=2.69e-06
[01:17:12]     train step 4000/4000 loss=0.02282 lr=2.00e-06
[01:17:29]   [calibrate] threshold(alpha=0.99)=0.06459 over 3364 samples (median=0.01929)
[01:19:56]   [eval] pure-policy success=0.960 mean_len=83 (fixed 100-ep set)
[01:20:52]   [screen] 1/40 failures found
[01:20:53]   [collect a0] mode=select choice=random_alloc cited=[3000692] success=True len=28
[01:20:53] 
===== DISTIL Round 18 | dataset=26 trajs =====
[01:20:54]   [train] 26 trajs, 869 windows, state_dim=23 act_dim=7 params=4.61M steps=4000
[01:21:05]     train step 200/4000 loss=0.55668 lr=8.00e-05
[01:21:16]     train step 400/4000 loss=0.25960 lr=9.96e-05
[01:21:28]     train step 600/4000 loss=0.13782 lr=9.79e-05
[01:21:39]     train step 800/4000 loss=0.09319 lr=9.49e-05
[01:21:51]     train step 1000/4000 loss=0.07065 lr=9.07e-05
[01:22:02]     train step 1200/4000 loss=0.05891 lr=8.53e-05
[01:22:14]     train step 1400/4000 loss=0.05164 lr=7.90e-05
[01:22:25]     train step 1600/4000 loss=0.04557 lr=7.19e-05
[01:22:36]     train step 1800/4000 loss=0.04019 lr=6.42e-05
[01:22:48]     train step 2000/4000 loss=0.03655 lr=5.62e-05
[01:22:59]     train step 2200/4000 loss=0.03301 lr=4.80e-05
[01:23:11]     train step 2400/4000 loss=0.02989 lr=3.99e-05
[01:23:22]     train step 2600/4000 loss=0.02763 lr=3.20e-05
[01:23:33]     train step 2800/4000 loss=0.02605 lr=2.48e-05
[01:23:45]     train step 3000/4000 loss=0.02415 lr=1.82e-05
[01:23:56]     train step 3200/4000 loss=0.02279 lr=1.26e-05
[01:24:08]     train step 3400/4000 loss=0.02129 lr=8.08e-06
[01:24:19]     train step 3600/4000 loss=0.02063 lr=4.74e-06
[01:24:31]     train step 3800/4000 loss=0.02006 lr=2.69e-06
[01:24:42]     train step 4000/4000 loss=0.01971 lr=2.00e-06
[01:25:00]   [calibrate] threshold(alpha=0.99)=0.05160 over 3476 samples (median=0.01757)
[01:27:37]   [eval] pure-policy success=0.930 mean_len=90 (fixed 100-ep set)
[01:28:33]   [screen] 1/40 failures found
[01:28:34]   [collect a0] mode=select choice=random_alloc cited=[3000736] success=True len=24
[01:28:34] 
===== DISTIL Round 19 | dataset=27 trajs =====
[01:28:34]   [train] 27 trajs, 893 windows, state_dim=23 act_dim=7 params=4.61M steps=4000
[01:28:46]     train step 200/4000 loss=0.55380 lr=8.00e-05
[01:28:57]     train step 400/4000 loss=0.22423 lr=9.96e-05
[01:29:09]     train step 600/4000 loss=0.13770 lr=9.79e-05
[01:29:20]     train step 800/4000 loss=0.09820 lr=9.49e-05
[01:29:31]     train step 1000/4000 loss=0.07799 lr=9.07e-05
[01:29:43]     train step 1200/4000 loss=0.06643 lr=8.53e-05
[01:29:54]     train step 1400/4000 loss=0.05953 lr=7.90e-05
[01:30:06]     train step 1600/4000 loss=0.05375 lr=7.19e-05
[01:30:17]     train step 1800/4000 loss=0.04887 lr=6.42e-05
[01:30:28]     train step 2000/4000 loss=0.04526 lr=5.62e-05
[01:30:40]     train step 2200/4000 loss=0.04194 lr=4.80e-05
[01:30:51]     train step 2400/4000 loss=0.04004 lr=3.99e-05
[01:31:03]     train step 2600/4000 loss=0.03680 lr=3.20e-05
[01:31:14]     train step 2800/4000 loss=0.03454 lr=2.48e-05
[01:31:25]     train step 3000/4000 loss=0.03241 lr=1.82e-05
[01:31:37]     train step 3200/4000 loss=0.03097 lr=1.26e-05
[01:31:48]     train step 3400/4000 loss=0.02968 lr=8.08e-06
[01:32:00]     train step 3600/4000 loss=0.02839 lr=4.74e-06
[01:32:11]     train step 3800/4000 loss=0.02771 lr=2.69e-06
[01:32:23]     train step 4000/4000 loss=0.02710 lr=2.00e-06
[01:32:41]   [calibrate] threshold(alpha=0.99)=0.09889 over 3572 samples (median=0.02156)
[01:35:22]   [eval] pure-policy success=0.980 mean_len=91 (fixed 100-ep set)
[01:36:18]   [screen] 0/40 failures found
[01:36:18]   [screen] no usable failures — budget-free, next round (1/4 toward saturation stop)
[01:36:18] 
===== DISTIL Round 20 | dataset=27 trajs =====
[01:36:18]   [train] 27 trajs, 893 windows, state_dim=23 act_dim=7 params=4.61M steps=4000
[01:36:28]     train step 200/4000 loss=0.59039 lr=8.00e-05
[01:36:39]     train step 400/4000 loss=0.25457 lr=9.96e-05
[01:36:49]     train step 600/4000 loss=0.14758 lr=9.79e-05
[01:36:59]     train step 800/4000 loss=0.10084 lr=9.49e-05
[01:37:09]     train step 1000/4000 loss=0.07720 lr=9.07e-05
[01:37:20]     train step 1200/4000 loss=0.06450 lr=8.53e-05
[01:37:30]     train step 1400/4000 loss=0.05552 lr=7.90e-05
[01:37:40]     train step 1600/4000 loss=0.05134 lr=7.19e-05
[01:37:51]     train step 1800/4000 loss=0.04729 lr=6.42e-05
[01:38:01]     train step 2000/4000 loss=0.04164 lr=5.62e-05
[01:38:11]     train step 2200/4000 loss=0.03783 lr=4.80e-05
[01:38:22]     train step 2400/4000 loss=0.03437 lr=3.99e-05
[01:38:32]     train step 2600/4000 loss=0.03205 lr=3.20e-05
[01:38:42]     train step 2800/4000 loss=0.03130 lr=2.48e-05
[01:38:52]     train step 3000/4000 loss=0.02827 lr=1.82e-05
[01:39:03]     train step 3200/4000 loss=0.02673 lr=1.26e-05
[01:39:13]     train step 3400/4000 loss=0.02532 lr=8.08e-06
[01:39:23]     train step 3600/4000 loss=0.02414 lr=4.74e-06
[01:39:33]     train step 3800/4000 loss=0.02333 lr=2.69e-06
[01:39:44]     train step 4000/4000 loss=0.02325 lr=2.00e-06
[01:40:02]   [calibrate] threshold(alpha=0.99)=0.07596 over 3572 samples (median=0.01934)
[01:42:22]   [eval] pure-policy success=0.950 mean_len=80 (fixed 100-ep set)
[01:43:27]   [screen] 3/40 failures found
[01:43:32]   [collect a0] mode=select choice=random_alloc cited=[3000805] success=True len=28
[01:43:32] 
===== DISTIL Round 21 | dataset=28 trajs =====
[01:43:32]   [train] 28 trajs, 921 windows, state_dim=23 act_dim=7 params=4.61M steps=4000
[01:43:43]     train step 200/4000 loss=0.59514 lr=8.00e-05
[01:43:55]     train step 400/4000 loss=0.23239 lr=9.96e-05
[01:44:06]     train step 600/4000 loss=0.13703 lr=9.79e-05
[01:44:18]     train step 800/4000 loss=0.09575 lr=9.49e-05
[01:44:29]     train step 1000/4000 loss=0.07533 lr=9.07e-05
[01:44:40]     train step 1200/4000 loss=0.06214 lr=8.53e-05
[01:44:52]     train step 1400/4000 loss=0.05170 lr=7.90e-05
[01:45:03]     train step 1600/4000 loss=0.04385 lr=7.19e-05
[01:45:14]     train step 1800/4000 loss=0.03849 lr=6.42e-05
[01:45:26]     train step 2000/4000 loss=0.03441 lr=5.62e-05
[01:45:37]     train step 2200/4000 loss=0.03041 lr=4.80e-05
[01:45:49]     train step 2400/4000 loss=0.02743 lr=3.99e-05
[01:46:00]     train step 2600/4000 loss=0.02486 lr=3.20e-05
[01:46:11]     train step 2800/4000 loss=0.02302 lr=2.48e-05
[01:46:23]     train step 3000/4000 loss=0.02087 lr=1.82e-05
[01:46:34]     train step 3200/4000 loss=0.01997 lr=1.26e-05
[01:46:45]     train step 3400/4000 loss=0.01877 lr=8.08e-06
[01:46:57]     train step 3600/4000 loss=0.01783 lr=4.74e-06
[01:47:08]     train step 3800/4000 loss=0.01736 lr=2.69e-06
[01:47:19]     train step 4000/4000 loss=0.01694 lr=2.00e-06
[01:47:38]   [calibrate] threshold(alpha=0.99)=0.04013 over 3684 samples (median=0.01552)
[01:51:35]   [eval] pure-policy success=0.830 mean_len=135 (fixed 100-ep set)
[01:51:35] [stop] reached final_demos=28 (28 trajs), sr=0.830
[01:51:35] 
[FINAL] DISTIL pure-policy success=0.83 | demos=28 (last frozen held-out eval)
[01:51:36] DONE in 11566.9s | final_success=0.83
[01:51:36] [write] /weka/s226137394/DmNfull/distil/results/Lift/image/allocation_random/seed3/result.json
