[16:03:09] [env] loaded /weka/s226137394/DmNfull/.env
[16:03:12] ===== DISTIL | task=Lift modality=state ablation=ensemble seed=2 budget=20 smoke=False device=cuda =====
[16:03:13] [bootstrap] loaded 8 shared demos from /weka/s226137394/DmNfull/distil/results/shared_bootstrap/Lift_state/Lift_state_ni8.pkl
[16:03:16] 
===== ensemble Round 0 | dataset=8 =====
[16:03:22]     train step 200/8000 loss=0.62269 lr=8.00e-05
[16:03:26]     train step 400/8000 loss=0.24652 lr=9.99e-05
[16:03:30]     train step 600/8000 loss=0.09217 lr=9.95e-05
[16:03:34]     train step 800/8000 loss=0.05639 lr=9.88e-05
[16:03:38]     train step 1000/8000 loss=0.04067 lr=9.78e-05
[16:03:42]     train step 1200/8000 loss=0.03253 lr=9.64e-05
[16:03:46]     train step 1400/8000 loss=0.02770 lr=9.48e-05
[16:03:50]     train step 1600/8000 loss=0.02320 lr=9.29e-05
[16:03:54]     train step 1800/8000 loss=0.01995 lr=9.07e-05
[16:03:58]     train step 2000/8000 loss=0.01748 lr=8.82e-05
[16:04:02]     train step 2200/8000 loss=0.01595 lr=8.55e-05
[16:04:06]     train step 2400/8000 loss=0.01359 lr=8.26e-05
[16:04:10]     train step 2600/8000 loss=0.01216 lr=7.94e-05
[16:04:14]     train step 2800/8000 loss=0.01142 lr=7.61e-05
[16:04:18]     train step 3000/8000 loss=0.00990 lr=7.26e-05
[16:04:22]     train step 3200/8000 loss=0.00914 lr=6.90e-05
[16:04:26]     train step 3400/8000 loss=0.00841 lr=6.52e-05
[16:04:30]     train step 3600/8000 loss=0.00707 lr=6.14e-05
[16:04:34]     train step 3800/8000 loss=0.00669 lr=5.75e-05
[16:04:38]     train step 4000/8000 loss=0.00631 lr=5.35e-05
[16:04:42]     train step 4200/8000 loss=0.00549 lr=4.95e-05
[16:04:46]     train step 4400/8000 loss=0.00495 lr=4.56e-05
[16:04:50]     train step 4600/8000 loss=0.00460 lr=4.16e-05
[16:04:54]     train step 4800/8000 loss=0.00406 lr=3.78e-05
[16:04:58]     train step 5000/8000 loss=0.00383 lr=3.40e-05
[16:05:02]     train step 5200/8000 loss=0.00358 lr=3.03e-05
[16:05:06]     train step 5400/8000 loss=0.00352 lr=2.68e-05
[16:05:10]     train step 5600/8000 loss=0.00306 lr=2.34e-05
[16:05:14]     train step 5800/8000 loss=0.00294 lr=2.02e-05
[16:05:18]     train step 6000/8000 loss=0.00273 lr=1.73e-05
[16:05:22]     train step 6200/8000 loss=0.00273 lr=1.45e-05
[16:05:26]     train step 6400/8000 loss=0.00256 lr=1.20e-05
[16:05:30]     train step 6600/8000 loss=0.00249 lr=9.69e-06
[16:05:34]     train step 6800/8000 loss=0.00236 lr=7.69e-06
[16:05:38]     train step 7000/8000 loss=0.00236 lr=5.98e-06
[16:05:42]     train step 7200/8000 loss=0.00227 lr=4.56e-06
[16:05:46]     train step 7400/8000 loss=0.00225 lr=3.45e-06
[16:05:50]     train step 7600/8000 loss=0.00225 lr=2.65e-06
[16:05:54]     train step 7800/8000 loss=0.00221 lr=2.16e-06
[16:05:58]     train step 8000/8000 loss=0.00221 lr=2.00e-06
[16:19:46]   [eval] SR=0.770
[16:19:47]   [ensemble] intervention at t=0 (rollout 0) len=47
[16:19:47] 
===== ensemble Round 1 | dataset=9 =====
[16:19:51]     train step 200/4000 loss=0.62079 lr=8.00e-05
[16:19:55]     train step 400/4000 loss=0.23341 lr=9.96e-05
[16:19:59]     train step 600/4000 loss=0.08565 lr=9.79e-05
[16:20:03]     train step 800/4000 loss=0.05237 lr=9.49e-05
[16:20:07]     train step 1000/4000 loss=0.03975 lr=9.07e-05
[16:20:11]     train step 1200/4000 loss=0.03131 lr=8.53e-05
[16:20:15]     train step 1400/4000 loss=0.02641 lr=7.90e-05
[16:20:19]     train step 1600/4000 loss=0.02148 lr=7.19e-05
[16:20:23]     train step 1800/4000 loss=0.01841 lr=6.42e-05
[16:20:27]     train step 2000/4000 loss=0.01618 lr=5.62e-05
[16:20:31]     train step 2200/4000 loss=0.01417 lr=4.80e-05
[16:20:35]     train step 2400/4000 loss=0.01284 lr=3.99e-05
[16:20:39]     train step 2600/4000 loss=0.01124 lr=3.20e-05
[16:20:44]     train step 2800/4000 loss=0.01016 lr=2.48e-05
[16:20:48]     train step 3000/4000 loss=0.00933 lr=1.82e-05
[16:20:52]     train step 3200/4000 loss=0.00860 lr=1.26e-05
[16:20:56]     train step 3400/4000 loss=0.00810 lr=8.08e-06
[16:21:00]     train step 3600/4000 loss=0.00778 lr=4.74e-06
[16:21:04]     train step 3800/4000 loss=0.00764 lr=2.69e-06
[16:21:08]     train step 4000/4000 loss=0.00754 lr=2.00e-06
[16:28:34]   [eval] SR=0.920
[16:28:36]   [ensemble] intervention at t=1 (rollout 0) len=42
[16:28:36] 
===== ensemble Round 2 | dataset=10 =====
[16:28:40]     train step 200/4000 loss=0.61983 lr=8.00e-05
[16:28:44]     train step 400/4000 loss=0.22895 lr=9.96e-05
[16:28:48]     train step 600/4000 loss=0.08246 lr=9.79e-05
[16:28:52]     train step 800/4000 loss=0.05175 lr=9.49e-05
[16:28:56]     train step 1000/4000 loss=0.03771 lr=9.07e-05
[16:29:01]     train step 1200/4000 loss=0.03011 lr=8.53e-05
[16:29:05]     train step 1400/4000 loss=0.02571 lr=7.90e-05
[16:29:09]     train step 1600/4000 loss=0.02134 lr=7.19e-05
[16:29:13]     train step 1800/4000 loss=0.01796 lr=6.42e-05
[16:29:17]     train step 2000/4000 loss=0.01601 lr=5.62e-05
[16:29:21]     train step 2200/4000 loss=0.01388 lr=4.80e-05
[16:29:25]     train step 2400/4000 loss=0.01239 lr=3.99e-05
[16:29:29]     train step 2600/4000 loss=0.01110 lr=3.20e-05
[16:29:33]     train step 2800/4000 loss=0.00996 lr=2.48e-05
[16:29:38]     train step 3000/4000 loss=0.00917 lr=1.82e-05
[16:29:42]     train step 3200/4000 loss=0.00858 lr=1.26e-05
[16:29:46]     train step 3400/4000 loss=0.00811 lr=8.08e-06
[16:29:50]     train step 3600/4000 loss=0.00776 lr=4.74e-06
[16:29:54]     train step 3800/4000 loss=0.00762 lr=2.69e-06
[16:29:58]     train step 4000/4000 loss=0.00757 lr=2.00e-06
[16:37:02]   [eval] SR=0.960
[16:37:03]   [ensemble] intervention at t=0 (rollout 0) len=45
[16:37:03] 
===== ensemble Round 3 | dataset=11 =====
[16:37:07]     train step 200/4000 loss=0.61798 lr=8.00e-05
[16:37:11]     train step 400/4000 loss=0.22535 lr=9.96e-05
[16:37:16]     train step 600/4000 loss=0.08160 lr=9.79e-05
[16:37:20]     train step 800/4000 loss=0.05171 lr=9.49e-05
[16:37:24]     train step 1000/4000 loss=0.03874 lr=9.07e-05
[16:37:28]     train step 1200/4000 loss=0.02928 lr=8.53e-05
[16:37:32]     train step 1400/4000 loss=0.02522 lr=7.90e-05
[16:37:36]     train step 1600/4000 loss=0.02068 lr=7.19e-05
[16:37:40]     train step 1800/4000 loss=0.01780 lr=6.42e-05
[16:37:45]     train step 2000/4000 loss=0.01555 lr=5.62e-05
[16:37:49]     train step 2200/4000 loss=0.01342 lr=4.80e-05
[16:37:53]     train step 2400/4000 loss=0.01167 lr=3.99e-05
[16:37:57]     train step 2600/4000 loss=0.01043 lr=3.20e-05
[16:38:01]     train step 2800/4000 loss=0.00935 lr=2.48e-05
[16:38:05]     train step 3000/4000 loss=0.00881 lr=1.82e-05
[16:38:09]     train step 3200/4000 loss=0.00812 lr=1.26e-05
[16:38:14]     train step 3400/4000 loss=0.00763 lr=8.08e-06
[16:38:18]     train step 3600/4000 loss=0.00737 lr=4.74e-06
[16:38:22]     train step 3800/4000 loss=0.00726 lr=2.69e-06
[16:38:26]     train step 4000/4000 loss=0.00720 lr=2.00e-06
[16:45:17]   [eval] SR=1.000
[16:45:20]   [ensemble] intervention at t=5 (rollout 0) len=39
[16:45:20] 
===== ensemble Round 4 | dataset=12 =====
[16:45:25]     train step 200/4000 loss=0.61663 lr=8.00e-05
[16:45:29]     train step 400/4000 loss=0.21883 lr=9.96e-05
[16:45:33]     train step 600/4000 loss=0.08252 lr=9.79e-05
[16:45:37]     train step 800/4000 loss=0.05086 lr=9.49e-05
[16:45:41]     train step 1000/4000 loss=0.03672 lr=9.07e-05
[16:45:45]     train step 1200/4000 loss=0.02898 lr=8.53e-05
[16:45:49]     train step 1400/4000 loss=0.02363 lr=7.90e-05
[16:45:53]     train step 1600/4000 loss=0.01981 lr=7.19e-05
[16:45:58]     train step 1800/4000 loss=0.01682 lr=6.42e-05
[16:46:02]     train step 2000/4000 loss=0.01521 lr=5.62e-05
[16:46:06]     train step 2200/4000 loss=0.01299 lr=4.80e-05
[16:46:10]     train step 2400/4000 loss=0.01144 lr=3.99e-05
[16:46:14]     train step 2600/4000 loss=0.01009 lr=3.20e-05
[16:46:18]     train step 2800/4000 loss=0.00906 lr=2.48e-05
[16:46:22]     train step 3000/4000 loss=0.00816 lr=1.82e-05
[16:46:27]     train step 3200/4000 loss=0.00768 lr=1.26e-05
[16:46:31]     train step 3400/4000 loss=0.00718 lr=8.08e-06
[16:46:35]     train step 3600/4000 loss=0.00693 lr=4.74e-06
[16:46:39]     train step 3800/4000 loss=0.00680 lr=2.69e-06
[16:46:43]     train step 4000/4000 loss=0.00671 lr=2.00e-06
[16:53:34]   [eval] SR=1.000
[16:53:35]   [ensemble] intervention at t=0 (rollout 0) len=47
[16:53:35] 
===== ensemble Round 5 | dataset=13 =====
[16:53:39]     train step 200/4000 loss=0.61633 lr=8.00e-05
[16:53:43]     train step 400/4000 loss=0.21629 lr=9.96e-05
[16:53:48]     train step 600/4000 loss=0.08192 lr=9.79e-05
[16:53:52]     train step 800/4000 loss=0.05132 lr=9.49e-05
[16:53:56]     train step 1000/4000 loss=0.03729 lr=9.07e-05
[16:54:00]     train step 1200/4000 loss=0.02994 lr=8.53e-05
[16:54:04]     train step 1400/4000 loss=0.02409 lr=7.90e-05
[16:54:08]     train step 1600/4000 loss=0.02036 lr=7.19e-05
[16:54:12]     train step 1800/4000 loss=0.01726 lr=6.42e-05
[16:54:17]     train step 2000/4000 loss=0.01490 lr=5.62e-05
[16:54:21]     train step 2200/4000 loss=0.01280 lr=4.80e-05
[16:54:25]     train step 2400/4000 loss=0.01116 lr=3.99e-05
[16:54:29]     train step 2600/4000 loss=0.01013 lr=3.20e-05
[16:54:33]     train step 2800/4000 loss=0.00884 lr=2.48e-05
[16:54:37]     train step 3000/4000 loss=0.00812 lr=1.82e-05
[16:54:41]     train step 3200/4000 loss=0.00759 lr=1.26e-05
[16:54:45]     train step 3400/4000 loss=0.00704 lr=8.08e-06
[16:54:49]     train step 3600/4000 loss=0.00680 lr=4.74e-06
[16:54:53]     train step 3800/4000 loss=0.00666 lr=2.69e-06
[16:54:58]     train step 4000/4000 loss=0.00656 lr=2.00e-06
[17:01:46]   [eval] SR=1.000
[17:01:46]   [ensemble] intervention at t=0 (rollout 0) len=43
[17:01:46] 
===== ensemble Round 6 | dataset=14 =====
[17:01:51]     train step 200/4000 loss=0.61771 lr=8.00e-05
[17:01:55]     train step 400/4000 loss=0.21854 lr=9.96e-05
[17:01:59]     train step 600/4000 loss=0.08197 lr=9.79e-05
[17:02:03]     train step 800/4000 loss=0.05123 lr=9.49e-05
[17:02:07]     train step 1000/4000 loss=0.03734 lr=9.07e-05
[17:02:11]     train step 1200/4000 loss=0.02989 lr=8.53e-05
[17:02:15]     train step 1400/4000 loss=0.02413 lr=7.90e-05
[17:02:20]     train step 1600/4000 loss=0.01991 lr=7.19e-05
[17:02:24]     train step 1800/4000 loss=0.01681 lr=6.42e-05
[17:02:28]     train step 2000/4000 loss=0.01476 lr=5.62e-05
[17:02:32]     train step 2200/4000 loss=0.01292 lr=4.80e-05
[17:02:36]     train step 2400/4000 loss=0.01122 lr=3.99e-05
[17:02:40]     train step 2600/4000 loss=0.01014 lr=3.20e-05
[17:02:44]     train step 2800/4000 loss=0.00933 lr=2.48e-05
[17:02:48]     train step 3000/4000 loss=0.00849 lr=1.82e-05
[17:02:53]     train step 3200/4000 loss=0.00781 lr=1.26e-05
[17:02:57]     train step 3400/4000 loss=0.00733 lr=8.08e-06
[17:03:01]     train step 3600/4000 loss=0.00716 lr=4.74e-06
[17:03:05]     train step 3800/4000 loss=0.00700 lr=2.69e-06
[17:03:09]     train step 4000/4000 loss=0.00695 lr=2.00e-06
[17:09:57]   [eval] SR=1.000
[17:10:10]   [ensemble] intervention at t=26 (rollout 0) len=18
[17:10:10] 
===== ensemble Round 7 | dataset=15 =====
[17:10:15]     train step 200/4000 loss=0.61782 lr=8.00e-05
[17:10:19]     train step 400/4000 loss=0.21831 lr=9.96e-05
[17:10:23]     train step 600/4000 loss=0.07938 lr=9.79e-05
[17:10:27]     train step 800/4000 loss=0.04998 lr=9.49e-05
[17:10:31]     train step 1000/4000 loss=0.03678 lr=9.07e-05
[17:10:35]     train step 1200/4000 loss=0.02914 lr=8.53e-05
[17:10:39]     train step 1400/4000 loss=0.02398 lr=7.90e-05
[17:10:44]     train step 1600/4000 loss=0.02041 lr=7.19e-05
[17:10:48]     train step 1800/4000 loss=0.01727 lr=6.42e-05
[17:10:52]     train step 2000/4000 loss=0.01474 lr=5.62e-05
[17:10:56]     train step 2200/4000 loss=0.01304 lr=4.80e-05
[17:11:00]     train step 2400/4000 loss=0.01166 lr=3.99e-05
[17:11:04]     train step 2600/4000 loss=0.01012 lr=3.20e-05
[17:11:08]     train step 2800/4000 loss=0.00928 lr=2.48e-05
[17:11:12]     train step 3000/4000 loss=0.00872 lr=1.82e-05
[17:11:17]     train step 3200/4000 loss=0.00794 lr=1.26e-05
[17:11:21]     train step 3400/4000 loss=0.00745 lr=8.08e-06
[17:11:25]     train step 3600/4000 loss=0.00720 lr=4.74e-06
[17:11:29]     train step 3800/4000 loss=0.00707 lr=2.69e-06
[17:11:33]     train step 4000/4000 loss=0.00702 lr=2.00e-06
[17:18:21]   [eval] SR=1.000
[17:18:34]   [ensemble] intervention at t=24 (rollout 0) len=21
[17:18:34] 
===== ensemble Round 8 | dataset=16 =====
[17:18:38]     train step 200/4000 loss=0.61705 lr=8.00e-05
[17:18:42]     train step 400/4000 loss=0.22047 lr=9.96e-05
[17:18:46]     train step 600/4000 loss=0.08080 lr=9.79e-05
[17:18:50]     train step 800/4000 loss=0.05062 lr=9.49e-05
[17:18:54]     train step 1000/4000 loss=0.03762 lr=9.07e-05
[17:18:59]     train step 1200/4000 loss=0.02978 lr=8.53e-05
[17:19:03]     train step 1400/4000 loss=0.02433 lr=7.90e-05
[17:19:07]     train step 1600/4000 loss=0.02032 lr=7.19e-05
[17:19:11]     train step 1800/4000 loss=0.01729 lr=6.42e-05
[17:19:15]     train step 2000/4000 loss=0.01516 lr=5.62e-05
[17:19:19]     train step 2200/4000 loss=0.01299 lr=4.80e-05
[17:19:23]     train step 2400/4000 loss=0.01159 lr=3.99e-05
[17:19:28]     train step 2600/4000 loss=0.01045 lr=3.20e-05
[17:19:32]     train step 2800/4000 loss=0.00962 lr=2.48e-05
[17:19:36]     train step 3000/4000 loss=0.00863 lr=1.82e-05
[17:19:40]     train step 3200/4000 loss=0.00803 lr=1.26e-05
[17:19:44]     train step 3400/4000 loss=0.00758 lr=8.08e-06
[17:19:48]     train step 3600/4000 loss=0.00736 lr=4.74e-06
[17:19:52]     train step 3800/4000 loss=0.00724 lr=2.69e-06
[17:19:56]     train step 4000/4000 loss=0.00713 lr=2.00e-06
[17:26:44]   [eval] SR=1.000
[17:26:57]   [ensemble] intervention at t=27 (rollout 0) len=21
[17:26:57] 
===== ensemble Round 9 | dataset=17 =====
[17:27:02]     train step 200/4000 loss=0.61636 lr=8.00e-05
[17:27:06]     train step 400/4000 loss=0.21782 lr=9.96e-05
[17:27:10]     train step 600/4000 loss=0.08190 lr=9.79e-05
[17:27:14]     train step 800/4000 loss=0.04935 lr=9.49e-05
[17:27:18]     train step 1000/4000 loss=0.03636 lr=9.07e-05
[17:27:22]     train step 1200/4000 loss=0.02838 lr=8.53e-05
[17:27:27]     train step 1400/4000 loss=0.02369 lr=7.90e-05
[17:27:31]     train step 1600/4000 loss=0.02050 lr=7.19e-05
[17:27:35]     train step 1800/4000 loss=0.01735 lr=6.42e-05
[17:27:39]     train step 2000/4000 loss=0.01497 lr=5.62e-05
[17:27:43]     train step 2200/4000 loss=0.01321 lr=4.80e-05
[17:27:47]     train step 2400/4000 loss=0.01193 lr=3.99e-05
[17:27:51]     train step 2600/4000 loss=0.01059 lr=3.20e-05
[17:27:55]     train step 2800/4000 loss=0.00930 lr=2.48e-05
[17:28:00]     train step 3000/4000 loss=0.00865 lr=1.82e-05
[17:28:04]     train step 3200/4000 loss=0.00791 lr=1.26e-05
[17:28:08]     train step 3400/4000 loss=0.00744 lr=8.08e-06
[17:28:12]     train step 3600/4000 loss=0.00718 lr=4.74e-06
[17:28:16]     train step 3800/4000 loss=0.00700 lr=2.69e-06
[17:28:20]     train step 4000/4000 loss=0.00695 lr=2.00e-06
[17:35:08]   [eval] SR=1.000
[17:35:21]   [ensemble] intervention at t=24 (rollout 0) len=19
[17:35:21] 
===== ensemble Round 10 | dataset=18 =====
[17:35:25]     train step 200/4000 loss=0.61643 lr=8.00e-05
[17:35:29]     train step 400/4000 loss=0.22200 lr=9.96e-05
[17:35:33]     train step 600/4000 loss=0.08115 lr=9.79e-05
[17:35:37]     train step 800/4000 loss=0.04974 lr=9.49e-05
[17:35:41]     train step 1000/4000 loss=0.03700 lr=9.07e-05
[17:35:45]     train step 1200/4000 loss=0.02898 lr=8.53e-05
[17:35:50]     train step 1400/4000 loss=0.02404 lr=7.90e-05
[17:35:54]     train step 1600/4000 loss=0.02013 lr=7.19e-05
[17:35:58]     train step 1800/4000 loss=0.01745 lr=6.42e-05
[17:36:02]     train step 2000/4000 loss=0.01501 lr=5.62e-05
[17:36:06]     train step 2200/4000 loss=0.01306 lr=4.80e-05
[17:36:10]     train step 2400/4000 loss=0.01185 lr=3.99e-05
[17:36:14]     train step 2600/4000 loss=0.01061 lr=3.20e-05
[17:36:18]     train step 2800/4000 loss=0.00935 lr=2.48e-05
[17:36:23]     train step 3000/4000 loss=0.00848 lr=1.82e-05
[17:36:27]     train step 3200/4000 loss=0.00790 lr=1.26e-05
[17:36:31]     train step 3400/4000 loss=0.00749 lr=8.08e-06
[17:36:35]     train step 3600/4000 loss=0.00717 lr=4.74e-06
[17:36:39]     train step 3800/4000 loss=0.00705 lr=2.69e-06
[17:36:43]     train step 4000/4000 loss=0.00698 lr=2.00e-06
[17:43:30]   [eval] SR=1.000
[17:43:44]   [ensemble] intervention at t=28 (rollout 0) len=20
[17:43:44] 
===== ensemble Round 11 | dataset=19 =====
[17:43:48]     train step 200/4000 loss=0.61636 lr=8.00e-05
[17:43:52]     train step 400/4000 loss=0.21920 lr=9.96e-05
[17:43:57]     train step 600/4000 loss=0.08169 lr=9.79e-05
[17:44:01]     train step 800/4000 loss=0.05200 lr=9.49e-05
[17:44:05]     train step 1000/4000 loss=0.03742 lr=9.07e-05
[17:44:09]     train step 1200/4000 loss=0.02930 lr=8.53e-05
[17:44:13]     train step 1400/4000 loss=0.02405 lr=7.90e-05
[17:44:17]     train step 1600/4000 loss=0.02056 lr=7.19e-05
[17:44:21]     train step 1800/4000 loss=0.01780 lr=6.42e-05
[17:44:26]     train step 2000/4000 loss=0.01516 lr=5.62e-05
[17:44:30]     train step 2200/4000 loss=0.01291 lr=4.80e-05
[17:44:34]     train step 2400/4000 loss=0.01162 lr=3.99e-05
[17:44:38]     train step 2600/4000 loss=0.01025 lr=3.20e-05
[17:44:42]     train step 2800/4000 loss=0.00924 lr=2.48e-05
[17:44:46]     train step 3000/4000 loss=0.00843 lr=1.82e-05
[17:44:50]     train step 3200/4000 loss=0.00782 lr=1.26e-05
[17:44:54]     train step 3400/4000 loss=0.00738 lr=8.08e-06
[17:44:59]     train step 3600/4000 loss=0.00711 lr=4.74e-06
[17:45:03]     train step 3800/4000 loss=0.00694 lr=2.69e-06
[17:45:07]     train step 4000/4000 loss=0.00687 lr=2.00e-06
[17:51:54]   [eval] SR=1.000
[17:51:55]   [ensemble] intervention at t=0 (rollout 0) len=47
[17:51:55] 
===== ensemble Round 12 | dataset=20 =====
[17:51:59]     train step 200/4000 loss=0.61716 lr=8.00e-05
[17:52:03]     train step 400/4000 loss=0.21827 lr=9.96e-05
[17:52:07]     train step 600/4000 loss=0.07985 lr=9.79e-05
[17:52:11]     train step 800/4000 loss=0.04985 lr=9.49e-05
[17:52:16]     train step 1000/4000 loss=0.03685 lr=9.07e-05
[17:52:20]     train step 1200/4000 loss=0.02973 lr=8.53e-05
[17:52:24]     train step 1400/4000 loss=0.02453 lr=7.90e-05
[17:52:28]     train step 1600/4000 loss=0.02158 lr=7.19e-05
[17:52:32]     train step 1800/4000 loss=0.01828 lr=6.42e-05
[17:52:36]     train step 2000/4000 loss=0.01605 lr=5.62e-05
[17:52:40]     train step 2200/4000 loss=0.01391 lr=4.80e-05
[17:52:45]     train step 2400/4000 loss=0.01224 lr=3.99e-05
[17:52:49]     train step 2600/4000 loss=0.01101 lr=3.20e-05
[17:52:53]     train step 2800/4000 loss=0.00995 lr=2.48e-05
[17:52:57]     train step 3000/4000 loss=0.00904 lr=1.82e-05
[17:53:01]     train step 3200/4000 loss=0.00857 lr=1.26e-05
[17:53:05]     train step 3400/4000 loss=0.00805 lr=8.08e-06
[17:53:09]     train step 3600/4000 loss=0.00777 lr=4.74e-06
[17:53:14]     train step 3800/4000 loss=0.00766 lr=2.69e-06
[17:53:18]     train step 4000/4000 loss=0.00756 lr=2.00e-06
[18:00:06]   [eval] SR=1.000
[18:00:19]   [ensemble] intervention at t=26 (rollout 0) len=20
[18:00:19] 
===== ensemble Round 13 | dataset=21 =====
[18:00:24]     train step 200/4000 loss=0.61580 lr=8.00e-05
[18:00:28]     train step 400/4000 loss=0.21680 lr=9.96e-05
[18:00:32]     train step 600/4000 loss=0.08132 lr=9.79e-05
[18:00:36]     train step 800/4000 loss=0.04993 lr=9.49e-05
[18:00:40]     train step 1000/4000 loss=0.03617 lr=9.07e-05
[18:00:44]     train step 1200/4000 loss=0.02946 lr=8.53e-05
[18:00:48]     train step 1400/4000 loss=0.02451 lr=7.90e-05
[18:00:53]     train step 1600/4000 loss=0.02069 lr=7.19e-05
[18:00:57]     train step 1800/4000 loss=0.01791 lr=6.42e-05
[18:01:01]     train step 2000/4000 loss=0.01528 lr=5.62e-05
[18:01:05]     train step 2200/4000 loss=0.01384 lr=4.80e-05
[18:01:09]     train step 2400/4000 loss=0.01239 lr=3.99e-05
[18:01:13]     train step 2600/4000 loss=0.01089 lr=3.20e-05
[18:01:17]     train step 2800/4000 loss=0.00978 lr=2.48e-05
[18:01:22]     train step 3000/4000 loss=0.00890 lr=1.82e-05
[18:01:26]     train step 3200/4000 loss=0.00846 lr=1.26e-05
[18:01:30]     train step 3400/4000 loss=0.00786 lr=8.08e-06
[18:01:34]     train step 3600/4000 loss=0.00763 lr=4.74e-06
[18:01:38]     train step 3800/4000 loss=0.00748 lr=2.69e-06
[18:01:42]     train step 4000/4000 loss=0.00740 lr=2.00e-06
[18:08:30]   [eval] SR=1.000
[18:08:30]   [ensemble] intervention at t=0 (rollout 0) len=44
[18:08:30] 
===== ensemble Round 14 | dataset=22 =====
[18:08:35]     train step 200/4000 loss=0.61521 lr=8.00e-05
[18:08:39]     train step 400/4000 loss=0.21625 lr=9.96e-05
[18:08:43]     train step 600/4000 loss=0.08080 lr=9.79e-05
[18:08:47]     train step 800/4000 loss=0.04899 lr=9.49e-05
[18:08:51]     train step 1000/4000 loss=0.03624 lr=9.07e-05
[18:08:55]     train step 1200/4000 loss=0.02959 lr=8.53e-05
[18:08:59]     train step 1400/4000 loss=0.02407 lr=7.90e-05
[18:09:04]     train step 1600/4000 loss=0.02058 lr=7.19e-05
[18:09:08]     train step 1800/4000 loss=0.01788 lr=6.42e-05
[18:09:12]     train step 2000/4000 loss=0.01566 lr=5.62e-05
[18:09:16]     train step 2200/4000 loss=0.01390 lr=4.80e-05
[18:09:20]     train step 2400/4000 loss=0.01214 lr=3.99e-05
[18:09:25]     train step 2600/4000 loss=0.01100 lr=3.20e-05
[18:09:29]     train step 2800/4000 loss=0.00994 lr=2.48e-05
[18:09:33]     train step 3000/4000 loss=0.00900 lr=1.82e-05
[18:09:37]     train step 3200/4000 loss=0.00832 lr=1.26e-05
[18:09:41]     train step 3400/4000 loss=0.00785 lr=8.08e-06
[18:09:45]     train step 3600/4000 loss=0.00756 lr=4.74e-06
[18:09:49]     train step 3800/4000 loss=0.00743 lr=2.69e-06
[18:09:54]     train step 4000/4000 loss=0.00736 lr=2.00e-06
[18:16:41]   [eval] SR=1.000
[18:16:53]   [ensemble] intervention at t=24 (rollout 0) len=18
[18:16:54] 
===== ensemble Round 15 | dataset=23 =====
[18:16:58]     train step 200/4000 loss=0.61511 lr=8.00e-05
[18:17:02]     train step 400/4000 loss=0.21771 lr=9.96e-05
[18:17:06]     train step 600/4000 loss=0.08319 lr=9.79e-05
[18:17:10]     train step 800/4000 loss=0.05130 lr=9.49e-05
[18:17:14]     train step 1000/4000 loss=0.03768 lr=9.07e-05
[18:17:18]     train step 1200/4000 loss=0.02935 lr=8.53e-05
[18:17:23]     train step 1400/4000 loss=0.02397 lr=7.90e-05
[18:17:27]     train step 1600/4000 loss=0.02009 lr=7.19e-05
[18:17:31]     train step 1800/4000 loss=0.01754 lr=6.42e-05
[18:17:35]     train step 2000/4000 loss=0.01533 lr=5.62e-05
[18:17:39]     train step 2200/4000 loss=0.01346 lr=4.80e-05
[18:17:43]     train step 2400/4000 loss=0.01215 lr=3.99e-05
[18:17:47]     train step 2600/4000 loss=0.01044 lr=3.20e-05
[18:17:52]     train step 2800/4000 loss=0.00963 lr=2.48e-05
[18:17:56]     train step 3000/4000 loss=0.00871 lr=1.82e-05
[18:18:00]     train step 3200/4000 loss=0.00810 lr=1.26e-05
[18:18:04]     train step 3400/4000 loss=0.00758 lr=8.08e-06
[18:18:08]     train step 3600/4000 loss=0.00729 lr=4.74e-06
[18:18:12]     train step 3800/4000 loss=0.00713 lr=2.69e-06
[18:18:16]     train step 4000/4000 loss=0.00707 lr=2.00e-06
[18:25:03]   [eval] SR=1.000
[18:25:04]   [ensemble] intervention at t=0 (rollout 0) len=45
[18:25:04] 
===== ensemble Round 16 | dataset=24 =====
[18:25:08]     train step 200/4000 loss=0.61153 lr=8.00e-05
[18:25:12]     train step 400/4000 loss=0.21666 lr=9.96e-05
[18:25:16]     train step 600/4000 loss=0.08138 lr=9.79e-05
[18:25:20]     train step 800/4000 loss=0.05100 lr=9.49e-05
[18:25:25]     train step 1000/4000 loss=0.03815 lr=9.07e-05
[18:25:29]     train step 1200/4000 loss=0.02981 lr=8.53e-05
[18:25:33]     train step 1400/4000 loss=0.02393 lr=7.90e-05
[18:25:37]     train step 1600/4000 loss=0.02031 lr=7.19e-05
[18:25:41]     train step 1800/4000 loss=0.01689 lr=6.42e-05
[18:25:45]     train step 2000/4000 loss=0.01493 lr=5.62e-05
[18:25:49]     train step 2200/4000 loss=0.01273 lr=4.80e-05
[18:25:53]     train step 2400/4000 loss=0.01150 lr=3.99e-05
[18:25:57]     train step 2600/4000 loss=0.01018 lr=3.20e-05
[18:26:02]     train step 2800/4000 loss=0.00899 lr=2.48e-05
[18:26:06]     train step 3000/4000 loss=0.00834 lr=1.82e-05
[18:26:10]     train step 3200/4000 loss=0.00767 lr=1.26e-05
[18:26:14]     train step 3400/4000 loss=0.00721 lr=8.08e-06
[18:26:18]     train step 3600/4000 loss=0.00702 lr=4.74e-06
[18:26:22]     train step 3800/4000 loss=0.00689 lr=2.69e-06
[18:26:27]     train step 4000/4000 loss=0.00677 lr=2.00e-06
[18:33:13]   [eval] SR=1.000
[18:33:26]   [ensemble] intervention at t=25 (rollout 0) len=22
[18:33:26] 
===== ensemble Round 17 | dataset=25 =====
[18:33:30]     train step 200/4000 loss=0.61224 lr=8.00e-05
[18:33:34]     train step 400/4000 loss=0.21788 lr=9.96e-05
[18:33:38]     train step 600/4000 loss=0.08256 lr=9.79e-05
[18:33:43]     train step 800/4000 loss=0.05002 lr=9.49e-05
[18:33:47]     train step 1000/4000 loss=0.03691 lr=9.07e-05
[18:33:51]     train step 1200/4000 loss=0.02932 lr=8.53e-05
[18:33:55]     train step 1400/4000 loss=0.02399 lr=7.90e-05
[18:33:59]     train step 1600/4000 loss=0.02024 lr=7.19e-05
[18:34:03]     train step 1800/4000 loss=0.01717 lr=6.42e-05
[18:34:07]     train step 2000/4000 loss=0.01493 lr=5.62e-05
[18:34:12]     train step 2200/4000 loss=0.01327 lr=4.80e-05
[18:34:16]     train step 2400/4000 loss=0.01184 lr=3.99e-05
[18:34:20]     train step 2600/4000 loss=0.01039 lr=3.20e-05
[18:34:24]     train step 2800/4000 loss=0.00940 lr=2.48e-05
[18:34:28]     train step 3000/4000 loss=0.00847 lr=1.82e-05
[18:34:32]     train step 3200/4000 loss=0.00801 lr=1.26e-05
[18:34:36]     train step 3400/4000 loss=0.00747 lr=8.08e-06
[18:34:40]     train step 3600/4000 loss=0.00717 lr=4.74e-06
[18:34:45]     train step 3800/4000 loss=0.00703 lr=2.69e-06
[18:34:49]     train step 4000/4000 loss=0.00695 lr=2.00e-06
[18:41:39]   [eval] SR=0.990
[18:41:52]   [ensemble] intervention at t=25 (rollout 0) len=22
[18:41:52] 
===== ensemble Round 18 | dataset=26 =====
[18:41:56]     train step 200/4000 loss=0.61177 lr=8.00e-05
[18:42:00]     train step 400/4000 loss=0.21632 lr=9.96e-05
[18:42:05]     train step 600/4000 loss=0.08118 lr=9.79e-05
[18:42:09]     train step 800/4000 loss=0.05027 lr=9.49e-05
[18:42:13]     train step 1000/4000 loss=0.03728 lr=9.07e-05
[18:42:17]     train step 1200/4000 loss=0.02947 lr=8.53e-05
[18:42:21]     train step 1400/4000 loss=0.02447 lr=7.90e-05
[18:42:25]     train step 1600/4000 loss=0.02082 lr=7.19e-05
[18:42:29]     train step 1800/4000 loss=0.01802 lr=6.42e-05
[18:42:34]     train step 2000/4000 loss=0.01567 lr=5.62e-05
[18:42:38]     train step 2200/4000 loss=0.01351 lr=4.80e-05
[18:42:42]     train step 2400/4000 loss=0.01219 lr=3.99e-05
[18:42:46]     train step 2600/4000 loss=0.01085 lr=3.20e-05
[18:42:50]     train step 2800/4000 loss=0.00976 lr=2.48e-05
[18:42:54]     train step 3000/4000 loss=0.00887 lr=1.82e-05
[18:42:58]     train step 3200/4000 loss=0.00830 lr=1.26e-05
[18:43:03]     train step 3400/4000 loss=0.00778 lr=8.08e-06
[18:43:07]     train step 3600/4000 loss=0.00755 lr=4.74e-06
[18:43:11]     train step 3800/4000 loss=0.00738 lr=2.69e-06
[18:43:15]     train step 4000/4000 loss=0.00734 lr=2.00e-06
[18:50:05]   [eval] SR=0.990
[18:50:17]   [ensemble] intervention at t=24 (rollout 0) len=19
[18:50:17] 
===== ensemble Round 19 | dataset=27 =====
[18:50:22]     train step 200/4000 loss=0.61164 lr=8.00e-05
[18:50:26]     train step 400/4000 loss=0.21572 lr=9.96e-05
[18:50:30]     train step 600/4000 loss=0.08181 lr=9.79e-05
[18:50:34]     train step 800/4000 loss=0.04981 lr=9.49e-05
[18:50:38]     train step 1000/4000 loss=0.03736 lr=9.07e-05
[18:50:42]     train step 1200/4000 loss=0.02945 lr=8.53e-05
[18:50:47]     train step 1400/4000 loss=0.02438 lr=7.90e-05
[18:50:51]     train step 1600/4000 loss=0.02099 lr=7.19e-05
[18:50:55]     train step 1800/4000 loss=0.01792 lr=6.42e-05
[18:50:59]     train step 2000/4000 loss=0.01612 lr=5.62e-05
[18:51:03]     train step 2200/4000 loss=0.01412 lr=4.80e-05
[18:51:07]     train step 2400/4000 loss=0.01244 lr=3.99e-05
[18:51:11]     train step 2600/4000 loss=0.01160 lr=3.20e-05
[18:51:15]     train step 2800/4000 loss=0.01015 lr=2.48e-05
[18:51:20]     train step 3000/4000 loss=0.00933 lr=1.82e-05
[18:51:24]     train step 3200/4000 loss=0.00875 lr=1.26e-05
[18:51:28]     train step 3400/4000 loss=0.00815 lr=8.08e-06
[18:51:32]     train step 3600/4000 loss=0.00786 lr=4.74e-06
[18:51:36]     train step 3800/4000 loss=0.00775 lr=2.69e-06
[18:51:40]     train step 4000/4000 loss=0.00765 lr=2.00e-06
[18:58:30]   [eval] SR=1.000
[18:58:43]   [ensemble] intervention at t=26 (rollout 0) len=20
[18:58:43] 
===== ensemble Round 20 | dataset=28 =====
[18:58:47]     train step 200/4000 loss=0.61048 lr=8.00e-05
[18:58:52]     train step 400/4000 loss=0.21324 lr=9.96e-05
[18:58:56]     train step 600/4000 loss=0.08085 lr=9.79e-05
[18:59:00]     train step 800/4000 loss=0.05096 lr=9.49e-05
[18:59:04]     train step 1000/4000 loss=0.03709 lr=9.07e-05
[18:59:08]     train step 1200/4000 loss=0.02923 lr=8.53e-05
[18:59:12]     train step 1400/4000 loss=0.02424 lr=7.90e-05
[18:59:16]     train step 1600/4000 loss=0.02057 lr=7.19e-05
[18:59:20]     train step 1800/4000 loss=0.01802 lr=6.42e-05
[18:59:25]     train step 2000/4000 loss=0.01586 lr=5.62e-05
[18:59:29]     train step 2200/4000 loss=0.01362 lr=4.80e-05
[18:59:33]     train step 2400/4000 loss=0.01209 lr=3.99e-05
[18:59:37]     train step 2600/4000 loss=0.01077 lr=3.20e-05
[18:59:41]     train step 2800/4000 loss=0.00963 lr=2.48e-05
[18:59:45]     train step 3000/4000 loss=0.00886 lr=1.82e-05
[18:59:49]     train step 3200/4000 loss=0.00823 lr=1.26e-05
[18:59:54]     train step 3400/4000 loss=0.00771 lr=8.08e-06
[18:59:58]     train step 3600/4000 loss=0.00742 lr=4.74e-06
[19:00:02]     train step 3800/4000 loss=0.00726 lr=2.69e-06
[19:00:06]     train step 4000/4000 loss=0.00720 lr=2.00e-06
[19:06:53]   [eval] SR=1.000
[19:06:54] DONE in 11018.5s | final_success=1.0
[19:06:54] [write] /weka/s226137394/DmNfull/distil/results/Lift/state/ensemble/seed2/result.json
