[19:05:53] [env] loaded /weka/s226137394/DmNfull/.env
[19:05:53] ===== DISTIL | task=Lift modality=state ablation=stagger seed=4 budget=20 smoke=False device=cuda =====
[19:05:54] [bootstrap] loaded 8 shared demos from /weka/s226137394/DmNfull/distil/results/shared_bootstrap/Lift_state/Lift_state_ni8.pkl
[19:05:57] 
===== stagger Round 0 | dataset=8 =====
[19:06:09]     train step 200/8000 loss=0.60198 lr=8.00e-05
[19:06:19]     train step 400/8000 loss=0.25552 lr=9.99e-05
[19:06:30]     train step 600/8000 loss=0.09459 lr=9.95e-05
[19:06:40]     train step 800/8000 loss=0.05594 lr=9.88e-05
[19:06:51]     train step 1000/8000 loss=0.04106 lr=9.78e-05
[19:07:01]     train step 1200/8000 loss=0.03221 lr=9.64e-05
[19:07:12]     train step 1400/8000 loss=0.02711 lr=9.48e-05
[19:07:22]     train step 1600/8000 loss=0.02235 lr=9.29e-05
[19:07:32]     train step 1800/8000 loss=0.01880 lr=9.07e-05
[19:07:43]     train step 2000/8000 loss=0.01638 lr=8.82e-05
[19:07:53]     train step 2200/8000 loss=0.01479 lr=8.55e-05
[19:08:04]     train step 2400/8000 loss=0.01360 lr=8.26e-05
[19:08:14]     train step 2600/8000 loss=0.01184 lr=7.94e-05
[19:08:25]     train step 2800/8000 loss=0.00978 lr=7.61e-05
[19:08:35]     train step 3000/8000 loss=0.00895 lr=7.26e-05
[19:08:45]     train step 3200/8000 loss=0.00829 lr=6.90e-05
[19:08:56]     train step 3400/8000 loss=0.00731 lr=6.52e-05
[19:09:06]     train step 3600/8000 loss=0.00626 lr=6.14e-05
[19:09:17]     train step 3800/8000 loss=0.00570 lr=5.75e-05
[19:09:27]     train step 4000/8000 loss=0.00511 lr=5.35e-05
[19:09:37]     train step 4200/8000 loss=0.00485 lr=4.95e-05
[19:09:48]     train step 4400/8000 loss=0.00415 lr=4.56e-05
[19:09:58]     train step 4600/8000 loss=0.00371 lr=4.16e-05
[19:10:08]     train step 4800/8000 loss=0.00369 lr=3.78e-05
[19:10:18]     train step 5000/8000 loss=0.00335 lr=3.40e-05
[19:10:29]     train step 5200/8000 loss=0.00316 lr=3.03e-05
[19:10:39]     train step 5400/8000 loss=0.00318 lr=2.68e-05
[19:10:49]     train step 5600/8000 loss=0.00279 lr=2.34e-05
[19:10:59]     train step 5800/8000 loss=0.00261 lr=2.02e-05
[19:11:10]     train step 6000/8000 loss=0.00253 lr=1.73e-05
[19:11:20]     train step 6200/8000 loss=0.00249 lr=1.45e-05
[19:11:30]     train step 6400/8000 loss=0.00236 lr=1.20e-05
[19:11:41]     train step 6600/8000 loss=0.00227 lr=9.69e-06
[19:11:51]     train step 6800/8000 loss=0.00222 lr=7.69e-06
[19:12:01]     train step 7000/8000 loss=0.00216 lr=5.98e-06
[19:12:12]     train step 7200/8000 loss=0.00216 lr=4.56e-06
[19:12:22]     train step 7400/8000 loss=0.00209 lr=3.45e-06
[19:12:33]     train step 7600/8000 loss=0.00209 lr=2.65e-06
[19:12:43]     train step 7800/8000 loss=0.00207 lr=2.16e-06
[19:12:54]     train step 8000/8000 loss=0.00206 lr=2.00e-06
[19:17:21]   [eval] SR=0.660
[19:18:09]   [stagger] intervention at t=10 (rollout 7) len=34
[19:18:09] 
===== stagger Round 1 | dataset=9 =====
[19:18:21]     train step 200/4000 loss=0.59942 lr=8.00e-05
[19:18:31]     train step 400/4000 loss=0.24264 lr=9.96e-05
[19:18:42]     train step 600/4000 loss=0.08725 lr=9.79e-05
[19:18:52]     train step 800/4000 loss=0.05190 lr=9.49e-05
[19:19:03]     train step 1000/4000 loss=0.03870 lr=9.07e-05
[19:19:13]     train step 1200/4000 loss=0.03166 lr=8.53e-05
[19:19:23]     train step 1400/4000 loss=0.02603 lr=7.90e-05
[19:19:34]     train step 1600/4000 loss=0.02201 lr=7.19e-05
[19:19:45]     train step 1800/4000 loss=0.01843 lr=6.42e-05
[19:19:55]     train step 2000/4000 loss=0.01570 lr=5.62e-05
[19:20:06]     train step 2200/4000 loss=0.01368 lr=4.80e-05
[19:20:16]     train step 2400/4000 loss=0.01226 lr=3.99e-05
[19:20:27]     train step 2600/4000 loss=0.01095 lr=3.20e-05
[19:20:37]     train step 2800/4000 loss=0.00965 lr=2.48e-05
[19:20:48]     train step 3000/4000 loss=0.00891 lr=1.82e-05
[19:20:58]     train step 3200/4000 loss=0.00821 lr=1.26e-05
[19:21:08]     train step 3400/4000 loss=0.00773 lr=8.08e-06
[19:21:19]     train step 3600/4000 loss=0.00747 lr=4.74e-06
[19:21:29]     train step 3800/4000 loss=0.00721 lr=2.69e-06
[19:21:39]     train step 4000/4000 loss=0.00707 lr=2.00e-06
[19:25:25]   [eval] SR=0.730
[19:25:40]   [stagger] intervention at t=75 (rollout 1) len=21
[19:25:40] 
===== stagger Round 2 | dataset=10 =====
[19:25:51]     train step 200/4000 loss=0.59933 lr=8.00e-05
[19:26:02]     train step 400/4000 loss=0.23830 lr=9.96e-05
[19:26:12]     train step 600/4000 loss=0.08951 lr=9.79e-05
[19:26:23]     train step 800/4000 loss=0.05261 lr=9.49e-05
[19:26:33]     train step 1000/4000 loss=0.03763 lr=9.07e-05
[19:26:44]     train step 1200/4000 loss=0.03067 lr=8.53e-05
[19:26:54]     train step 1400/4000 loss=0.02554 lr=7.90e-05
[19:27:05]     train step 1600/4000 loss=0.02165 lr=7.19e-05
[19:27:15]     train step 1800/4000 loss=0.01899 lr=6.42e-05
[19:27:26]     train step 2000/4000 loss=0.01632 lr=5.62e-05
[19:27:36]     train step 2200/4000 loss=0.01455 lr=4.80e-05
[19:27:46]     train step 2400/4000 loss=0.01288 lr=3.99e-05
[19:27:57]     train step 2600/4000 loss=0.01168 lr=3.20e-05
[19:28:07]     train step 2800/4000 loss=0.01032 lr=2.48e-05
[19:28:18]     train step 3000/4000 loss=0.00952 lr=1.82e-05
[19:28:28]     train step 3200/4000 loss=0.00872 lr=1.26e-05
[19:28:38]     train step 3400/4000 loss=0.00833 lr=8.08e-06
[19:28:49]     train step 3600/4000 loss=0.00799 lr=4.74e-06
[19:28:59]     train step 3800/4000 loss=0.00767 lr=2.69e-06
[19:29:10]     train step 4000/4000 loss=0.00757 lr=2.00e-06
[19:31:34]   [eval] SR=0.910
[19:31:38]   [stagger] intervention at t=35 (rollout 0) len=7
[19:31:38] 
===== stagger Round 3 | dataset=11 =====
[19:31:49]     train step 200/4000 loss=0.59912 lr=8.00e-05
[19:31:59]     train step 400/4000 loss=0.23595 lr=9.96e-05
[19:32:10]     train step 600/4000 loss=0.08844 lr=9.79e-05
[19:32:20]     train step 800/4000 loss=0.05293 lr=9.49e-05
[19:32:31]     train step 1000/4000 loss=0.03785 lr=9.07e-05
[19:32:41]     train step 1200/4000 loss=0.03074 lr=8.53e-05
[19:32:52]     train step 1400/4000 loss=0.02550 lr=7.90e-05
[19:33:02]     train step 1600/4000 loss=0.02198 lr=7.19e-05
[19:33:12]     train step 1800/4000 loss=0.01844 lr=6.42e-05
[19:33:23]     train step 2000/4000 loss=0.01603 lr=5.62e-05
[19:33:33]     train step 2200/4000 loss=0.01404 lr=4.80e-05
[19:33:44]     train step 2400/4000 loss=0.01228 lr=3.99e-05
[19:33:54]     train step 2600/4000 loss=0.01096 lr=3.20e-05
[19:34:05]     train step 2800/4000 loss=0.00990 lr=2.48e-05
[19:34:16]     train step 3000/4000 loss=0.00906 lr=1.82e-05
[19:34:26]     train step 3200/4000 loss=0.00827 lr=1.26e-05
[19:34:37]     train step 3400/4000 loss=0.00796 lr=8.08e-06
[19:34:48]     train step 3600/4000 loss=0.00763 lr=4.74e-06
[19:34:58]     train step 3800/4000 loss=0.00733 lr=2.69e-06
[19:35:09]     train step 4000/4000 loss=0.00720 lr=2.00e-06
[19:37:29]   [eval] SR=0.920
[19:37:34]   [stagger] intervention at t=47 (rollout 0) len=2
[19:37:35] 
===== stagger Round 4 | dataset=12 =====
[19:37:46]     train step 200/4000 loss=0.59649 lr=8.00e-05
[19:37:56]     train step 400/4000 loss=0.22578 lr=9.96e-05
[19:38:07]     train step 600/4000 loss=0.08467 lr=9.79e-05
[19:38:17]     train step 800/4000 loss=0.05195 lr=9.49e-05
[19:38:28]     train step 1000/4000 loss=0.03932 lr=9.07e-05
[19:38:38]     train step 1200/4000 loss=0.03138 lr=8.53e-05
[19:38:48]     train step 1400/4000 loss=0.02603 lr=7.90e-05
[19:38:59]     train step 1600/4000 loss=0.02243 lr=7.19e-05
[19:39:09]     train step 1800/4000 loss=0.01941 lr=6.42e-05
[19:39:20]     train step 2000/4000 loss=0.01681 lr=5.62e-05
[19:39:30]     train step 2200/4000 loss=0.01433 lr=4.80e-05
[19:39:41]     train step 2400/4000 loss=0.01275 lr=3.99e-05
[19:39:52]     train step 2600/4000 loss=0.01143 lr=3.20e-05
[19:40:02]     train step 2800/4000 loss=0.01001 lr=2.48e-05
[19:40:13]     train step 3000/4000 loss=0.00920 lr=1.82e-05
[19:40:23]     train step 3200/4000 loss=0.00842 lr=1.26e-05
[19:40:34]     train step 3400/4000 loss=0.00810 lr=8.08e-06
[19:40:45]     train step 3600/4000 loss=0.00772 lr=4.74e-06
[19:40:55]     train step 3800/4000 loss=0.00739 lr=2.69e-06
[19:41:06]     train step 4000/4000 loss=0.00736 lr=2.00e-06
[19:43:20]   [eval] SR=0.940
[19:43:37]   [stagger] intervention at t=21 (rollout 3) len=23
[19:43:37] 
===== stagger Round 5 | dataset=13 =====
[19:43:48]     train step 200/4000 loss=0.59452 lr=8.00e-05
[19:43:59]     train step 400/4000 loss=0.22140 lr=9.96e-05
[19:44:09]     train step 600/4000 loss=0.08423 lr=9.79e-05
[19:44:20]     train step 800/4000 loss=0.05174 lr=9.49e-05
[19:44:30]     train step 1000/4000 loss=0.03864 lr=9.07e-05
[19:44:41]     train step 1200/4000 loss=0.03103 lr=8.53e-05
[19:44:51]     train step 1400/4000 loss=0.02549 lr=7.90e-05
[19:45:02]     train step 1600/4000 loss=0.02161 lr=7.19e-05
[19:45:13]     train step 1800/4000 loss=0.01830 lr=6.42e-05
[19:45:23]     train step 2000/4000 loss=0.01594 lr=5.62e-05
[19:45:34]     train step 2200/4000 loss=0.01406 lr=4.80e-05
[19:45:45]     train step 2400/4000 loss=0.01212 lr=3.99e-05
[19:45:56]     train step 2600/4000 loss=0.01099 lr=3.20e-05
[19:46:06]     train step 2800/4000 loss=0.00983 lr=2.48e-05
[19:46:17]     train step 3000/4000 loss=0.00901 lr=1.82e-05
[19:46:28]     train step 3200/4000 loss=0.00819 lr=1.26e-05
[19:46:39]     train step 3400/4000 loss=0.00781 lr=8.08e-06
[19:46:50]     train step 3600/4000 loss=0.00751 lr=4.74e-06
[19:47:00]     train step 3800/4000 loss=0.00721 lr=2.69e-06
[19:47:11]     train step 4000/4000 loss=0.00711 lr=2.00e-06
[19:49:26]   [eval] SR=0.930
[19:49:40]   [stagger] intervention at t=27 (rollout 2) len=17
[19:49:40] 
===== stagger Round 6 | dataset=14 =====
[19:49:51]     train step 200/4000 loss=0.59352 lr=8.00e-05
[19:50:02]     train step 400/4000 loss=0.21973 lr=9.96e-05
[19:50:12]     train step 600/4000 loss=0.08407 lr=9.79e-05
[19:50:23]     train step 800/4000 loss=0.05252 lr=9.49e-05
[19:50:33]     train step 1000/4000 loss=0.03868 lr=9.07e-05
[19:50:44]     train step 1200/4000 loss=0.03101 lr=8.53e-05
[19:50:55]     train step 1400/4000 loss=0.02582 lr=7.90e-05
[19:51:06]     train step 1600/4000 loss=0.02164 lr=7.19e-05
[19:51:16]     train step 1800/4000 loss=0.01833 lr=6.42e-05
[19:51:27]     train step 2000/4000 loss=0.01574 lr=5.62e-05
[19:51:38]     train step 2200/4000 loss=0.01387 lr=4.80e-05
[19:51:49]     train step 2400/4000 loss=0.01212 lr=3.99e-05
[19:52:00]     train step 2600/4000 loss=0.01104 lr=3.20e-05
[19:52:10]     train step 2800/4000 loss=0.00978 lr=2.48e-05
[19:52:21]     train step 3000/4000 loss=0.00904 lr=1.82e-05
[19:52:32]     train step 3200/4000 loss=0.00828 lr=1.26e-05
[19:52:42]     train step 3400/4000 loss=0.00787 lr=8.08e-06
[19:52:53]     train step 3600/4000 loss=0.00754 lr=4.74e-06
[19:53:04]     train step 3800/4000 loss=0.00724 lr=2.69e-06
[19:53:15]     train step 4000/4000 loss=0.00711 lr=2.00e-06
[19:55:42]   [eval] SR=0.900
[19:55:53]   [stagger] intervention at t=42 (rollout 1) len=2
[19:55:53] 
===== stagger Round 7 | dataset=15 =====
[19:56:04]     train step 200/4000 loss=0.59355 lr=8.00e-05
[19:56:15]     train step 400/4000 loss=0.22100 lr=9.96e-05
[19:56:25]     train step 600/4000 loss=0.08572 lr=9.79e-05
[19:56:36]     train step 800/4000 loss=0.05260 lr=9.49e-05
[19:56:47]     train step 1000/4000 loss=0.03897 lr=9.07e-05
[19:56:58]     train step 1200/4000 loss=0.03069 lr=8.53e-05
[19:57:08]     train step 1400/4000 loss=0.02507 lr=7.90e-05
[19:57:19]     train step 1600/4000 loss=0.02120 lr=7.19e-05
[19:57:30]     train step 1800/4000 loss=0.01801 lr=6.42e-05
[19:57:40]     train step 2000/4000 loss=0.01538 lr=5.62e-05
[19:57:51]     train step 2200/4000 loss=0.01366 lr=4.80e-05
[19:58:02]     train step 2400/4000 loss=0.01187 lr=3.99e-05
[19:58:13]     train step 2600/4000 loss=0.01077 lr=3.20e-05
[19:58:23]     train step 2800/4000 loss=0.00948 lr=2.48e-05
[19:58:34]     train step 3000/4000 loss=0.00871 lr=1.82e-05
[19:58:45]     train step 3200/4000 loss=0.00790 lr=1.26e-05
[19:58:55]     train step 3400/4000 loss=0.00752 lr=8.08e-06
[19:59:06]     train step 3600/4000 loss=0.00728 lr=4.74e-06
[19:59:17]     train step 3800/4000 loss=0.00698 lr=2.69e-06
[19:59:28]     train step 4000/4000 loss=0.00684 lr=2.00e-06
[20:01:46]   [eval] SR=0.920
[20:01:52]   [stagger] intervention at t=7 (rollout 1) len=41
[20:01:53] 
===== stagger Round 8 | dataset=16 =====
[20:02:04]     train step 200/4000 loss=0.59248 lr=8.00e-05
[20:02:15]     train step 400/4000 loss=0.21389 lr=9.96e-05
[20:02:25]     train step 600/4000 loss=0.08121 lr=9.79e-05
[20:02:36]     train step 800/4000 loss=0.05076 lr=9.49e-05
[20:02:47]     train step 1000/4000 loss=0.03766 lr=9.07e-05
[20:02:58]     train step 1200/4000 loss=0.03019 lr=8.53e-05
[20:03:09]     train step 1400/4000 loss=0.02514 lr=7.90e-05
[20:03:20]     train step 1600/4000 loss=0.02119 lr=7.19e-05
[20:03:30]     train step 1800/4000 loss=0.01813 lr=6.42e-05
[20:03:41]     train step 2000/4000 loss=0.01571 lr=5.62e-05
[20:03:52]     train step 2200/4000 loss=0.01364 lr=4.80e-05
[20:04:03]     train step 2400/4000 loss=0.01199 lr=3.99e-05
[20:04:14]     train step 2600/4000 loss=0.01089 lr=3.20e-05
[20:04:25]     train step 2800/4000 loss=0.00972 lr=2.48e-05
[20:04:36]     train step 3000/4000 loss=0.00879 lr=1.82e-05
[20:04:47]     train step 3200/4000 loss=0.00816 lr=1.26e-05
[20:04:57]     train step 3400/4000 loss=0.00778 lr=8.08e-06
[20:05:08]     train step 3600/4000 loss=0.00745 lr=4.74e-06
[20:05:19]     train step 3800/4000 loss=0.00715 lr=2.69e-06
[20:05:30]     train step 4000/4000 loss=0.00706 lr=2.00e-06
[20:07:58]   [eval] SR=0.900
[20:08:16]   [stagger] intervention at t=17 (rollout 3) len=29
[20:08:16] 
===== stagger Round 9 | dataset=17 =====
[20:08:27]     train step 200/4000 loss=0.59293 lr=8.00e-05
[20:08:38]     train step 400/4000 loss=0.21378 lr=9.96e-05
[20:08:48]     train step 600/4000 loss=0.08264 lr=9.79e-05
[20:08:59]     train step 800/4000 loss=0.05180 lr=9.49e-05
[20:09:10]     train step 1000/4000 loss=0.03866 lr=9.07e-05
[20:09:21]     train step 1200/4000 loss=0.03067 lr=8.53e-05
[20:09:32]     train step 1400/4000 loss=0.02559 lr=7.90e-05
[20:09:43]     train step 1600/4000 loss=0.02180 lr=7.19e-05
[20:09:54]     train step 1800/4000 loss=0.01843 lr=6.42e-05
[20:10:05]     train step 2000/4000 loss=0.01587 lr=5.62e-05
[20:10:15]     train step 2200/4000 loss=0.01415 lr=4.80e-05
[20:10:26]     train step 2400/4000 loss=0.01219 lr=3.99e-05
[20:10:37]     train step 2600/4000 loss=0.01089 lr=3.20e-05
[20:10:47]     train step 2800/4000 loss=0.00985 lr=2.48e-05
[20:10:58]     train step 3000/4000 loss=0.00887 lr=1.82e-05
[20:11:09]     train step 3200/4000 loss=0.00826 lr=1.26e-05
[20:11:19]     train step 3400/4000 loss=0.00784 lr=8.08e-06
[20:11:30]     train step 3600/4000 loss=0.00758 lr=4.74e-06
[20:11:41]     train step 3800/4000 loss=0.00729 lr=2.69e-06
[20:11:51]     train step 4000/4000 loss=0.00717 lr=2.00e-06
[20:14:05]   [eval] SR=0.930
[20:14:57]   [stagger] intervention at t=22 (rollout 10) len=25
[20:14:57] 
===== stagger Round 10 | dataset=18 =====
[20:15:08]     train step 200/4000 loss=0.59239 lr=8.00e-05
[20:15:19]     train step 400/4000 loss=0.21663 lr=9.96e-05
[20:15:30]     train step 600/4000 loss=0.08531 lr=9.79e-05
[20:15:41]     train step 800/4000 loss=0.05133 lr=9.49e-05
[20:15:52]     train step 1000/4000 loss=0.03836 lr=9.07e-05
[20:16:02]     train step 1200/4000 loss=0.03055 lr=8.53e-05
[20:16:13]     train step 1400/4000 loss=0.02512 lr=7.90e-05
[20:16:24]     train step 1600/4000 loss=0.02150 lr=7.19e-05
[20:16:35]     train step 1800/4000 loss=0.01817 lr=6.42e-05
[20:16:46]     train step 2000/4000 loss=0.01589 lr=5.62e-05
[20:16:57]     train step 2200/4000 loss=0.01399 lr=4.80e-05
[20:17:07]     train step 2400/4000 loss=0.01222 lr=3.99e-05
[20:17:17]     train step 2600/4000 loss=0.01100 lr=3.20e-05
[20:17:28]     train step 2800/4000 loss=0.00977 lr=2.48e-05
[20:17:38]     train step 3000/4000 loss=0.00895 lr=1.82e-05
[20:17:49]     train step 3200/4000 loss=0.00818 lr=1.26e-05
[20:18:00]     train step 3400/4000 loss=0.00788 lr=8.08e-06
[20:18:11]     train step 3600/4000 loss=0.00758 lr=4.74e-06
[20:18:22]     train step 3800/4000 loss=0.00728 lr=2.69e-06
[20:18:33]     train step 4000/4000 loss=0.00718 lr=2.00e-06
[20:20:31]   [eval] SR=0.970
[20:20:46]   [stagger] intervention at t=37 (rollout 2) len=9
[20:20:46] 
===== stagger Round 11 | dataset=19 =====
[20:20:57]     train step 200/4000 loss=0.59266 lr=8.00e-05
[20:21:08]     train step 400/4000 loss=0.21747 lr=9.96e-05
[20:21:19]     train step 600/4000 loss=0.08254 lr=9.79e-05
[20:21:30]     train step 800/4000 loss=0.05108 lr=9.49e-05
[20:21:41]     train step 1000/4000 loss=0.03809 lr=9.07e-05
[20:21:52]     train step 1200/4000 loss=0.03059 lr=8.53e-05
[20:22:03]     train step 1400/4000 loss=0.02542 lr=7.90e-05
[20:22:14]     train step 1600/4000 loss=0.02140 lr=7.19e-05
[20:22:25]     train step 1800/4000 loss=0.01813 lr=6.42e-05
[20:22:36]     train step 2000/4000 loss=0.01566 lr=5.62e-05
[20:22:47]     train step 2200/4000 loss=0.01384 lr=4.80e-05
[20:22:58]     train step 2400/4000 loss=0.01211 lr=3.99e-05
[20:23:09]     train step 2600/4000 loss=0.01080 lr=3.20e-05
[20:23:19]     train step 2800/4000 loss=0.00978 lr=2.48e-05
[20:23:31]     train step 3000/4000 loss=0.00901 lr=1.82e-05
[20:23:42]     train step 3200/4000 loss=0.00822 lr=1.26e-05
[20:23:52]     train step 3400/4000 loss=0.00783 lr=8.08e-06
[20:24:03]     train step 3600/4000 loss=0.00754 lr=4.74e-06
[20:24:14]     train step 3800/4000 loss=0.00728 lr=2.69e-06
[20:24:25]     train step 4000/4000 loss=0.00720 lr=2.00e-06
[20:26:23]   [eval] SR=0.970
[20:26:41]   [stagger] intervention at t=25 (rollout 3) len=17
[20:26:41] 
===== stagger Round 12 | dataset=20 =====
[20:26:52]     train step 200/4000 loss=0.59249 lr=8.00e-05
[20:27:03]     train step 400/4000 loss=0.21551 lr=9.96e-05
[20:27:14]     train step 600/4000 loss=0.08282 lr=9.79e-05
[20:27:25]     train step 800/4000 loss=0.05143 lr=9.49e-05
[20:27:36]     train step 1000/4000 loss=0.03808 lr=9.07e-05
[20:27:47]     train step 1200/4000 loss=0.03080 lr=8.53e-05
[20:27:58]     train step 1400/4000 loss=0.02581 lr=7.90e-05
[20:28:09]     train step 1600/4000 loss=0.02208 lr=7.19e-05
[20:28:20]     train step 1800/4000 loss=0.01911 lr=6.42e-05
[20:28:31]     train step 2000/4000 loss=0.01661 lr=5.62e-05
[20:28:42]     train step 2200/4000 loss=0.01476 lr=4.80e-05
[20:28:53]     train step 2400/4000 loss=0.01270 lr=3.99e-05
[20:29:04]     train step 2600/4000 loss=0.01125 lr=3.20e-05
[20:29:15]     train step 2800/4000 loss=0.01026 lr=2.48e-05
[20:29:26]     train step 3000/4000 loss=0.00939 lr=1.82e-05
[20:29:37]     train step 3200/4000 loss=0.00860 lr=1.26e-05
[20:29:48]     train step 3400/4000 loss=0.00830 lr=8.08e-06
[20:29:59]     train step 3600/4000 loss=0.00787 lr=4.74e-06
[20:30:10]     train step 3800/4000 loss=0.00761 lr=2.69e-06
[20:30:21]     train step 4000/4000 loss=0.00753 lr=2.00e-06
[20:32:28]   [eval] SR=0.950
[20:32:35]   [stagger] intervention at t=11 (rollout 1) len=32
[20:32:35] 
===== stagger Round 13 | dataset=21 =====
[20:32:46]     train step 200/4000 loss=0.59210 lr=8.00e-05
[20:32:57]     train step 400/4000 loss=0.21512 lr=9.96e-05
[20:33:08]     train step 600/4000 loss=0.08230 lr=9.79e-05
[20:33:19]     train step 800/4000 loss=0.05184 lr=9.49e-05
[20:33:30]     train step 1000/4000 loss=0.03975 lr=9.07e-05
[20:33:41]     train step 1200/4000 loss=0.03140 lr=8.53e-05
[20:33:51]     train step 1400/4000 loss=0.02622 lr=7.90e-05
[20:34:02]     train step 1600/4000 loss=0.02225 lr=7.19e-05
[20:34:13]     train step 1800/4000 loss=0.01855 lr=6.42e-05
[20:34:24]     train step 2000/4000 loss=0.01613 lr=5.62e-05
[20:34:35]     train step 2200/4000 loss=0.01454 lr=4.80e-05
[20:34:46]     train step 2400/4000 loss=0.01214 lr=3.99e-05
[20:34:57]     train step 2600/4000 loss=0.01123 lr=3.20e-05
[20:35:08]     train step 2800/4000 loss=0.00999 lr=2.48e-05
[20:35:19]     train step 3000/4000 loss=0.00926 lr=1.82e-05
[20:35:30]     train step 3200/4000 loss=0.00848 lr=1.26e-05
[20:35:41]     train step 3400/4000 loss=0.00807 lr=8.08e-06
[20:35:51]     train step 3600/4000 loss=0.00780 lr=4.74e-06
[20:36:02]     train step 3800/4000 loss=0.00748 lr=2.69e-06
[20:36:13]     train step 4000/4000 loss=0.00736 lr=2.00e-06
[20:38:25]   [eval] SR=0.940
[20:38:27]   [stagger] intervention at t=16 (rollout 0) len=27
[20:38:27] 
===== stagger Round 14 | dataset=22 =====
[20:38:39]     train step 200/4000 loss=0.59221 lr=8.00e-05
[20:38:50]     train step 400/4000 loss=0.21446 lr=9.96e-05
[20:39:01]     train step 600/4000 loss=0.08410 lr=9.79e-05
[20:39:11]     train step 800/4000 loss=0.05163 lr=9.49e-05
[20:39:22]     train step 1000/4000 loss=0.03935 lr=9.07e-05
[20:39:33]     train step 1200/4000 loss=0.03172 lr=8.53e-05
[20:39:44]     train step 1400/4000 loss=0.02575 lr=7.90e-05
[20:39:55]     train step 1600/4000 loss=0.02231 lr=7.19e-05
[20:40:06]     train step 1800/4000 loss=0.01888 lr=6.42e-05
[20:40:17]     train step 2000/4000 loss=0.01653 lr=5.62e-05
[20:40:28]     train step 2200/4000 loss=0.01431 lr=4.80e-05
[20:40:39]     train step 2400/4000 loss=0.01249 lr=3.99e-05
[20:40:50]     train step 2600/4000 loss=0.01141 lr=3.20e-05
[20:41:01]     train step 2800/4000 loss=0.01011 lr=2.48e-05
[20:41:12]     train step 3000/4000 loss=0.00940 lr=1.82e-05
[20:41:23]     train step 3200/4000 loss=0.00863 lr=1.26e-05
[20:41:33]     train step 3400/4000 loss=0.00823 lr=8.08e-06
[20:41:44]     train step 3600/4000 loss=0.00789 lr=4.74e-06
[20:41:55]     train step 3800/4000 loss=0.00763 lr=2.69e-06
[20:42:06]     train step 4000/4000 loss=0.00752 lr=2.00e-06
[20:44:19]   [eval] SR=0.940
[20:45:08]   [stagger] intervention at t=43 (rollout 9) len=1
[20:45:09] 
===== stagger Round 15 | dataset=23 =====
[20:45:20]     train step 200/4000 loss=0.59226 lr=8.00e-05
[20:45:31]     train step 400/4000 loss=0.21217 lr=9.96e-05
[20:45:42]     train step 600/4000 loss=0.08165 lr=9.79e-05
[20:45:52]     train step 800/4000 loss=0.05132 lr=9.49e-05
[20:46:03]     train step 1000/4000 loss=0.03840 lr=9.07e-05
[20:46:14]     train step 1200/4000 loss=0.03104 lr=8.53e-05
[20:46:25]     train step 1400/4000 loss=0.02580 lr=7.90e-05
[20:46:36]     train step 1600/4000 loss=0.02235 lr=7.19e-05
[20:46:47]     train step 1800/4000 loss=0.01891 lr=6.42e-05
[20:46:58]     train step 2000/4000 loss=0.01668 lr=5.62e-05
[20:47:09]     train step 2200/4000 loss=0.01461 lr=4.80e-05
[20:47:20]     train step 2400/4000 loss=0.01275 lr=3.99e-05
[20:47:31]     train step 2600/4000 loss=0.01152 lr=3.20e-05
[20:47:42]     train step 2800/4000 loss=0.01032 lr=2.48e-05
[20:47:53]     train step 3000/4000 loss=0.00954 lr=1.82e-05
[20:48:04]     train step 3200/4000 loss=0.00875 lr=1.26e-05
[20:48:15]     train step 3400/4000 loss=0.00835 lr=8.08e-06
[20:48:25]     train step 3600/4000 loss=0.00810 lr=4.74e-06
[20:48:36]     train step 3800/4000 loss=0.00779 lr=2.69e-06
[20:48:47]     train step 4000/4000 loss=0.00763 lr=2.00e-06
[20:50:54]   [eval] SR=0.950
[20:50:57]   [stagger] intervention at t=25 (rollout 0) len=22
[20:50:57] 
===== stagger Round 16 | dataset=24 =====
[20:51:08]     train step 200/4000 loss=0.58605 lr=8.00e-05
[20:51:19]     train step 400/4000 loss=0.21324 lr=9.96e-05
[20:51:30]     train step 600/4000 loss=0.08438 lr=9.79e-05
[20:51:40]     train step 800/4000 loss=0.05338 lr=9.49e-05
[20:51:51]     train step 1000/4000 loss=0.04009 lr=9.07e-05
[20:52:02]     train step 1200/4000 loss=0.03133 lr=8.53e-05
[20:52:13]     train step 1400/4000 loss=0.02566 lr=7.90e-05
[20:52:24]     train step 1600/4000 loss=0.02216 lr=7.19e-05
[20:52:35]     train step 1800/4000 loss=0.01862 lr=6.42e-05
[20:52:46]     train step 2000/4000 loss=0.01598 lr=5.62e-05
[20:52:57]     train step 2200/4000 loss=0.01375 lr=4.80e-05
[20:53:08]     train step 2400/4000 loss=0.01205 lr=3.99e-05
[20:53:19]     train step 2600/4000 loss=0.01101 lr=3.20e-05
[20:53:30]     train step 2800/4000 loss=0.00982 lr=2.48e-05
[20:53:41]     train step 3000/4000 loss=0.00903 lr=1.82e-05
[20:53:52]     train step 3200/4000 loss=0.00832 lr=1.26e-05
[20:54:03]     train step 3400/4000 loss=0.00791 lr=8.08e-06
[20:54:14]     train step 3600/4000 loss=0.00771 lr=4.74e-06
[20:54:25]     train step 3800/4000 loss=0.00729 lr=2.69e-06
[20:54:36]     train step 4000/4000 loss=0.00722 lr=2.00e-06
[20:56:39]   [eval] SR=0.960
[20:56:43]   [stagger] intervention at t=27 (rollout 0) len=21
[20:56:43] 
===== stagger Round 17 | dataset=25 =====
[20:56:54]     train step 200/4000 loss=0.58623 lr=8.00e-05
[20:57:05]     train step 400/4000 loss=0.21261 lr=9.96e-05
[20:57:16]     train step 600/4000 loss=0.08409 lr=9.79e-05
[20:57:27]     train step 800/4000 loss=0.05208 lr=9.49e-05
[20:57:38]     train step 1000/4000 loss=0.03904 lr=9.07e-05
[20:57:49]     train step 1200/4000 loss=0.03110 lr=8.53e-05
[20:58:00]     train step 1400/4000 loss=0.02581 lr=7.90e-05
[20:58:11]     train step 1600/4000 loss=0.02198 lr=7.19e-05
[20:58:22]     train step 1800/4000 loss=0.01867 lr=6.42e-05
[20:58:33]     train step 2000/4000 loss=0.01588 lr=5.62e-05
[20:58:43]     train step 2200/4000 loss=0.01411 lr=4.80e-05
[20:58:54]     train step 2400/4000 loss=0.01273 lr=3.99e-05
[20:59:05]     train step 2600/4000 loss=0.01135 lr=3.20e-05
[20:59:16]     train step 2800/4000 loss=0.01016 lr=2.48e-05
[20:59:27]     train step 3000/4000 loss=0.00935 lr=1.82e-05
[20:59:38]     train step 3200/4000 loss=0.00857 lr=1.26e-05
[20:59:48]     train step 3400/4000 loss=0.00829 lr=8.08e-06
[20:59:59]     train step 3600/4000 loss=0.00791 lr=4.74e-06
[21:00:10]     train step 3800/4000 loss=0.00764 lr=2.69e-06
[21:00:21]     train step 4000/4000 loss=0.00751 lr=2.00e-06
[21:02:15]   [eval] SR=0.980
[21:02:17]   [stagger] intervention at t=20 (rollout 0) len=27
[21:02:18] 
===== stagger Round 18 | dataset=26 =====
[21:02:29]     train step 200/4000 loss=0.58615 lr=8.00e-05
[21:02:39]     train step 400/4000 loss=0.21270 lr=9.96e-05
[21:02:50]     train step 600/4000 loss=0.08352 lr=9.79e-05
[21:03:01]     train step 800/4000 loss=0.05159 lr=9.49e-05
[21:03:12]     train step 1000/4000 loss=0.03891 lr=9.07e-05
[21:03:23]     train step 1200/4000 loss=0.03148 lr=8.53e-05
[21:03:34]     train step 1400/4000 loss=0.02608 lr=7.90e-05
[21:03:45]     train step 1600/4000 loss=0.02264 lr=7.19e-05
[21:03:55]     train step 1800/4000 loss=0.01938 lr=6.42e-05
[21:04:06]     train step 2000/4000 loss=0.01657 lr=5.62e-05
[21:04:17]     train step 2200/4000 loss=0.01461 lr=4.80e-05
[21:04:28]     train step 2400/4000 loss=0.01253 lr=3.99e-05
[21:04:39]     train step 2600/4000 loss=0.01137 lr=3.20e-05
[21:04:50]     train step 2800/4000 loss=0.01013 lr=2.48e-05
[21:05:01]     train step 3000/4000 loss=0.00939 lr=1.82e-05
[21:05:12]     train step 3200/4000 loss=0.00857 lr=1.26e-05
[21:05:22]     train step 3400/4000 loss=0.00827 lr=8.08e-06
[21:05:33]     train step 3600/4000 loss=0.00789 lr=4.74e-06
[21:05:44]     train step 3800/4000 loss=0.00765 lr=2.69e-06
[21:05:55]     train step 4000/4000 loss=0.00748 lr=2.00e-06
[21:07:40]   [eval] SR=1.000
[21:08:16]   [stagger] intervention at t=9 (rollout 7) len=37
[21:08:16] 
===== stagger Round 19 | dataset=27 =====
[21:08:27]     train step 200/4000 loss=0.58684 lr=8.00e-05
[21:08:38]     train step 400/4000 loss=0.21258 lr=9.96e-05
[21:08:49]     train step 600/4000 loss=0.08310 lr=9.79e-05
[21:08:59]     train step 800/4000 loss=0.05238 lr=9.49e-05
[21:09:10]     train step 1000/4000 loss=0.03871 lr=9.07e-05
[21:09:21]     train step 1200/4000 loss=0.03128 lr=8.53e-05
[21:09:32]     train step 1400/4000 loss=0.02654 lr=7.90e-05
[21:09:43]     train step 1600/4000 loss=0.02249 lr=7.19e-05
[21:09:54]     train step 1800/4000 loss=0.01907 lr=6.42e-05
[21:10:05]     train step 2000/4000 loss=0.01691 lr=5.62e-05
[21:10:16]     train step 2200/4000 loss=0.01468 lr=4.80e-05
[21:10:27]     train step 2400/4000 loss=0.01275 lr=3.99e-05
[21:10:39]     train step 2600/4000 loss=0.01158 lr=3.20e-05
[21:10:49]     train step 2800/4000 loss=0.01036 lr=2.48e-05
[21:11:00]     train step 3000/4000 loss=0.00965 lr=1.82e-05
[21:11:11]     train step 3200/4000 loss=0.00880 lr=1.26e-05
[21:11:22]     train step 3400/4000 loss=0.00843 lr=8.08e-06
[21:11:33]     train step 3600/4000 loss=0.00815 lr=4.74e-06
[21:11:44]     train step 3800/4000 loss=0.00784 lr=2.69e-06
[21:11:55]     train step 4000/4000 loss=0.00771 lr=2.00e-06
[21:13:44]   [eval] SR=0.990
[21:13:48]   [stagger] intervention at t=33 (rollout 0) len=13
[21:13:48] 
===== stagger Round 20 | dataset=28 =====
[21:13:59]     train step 200/4000 loss=0.58658 lr=8.00e-05
[21:14:10]     train step 400/4000 loss=0.21142 lr=9.96e-05
[21:14:21]     train step 600/4000 loss=0.08420 lr=9.79e-05
[21:14:32]     train step 800/4000 loss=0.05184 lr=9.49e-05
[21:14:42]     train step 1000/4000 loss=0.03866 lr=9.07e-05
[21:14:53]     train step 1200/4000 loss=0.03175 lr=8.53e-05
[21:15:04]     train step 1400/4000 loss=0.02589 lr=7.90e-05
[21:15:15]     train step 1600/4000 loss=0.02194 lr=7.19e-05
[21:15:26]     train step 1800/4000 loss=0.01889 lr=6.42e-05
[21:15:37]     train step 2000/4000 loss=0.01612 lr=5.62e-05
[21:15:48]     train step 2200/4000 loss=0.01400 lr=4.80e-05
[21:15:58]     train step 2400/4000 loss=0.01259 lr=3.99e-05
[21:16:09]     train step 2600/4000 loss=0.01150 lr=3.20e-05
[21:16:20]     train step 2800/4000 loss=0.01024 lr=2.48e-05
[21:16:31]     train step 3000/4000 loss=0.00939 lr=1.82e-05
[21:16:42]     train step 3200/4000 loss=0.00866 lr=1.26e-05
[21:16:53]     train step 3400/4000 loss=0.00830 lr=8.08e-06
[21:17:04]     train step 3600/4000 loss=0.00799 lr=4.74e-06
[21:17:15]     train step 3800/4000 loss=0.00772 lr=2.69e-06
[21:17:26]     train step 4000/4000 loss=0.00759 lr=2.00e-06
[21:19:10]   [eval] SR=1.000
[21:19:10] DONE in 7994.3s | final_success=1.0
[21:19:10] [write] /weka/s226137394/DmNfull/distil/results/Lift/state/stagger/seed4/result.json
