[01:28:26] [env] loaded /weka/s226137394/DmNfull/.env
[01:28:26] ===== DISTIL | task=Lift modality=state ablation=decision_heuristic seed=1 budget=20 smoke=False device=cuda =====
[01:28:27] [bootstrap] loaded 8 shared demos from /weka/s226137394/DmNfull/distil/results/shared_bootstrap/Lift_state/Lift_state_ni8.pkl
[01:28:27] [kag] copied Lift.json + rendered .kag.txt into /weka/s226137394/DmNfull/distil/results/Lift/state/decision_heuristic/seed1/kag
[01:28:29] [init] using 8 bootstrap demos (shared with baselines)
[01:28:29] 
===== DISTIL Round 0 | dataset=8 trajs =====
[01:28:29]   [train] 8 trajs, 357 windows, state_dim=23 act_dim=7 params=4.26M steps=8000
[01:28:35]     train step 200/8000 loss=0.60033 lr=8.00e-05
[01:28:39]     train step 400/8000 loss=0.24851 lr=9.99e-05
[01:28:43]     train step 600/8000 loss=0.08829 lr=9.95e-05
[01:28:47]     train step 800/8000 loss=0.05408 lr=9.88e-05
[01:28:51]     train step 1000/8000 loss=0.03887 lr=9.78e-05
[01:28:55]     train step 1200/8000 loss=0.03143 lr=9.64e-05
[01:28:59]     train step 1400/8000 loss=0.02638 lr=9.48e-05
[01:29:03]     train step 1600/8000 loss=0.02248 lr=9.29e-05
[01:29:07]     train step 1800/8000 loss=0.01946 lr=9.07e-05
[01:29:11]     train step 2000/8000 loss=0.01745 lr=8.82e-05
[01:29:15]     train step 2200/8000 loss=0.01494 lr=8.55e-05
[01:29:20]     train step 2400/8000 loss=0.01366 lr=8.26e-05
[01:29:24]     train step 2600/8000 loss=0.01201 lr=7.94e-05
[01:29:28]     train step 2800/8000 loss=0.01014 lr=7.61e-05
[01:29:32]     train step 3000/8000 loss=0.00924 lr=7.26e-05
[01:29:36]     train step 3200/8000 loss=0.00866 lr=6.90e-05
[01:29:40]     train step 3400/8000 loss=0.00793 lr=6.52e-05
[01:29:44]     train step 3600/8000 loss=0.00707 lr=6.14e-05
[01:29:48]     train step 3800/8000 loss=0.00595 lr=5.75e-05
[01:29:52]     train step 4000/8000 loss=0.00567 lr=5.35e-05
[01:29:56]     train step 4200/8000 loss=0.00536 lr=4.95e-05
[01:30:00]     train step 4400/8000 loss=0.00480 lr=4.56e-05
[01:30:04]     train step 4600/8000 loss=0.00434 lr=4.16e-05
[01:30:08]     train step 4800/8000 loss=0.00406 lr=3.78e-05
[01:30:13]     train step 5000/8000 loss=0.00357 lr=3.40e-05
[01:30:17]     train step 5200/8000 loss=0.00338 lr=3.03e-05
[01:30:21]     train step 5400/8000 loss=0.00307 lr=2.68e-05
[01:30:25]     train step 5600/8000 loss=0.00284 lr=2.34e-05
[01:30:29]     train step 5800/8000 loss=0.00267 lr=2.02e-05
[01:30:33]     train step 6000/8000 loss=0.00259 lr=1.73e-05
[01:30:37]     train step 6200/8000 loss=0.00259 lr=1.45e-05
[01:30:41]     train step 6400/8000 loss=0.00237 lr=1.20e-05
[01:30:45]     train step 6600/8000 loss=0.00228 lr=9.69e-06
[01:30:49]     train step 6800/8000 loss=0.00228 lr=7.69e-06
[01:30:53]     train step 7000/8000 loss=0.00218 lr=5.98e-06
[01:30:57]     train step 7200/8000 loss=0.00216 lr=4.56e-06
[01:31:01]     train step 7400/8000 loss=0.00211 lr=3.45e-06
[01:31:05]     train step 7600/8000 loss=0.00209 lr=2.65e-06
[01:31:09]     train step 7800/8000 loss=0.00206 lr=2.16e-06
[01:31:13]     train step 8000/8000 loss=0.00205 lr=2.00e-06
[01:31:20]   [calibrate] threshold(alpha=0.99)=0.00311 over 1428 samples (median=0.00205)
[01:34:34]   [eval] pure-policy success=0.760 mean_len=119 (fixed 100-ep set)
[01:35:31]   [screen] 5/40 failures found
[01:35:32]   [collect a0] mode=bridge choice=geometric_bridge cited=[3000019, 3000029] success=True len=48
[01:35:32] 
===== DISTIL Round 1 | dataset=9 trajs =====
[01:35:32]   [train] 9 trajs, 405 windows, state_dim=23 act_dim=7 params=4.26M steps=4000
[01:35:37]     train step 200/4000 loss=0.61462 lr=8.00e-05
[01:35:41]     train step 400/4000 loss=0.24382 lr=9.96e-05
[01:35:45]     train step 600/4000 loss=0.08349 lr=9.79e-05
[01:35:49]     train step 800/4000 loss=0.05144 lr=9.49e-05
[01:35:53]     train step 1000/4000 loss=0.03759 lr=9.07e-05
[01:35:57]     train step 1200/4000 loss=0.02947 lr=8.53e-05
[01:36:02]     train step 1400/4000 loss=0.02401 lr=7.90e-05
[01:36:06]     train step 1600/4000 loss=0.02092 lr=7.19e-05
[01:36:10]     train step 1800/4000 loss=0.01801 lr=6.42e-05
[01:36:14]     train step 2000/4000 loss=0.01560 lr=5.62e-05
[01:36:18]     train step 2200/4000 loss=0.01349 lr=4.80e-05
[01:36:22]     train step 2400/4000 loss=0.01258 lr=3.99e-05
[01:36:27]     train step 2600/4000 loss=0.01114 lr=3.20e-05
[01:36:31]     train step 2800/4000 loss=0.01031 lr=2.48e-05
[01:36:35]     train step 3000/4000 loss=0.00935 lr=1.82e-05
[01:36:39]     train step 3200/4000 loss=0.00848 lr=1.26e-05
[01:36:43]     train step 3400/4000 loss=0.00813 lr=8.08e-06
[01:36:47]     train step 3600/4000 loss=0.00781 lr=4.74e-06
[01:36:52]     train step 3800/4000 loss=0.00755 lr=2.69e-06
[01:36:56]     train step 4000/4000 loss=0.00761 lr=2.00e-06
[01:37:03]   [calibrate] threshold(alpha=0.99)=0.01303 over 1620 samples (median=0.00738)
[01:40:02]   [eval] pure-policy success=0.760 mean_len=110 (fixed 100-ep set)
[01:41:06]   [screen] 8/40 failures found
[01:41:07]   [collect a0] mode=bridge choice=geometric_bridge cited=[3000056, 3000059] success=True len=45
[01:41:07] 
===== DISTIL Round 2 | dataset=10 trajs =====
[01:41:07]   [train] 10 trajs, 450 windows, state_dim=23 act_dim=7 params=4.26M steps=4000
[01:41:12]     train step 200/4000 loss=0.61521 lr=8.00e-05
[01:41:16]     train step 400/4000 loss=0.22218 lr=9.96e-05
[01:41:20]     train step 600/4000 loss=0.08051 lr=9.79e-05
[01:41:24]     train step 800/4000 loss=0.04913 lr=9.49e-05
[01:41:28]     train step 1000/4000 loss=0.03751 lr=9.07e-05
[01:41:33]     train step 1200/4000 loss=0.02855 lr=8.53e-05
[01:41:37]     train step 1400/4000 loss=0.02358 lr=7.90e-05
[01:41:41]     train step 1600/4000 loss=0.02003 lr=7.19e-05
[01:41:45]     train step 1800/4000 loss=0.01675 lr=6.42e-05
[01:41:49]     train step 2000/4000 loss=0.01506 lr=5.62e-05
[01:41:54]     train step 2200/4000 loss=0.01302 lr=4.80e-05
[01:41:58]     train step 2400/4000 loss=0.01139 lr=3.99e-05
[01:42:02]     train step 2600/4000 loss=0.01038 lr=3.20e-05
[01:42:06]     train step 2800/4000 loss=0.00918 lr=2.48e-05
[01:42:10]     train step 3000/4000 loss=0.00839 lr=1.82e-05
[01:42:15]     train step 3200/4000 loss=0.00778 lr=1.26e-05
[01:42:19]     train step 3400/4000 loss=0.00734 lr=8.08e-06
[01:42:23]     train step 3600/4000 loss=0.00715 lr=4.74e-06
[01:42:27]     train step 3800/4000 loss=0.00696 lr=2.69e-06
[01:42:32]     train step 4000/4000 loss=0.00684 lr=2.00e-06
[01:42:40]   [calibrate] threshold(alpha=0.99)=0.01087 over 1800 samples (median=0.00701)
[01:44:31]   [eval] pure-policy success=0.920 mean_len=68 (fixed 100-ep set)
[01:45:09]   [screen] 1/40 failures found
[01:45:09]   [collect a0] mode=select choice=geometric_select cited=[3000101] success=True len=41
[01:45:09] 
===== DISTIL Round 3 | dataset=11 trajs =====
[01:45:09]   [train] 11 trajs, 491 windows, state_dim=23 act_dim=7 params=4.26M steps=4000
[01:45:14]     train step 200/4000 loss=0.62814 lr=8.00e-05
[01:45:18]     train step 400/4000 loss=0.24628 lr=9.96e-05
[01:45:22]     train step 600/4000 loss=0.09423 lr=9.79e-05
[01:45:26]     train step 800/4000 loss=0.05694 lr=9.49e-05
[01:45:31]     train step 1000/4000 loss=0.04069 lr=9.07e-05
[01:45:35]     train step 1200/4000 loss=0.03167 lr=8.53e-05
[01:45:39]     train step 1400/4000 loss=0.02622 lr=7.90e-05
[01:45:43]     train step 1600/4000 loss=0.02130 lr=7.19e-05
[01:45:48]     train step 1800/4000 loss=0.01840 lr=6.42e-05
[01:45:52]     train step 2000/4000 loss=0.01516 lr=5.62e-05
[01:45:56]     train step 2200/4000 loss=0.01361 lr=4.80e-05
[01:46:00]     train step 2400/4000 loss=0.01153 lr=3.99e-05
[01:46:05]     train step 2600/4000 loss=0.01019 lr=3.20e-05
[01:46:09]     train step 2800/4000 loss=0.00908 lr=2.48e-05
[01:46:13]     train step 3000/4000 loss=0.00836 lr=1.82e-05
[01:46:17]     train step 3200/4000 loss=0.00767 lr=1.26e-05
[01:46:22]     train step 3400/4000 loss=0.00719 lr=8.08e-06
[01:46:26]     train step 3600/4000 loss=0.00691 lr=4.74e-06
[01:46:30]     train step 3800/4000 loss=0.00667 lr=2.69e-06
[01:46:34]     train step 4000/4000 loss=0.00663 lr=2.00e-06
[01:46:43]   [calibrate] threshold(alpha=0.99)=0.01024 over 1964 samples (median=0.00679)
[01:48:18]   [eval] pure-policy success=0.970 mean_len=57 (fixed 100-ep set)
[01:48:57]   [screen] 2/40 failures found
[01:48:57]   [collect a0] mode=select choice=geometric_select cited=[3000127] success=True len=41
[01:48:57] 
===== DISTIL Round 4 | dataset=12 trajs =====
[01:48:57]   [train] 12 trajs, 532 windows, state_dim=23 act_dim=7 params=4.26M steps=4000
[01:49:02]     train step 200/4000 loss=0.65873 lr=8.00e-05
[01:49:06]     train step 400/4000 loss=0.23803 lr=9.96e-05
[01:49:10]     train step 600/4000 loss=0.08144 lr=9.79e-05
[01:49:14]     train step 800/4000 loss=0.04952 lr=9.49e-05
[01:49:19]     train step 1000/4000 loss=0.03777 lr=9.07e-05
[01:49:23]     train step 1200/4000 loss=0.02996 lr=8.53e-05
[01:49:27]     train step 1400/4000 loss=0.02436 lr=7.90e-05
[01:49:31]     train step 1600/4000 loss=0.02131 lr=7.19e-05
[01:49:36]     train step 1800/4000 loss=0.01882 lr=6.42e-05
[01:49:40]     train step 2000/4000 loss=0.01606 lr=5.62e-05
[01:49:44]     train step 2200/4000 loss=0.01416 lr=4.80e-05
[01:49:49]     train step 2400/4000 loss=0.01250 lr=3.99e-05
[01:49:53]     train step 2600/4000 loss=0.01119 lr=3.20e-05
[01:49:57]     train step 2800/4000 loss=0.00997 lr=2.48e-05
[01:50:01]     train step 3000/4000 loss=0.00900 lr=1.82e-05
[01:50:06]     train step 3200/4000 loss=0.00839 lr=1.26e-05
[01:50:10]     train step 3400/4000 loss=0.00791 lr=8.08e-06
[01:50:14]     train step 3600/4000 loss=0.00757 lr=4.74e-06
[01:50:18]     train step 3800/4000 loss=0.00746 lr=2.69e-06
[01:50:23]     train step 4000/4000 loss=0.00726 lr=2.00e-06
[01:50:32]   [calibrate] threshold(alpha=0.99)=0.01279 over 2128 samples (median=0.00729)
[01:52:22]   [eval] pure-policy success=0.900 mean_len=67 (fixed 100-ep set)
[01:53:11]   [screen] 5/40 failures found
[01:53:11]   [collect a0] mode=select choice=geometric_select cited=[3000180] success=True len=40
[01:53:11] 
===== DISTIL Round 5 | dataset=13 trajs =====
[01:53:12]   [train] 13 trajs, 572 windows, state_dim=23 act_dim=7 params=4.26M steps=4000
[01:53:16]     train step 200/4000 loss=0.57534 lr=8.00e-05
[01:53:20]     train step 400/4000 loss=0.20684 lr=9.96e-05
[01:53:24]     train step 600/4000 loss=0.08239 lr=9.79e-05
[01:53:29]     train step 800/4000 loss=0.05163 lr=9.49e-05
[01:53:33]     train step 1000/4000 loss=0.03818 lr=9.07e-05
[01:53:37]     train step 1200/4000 loss=0.03052 lr=8.53e-05
[01:53:41]     train step 1400/4000 loss=0.02565 lr=7.90e-05
[01:53:46]     train step 1600/4000 loss=0.02152 lr=7.19e-05
[01:53:50]     train step 1800/4000 loss=0.01880 lr=6.42e-05
[01:53:54]     train step 2000/4000 loss=0.01640 lr=5.62e-05
[01:53:58]     train step 2200/4000 loss=0.01435 lr=4.80e-05
[01:54:03]     train step 2400/4000 loss=0.01300 lr=3.99e-05
[01:54:07]     train step 2600/4000 loss=0.01139 lr=3.20e-05
[01:54:11]     train step 2800/4000 loss=0.01037 lr=2.48e-05
[01:54:15]     train step 3000/4000 loss=0.00941 lr=1.82e-05
[01:54:20]     train step 3200/4000 loss=0.00887 lr=1.26e-05
[01:54:24]     train step 3400/4000 loss=0.00827 lr=8.08e-06
[01:54:28]     train step 3600/4000 loss=0.00799 lr=4.74e-06
[01:54:32]     train step 3800/4000 loss=0.00774 lr=2.69e-06
[01:54:37]     train step 4000/4000 loss=0.00761 lr=2.00e-06
[01:54:47]   [calibrate] threshold(alpha=0.99)=0.01320 over 2288 samples (median=0.00770)
[01:56:07]   [eval] pure-policy success=0.990 mean_len=48 (fixed 100-ep set)
[01:56:39]   [screen] 0/40 failures found
[01:56:39]   [screen] no usable failures — budget-free, next round (1/4 toward saturation stop)
[01:56:39] 
===== DISTIL Round 6 | dataset=13 trajs =====
[01:56:39]   [train] 13 trajs, 572 windows, state_dim=23 act_dim=7 params=4.26M steps=4000
[01:56:43]     train step 200/4000 loss=0.59071 lr=8.00e-05
[01:56:48]     train step 400/4000 loss=0.20619 lr=9.96e-05
[01:56:52]     train step 600/4000 loss=0.08332 lr=9.79e-05
[01:56:56]     train step 800/4000 loss=0.05339 lr=9.49e-05
[01:57:00]     train step 1000/4000 loss=0.03886 lr=9.07e-05
[01:57:05]     train step 1200/4000 loss=0.03024 lr=8.53e-05
[01:57:09]     train step 1400/4000 loss=0.02477 lr=7.90e-05
[01:57:13]     train step 1600/4000 loss=0.02166 lr=7.19e-05
[01:57:18]     train step 1800/4000 loss=0.01881 lr=6.42e-05
[01:57:22]     train step 2000/4000 loss=0.01674 lr=5.62e-05
[01:57:26]     train step 2200/4000 loss=0.01497 lr=4.80e-05
[01:57:31]     train step 2400/4000 loss=0.01318 lr=3.99e-05
[01:57:35]     train step 2600/4000 loss=0.01184 lr=3.20e-05
[01:57:39]     train step 2800/4000 loss=0.01066 lr=2.48e-05
[01:57:43]     train step 3000/4000 loss=0.00965 lr=1.82e-05
[01:57:48]     train step 3200/4000 loss=0.00897 lr=1.26e-05
[01:57:52]     train step 3400/4000 loss=0.00836 lr=8.08e-06
[01:57:56]     train step 3600/4000 loss=0.00803 lr=4.74e-06
[01:58:00]     train step 3800/4000 loss=0.00782 lr=2.69e-06
[01:58:05]     train step 4000/4000 loss=0.00770 lr=2.00e-06
[01:58:15]   [calibrate] threshold(alpha=0.99)=0.01382 over 2288 samples (median=0.00755)
[01:59:33]   [eval] pure-policy success=1.000 mean_len=47 (fixed 100-ep set)
[02:00:05]   [screen] 0/40 failures found
[02:00:05]   [screen] no usable failures — budget-free, next round (2/4 toward saturation stop)
[02:00:05] 
===== DISTIL Round 7 | dataset=13 trajs =====
[02:00:05]   [train] 13 trajs, 572 windows, state_dim=23 act_dim=7 params=4.26M steps=4000
[02:00:09]     train step 200/4000 loss=0.60008 lr=8.00e-05
[02:00:13]     train step 400/4000 loss=0.22539 lr=9.96e-05
[02:00:18]     train step 600/4000 loss=0.08002 lr=9.79e-05
[02:00:22]     train step 800/4000 loss=0.04808 lr=9.49e-05
[02:00:26]     train step 1000/4000 loss=0.03482 lr=9.07e-05
[02:00:30]     train step 1200/4000 loss=0.02805 lr=8.53e-05
[02:00:35]     train step 1400/4000 loss=0.02340 lr=7.90e-05
[02:00:39]     train step 1600/4000 loss=0.01973 lr=7.19e-05
[02:00:43]     train step 1800/4000 loss=0.01674 lr=6.42e-05
[02:00:47]     train step 2000/4000 loss=0.01412 lr=5.62e-05
[02:00:52]     train step 2200/4000 loss=0.01241 lr=4.80e-05
[02:00:56]     train step 2400/4000 loss=0.01111 lr=3.99e-05
[02:01:00]     train step 2600/4000 loss=0.01011 lr=3.20e-05
[02:01:05]     train step 2800/4000 loss=0.00904 lr=2.48e-05
[02:01:09]     train step 3000/4000 loss=0.00822 lr=1.82e-05
[02:01:13]     train step 3200/4000 loss=0.00761 lr=1.26e-05
[02:01:17]     train step 3400/4000 loss=0.00711 lr=8.08e-06
[02:01:22]     train step 3600/4000 loss=0.00680 lr=4.74e-06
[02:01:26]     train step 3800/4000 loss=0.00672 lr=2.69e-06
[02:01:30]     train step 4000/4000 loss=0.00666 lr=2.00e-06
[02:01:40]   [calibrate] threshold(alpha=0.99)=0.01223 over 2288 samples (median=0.00670)
[02:03:04]   [eval] pure-policy success=0.980 mean_len=50 (fixed 100-ep set)
[02:03:36]   [screen] 0/40 failures found
[02:03:36]   [screen] no usable failures — budget-free, next round (3/4 toward saturation stop)
[02:03:36] 
===== DISTIL Round 8 | dataset=13 trajs =====
[02:03:36]   [train] 13 trajs, 572 windows, state_dim=23 act_dim=7 params=4.26M steps=4000
[02:03:40]     train step 200/4000 loss=0.59565 lr=8.00e-05
[02:03:44]     train step 400/4000 loss=0.23291 lr=9.96e-05
[02:03:49]     train step 600/4000 loss=0.08901 lr=9.79e-05
[02:03:53]     train step 800/4000 loss=0.05457 lr=9.49e-05
[02:03:57]     train step 1000/4000 loss=0.03818 lr=9.07e-05
[02:04:02]     train step 1200/4000 loss=0.03124 lr=8.53e-05
[02:04:06]     train step 1400/4000 loss=0.02572 lr=7.90e-05
[02:04:10]     train step 1600/4000 loss=0.02201 lr=7.19e-05
[02:04:14]     train step 1800/4000 loss=0.01890 lr=6.42e-05
[02:04:19]     train step 2000/4000 loss=0.01740 lr=5.62e-05
[02:04:23]     train step 2200/4000 loss=0.01529 lr=4.80e-05
[02:04:27]     train step 2400/4000 loss=0.01389 lr=3.99e-05
[02:04:32]     train step 2600/4000 loss=0.01259 lr=3.20e-05
[02:04:36]     train step 2800/4000 loss=0.01151 lr=2.48e-05
[02:04:40]     train step 3000/4000 loss=0.01068 lr=1.82e-05
[02:04:44]     train step 3200/4000 loss=0.01017 lr=1.26e-05
[02:04:49]     train step 3400/4000 loss=0.00952 lr=8.08e-06
[02:04:53]     train step 3600/4000 loss=0.00926 lr=4.74e-06
[02:04:57]     train step 3800/4000 loss=0.00895 lr=2.69e-06
[02:05:01]     train step 4000/4000 loss=0.00891 lr=2.00e-06
[02:05:12]   [calibrate] threshold(alpha=0.99)=0.01603 over 2288 samples (median=0.00869)
[02:06:31]   [eval] pure-policy success=0.990 mean_len=48 (fixed 100-ep set)
[02:07:03]   [screen] 0/40 failures found
[02:07:03]   [screen] no usable failures for 4 consecutive rounds -> saturated (sr=0.990); stopping early
[02:07:03] 
[FINAL] DISTIL pure-policy success=0.99 | demos=13 (last frozen held-out eval)
[02:07:03] DONE in 2315.0s | final_success=0.99
[02:07:03] [write] /weka/s226137394/DmNfull/distil/results/Lift/state/decision_heuristic/seed1/result.json
