[18:00:43] [env] loaded /weka/s226137394/DmNfull/.env
[18:00:44] ===== DISTIL | task=Lift modality=state ablation=stagger seed=2 budget=20 smoke=False device=cuda =====
[18:00:47] [bootstrap] loaded 8 shared demos from /weka/s226137394/DmNfull/distil/results/shared_bootstrap/Lift_state/Lift_state_ni8.pkl
[18:00:53] 
===== stagger Round 0 | dataset=8 =====
[18:00:58]     train step 200/8000 loss=0.62269 lr=8.00e-05
[18:01:02]     train step 400/8000 loss=0.24644 lr=9.99e-05
[18:01:06]     train step 600/8000 loss=0.09194 lr=9.95e-05
[18:01:10]     train step 800/8000 loss=0.05677 lr=9.88e-05
[18:01:14]     train step 1000/8000 loss=0.04155 lr=9.78e-05
[18:01:18]     train step 1200/8000 loss=0.03331 lr=9.64e-05
[18:01:22]     train step 1400/8000 loss=0.02762 lr=9.48e-05
[18:01:26]     train step 1600/8000 loss=0.02308 lr=9.29e-05
[18:01:30]     train step 1800/8000 loss=0.02003 lr=9.07e-05
[18:01:34]     train step 2000/8000 loss=0.01743 lr=8.82e-05
[18:01:38]     train step 2200/8000 loss=0.01546 lr=8.55e-05
[18:01:42]     train step 2400/8000 loss=0.01368 lr=8.26e-05
[18:01:46]     train step 2600/8000 loss=0.01301 lr=7.94e-05
[18:01:50]     train step 2800/8000 loss=0.01089 lr=7.61e-05
[18:01:54]     train step 3000/8000 loss=0.00998 lr=7.26e-05
[18:01:58]     train step 3200/8000 loss=0.00978 lr=6.90e-05
[18:02:02]     train step 3400/8000 loss=0.00853 lr=6.52e-05
[18:02:06]     train step 3600/8000 loss=0.00730 lr=6.14e-05
[18:02:10]     train step 3800/8000 loss=0.00664 lr=5.75e-05
[18:02:14]     train step 4000/8000 loss=0.00632 lr=5.35e-05
[18:02:18]     train step 4200/8000 loss=0.00523 lr=4.95e-05
[18:02:22]     train step 4400/8000 loss=0.00503 lr=4.56e-05
[18:02:26]     train step 4600/8000 loss=0.00495 lr=4.16e-05
[18:02:30]     train step 4800/8000 loss=0.00401 lr=3.78e-05
[18:02:33]     train step 5000/8000 loss=0.00379 lr=3.40e-05
[18:02:37]     train step 5200/8000 loss=0.00360 lr=3.03e-05
[18:02:41]     train step 5400/8000 loss=0.00351 lr=2.68e-05
[18:02:45]     train step 5600/8000 loss=0.00310 lr=2.34e-05
[18:02:49]     train step 5800/8000 loss=0.00299 lr=2.02e-05
[18:02:53]     train step 6000/8000 loss=0.00274 lr=1.73e-05
[18:02:57]     train step 6200/8000 loss=0.00274 lr=1.45e-05
[18:03:01]     train step 6400/8000 loss=0.00257 lr=1.20e-05
[18:03:05]     train step 6600/8000 loss=0.00251 lr=9.69e-06
[18:03:09]     train step 6800/8000 loss=0.00238 lr=7.69e-06
[18:03:13]     train step 7000/8000 loss=0.00237 lr=5.98e-06
[18:03:17]     train step 7200/8000 loss=0.00228 lr=4.56e-06
[18:03:21]     train step 7400/8000 loss=0.00226 lr=3.45e-06
[18:03:25]     train step 7600/8000 loss=0.00226 lr=2.65e-06
[18:03:29]     train step 7800/8000 loss=0.00222 lr=2.16e-06
[18:03:33]     train step 8000/8000 loss=0.00222 lr=2.00e-06
[18:06:47]   [eval] SR=0.700
[18:06:53]   [stagger] intervention at t=32 (rollout 1) len=15
[18:06:53] 
===== stagger Round 1 | dataset=9 =====
[18:06:57]     train step 200/4000 loss=0.62203 lr=8.00e-05
[18:07:01]     train step 400/4000 loss=0.24388 lr=9.96e-05
[18:07:05]     train step 600/4000 loss=0.08900 lr=9.79e-05
[18:07:09]     train step 800/4000 loss=0.05431 lr=9.49e-05
[18:07:13]     train step 1000/4000 loss=0.03939 lr=9.07e-05
[18:07:17]     train step 1200/4000 loss=0.02993 lr=8.53e-05
[18:07:21]     train step 1400/4000 loss=0.02468 lr=7.90e-05
[18:07:25]     train step 1600/4000 loss=0.02126 lr=7.19e-05
[18:07:29]     train step 1800/4000 loss=0.01835 lr=6.42e-05
[18:07:33]     train step 2000/4000 loss=0.01628 lr=5.62e-05
[18:07:37]     train step 2200/4000 loss=0.01403 lr=4.80e-05
[18:07:41]     train step 2400/4000 loss=0.01253 lr=3.99e-05
[18:07:45]     train step 2600/4000 loss=0.01112 lr=3.20e-05
[18:07:49]     train step 2800/4000 loss=0.01018 lr=2.48e-05
[18:07:53]     train step 3000/4000 loss=0.00936 lr=1.82e-05
[18:07:57]     train step 3200/4000 loss=0.00869 lr=1.26e-05
[18:08:01]     train step 3400/4000 loss=0.00808 lr=8.08e-06
[18:08:05]     train step 3600/4000 loss=0.00775 lr=4.74e-06
[18:08:09]     train step 3800/4000 loss=0.00759 lr=2.69e-06
[18:08:13]     train step 4000/4000 loss=0.00750 lr=2.00e-06
[18:10:47]   [eval] SR=0.840
[18:10:48]   [stagger] intervention at t=13 (rollout 0) len=29
[18:10:48] 
===== stagger Round 2 | dataset=10 =====
[18:10:53]     train step 200/4000 loss=0.62086 lr=8.00e-05
[18:10:57]     train step 400/4000 loss=0.23392 lr=9.96e-05
[18:11:01]     train step 600/4000 loss=0.08601 lr=9.79e-05
[18:11:05]     train step 800/4000 loss=0.05278 lr=9.49e-05
[18:11:09]     train step 1000/4000 loss=0.03881 lr=9.07e-05
[18:11:13]     train step 1200/4000 loss=0.03052 lr=8.53e-05
[18:11:17]     train step 1400/4000 loss=0.02515 lr=7.90e-05
[18:11:21]     train step 1600/4000 loss=0.02079 lr=7.19e-05
[18:11:25]     train step 1800/4000 loss=0.01928 lr=6.42e-05
[18:11:29]     train step 2000/4000 loss=0.01611 lr=5.62e-05
[18:11:33]     train step 2200/4000 loss=0.01392 lr=4.80e-05
[18:11:37]     train step 2400/4000 loss=0.01260 lr=3.99e-05
[18:11:41]     train step 2600/4000 loss=0.01148 lr=3.20e-05
[18:11:45]     train step 2800/4000 loss=0.01009 lr=2.48e-05
[18:11:49]     train step 3000/4000 loss=0.00918 lr=1.82e-05
[18:11:53]     train step 3200/4000 loss=0.00867 lr=1.26e-05
[18:11:57]     train step 3400/4000 loss=0.00810 lr=8.08e-06
[18:12:01]     train step 3600/4000 loss=0.00777 lr=4.74e-06
[18:12:05]     train step 3800/4000 loss=0.00767 lr=2.69e-06
[18:12:09]     train step 4000/4000 loss=0.00756 lr=2.00e-06
[18:14:30]   [eval] SR=0.910
[18:14:33]   [stagger] intervention at t=37 (rollout 0) len=12
[18:14:33] 
===== stagger Round 3 | dataset=11 =====
[18:14:37]     train step 200/4000 loss=0.61969 lr=8.00e-05
[18:14:41]     train step 400/4000 loss=0.23329 lr=9.96e-05
[18:14:45]     train step 600/4000 loss=0.08530 lr=9.79e-05
[18:14:49]     train step 800/4000 loss=0.05308 lr=9.49e-05
[18:14:53]     train step 1000/4000 loss=0.03852 lr=9.07e-05
[18:14:57]     train step 1200/4000 loss=0.03011 lr=8.53e-05
[18:15:01]     train step 1400/4000 loss=0.02488 lr=7.90e-05
[18:15:06]     train step 1600/4000 loss=0.02155 lr=7.19e-05
[18:15:10]     train step 1800/4000 loss=0.01864 lr=6.42e-05
[18:15:14]     train step 2000/4000 loss=0.01606 lr=5.62e-05
[18:15:18]     train step 2200/4000 loss=0.01407 lr=4.80e-05
[18:15:22]     train step 2400/4000 loss=0.01264 lr=3.99e-05
[18:15:26]     train step 2600/4000 loss=0.01114 lr=3.20e-05
[18:15:30]     train step 2800/4000 loss=0.00993 lr=2.48e-05
[18:15:34]     train step 3000/4000 loss=0.00916 lr=1.82e-05
[18:15:38]     train step 3200/4000 loss=0.00848 lr=1.26e-05
[18:15:42]     train step 3400/4000 loss=0.00797 lr=8.08e-06
[18:15:46]     train step 3600/4000 loss=0.00766 lr=4.74e-06
[18:15:50]     train step 3800/4000 loss=0.00753 lr=2.69e-06
[18:15:54]     train step 4000/4000 loss=0.00742 lr=2.00e-06
[18:17:49]   [eval] SR=0.930
[18:18:01]   [stagger] intervention at t=11 (rollout 3) len=34
[18:18:01] 
===== stagger Round 4 | dataset=12 =====
[18:18:05]     train step 200/4000 loss=0.61881 lr=8.00e-05
[18:18:09]     train step 400/4000 loss=0.22977 lr=9.96e-05
[18:18:13]     train step 600/4000 loss=0.08485 lr=9.79e-05
[18:18:17]     train step 800/4000 loss=0.05319 lr=9.49e-05
[18:18:21]     train step 1000/4000 loss=0.03789 lr=9.07e-05
[18:18:25]     train step 1200/4000 loss=0.02931 lr=8.53e-05
[18:18:29]     train step 1400/4000 loss=0.02491 lr=7.90e-05
[18:18:34]     train step 1600/4000 loss=0.02108 lr=7.19e-05
[18:18:38]     train step 1800/4000 loss=0.01839 lr=6.42e-05
[18:18:42]     train step 2000/4000 loss=0.01636 lr=5.62e-05
[18:18:46]     train step 2200/4000 loss=0.01439 lr=4.80e-05
[18:18:50]     train step 2400/4000 loss=0.01279 lr=3.99e-05
[18:18:54]     train step 2600/4000 loss=0.01149 lr=3.20e-05
[18:18:58]     train step 2800/4000 loss=0.01038 lr=2.48e-05
[18:19:02]     train step 3000/4000 loss=0.00952 lr=1.82e-05
[18:19:06]     train step 3200/4000 loss=0.00888 lr=1.26e-05
[18:19:10]     train step 3400/4000 loss=0.00829 lr=8.08e-06
[18:19:14]     train step 3600/4000 loss=0.00799 lr=4.74e-06
[18:19:18]     train step 3800/4000 loss=0.00787 lr=2.69e-06
[18:19:22]     train step 4000/4000 loss=0.00773 lr=2.00e-06
[18:21:13]   [eval] SR=0.940
[18:21:16]   [stagger] intervention at t=41 (rollout 0) len=6
[18:21:16] 
===== stagger Round 5 | dataset=13 =====
[18:21:21]     train step 200/4000 loss=0.61766 lr=8.00e-05
[18:21:25]     train step 400/4000 loss=0.22650 lr=9.96e-05
[18:21:29]     train step 600/4000 loss=0.08402 lr=9.79e-05
[18:21:33]     train step 800/4000 loss=0.05189 lr=9.49e-05
[18:21:37]     train step 1000/4000 loss=0.03676 lr=9.07e-05
[18:21:41]     train step 1200/4000 loss=0.02861 lr=8.53e-05
[18:21:45]     train step 1400/4000 loss=0.02357 lr=7.90e-05
[18:21:49]     train step 1600/4000 loss=0.02038 lr=7.19e-05
[18:21:53]     train step 1800/4000 loss=0.01838 lr=6.42e-05
[18:21:57]     train step 2000/4000 loss=0.01575 lr=5.62e-05
[18:22:01]     train step 2200/4000 loss=0.01383 lr=4.80e-05
[18:22:06]     train step 2400/4000 loss=0.01237 lr=3.99e-05
[18:22:10]     train step 2600/4000 loss=0.01118 lr=3.20e-05
[18:22:14]     train step 2800/4000 loss=0.01018 lr=2.48e-05
[18:22:18]     train step 3000/4000 loss=0.00913 lr=1.82e-05
[18:22:22]     train step 3200/4000 loss=0.00852 lr=1.26e-05
[18:22:26]     train step 3400/4000 loss=0.00802 lr=8.08e-06
[18:22:30]     train step 3600/4000 loss=0.00777 lr=4.74e-06
[18:22:34]     train step 3800/4000 loss=0.00761 lr=2.69e-06
[18:22:38]     train step 4000/4000 loss=0.00753 lr=2.00e-06
[18:24:07]   [eval] SR=0.990
[18:24:22]   [stagger] intervention at t=23 (rollout 4) len=19
[18:24:23] 
===== stagger Round 6 | dataset=14 =====
[18:24:27]     train step 200/4000 loss=0.61755 lr=8.00e-05
[18:24:31]     train step 400/4000 loss=0.23016 lr=9.96e-05
[18:24:35]     train step 600/4000 loss=0.08507 lr=9.79e-05
[18:24:39]     train step 800/4000 loss=0.05010 lr=9.49e-05
[18:24:43]     train step 1000/4000 loss=0.03619 lr=9.07e-05
[18:24:47]     train step 1200/4000 loss=0.02931 lr=8.53e-05
[18:24:52]     train step 1400/4000 loss=0.02403 lr=7.90e-05
[18:24:56]     train step 1600/4000 loss=0.02066 lr=7.19e-05
[18:25:00]     train step 1800/4000 loss=0.01806 lr=6.42e-05
[18:25:04]     train step 2000/4000 loss=0.01602 lr=5.62e-05
[18:25:08]     train step 2200/4000 loss=0.01391 lr=4.80e-05
[18:25:12]     train step 2400/4000 loss=0.01231 lr=3.99e-05
[18:25:16]     train step 2600/4000 loss=0.01140 lr=3.20e-05
[18:25:20]     train step 2800/4000 loss=0.01020 lr=2.48e-05
[18:25:24]     train step 3000/4000 loss=0.00931 lr=1.82e-05
[18:25:28]     train step 3200/4000 loss=0.00868 lr=1.26e-05
[18:25:33]     train step 3400/4000 loss=0.00819 lr=8.08e-06
[18:25:37]     train step 3600/4000 loss=0.00793 lr=4.74e-06
[18:25:41]     train step 3800/4000 loss=0.00777 lr=2.69e-06
[18:25:45]     train step 4000/4000 loss=0.00770 lr=2.00e-06
[18:27:17]   [eval] SR=0.980
[18:27:22]   [stagger] intervention at t=6 (rollout 1) len=38
[18:27:22] 
===== stagger Round 7 | dataset=15 =====
[18:27:26]     train step 200/4000 loss=0.61508 lr=8.00e-05
[18:27:30]     train step 400/4000 loss=0.22259 lr=9.96e-05
[18:27:34]     train step 600/4000 loss=0.08416 lr=9.79e-05
[18:27:38]     train step 800/4000 loss=0.05073 lr=9.49e-05
[18:27:43]     train step 1000/4000 loss=0.03655 lr=9.07e-05
[18:27:47]     train step 1200/4000 loss=0.02893 lr=8.53e-05
[18:27:51]     train step 1400/4000 loss=0.02430 lr=7.90e-05
[18:27:55]     train step 1600/4000 loss=0.02092 lr=7.19e-05
[18:27:59]     train step 1800/4000 loss=0.01753 lr=6.42e-05
[18:28:03]     train step 2000/4000 loss=0.01590 lr=5.62e-05
[18:28:07]     train step 2200/4000 loss=0.01371 lr=4.80e-05
[18:28:12]     train step 2400/4000 loss=0.01210 lr=3.99e-05
[18:28:16]     train step 2600/4000 loss=0.01079 lr=3.20e-05
[18:28:20]     train step 2800/4000 loss=0.00985 lr=2.48e-05
[18:28:24]     train step 3000/4000 loss=0.00905 lr=1.82e-05
[18:28:28]     train step 3200/4000 loss=0.00836 lr=1.26e-05
[18:28:32]     train step 3400/4000 loss=0.00795 lr=8.08e-06
[18:28:36]     train step 3600/4000 loss=0.00763 lr=4.74e-06
[18:28:40]     train step 3800/4000 loss=0.00752 lr=2.69e-06
[18:28:45]     train step 4000/4000 loss=0.00743 lr=2.00e-06
[18:30:14]   [eval] SR=0.980
[18:30:20]   [stagger] intervention at t=34 (rollout 1) len=13
[18:30:21] 
===== stagger Round 8 | dataset=16 =====
[18:30:25]     train step 200/4000 loss=0.61334 lr=8.00e-05
[18:30:29]     train step 400/4000 loss=0.22240 lr=9.96e-05
[18:30:33]     train step 600/4000 loss=0.08265 lr=9.79e-05
[18:30:37]     train step 800/4000 loss=0.05012 lr=9.49e-05
[18:30:41]     train step 1000/4000 loss=0.03776 lr=9.07e-05
[18:30:45]     train step 1200/4000 loss=0.02894 lr=8.53e-05
[18:30:49]     train step 1400/4000 loss=0.02431 lr=7.90e-05
[18:30:54]     train step 1600/4000 loss=0.02050 lr=7.19e-05
[18:30:58]     train step 1800/4000 loss=0.01769 lr=6.42e-05
[18:31:02]     train step 2000/4000 loss=0.01528 lr=5.62e-05
[18:31:06]     train step 2200/4000 loss=0.01356 lr=4.80e-05
[18:31:10]     train step 2400/4000 loss=0.01199 lr=3.99e-05
[18:31:14]     train step 2600/4000 loss=0.01086 lr=3.20e-05
[18:31:18]     train step 2800/4000 loss=0.00969 lr=2.48e-05
[18:31:22]     train step 3000/4000 loss=0.00888 lr=1.82e-05
[18:31:27]     train step 3200/4000 loss=0.00820 lr=1.26e-05
[18:31:31]     train step 3400/4000 loss=0.00771 lr=8.08e-06
[18:31:35]     train step 3600/4000 loss=0.00747 lr=4.74e-06
[18:31:39]     train step 3800/4000 loss=0.00730 lr=2.69e-06
[18:31:43]     train step 4000/4000 loss=0.00723 lr=2.00e-06
[18:33:30]   [eval] SR=0.940
[18:33:32]   [stagger] intervention at t=25 (rollout 0) len=23
[18:33:32] 
===== stagger Round 9 | dataset=17 =====
[18:33:37]     train step 200/4000 loss=0.61259 lr=8.00e-05
[18:33:41]     train step 400/4000 loss=0.22004 lr=9.96e-05
[18:33:45]     train step 600/4000 loss=0.08203 lr=9.79e-05
[18:33:49]     train step 800/4000 loss=0.05035 lr=9.49e-05
[18:33:53]     train step 1000/4000 loss=0.03668 lr=9.07e-05
[18:33:57]     train step 1200/4000 loss=0.02902 lr=8.53e-05
[18:34:01]     train step 1400/4000 loss=0.02475 lr=7.90e-05
[18:34:05]     train step 1600/4000 loss=0.02070 lr=7.19e-05
[18:34:09]     train step 1800/4000 loss=0.01813 lr=6.42e-05
[18:34:14]     train step 2000/4000 loss=0.01574 lr=5.62e-05
[18:34:18]     train step 2200/4000 loss=0.01372 lr=4.80e-05
[18:34:22]     train step 2400/4000 loss=0.01226 lr=3.99e-05
[18:34:26]     train step 2600/4000 loss=0.01113 lr=3.20e-05
[18:34:30]     train step 2800/4000 loss=0.00992 lr=2.48e-05
[18:34:34]     train step 3000/4000 loss=0.00933 lr=1.82e-05
[18:34:38]     train step 3200/4000 loss=0.00849 lr=1.26e-05
[18:34:42]     train step 3400/4000 loss=0.00797 lr=8.08e-06
[18:34:46]     train step 3600/4000 loss=0.00771 lr=4.74e-06
[18:34:51]     train step 3800/4000 loss=0.00753 lr=2.69e-06
[18:34:55]     train step 4000/4000 loss=0.00744 lr=2.00e-06
[18:36:41]   [eval] SR=0.940
[18:36:47]   [stagger] intervention at t=38 (rollout 1) len=12
[18:36:47] 
===== stagger Round 10 | dataset=18 =====
[18:36:52]     train step 200/4000 loss=0.61252 lr=8.00e-05
[18:36:56]     train step 400/4000 loss=0.22189 lr=9.96e-05
[18:37:00]     train step 600/4000 loss=0.08181 lr=9.79e-05
[18:37:04]     train step 800/4000 loss=0.05032 lr=9.49e-05
[18:37:08]     train step 1000/4000 loss=0.03671 lr=9.07e-05
[18:37:12]     train step 1200/4000 loss=0.02954 lr=8.53e-05
[18:37:16]     train step 1400/4000 loss=0.02457 lr=7.90e-05
[18:37:20]     train step 1600/4000 loss=0.02080 lr=7.19e-05
[18:37:24]     train step 1800/4000 loss=0.01817 lr=6.42e-05
[18:37:29]     train step 2000/4000 loss=0.01594 lr=5.62e-05
[18:37:33]     train step 2200/4000 loss=0.01404 lr=4.80e-05
[18:37:37]     train step 2400/4000 loss=0.01269 lr=3.99e-05
[18:37:41]     train step 2600/4000 loss=0.01138 lr=3.20e-05
[18:37:45]     train step 2800/4000 loss=0.01022 lr=2.48e-05
[18:37:49]     train step 3000/4000 loss=0.00958 lr=1.82e-05
[18:37:53]     train step 3200/4000 loss=0.00884 lr=1.26e-05
[18:37:57]     train step 3400/4000 loss=0.00830 lr=8.08e-06
[18:38:02]     train step 3600/4000 loss=0.00805 lr=4.74e-06
[18:38:06]     train step 3800/4000 loss=0.00794 lr=2.69e-06
[18:38:10]     train step 4000/4000 loss=0.00779 lr=2.00e-06
[18:39:41]   [eval] SR=0.970
[18:39:47]   [stagger] intervention at t=32 (rollout 1) len=14
[18:39:47] 
===== stagger Round 11 | dataset=19 =====
[18:39:51]     train step 200/4000 loss=0.61214 lr=8.00e-05
[18:39:55]     train step 400/4000 loss=0.21921 lr=9.96e-05
[18:39:59]     train step 600/4000 loss=0.08199 lr=9.79e-05
[18:40:03]     train step 800/4000 loss=0.05124 lr=9.49e-05
[18:40:08]     train step 1000/4000 loss=0.03726 lr=9.07e-05
[18:40:12]     train step 1200/4000 loss=0.03006 lr=8.53e-05
[18:40:16]     train step 1400/4000 loss=0.02441 lr=7.90e-05
[18:40:20]     train step 1600/4000 loss=0.02041 lr=7.19e-05
[18:40:24]     train step 1800/4000 loss=0.01765 lr=6.42e-05
[18:40:28]     train step 2000/4000 loss=0.01554 lr=5.62e-05
[18:40:33]     train step 2200/4000 loss=0.01372 lr=4.80e-05
[18:40:37]     train step 2400/4000 loss=0.01237 lr=3.99e-05
[18:40:41]     train step 2600/4000 loss=0.01109 lr=3.20e-05
[18:40:45]     train step 2800/4000 loss=0.01015 lr=2.48e-05
[18:40:49]     train step 3000/4000 loss=0.00915 lr=1.82e-05
[18:40:53]     train step 3200/4000 loss=0.00858 lr=1.26e-05
[18:40:57]     train step 3400/4000 loss=0.00799 lr=8.08e-06
[18:41:02]     train step 3600/4000 loss=0.00771 lr=4.74e-06
[18:41:06]     train step 3800/4000 loss=0.00754 lr=2.69e-06
[18:41:10]     train step 4000/4000 loss=0.00745 lr=2.00e-06
[18:42:33]   [eval] SR=0.980
[18:42:35]   [stagger] intervention at t=18 (rollout 0) len=28
[18:42:35] 
===== stagger Round 12 | dataset=20 =====
[18:42:39]     train step 200/4000 loss=0.61124 lr=8.00e-05
[18:42:43]     train step 400/4000 loss=0.22053 lr=9.96e-05
[18:42:48]     train step 600/4000 loss=0.08149 lr=9.79e-05
[18:42:52]     train step 800/4000 loss=0.05011 lr=9.49e-05
[18:42:56]     train step 1000/4000 loss=0.03735 lr=9.07e-05
[18:43:00]     train step 1200/4000 loss=0.02963 lr=8.53e-05
[18:43:04]     train step 1400/4000 loss=0.02487 lr=7.90e-05
[18:43:08]     train step 1600/4000 loss=0.02096 lr=7.19e-05
[18:43:12]     train step 1800/4000 loss=0.01800 lr=6.42e-05
[18:43:17]     train step 2000/4000 loss=0.01596 lr=5.62e-05
[18:43:21]     train step 2200/4000 loss=0.01425 lr=4.80e-05
[18:43:25]     train step 2400/4000 loss=0.01264 lr=3.99e-05
[18:43:29]     train step 2600/4000 loss=0.01110 lr=3.20e-05
[18:43:33]     train step 2800/4000 loss=0.01012 lr=2.48e-05
[18:43:37]     train step 3000/4000 loss=0.00911 lr=1.82e-05
[18:43:41]     train step 3200/4000 loss=0.00850 lr=1.26e-05
[18:43:46]     train step 3400/4000 loss=0.00791 lr=8.08e-06
[18:43:50]     train step 3600/4000 loss=0.00759 lr=4.74e-06
[18:43:54]     train step 3800/4000 loss=0.00744 lr=2.69e-06
[18:43:58]     train step 4000/4000 loss=0.00734 lr=2.00e-06
[18:45:27]   [eval] SR=0.970
[18:45:50]   [stagger] intervention at t=27 (rollout 6) len=15
[18:45:50] 
===== stagger Round 13 | dataset=21 =====
[18:45:54]     train step 200/4000 loss=0.61144 lr=8.00e-05
[18:45:58]     train step 400/4000 loss=0.22037 lr=9.96e-05
[18:46:02]     train step 600/4000 loss=0.08371 lr=9.79e-05
[18:46:06]     train step 800/4000 loss=0.05106 lr=9.49e-05
[18:46:11]     train step 1000/4000 loss=0.03746 lr=9.07e-05
[18:46:15]     train step 1200/4000 loss=0.02969 lr=8.53e-05
[18:46:19]     train step 1400/4000 loss=0.02446 lr=7.90e-05
[18:46:23]     train step 1600/4000 loss=0.02059 lr=7.19e-05
[18:46:27]     train step 1800/4000 loss=0.01789 lr=6.42e-05
[18:46:31]     train step 2000/4000 loss=0.01557 lr=5.62e-05
[18:46:36]     train step 2200/4000 loss=0.01370 lr=4.80e-05
[18:46:40]     train step 2400/4000 loss=0.01234 lr=3.99e-05
[18:46:44]     train step 2600/4000 loss=0.01110 lr=3.20e-05
[18:46:48]     train step 2800/4000 loss=0.01018 lr=2.48e-05
[18:46:52]     train step 3000/4000 loss=0.00929 lr=1.82e-05
[18:46:56]     train step 3200/4000 loss=0.00876 lr=1.26e-05
[18:47:00]     train step 3400/4000 loss=0.00812 lr=8.08e-06
[18:47:05]     train step 3600/4000 loss=0.00785 lr=4.74e-06
[18:47:09]     train step 3800/4000 loss=0.00772 lr=2.69e-06
[18:47:13]     train step 4000/4000 loss=0.00764 lr=2.00e-06
[18:48:35]   [eval] SR=1.000
[18:48:59]   [stagger] intervention at t=4 (rollout 7) len=41
[18:48:59] 
===== stagger Round 14 | dataset=22 =====
[18:49:03]     train step 200/4000 loss=0.61009 lr=8.00e-05
[18:49:08]     train step 400/4000 loss=0.21832 lr=9.96e-05
[18:49:12]     train step 600/4000 loss=0.08251 lr=9.79e-05
[18:49:16]     train step 800/4000 loss=0.05063 lr=9.49e-05
[18:49:20]     train step 1000/4000 loss=0.03624 lr=9.07e-05
[18:49:24]     train step 1200/4000 loss=0.02944 lr=8.53e-05
[18:49:28]     train step 1400/4000 loss=0.02429 lr=7.90e-05
[18:49:32]     train step 1600/4000 loss=0.02061 lr=7.19e-05
[18:49:36]     train step 1800/4000 loss=0.01803 lr=6.42e-05
[18:49:41]     train step 2000/4000 loss=0.01584 lr=5.62e-05
[18:49:45]     train step 2200/4000 loss=0.01410 lr=4.80e-05
[18:49:49]     train step 2400/4000 loss=0.01274 lr=3.99e-05
[18:49:53]     train step 2600/4000 loss=0.01129 lr=3.20e-05
[18:49:57]     train step 2800/4000 loss=0.01031 lr=2.48e-05
[18:50:01]     train step 3000/4000 loss=0.00937 lr=1.82e-05
[18:50:06]     train step 3200/4000 loss=0.00874 lr=1.26e-05
[18:50:10]     train step 3400/4000 loss=0.00824 lr=8.08e-06
[18:50:14]     train step 3600/4000 loss=0.00796 lr=4.74e-06
[18:50:18]     train step 3800/4000 loss=0.00777 lr=2.69e-06
[18:50:22]     train step 4000/4000 loss=0.00768 lr=2.00e-06
[18:51:45]   [eval] SR=0.990
[18:51:47]   [stagger] intervention at t=23 (rollout 0) len=18
[18:51:47] 
===== stagger Round 15 | dataset=23 =====
[18:51:51]     train step 200/4000 loss=0.60980 lr=8.00e-05
[18:51:55]     train step 400/4000 loss=0.21861 lr=9.96e-05
[18:52:00]     train step 600/4000 loss=0.08072 lr=9.79e-05
[18:52:04]     train step 800/4000 loss=0.05034 lr=9.49e-05
[18:52:08]     train step 1000/4000 loss=0.03679 lr=9.07e-05
[18:52:12]     train step 1200/4000 loss=0.02934 lr=8.53e-05
[18:52:16]     train step 1400/4000 loss=0.02460 lr=7.90e-05
[18:52:20]     train step 1600/4000 loss=0.02086 lr=7.19e-05
[18:52:25]     train step 1800/4000 loss=0.01813 lr=6.42e-05
[18:52:29]     train step 2000/4000 loss=0.01588 lr=5.62e-05
[18:52:33]     train step 2200/4000 loss=0.01409 lr=4.80e-05
[18:52:37]     train step 2400/4000 loss=0.01249 lr=3.99e-05
[18:52:41]     train step 2600/4000 loss=0.01105 lr=3.20e-05
[18:52:45]     train step 2800/4000 loss=0.00993 lr=2.48e-05
[18:52:49]     train step 3000/4000 loss=0.00900 lr=1.82e-05
[18:52:54]     train step 3200/4000 loss=0.00852 lr=1.26e-05
[18:52:58]     train step 3400/4000 loss=0.00783 lr=8.08e-06
[18:53:02]     train step 3600/4000 loss=0.00753 lr=4.74e-06
[18:53:06]     train step 3800/4000 loss=0.00733 lr=2.69e-06
[18:53:10]     train step 4000/4000 loss=0.00722 lr=2.00e-06
[18:54:37]   [eval] SR=0.980
[18:54:41]   [stagger] intervention at t=41 (rollout 0) len=4
[18:54:41] 
===== stagger Round 16 | dataset=24 =====
[18:54:45]     train step 200/4000 loss=0.61139 lr=8.00e-05
[18:54:49]     train step 400/4000 loss=0.22100 lr=9.96e-05
[18:54:53]     train step 600/4000 loss=0.08156 lr=9.79e-05
[18:54:57]     train step 800/4000 loss=0.05116 lr=9.49e-05
[18:55:02]     train step 1000/4000 loss=0.03661 lr=9.07e-05
[18:55:06]     train step 1200/4000 loss=0.02939 lr=8.53e-05
[18:55:10]     train step 1400/4000 loss=0.02500 lr=7.90e-05
[18:55:14]     train step 1600/4000 loss=0.02147 lr=7.19e-05
[18:55:18]     train step 1800/4000 loss=0.01826 lr=6.42e-05
[18:55:22]     train step 2000/4000 loss=0.01614 lr=5.62e-05
[18:55:27]     train step 2200/4000 loss=0.01410 lr=4.80e-05
[18:55:31]     train step 2400/4000 loss=0.01298 lr=3.99e-05
[18:55:35]     train step 2600/4000 loss=0.01137 lr=3.20e-05
[18:55:39]     train step 2800/4000 loss=0.01039 lr=2.48e-05
[18:55:43]     train step 3000/4000 loss=0.00949 lr=1.82e-05
[18:55:47]     train step 3200/4000 loss=0.00885 lr=1.26e-05
[18:55:51]     train step 3400/4000 loss=0.00836 lr=8.08e-06
[18:55:56]     train step 3600/4000 loss=0.00808 lr=4.74e-06
[18:56:00]     train step 3800/4000 loss=0.00796 lr=2.69e-06
[18:56:04]     train step 4000/4000 loss=0.00786 lr=2.00e-06
[18:57:28]   [eval] SR=0.990
[18:57:31]   [stagger] intervention at t=43 (rollout 0) len=2
[18:57:31] 
===== stagger Round 17 | dataset=25 =====
[18:57:35]     train step 200/4000 loss=0.61130 lr=8.00e-05
[18:57:39]     train step 400/4000 loss=0.21854 lr=9.96e-05
[18:57:44]     train step 600/4000 loss=0.08225 lr=9.79e-05
[18:57:48]     train step 800/4000 loss=0.04933 lr=9.49e-05
[18:57:52]     train step 1000/4000 loss=0.03663 lr=9.07e-05
[18:57:56]     train step 1200/4000 loss=0.02956 lr=8.53e-05
[18:58:00]     train step 1400/4000 loss=0.02515 lr=7.90e-05
[18:58:04]     train step 1600/4000 loss=0.02116 lr=7.19e-05
[18:58:08]     train step 1800/4000 loss=0.01813 lr=6.42e-05
[18:58:13]     train step 2000/4000 loss=0.01612 lr=5.62e-05
[18:58:17]     train step 2200/4000 loss=0.01422 lr=4.80e-05
[18:58:21]     train step 2400/4000 loss=0.01275 lr=3.99e-05
[18:58:25]     train step 2600/4000 loss=0.01156 lr=3.20e-05
[18:58:29]     train step 2800/4000 loss=0.01045 lr=2.48e-05
[18:58:33]     train step 3000/4000 loss=0.00946 lr=1.82e-05
[18:58:37]     train step 3200/4000 loss=0.00901 lr=1.26e-05
[18:58:42]     train step 3400/4000 loss=0.00839 lr=8.08e-06
[18:58:46]     train step 3600/4000 loss=0.00811 lr=4.74e-06
[18:58:50]     train step 3800/4000 loss=0.00795 lr=2.69e-06
[18:58:54]     train step 4000/4000 loss=0.00782 lr=2.00e-06
[19:00:17]   [eval] SR=0.990
[19:00:44]   [stagger] intervention at t=39 (rollout 7) len=6
[19:00:44] 
===== stagger Round 18 | dataset=26 =====
[19:00:48]     train step 200/4000 loss=0.61209 lr=8.00e-05
[19:00:52]     train step 400/4000 loss=0.21908 lr=9.96e-05
[19:00:57]     train step 600/4000 loss=0.08054 lr=9.79e-05
[19:01:01]     train step 800/4000 loss=0.05055 lr=9.49e-05
[19:01:05]     train step 1000/4000 loss=0.03715 lr=9.07e-05
[19:01:09]     train step 1200/4000 loss=0.02905 lr=8.53e-05
[19:01:13]     train step 1400/4000 loss=0.02449 lr=7.90e-05
[19:01:17]     train step 1600/4000 loss=0.02038 lr=7.19e-05
[19:01:22]     train step 1800/4000 loss=0.01758 lr=6.42e-05
[19:01:26]     train step 2000/4000 loss=0.01587 lr=5.62e-05
[19:01:30]     train step 2200/4000 loss=0.01387 lr=4.80e-05
[19:01:34]     train step 2400/4000 loss=0.01264 lr=3.99e-05
[19:01:38]     train step 2600/4000 loss=0.01108 lr=3.20e-05
[19:01:42]     train step 2800/4000 loss=0.00994 lr=2.48e-05
[19:01:46]     train step 3000/4000 loss=0.00926 lr=1.82e-05
[19:01:51]     train step 3200/4000 loss=0.00856 lr=1.26e-05
[19:01:55]     train step 3400/4000 loss=0.00799 lr=8.08e-06
[19:01:59]     train step 3600/4000 loss=0.00771 lr=4.74e-06
[19:02:03]     train step 3800/4000 loss=0.00757 lr=2.69e-06
[19:02:07]     train step 4000/4000 loss=0.00747 lr=2.00e-06
[19:03:26]   [eval] SR=1.000
[19:03:35]   [stagger] intervention at t=27 (rollout 2) len=19
[19:03:35] 
===== stagger Round 19 | dataset=27 =====
[19:03:40]     train step 200/4000 loss=0.61128 lr=8.00e-05
[19:03:44]     train step 400/4000 loss=0.21780 lr=9.96e-05
[19:03:48]     train step 600/4000 loss=0.08139 lr=9.79e-05
[19:03:52]     train step 800/4000 loss=0.04988 lr=9.49e-05
[19:03:56]     train step 1000/4000 loss=0.03672 lr=9.07e-05
[19:04:00]     train step 1200/4000 loss=0.02927 lr=8.53e-05
[19:04:05]     train step 1400/4000 loss=0.02466 lr=7.90e-05
[19:04:09]     train step 1600/4000 loss=0.02168 lr=7.19e-05
[19:04:13]     train step 1800/4000 loss=0.01858 lr=6.42e-05
[19:04:17]     train step 2000/4000 loss=0.01652 lr=5.62e-05
[19:04:21]     train step 2200/4000 loss=0.01467 lr=4.80e-05
[19:04:25]     train step 2400/4000 loss=0.01297 lr=3.99e-05
[19:04:30]     train step 2600/4000 loss=0.01168 lr=3.20e-05
[19:04:34]     train step 2800/4000 loss=0.01063 lr=2.48e-05
[19:04:38]     train step 3000/4000 loss=0.00995 lr=1.82e-05
[19:04:42]     train step 3200/4000 loss=0.00918 lr=1.26e-05
[19:04:46]     train step 3400/4000 loss=0.00869 lr=8.08e-06
[19:04:50]     train step 3600/4000 loss=0.00836 lr=4.74e-06
[19:04:54]     train step 3800/4000 loss=0.00820 lr=2.69e-06
[19:04:59]     train step 4000/4000 loss=0.00808 lr=2.00e-06
[19:06:26]   [eval] SR=0.970
[19:06:41]   [stagger] intervention at t=13 (rollout 4) len=32
[19:06:41] 
===== stagger Round 20 | dataset=28 =====
[19:06:45]     train step 200/4000 loss=0.61045 lr=8.00e-05
[19:06:50]     train step 400/4000 loss=0.21579 lr=9.96e-05
[19:06:54]     train step 600/4000 loss=0.08216 lr=9.79e-05
[19:06:58]     train step 800/4000 loss=0.05116 lr=9.49e-05
[19:07:02]     train step 1000/4000 loss=0.03692 lr=9.07e-05
[19:07:06]     train step 1200/4000 loss=0.02943 lr=8.53e-05
[19:07:10]     train step 1400/4000 loss=0.02466 lr=7.90e-05
[19:07:15]     train step 1600/4000 loss=0.02098 lr=7.19e-05
[19:07:19]     train step 1800/4000 loss=0.01821 lr=6.42e-05
[19:07:23]     train step 2000/4000 loss=0.01592 lr=5.62e-05
[19:07:27]     train step 2200/4000 loss=0.01409 lr=4.80e-05
[19:07:31]     train step 2400/4000 loss=0.01269 lr=3.99e-05
[19:07:35]     train step 2600/4000 loss=0.01147 lr=3.20e-05
[19:07:40]     train step 2800/4000 loss=0.01046 lr=2.48e-05
[19:07:44]     train step 3000/4000 loss=0.00961 lr=1.82e-05
[19:07:48]     train step 3200/4000 loss=0.00897 lr=1.26e-05
[19:07:52]     train step 3400/4000 loss=0.00840 lr=8.08e-06
[19:07:56]     train step 3600/4000 loss=0.00809 lr=4.74e-06
[19:08:00]     train step 3800/4000 loss=0.00793 lr=2.69e-06
[19:08:05]     train step 4000/4000 loss=0.00781 lr=2.00e-06
[19:09:39]   [eval] SR=0.950
[19:09:39] DONE in 4127.8s | final_success=0.95
[19:09:39] [write] /weka/s226137394/DmNfull/distil/results/Lift/state/stagger/seed2/result.json
