[01:17:03] [env] loaded /weka/s226137394/DmNfull/.env
[01:17:03] ===== DISTIL | task=Lift modality=state ablation=allocation_random seed=5 budget=20 smoke=False device=cuda =====
[01:17:04] [bootstrap] loaded 8 shared demos from /weka/s226137394/DmNfull/distil/results/shared_bootstrap/Lift_state/Lift_state_ni8.pkl
[01:17:04] [kag] copied Lift.json + rendered .kag.txt into /weka/s226137394/DmNfull/distil/results/Lift/state/allocation_random/seed5/kag
[01:17:06] [init] using 8 bootstrap demos (shared with baselines)
[01:17:06] 
===== DISTIL Round 0 | dataset=8 trajs =====
[01:17:07]   [train] 8 trajs, 357 windows, state_dim=23 act_dim=7 params=4.26M steps=8000
[01:17:14]     train step 200/8000 loss=0.59749 lr=8.00e-05
[01:17:20]     train step 400/8000 loss=0.26405 lr=9.99e-05
[01:17:25]     train step 600/8000 loss=0.10109 lr=9.95e-05
[01:17:31]     train step 800/8000 loss=0.06242 lr=9.88e-05
[01:17:37]     train step 1000/8000 loss=0.04481 lr=9.78e-05
[01:17:42]     train step 1200/8000 loss=0.03403 lr=9.64e-05
[01:17:48]     train step 1400/8000 loss=0.02924 lr=9.48e-05
[01:17:53]     train step 1600/8000 loss=0.02457 lr=9.29e-05
[01:17:59]     train step 1800/8000 loss=0.02146 lr=9.07e-05
[01:18:05]     train step 2000/8000 loss=0.01853 lr=8.82e-05
[01:18:10]     train step 2200/8000 loss=0.01638 lr=8.55e-05
[01:18:16]     train step 2400/8000 loss=0.01433 lr=8.26e-05
[01:18:21]     train step 2600/8000 loss=0.01273 lr=7.94e-05
[01:18:27]     train step 2800/8000 loss=0.01125 lr=7.61e-05
[01:18:33]     train step 3000/8000 loss=0.01041 lr=7.26e-05
[01:18:38]     train step 3200/8000 loss=0.00906 lr=6.90e-05
[01:18:44]     train step 3400/8000 loss=0.00832 lr=6.52e-05
[01:18:49]     train step 3600/8000 loss=0.00794 lr=6.14e-05
[01:18:55]     train step 3800/8000 loss=0.00655 lr=5.75e-05
[01:19:00]     train step 4000/8000 loss=0.00600 lr=5.35e-05
[01:19:06]     train step 4200/8000 loss=0.00620 lr=4.95e-05
[01:19:12]     train step 4400/8000 loss=0.00517 lr=4.56e-05
[01:19:17]     train step 4600/8000 loss=0.00445 lr=4.16e-05
[01:19:23]     train step 4800/8000 loss=0.00428 lr=3.78e-05
[01:19:28]     train step 5000/8000 loss=0.00412 lr=3.40e-05
[01:19:34]     train step 5200/8000 loss=0.00358 lr=3.03e-05
[01:19:40]     train step 5400/8000 loss=0.00338 lr=2.68e-05
[01:19:45]     train step 5600/8000 loss=0.00319 lr=2.34e-05
[01:19:51]     train step 5800/8000 loss=0.00293 lr=2.02e-05
[01:19:56]     train step 6000/8000 loss=0.00280 lr=1.73e-05
[01:20:02]     train step 6200/8000 loss=0.00263 lr=1.45e-05
[01:20:07]     train step 6400/8000 loss=0.00253 lr=1.20e-05
[01:20:13]     train step 6600/8000 loss=0.00248 lr=9.69e-06
[01:20:19]     train step 6800/8000 loss=0.00238 lr=7.69e-06
[01:20:24]     train step 7000/8000 loss=0.00233 lr=5.98e-06
[01:20:30]     train step 7200/8000 loss=0.00229 lr=4.56e-06
[01:20:35]     train step 7400/8000 loss=0.00223 lr=3.45e-06
[01:20:41]     train step 7600/8000 loss=0.00221 lr=2.65e-06
[01:20:46]     train step 7800/8000 loss=0.00218 lr=2.16e-06
[01:20:52]     train step 8000/8000 loss=0.00217 lr=2.00e-06
[01:21:02]   [calibrate] threshold(alpha=0.99)=0.00324 over 1428 samples (median=0.00218)
[01:25:44]   [eval] pure-policy success=0.670 mean_len=124 (fixed 100-ep set)
[01:27:06]   [screen] 6/40 failures found
[01:27:07]   [collect a0] mode=select choice=random_alloc cited=[3000029] success=True len=41
[01:27:07] 
===== DISTIL Round 1 | dataset=9 trajs =====
[01:27:07]   [train] 9 trajs, 398 windows, state_dim=23 act_dim=7 params=4.26M steps=4000
[01:27:13]     train step 200/4000 loss=0.58257 lr=8.00e-05
[01:27:19]     train step 400/4000 loss=0.23570 lr=9.96e-05
[01:27:24]     train step 600/4000 loss=0.08974 lr=9.79e-05
[01:27:30]     train step 800/4000 loss=0.05530 lr=9.49e-05
[01:27:36]     train step 1000/4000 loss=0.04047 lr=9.07e-05
[01:27:41]     train step 1200/4000 loss=0.03217 lr=8.53e-05
[01:27:47]     train step 1400/4000 loss=0.02712 lr=7.90e-05
[01:27:53]     train step 1600/4000 loss=0.02165 lr=7.19e-05
[01:27:58]     train step 1800/4000 loss=0.01861 lr=6.42e-05
[01:28:04]     train step 2000/4000 loss=0.01637 lr=5.62e-05
[01:28:10]     train step 2200/4000 loss=0.01401 lr=4.80e-05
[01:28:16]     train step 2400/4000 loss=0.01237 lr=3.99e-05
[01:28:21]     train step 2600/4000 loss=0.01122 lr=3.20e-05
[01:28:27]     train step 2800/4000 loss=0.00975 lr=2.48e-05
[01:28:33]     train step 3000/4000 loss=0.00870 lr=1.82e-05
[01:28:38]     train step 3200/4000 loss=0.00801 lr=1.26e-05
[01:28:44]     train step 3400/4000 loss=0.00749 lr=8.08e-06
[01:28:50]     train step 3600/4000 loss=0.00716 lr=4.74e-06
[01:28:55]     train step 3800/4000 loss=0.00695 lr=2.69e-06
[01:29:01]     train step 4000/4000 loss=0.00682 lr=2.00e-06
[01:29:11]   [calibrate] threshold(alpha=0.99)=0.01208 over 1592 samples (median=0.00695)
[01:32:25]   [eval] pure-policy success=0.840 mean_len=86 (fixed 100-ep set)
[01:33:42]   [screen] 7/40 failures found
[01:33:43]   [collect a0] mode=select choice=random_alloc cited=[3000056] success=True len=46
[01:33:43] 
===== DISTIL Round 2 | dataset=10 trajs =====
[01:33:43]   [train] 10 trajs, 444 windows, state_dim=23 act_dim=7 params=4.26M steps=4000
[01:33:49]     train step 200/4000 loss=0.57598 lr=8.00e-05
[01:33:55]     train step 400/4000 loss=0.21524 lr=9.96e-05
[01:34:01]     train step 600/4000 loss=0.07959 lr=9.79e-05
[01:34:06]     train step 800/4000 loss=0.05051 lr=9.49e-05
[01:34:12]     train step 1000/4000 loss=0.03758 lr=9.07e-05
[01:34:18]     train step 1200/4000 loss=0.02984 lr=8.53e-05
[01:34:24]     train step 1400/4000 loss=0.02477 lr=7.90e-05
[01:34:29]     train step 1600/4000 loss=0.02078 lr=7.19e-05
[01:34:35]     train step 1800/4000 loss=0.01847 lr=6.42e-05
[01:34:41]     train step 2000/4000 loss=0.01529 lr=5.62e-05
[01:34:47]     train step 2200/4000 loss=0.01359 lr=4.80e-05
[01:34:52]     train step 2400/4000 loss=0.01141 lr=3.99e-05
[01:34:58]     train step 2600/4000 loss=0.01018 lr=3.20e-05
[01:35:04]     train step 2800/4000 loss=0.00896 lr=2.48e-05
[01:35:10]     train step 3000/4000 loss=0.00830 lr=1.82e-05
[01:35:15]     train step 3200/4000 loss=0.00754 lr=1.26e-05
[01:35:21]     train step 3400/4000 loss=0.00701 lr=8.08e-06
[01:35:27]     train step 3600/4000 loss=0.00680 lr=4.74e-06
[01:35:33]     train step 3800/4000 loss=0.00666 lr=2.69e-06
[01:35:38]     train step 4000/4000 loss=0.00646 lr=2.00e-06
[01:35:50]   [calibrate] threshold(alpha=0.99)=0.01069 over 1776 samples (median=0.00668)
[01:38:16]   [eval] pure-policy success=0.940 mean_len=65 (fixed 100-ep set)
[01:39:02]   [screen] 0/40 failures found
[01:39:02]   [screen] no usable failures — budget-free, next round (1/4 toward saturation stop)
[01:39:02] 
===== DISTIL Round 3 | dataset=10 trajs =====
[01:39:02]   [train] 10 trajs, 444 windows, state_dim=23 act_dim=7 params=4.26M steps=4000
[01:39:08]     train step 200/4000 loss=0.62566 lr=8.00e-05
[01:39:13]     train step 400/4000 loss=0.23461 lr=9.96e-05
[01:39:19]     train step 600/4000 loss=0.09231 lr=9.79e-05
[01:39:25]     train step 800/4000 loss=0.05862 lr=9.49e-05
[01:39:30]     train step 1000/4000 loss=0.04309 lr=9.07e-05
[01:39:36]     train step 1200/4000 loss=0.03362 lr=8.53e-05
[01:39:42]     train step 1400/4000 loss=0.02811 lr=7.90e-05
[01:39:48]     train step 1600/4000 loss=0.02438 lr=7.19e-05
[01:39:53]     train step 1800/4000 loss=0.02086 lr=6.42e-05
[01:39:59]     train step 2000/4000 loss=0.01834 lr=5.62e-05
[01:40:05]     train step 2200/4000 loss=0.01642 lr=4.80e-05
[01:40:11]     train step 2400/4000 loss=0.01479 lr=3.99e-05
[01:40:16]     train step 2600/4000 loss=0.01337 lr=3.20e-05
[01:40:22]     train step 2800/4000 loss=0.01202 lr=2.48e-05
[01:40:28]     train step 3000/4000 loss=0.01109 lr=1.82e-05
[01:40:33]     train step 3200/4000 loss=0.01014 lr=1.26e-05
[01:40:39]     train step 3400/4000 loss=0.00964 lr=8.08e-06
[01:40:45]     train step 3600/4000 loss=0.00916 lr=4.74e-06
[01:40:51]     train step 3800/4000 loss=0.00897 lr=2.69e-06
[01:40:56]     train step 4000/4000 loss=0.00895 lr=2.00e-06
[01:41:08]   [calibrate] threshold(alpha=0.99)=0.01619 over 1776 samples (median=0.00893)
[01:43:42]   [eval] pure-policy success=0.900 mean_len=68 (fixed 100-ep set)
[01:44:31]   [screen] 1/40 failures found
[01:44:31]   [collect a0] mode=select choice=random_alloc cited=[3000157] success=True len=24
[01:44:32] 
===== DISTIL Round 4 | dataset=11 trajs =====
[01:44:32]   [train] 11 trajs, 468 windows, state_dim=23 act_dim=7 params=4.26M steps=4000
[01:44:38]     train step 200/4000 loss=0.62711 lr=8.00e-05
[01:44:43]     train step 400/4000 loss=0.22282 lr=9.96e-05
[01:44:49]     train step 600/4000 loss=0.07964 lr=9.79e-05
[01:44:55]     train step 800/4000 loss=0.05157 lr=9.49e-05
[01:45:01]     train step 1000/4000 loss=0.03653 lr=9.07e-05
[01:45:07]     train step 1200/4000 loss=0.03006 lr=8.53e-05
[01:45:12]     train step 1400/4000 loss=0.02488 lr=7.90e-05
[01:45:18]     train step 1600/4000 loss=0.02142 lr=7.19e-05
[01:45:24]     train step 1800/4000 loss=0.01867 lr=6.42e-05
[01:45:30]     train step 2000/4000 loss=0.01622 lr=5.62e-05
[01:45:35]     train step 2200/4000 loss=0.01386 lr=4.80e-05
[01:45:41]     train step 2400/4000 loss=0.01280 lr=3.99e-05
[01:45:47]     train step 2600/4000 loss=0.01154 lr=3.20e-05
[01:45:53]     train step 2800/4000 loss=0.01029 lr=2.48e-05
[01:45:59]     train step 3000/4000 loss=0.00941 lr=1.82e-05
[01:46:04]     train step 3200/4000 loss=0.00878 lr=1.26e-05
[01:46:10]     train step 3400/4000 loss=0.00834 lr=8.08e-06
[01:46:16]     train step 3600/4000 loss=0.00809 lr=4.74e-06
[01:46:22]     train step 3800/4000 loss=0.00787 lr=2.69e-06
[01:46:28]     train step 4000/4000 loss=0.00768 lr=2.00e-06
[01:46:40]   [calibrate] threshold(alpha=0.99)=0.01424 over 1872 samples (median=0.00784)
[01:48:46]   [eval] pure-policy success=0.970 mean_len=55 (fixed 100-ep set)
[01:49:32]   [screen] 0/40 failures found
[01:49:32]   [screen] no usable failures — budget-free, next round (1/4 toward saturation stop)
[01:49:32] 
===== DISTIL Round 5 | dataset=11 trajs =====
[01:49:32]   [train] 11 trajs, 468 windows, state_dim=23 act_dim=7 params=4.26M steps=4000
[01:49:38]     train step 200/4000 loss=0.60993 lr=8.00e-05
[01:49:43]     train step 400/4000 loss=0.21848 lr=9.96e-05
[01:49:49]     train step 600/4000 loss=0.08225 lr=9.79e-05
[01:49:55]     train step 800/4000 loss=0.05202 lr=9.49e-05
[01:50:01]     train step 1000/4000 loss=0.03824 lr=9.07e-05
[01:50:07]     train step 1200/4000 loss=0.03071 lr=8.53e-05
[01:50:12]     train step 1400/4000 loss=0.02516 lr=7.90e-05
[01:50:18]     train step 1600/4000 loss=0.02248 lr=7.19e-05
[01:50:24]     train step 1800/4000 loss=0.01864 lr=6.42e-05
[01:50:30]     train step 2000/4000 loss=0.01590 lr=5.62e-05
[01:50:35]     train step 2200/4000 loss=0.01435 lr=4.80e-05
[01:50:41]     train step 2400/4000 loss=0.01259 lr=3.99e-05
[01:50:47]     train step 2600/4000 loss=0.01097 lr=3.20e-05
[01:50:53]     train step 2800/4000 loss=0.00990 lr=2.48e-05
[01:50:59]     train step 3000/4000 loss=0.00899 lr=1.82e-05
[01:51:04]     train step 3200/4000 loss=0.00857 lr=1.26e-05
[01:51:10]     train step 3400/4000 loss=0.00801 lr=8.08e-06
[01:51:16]     train step 3600/4000 loss=0.00765 lr=4.74e-06
[01:51:22]     train step 3800/4000 loss=0.00739 lr=2.69e-06
[01:51:27]     train step 4000/4000 loss=0.00733 lr=2.00e-06
[01:51:40]   [calibrate] threshold(alpha=0.99)=0.01293 over 1872 samples (median=0.00731)
[01:53:36]   [eval] pure-policy success=1.000 mean_len=50 (fixed 100-ep set)
[01:54:19]   [screen] 0/40 failures found
[01:54:19]   [screen] no usable failures — budget-free, next round (2/4 toward saturation stop)
[01:54:19] 
===== DISTIL Round 6 | dataset=11 trajs =====
[01:54:19]   [train] 11 trajs, 468 windows, state_dim=23 act_dim=7 params=4.26M steps=4000
[01:54:25]     train step 200/4000 loss=0.59859 lr=8.00e-05
[01:54:31]     train step 400/4000 loss=0.22395 lr=9.96e-05
[01:54:37]     train step 600/4000 loss=0.07788 lr=9.79e-05
[01:54:43]     train step 800/4000 loss=0.04919 lr=9.49e-05
[01:54:48]     train step 1000/4000 loss=0.03672 lr=9.07e-05
[01:54:54]     train step 1200/4000 loss=0.02982 lr=8.53e-05
[01:55:00]     train step 1400/4000 loss=0.02426 lr=7.90e-05
[01:55:06]     train step 1600/4000 loss=0.02054 lr=7.19e-05
[01:55:12]     train step 1800/4000 loss=0.01774 lr=6.42e-05
[01:55:17]     train step 2000/4000 loss=0.01546 lr=5.62e-05
[01:55:23]     train step 2200/4000 loss=0.01419 lr=4.80e-05
[01:55:29]     train step 2400/4000 loss=0.01248 lr=3.99e-05
[01:55:35]     train step 2600/4000 loss=0.01115 lr=3.20e-05
[01:55:41]     train step 2800/4000 loss=0.01011 lr=2.48e-05
[01:55:46]     train step 3000/4000 loss=0.00937 lr=1.82e-05
[01:55:52]     train step 3200/4000 loss=0.00857 lr=1.26e-05
[01:55:58]     train step 3400/4000 loss=0.00809 lr=8.08e-06
[01:56:04]     train step 3600/4000 loss=0.00786 lr=4.74e-06
[01:56:10]     train step 3800/4000 loss=0.00757 lr=2.69e-06
[01:56:15]     train step 4000/4000 loss=0.00753 lr=2.00e-06
[01:56:28]   [calibrate] threshold(alpha=0.99)=0.01343 over 1872 samples (median=0.00748)
[01:58:28]   [eval] pure-policy success=0.990 mean_len=53 (fixed 100-ep set)
[01:59:14]   [screen] 0/40 failures found
[01:59:14]   [screen] no usable failures — budget-free, next round (3/4 toward saturation stop)
[01:59:14] 
===== DISTIL Round 7 | dataset=11 trajs =====
[01:59:14]   [train] 11 trajs, 468 windows, state_dim=23 act_dim=7 params=4.26M steps=4000
[01:59:20]     train step 200/4000 loss=0.59472 lr=8.00e-05
[01:59:25]     train step 400/4000 loss=0.22447 lr=9.96e-05
[01:59:31]     train step 600/4000 loss=0.08190 lr=9.79e-05
[01:59:37]     train step 800/4000 loss=0.05139 lr=9.49e-05
[01:59:43]     train step 1000/4000 loss=0.03688 lr=9.07e-05
[01:59:49]     train step 1200/4000 loss=0.02921 lr=8.53e-05
[01:59:54]     train step 1400/4000 loss=0.02413 lr=7.90e-05
[02:00:00]     train step 1600/4000 loss=0.01991 lr=7.19e-05
[02:00:06]     train step 1800/4000 loss=0.01719 lr=6.42e-05
[02:00:12]     train step 2000/4000 loss=0.01513 lr=5.62e-05
[02:00:18]     train step 2200/4000 loss=0.01332 lr=4.80e-05
[02:00:23]     train step 2400/4000 loss=0.01173 lr=3.99e-05
[02:00:29]     train step 2600/4000 loss=0.01058 lr=3.20e-05
[02:00:35]     train step 2800/4000 loss=0.00958 lr=2.48e-05
[02:00:41]     train step 3000/4000 loss=0.00876 lr=1.82e-05
[02:00:46]     train step 3200/4000 loss=0.00825 lr=1.26e-05
[02:00:52]     train step 3400/4000 loss=0.00776 lr=8.08e-06
[02:00:58]     train step 3600/4000 loss=0.00758 lr=4.74e-06
[02:01:04]     train step 3800/4000 loss=0.00731 lr=2.69e-06
[02:01:10]     train step 4000/4000 loss=0.00729 lr=2.00e-06
[02:01:22]   [calibrate] threshold(alpha=0.99)=0.01259 over 1872 samples (median=0.00744)
[02:03:20]   [eval] pure-policy success=0.980 mean_len=51 (fixed 100-ep set)
[02:04:08]   [screen] 1/40 failures found
[02:04:09]   [collect a0] mode=select choice=random_alloc cited=[3000287] success=True len=17
[02:04:09] 
===== DISTIL Round 8 | dataset=12 trajs =====
[02:04:09]   [train] 12 trajs, 485 windows, state_dim=23 act_dim=7 params=4.26M steps=4000
[02:04:15]     train step 200/4000 loss=0.63756 lr=8.00e-05
[02:04:21]     train step 400/4000 loss=0.23250 lr=9.96e-05
[02:04:27]     train step 600/4000 loss=0.08669 lr=9.79e-05
[02:04:32]     train step 800/4000 loss=0.05637 lr=9.49e-05
[02:04:38]     train step 1000/4000 loss=0.04076 lr=9.07e-05
[02:04:44]     train step 1200/4000 loss=0.03184 lr=8.53e-05
[02:04:50]     train step 1400/4000 loss=0.02673 lr=7.90e-05
[02:04:56]     train step 1600/4000 loss=0.02276 lr=7.19e-05
[02:05:01]     train step 1800/4000 loss=0.01988 lr=6.42e-05
[02:05:07]     train step 2000/4000 loss=0.01786 lr=5.62e-05
[02:05:13]     train step 2200/4000 loss=0.01569 lr=4.80e-05
[02:05:19]     train step 2400/4000 loss=0.01416 lr=3.99e-05
[02:05:25]     train step 2600/4000 loss=0.01247 lr=3.20e-05
[02:05:30]     train step 2800/4000 loss=0.01134 lr=2.48e-05
[02:05:36]     train step 3000/4000 loss=0.01013 lr=1.82e-05
[02:05:42]     train step 3200/4000 loss=0.00948 lr=1.26e-05
[02:05:48]     train step 3400/4000 loss=0.00896 lr=8.08e-06
[02:05:54]     train step 3600/4000 loss=0.00866 lr=4.74e-06
[02:05:59]     train step 3800/4000 loss=0.00844 lr=2.69e-06
[02:06:05]     train step 4000/4000 loss=0.00834 lr=2.00e-06
[02:06:18]   [calibrate] threshold(alpha=0.99)=0.01621 over 1940 samples (median=0.00847)
[02:08:07]   [eval] pure-policy success=1.000 mean_len=48 (fixed 100-ep set)
[02:08:51]   [screen] 0/40 failures found
[02:08:51]   [screen] no usable failures — budget-free, next round (1/4 toward saturation stop)
[02:08:51] 
===== DISTIL Round 9 | dataset=12 trajs =====
[02:08:51]   [train] 12 trajs, 485 windows, state_dim=23 act_dim=7 params=4.26M steps=4000
[02:08:57]     train step 200/4000 loss=0.59824 lr=8.00e-05
[02:09:03]     train step 400/4000 loss=0.21695 lr=9.96e-05
[02:09:09]     train step 600/4000 loss=0.07949 lr=9.79e-05
[02:09:15]     train step 800/4000 loss=0.04991 lr=9.49e-05
[02:09:20]     train step 1000/4000 loss=0.03624 lr=9.07e-05
[02:09:26]     train step 1200/4000 loss=0.02918 lr=8.53e-05
[02:09:32]     train step 1400/4000 loss=0.02404 lr=7.90e-05
[02:09:38]     train step 1600/4000 loss=0.02056 lr=7.19e-05
[02:09:44]     train step 1800/4000 loss=0.01793 lr=6.42e-05
[02:09:49]     train step 2000/4000 loss=0.01593 lr=5.62e-05
[02:09:55]     train step 2200/4000 loss=0.01387 lr=4.80e-05
[02:10:01]     train step 2400/4000 loss=0.01171 lr=3.99e-05
[02:10:07]     train step 2600/4000 loss=0.01073 lr=3.20e-05
[02:10:13]     train step 2800/4000 loss=0.00931 lr=2.48e-05
[02:10:18]     train step 3000/4000 loss=0.00850 lr=1.82e-05
[02:10:24]     train step 3200/4000 loss=0.00787 lr=1.26e-05
[02:10:30]     train step 3400/4000 loss=0.00732 lr=8.08e-06
[02:10:36]     train step 3600/4000 loss=0.00707 lr=4.74e-06
[02:10:42]     train step 3800/4000 loss=0.00681 lr=2.69e-06
[02:10:47]     train step 4000/4000 loss=0.00669 lr=2.00e-06
[02:11:00]   [calibrate] threshold(alpha=0.99)=0.01303 over 1940 samples (median=0.00674)
[02:12:53]   [eval] pure-policy success=1.000 mean_len=49 (fixed 100-ep set)
[02:13:36]   [screen] 0/40 failures found
[02:13:36]   [screen] no usable failures — budget-free, next round (2/4 toward saturation stop)
[02:13:36] 
===== DISTIL Round 10 | dataset=12 trajs =====
[02:13:36]   [train] 12 trajs, 485 windows, state_dim=23 act_dim=7 params=4.26M steps=4000
[02:13:42]     train step 200/4000 loss=0.62632 lr=8.00e-05
[02:13:48]     train step 400/4000 loss=0.23022 lr=9.96e-05
[02:13:54]     train step 600/4000 loss=0.08659 lr=9.79e-05
[02:14:00]     train step 800/4000 loss=0.05615 lr=9.49e-05
[02:14:05]     train step 1000/4000 loss=0.04024 lr=9.07e-05
[02:14:11]     train step 1200/4000 loss=0.03285 lr=8.53e-05
[02:14:17]     train step 1400/4000 loss=0.02701 lr=7.90e-05
[02:14:23]     train step 1600/4000 loss=0.02318 lr=7.19e-05
[02:14:29]     train step 1800/4000 loss=0.01965 lr=6.42e-05
[02:14:35]     train step 2000/4000 loss=0.01720 lr=5.62e-05
[02:14:40]     train step 2200/4000 loss=0.01543 lr=4.80e-05
[02:14:46]     train step 2400/4000 loss=0.01341 lr=3.99e-05
[02:14:52]     train step 2600/4000 loss=0.01184 lr=3.20e-05
[02:14:58]     train step 2800/4000 loss=0.01113 lr=2.48e-05
[02:15:04]     train step 3000/4000 loss=0.00982 lr=1.82e-05
[02:15:09]     train step 3200/4000 loss=0.00931 lr=1.26e-05
[02:15:15]     train step 3400/4000 loss=0.00863 lr=8.08e-06
[02:15:21]     train step 3600/4000 loss=0.00834 lr=4.74e-06
[02:15:27]     train step 3800/4000 loss=0.00812 lr=2.69e-06
[02:15:33]     train step 4000/4000 loss=0.00801 lr=2.00e-06
[02:15:46]   [calibrate] threshold(alpha=0.99)=0.01531 over 1940 samples (median=0.00794)
[02:17:37]   [eval] pure-policy success=1.000 mean_len=48 (fixed 100-ep set)
[02:18:30]   [screen] 1/40 failures found
[02:18:31]   [collect a0] mode=select choice=random_alloc cited=[3000403] success=True len=21
[02:18:31] 
===== DISTIL Round 11 | dataset=13 trajs =====
[02:18:31]   [train] 13 trajs, 506 windows, state_dim=23 act_dim=7 params=4.26M steps=4000
[02:18:38]     train step 200/4000 loss=0.60105 lr=8.00e-05
[02:18:43]     train step 400/4000 loss=0.23233 lr=9.96e-05
[02:18:49]     train step 600/4000 loss=0.08524 lr=9.79e-05
[02:18:55]     train step 800/4000 loss=0.05255 lr=9.49e-05
[02:19:01]     train step 1000/4000 loss=0.03911 lr=9.07e-05
[02:19:07]     train step 1200/4000 loss=0.03131 lr=8.53e-05
[02:19:13]     train step 1400/4000 loss=0.02553 lr=7.90e-05
[02:19:19]     train step 1600/4000 loss=0.02184 lr=7.19e-05
[02:19:24]     train step 1800/4000 loss=0.01881 lr=6.42e-05
[02:19:30]     train step 2000/4000 loss=0.01631 lr=5.62e-05
[02:19:36]     train step 2200/4000 loss=0.01434 lr=4.80e-05
[02:19:42]     train step 2400/4000 loss=0.01260 lr=3.99e-05
[02:19:48]     train step 2600/4000 loss=0.01130 lr=3.20e-05
[02:19:54]     train step 2800/4000 loss=0.01046 lr=2.48e-05
[02:19:59]     train step 3000/4000 loss=0.00942 lr=1.82e-05
[02:20:05]     train step 3200/4000 loss=0.00899 lr=1.26e-05
[02:20:11]     train step 3400/4000 loss=0.00837 lr=8.08e-06
[02:20:17]     train step 3600/4000 loss=0.00811 lr=4.74e-06
[02:20:23]     train step 3800/4000 loss=0.00800 lr=2.69e-06
[02:20:29]     train step 4000/4000 loss=0.00780 lr=2.00e-06
[02:20:42]   [calibrate] threshold(alpha=0.99)=0.02077 over 2024 samples (median=0.00779)
[02:22:42]   [eval] pure-policy success=0.980 mean_len=52 (fixed 100-ep set)
[02:23:26]   [screen] 0/40 failures found
[02:23:26]   [screen] no usable failures — budget-free, next round (1/4 toward saturation stop)
[02:23:26] 
===== DISTIL Round 12 | dataset=13 trajs =====
[02:23:26]   [train] 13 trajs, 506 windows, state_dim=23 act_dim=7 params=4.26M steps=4000
[02:23:32]     train step 200/4000 loss=0.59101 lr=8.00e-05
[02:23:38]     train step 400/4000 loss=0.20813 lr=9.96e-05
[02:23:44]     train step 600/4000 loss=0.07670 lr=9.79e-05
[02:23:49]     train step 800/4000 loss=0.04858 lr=9.49e-05
[02:23:55]     train step 1000/4000 loss=0.03733 lr=9.07e-05
[02:24:01]     train step 1200/4000 loss=0.02975 lr=8.53e-05
[02:24:07]     train step 1400/4000 loss=0.02423 lr=7.90e-05
[02:24:13]     train step 1600/4000 loss=0.02059 lr=7.19e-05
[02:24:19]     train step 1800/4000 loss=0.01762 lr=6.42e-05
[02:24:24]     train step 2000/4000 loss=0.01559 lr=5.62e-05
[02:24:30]     train step 2200/4000 loss=0.01341 lr=4.80e-05
[02:24:36]     train step 2400/4000 loss=0.01164 lr=3.99e-05
[02:24:42]     train step 2600/4000 loss=0.01033 lr=3.20e-05
[02:24:48]     train step 2800/4000 loss=0.00949 lr=2.48e-05
[02:24:54]     train step 3000/4000 loss=0.00876 lr=1.82e-05
[02:24:59]     train step 3200/4000 loss=0.00805 lr=1.26e-05
[02:25:05]     train step 3400/4000 loss=0.00772 lr=8.08e-06
[02:25:11]     train step 3600/4000 loss=0.00730 lr=4.74e-06
[02:25:17]     train step 3800/4000 loss=0.00722 lr=2.69e-06
[02:25:23]     train step 4000/4000 loss=0.00713 lr=2.00e-06
[02:25:36]   [calibrate] threshold(alpha=0.99)=0.01782 over 2024 samples (median=0.00695)
[02:27:43]   [eval] pure-policy success=0.960 mean_len=55 (fixed 100-ep set)
[02:28:32]   [screen] 1/40 failures found
[02:28:33]   [collect a0] mode=select choice=random_alloc cited=[3000515] success=True len=32
[02:28:33] 
===== DISTIL Round 13 | dataset=14 trajs =====
[02:28:33]   [train] 14 trajs, 538 windows, state_dim=23 act_dim=7 params=4.26M steps=4000
[02:28:39]     train step 200/4000 loss=0.59682 lr=8.00e-05
[02:28:44]     train step 400/4000 loss=0.22922 lr=9.96e-05
[02:28:50]     train step 600/4000 loss=0.07956 lr=9.79e-05
[02:28:56]     train step 800/4000 loss=0.04987 lr=9.49e-05
[02:29:02]     train step 1000/4000 loss=0.03789 lr=9.07e-05
[02:29:08]     train step 1200/4000 loss=0.03045 lr=8.53e-05
[02:29:14]     train step 1400/4000 loss=0.02579 lr=7.90e-05
[02:29:19]     train step 1600/4000 loss=0.02245 lr=7.19e-05
[02:29:25]     train step 1800/4000 loss=0.01949 lr=6.42e-05
[02:29:31]     train step 2000/4000 loss=0.01667 lr=5.62e-05
[02:29:37]     train step 2200/4000 loss=0.01492 lr=4.80e-05
[02:29:43]     train step 2400/4000 loss=0.01339 lr=3.99e-05
[02:29:49]     train step 2600/4000 loss=0.01221 lr=3.20e-05
[02:29:54]     train step 2800/4000 loss=0.01110 lr=2.48e-05
[02:30:00]     train step 3000/4000 loss=0.00995 lr=1.82e-05
[02:30:06]     train step 3200/4000 loss=0.00922 lr=1.26e-05
[02:30:12]     train step 3400/4000 loss=0.00873 lr=8.08e-06
[02:30:18]     train step 3600/4000 loss=0.00839 lr=4.74e-06
[02:30:24]     train step 3800/4000 loss=0.00821 lr=2.69e-06
[02:30:29]     train step 4000/4000 loss=0.00808 lr=2.00e-06
[02:30:44]   [calibrate] threshold(alpha=0.99)=0.02139 over 2152 samples (median=0.00796)
[02:32:36]   [eval] pure-policy success=0.990 mean_len=49 (fixed 100-ep set)
[02:33:21]   [screen] 0/40 failures found
[02:33:21]   [screen] no usable failures — budget-free, next round (1/4 toward saturation stop)
[02:33:21] 
===== DISTIL Round 14 | dataset=14 trajs =====
[02:33:21]   [train] 14 trajs, 538 windows, state_dim=23 act_dim=7 params=4.26M steps=4000
[02:33:27]     train step 200/4000 loss=0.58583 lr=8.00e-05
[02:33:33]     train step 400/4000 loss=0.22522 lr=9.96e-05
[02:33:38]     train step 600/4000 loss=0.08357 lr=9.79e-05
[02:33:44]     train step 800/4000 loss=0.05181 lr=9.49e-05
[02:33:50]     train step 1000/4000 loss=0.03818 lr=9.07e-05
[02:33:56]     train step 1200/4000 loss=0.03022 lr=8.53e-05
[02:34:02]     train step 1400/4000 loss=0.02424 lr=7.90e-05
[02:34:07]     train step 1600/4000 loss=0.02140 lr=7.19e-05
[02:34:13]     train step 1800/4000 loss=0.01802 lr=6.42e-05
[02:34:19]     train step 2000/4000 loss=0.01537 lr=5.62e-05
[02:34:25]     train step 2200/4000 loss=0.01369 lr=4.80e-05
[02:34:31]     train step 2400/4000 loss=0.01162 lr=3.99e-05
[02:34:37]     train step 2600/4000 loss=0.01075 lr=3.20e-05
[02:34:42]     train step 2800/4000 loss=0.00944 lr=2.48e-05
[02:34:48]     train step 3000/4000 loss=0.00858 lr=1.82e-05
[02:34:54]     train step 3200/4000 loss=0.00797 lr=1.26e-05
[02:35:00]     train step 3400/4000 loss=0.00746 lr=8.08e-06
[02:35:06]     train step 3600/4000 loss=0.00717 lr=4.74e-06
[02:35:11]     train step 3800/4000 loss=0.00698 lr=2.69e-06
[02:35:17]     train step 4000/4000 loss=0.00692 lr=2.00e-06
[02:35:32]   [calibrate] threshold(alpha=0.99)=0.02026 over 2152 samples (median=0.00664)
[02:37:30]   [eval] pure-policy success=0.980 mean_len=52 (fixed 100-ep set)
[02:38:18]   [screen] 0/40 failures found
[02:38:18]   [screen] no usable failures — budget-free, next round (2/4 toward saturation stop)
[02:38:18] 
===== DISTIL Round 15 | dataset=14 trajs =====
[02:38:18]   [train] 14 trajs, 538 windows, state_dim=23 act_dim=7 params=4.26M steps=4000
[02:38:24]     train step 200/4000 loss=0.58328 lr=8.00e-05
[02:38:30]     train step 400/4000 loss=0.22880 lr=9.96e-05
[02:38:35]     train step 600/4000 loss=0.08360 lr=9.79e-05
[02:38:41]     train step 800/4000 loss=0.05248 lr=9.49e-05
[02:38:47]     train step 1000/4000 loss=0.03890 lr=9.07e-05
[02:38:53]     train step 1200/4000 loss=0.03092 lr=8.53e-05
[02:38:59]     train step 1400/4000 loss=0.02593 lr=7.90e-05
[02:39:04]     train step 1600/4000 loss=0.02217 lr=7.19e-05
[02:39:10]     train step 1800/4000 loss=0.01953 lr=6.42e-05
[02:39:16]     train step 2000/4000 loss=0.01730 lr=5.62e-05
[02:39:22]     train step 2200/4000 loss=0.01520 lr=4.80e-05
[02:39:28]     train step 2400/4000 loss=0.01386 lr=3.99e-05
[02:39:33]     train step 2600/4000 loss=0.01257 lr=3.20e-05
[02:39:39]     train step 2800/4000 loss=0.01124 lr=2.48e-05
[02:39:45]     train step 3000/4000 loss=0.01071 lr=1.82e-05
[02:39:51]     train step 3200/4000 loss=0.00969 lr=1.26e-05
[02:39:57]     train step 3400/4000 loss=0.00926 lr=8.08e-06
[02:40:03]     train step 3600/4000 loss=0.00893 lr=4.74e-06
[02:40:08]     train step 3800/4000 loss=0.00873 lr=2.69e-06
[02:40:14]     train step 4000/4000 loss=0.00851 lr=2.00e-06
[02:40:28]   [calibrate] threshold(alpha=0.99)=0.02431 over 2152 samples (median=0.00845)
[02:42:21]   [eval] pure-policy success=0.990 mean_len=49 (fixed 100-ep set)
[02:43:05]   [screen] 0/40 failures found
[02:43:05]   [screen] no usable failures — budget-free, next round (3/4 toward saturation stop)
[02:43:05] 
===== DISTIL Round 16 | dataset=14 trajs =====
[02:43:05]   [train] 14 trajs, 538 windows, state_dim=23 act_dim=7 params=4.26M steps=4000
[02:43:11]     train step 200/4000 loss=0.56399 lr=8.00e-05
[02:43:17]     train step 400/4000 loss=0.20489 lr=9.96e-05
[02:43:23]     train step 600/4000 loss=0.07784 lr=9.79e-05
[02:43:28]     train step 800/4000 loss=0.04910 lr=9.49e-05
[02:43:34]     train step 1000/4000 loss=0.03546 lr=9.07e-05
[02:43:40]     train step 1200/4000 loss=0.02897 lr=8.53e-05
[02:43:46]     train step 1400/4000 loss=0.02427 lr=7.90e-05
[02:43:52]     train step 1600/4000 loss=0.02069 lr=7.19e-05
[02:43:58]     train step 1800/4000 loss=0.01837 lr=6.42e-05
[02:44:03]     train step 2000/4000 loss=0.01628 lr=5.62e-05
[02:44:09]     train step 2200/4000 loss=0.01419 lr=4.80e-05
[02:44:15]     train step 2400/4000 loss=0.01282 lr=3.99e-05
[02:44:21]     train step 2600/4000 loss=0.01168 lr=3.20e-05
[02:44:27]     train step 2800/4000 loss=0.01062 lr=2.48e-05
[02:44:32]     train step 3000/4000 loss=0.00977 lr=1.82e-05
[02:44:38]     train step 3200/4000 loss=0.00913 lr=1.26e-05
[02:44:44]     train step 3400/4000 loss=0.00867 lr=8.08e-06
[02:44:50]     train step 3600/4000 loss=0.00828 lr=4.74e-06
[02:44:56]     train step 3800/4000 loss=0.00808 lr=2.69e-06
[02:45:02]     train step 4000/4000 loss=0.00802 lr=2.00e-06
[02:45:16]   [calibrate] threshold(alpha=0.99)=0.01857 over 2152 samples (median=0.00779)
[02:47:10]   [eval] pure-policy success=0.990 mean_len=50 (fixed 100-ep set)
[02:47:55]   [screen] 0/40 failures found
[02:47:56]   [screen] no usable failures for 4 consecutive rounds -> saturated (sr=0.990); stopping early
[02:47:56] 
[FINAL] DISTIL pure-policy success=0.99 | demos=14 (last frozen held-out eval)
[02:47:56] DONE in 5450.3s | final_success=0.99
[02:47:56] [write] /weka/s226137394/DmNfull/distil/results/Lift/state/allocation_random/seed5/result.json
