[15:26:06] [env] loaded /weka/s226137394/DmNfull/.env
[15:26:08] ===== DISTIL | task=Lift modality=state ablation=safe seed=5 budget=20 smoke=False device=cuda =====
[15:26:09] [bootstrap] loaded 8 shared demos from /weka/s226137394/DmNfull/distil/results/shared_bootstrap/Lift_state/Lift_state_ni8.pkl
[15:26:11] 
===== safe Round 0 | dataset=8 =====
[15:26:16]     train step 200/8000 loss=0.59670 lr=8.00e-05
[15:26:20]     train step 400/8000 loss=0.23635 lr=9.99e-05
[15:26:24]     train step 600/8000 loss=0.08613 lr=9.95e-05
[15:26:28]     train step 800/8000 loss=0.05479 lr=9.88e-05
[15:26:32]     train step 1000/8000 loss=0.04094 lr=9.78e-05
[15:26:36]     train step 1200/8000 loss=0.03247 lr=9.64e-05
[15:26:40]     train step 1400/8000 loss=0.02633 lr=9.48e-05
[15:26:44]     train step 1600/8000 loss=0.02312 lr=9.29e-05
[15:26:48]     train step 1800/8000 loss=0.01953 lr=9.07e-05
[15:26:52]     train step 2000/8000 loss=0.01632 lr=8.82e-05
[15:26:57]     train step 2200/8000 loss=0.01459 lr=8.55e-05
[15:27:01]     train step 2400/8000 loss=0.01337 lr=8.26e-05
[15:27:05]     train step 2600/8000 loss=0.01156 lr=7.94e-05
[15:27:09]     train step 2800/8000 loss=0.01011 lr=7.61e-05
[15:27:13]     train step 3000/8000 loss=0.00894 lr=7.26e-05
[15:27:17]     train step 3200/8000 loss=0.00809 lr=6.90e-05
[15:27:20]     train step 3400/8000 loss=0.00713 lr=6.52e-05
[15:27:24]     train step 3600/8000 loss=0.00641 lr=6.14e-05
[15:27:28]     train step 3800/8000 loss=0.00559 lr=5.75e-05
[15:27:32]     train step 4000/8000 loss=0.00533 lr=5.35e-05
[15:27:36]     train step 4200/8000 loss=0.00476 lr=4.95e-05
[15:27:41]     train step 4400/8000 loss=0.00437 lr=4.56e-05
[15:27:45]     train step 4600/8000 loss=0.00407 lr=4.16e-05
[15:27:49]     train step 4800/8000 loss=0.00378 lr=3.78e-05
[15:27:53]     train step 5000/8000 loss=0.00341 lr=3.40e-05
[15:27:57]     train step 5200/8000 loss=0.00316 lr=3.03e-05
[15:28:01]     train step 5400/8000 loss=0.00300 lr=2.68e-05
[15:28:05]     train step 5600/8000 loss=0.00298 lr=2.34e-05
[15:28:09]     train step 5800/8000 loss=0.00284 lr=2.02e-05
[15:28:13]     train step 6000/8000 loss=0.00265 lr=1.73e-05
[15:28:17]     train step 6200/8000 loss=0.00257 lr=1.45e-05
[15:28:21]     train step 6400/8000 loss=0.00246 lr=1.20e-05
[15:28:25]     train step 6600/8000 loss=0.00238 lr=9.69e-06
[15:28:29]     train step 6800/8000 loss=0.00230 lr=7.69e-06
[15:28:33]     train step 7000/8000 loss=0.00225 lr=5.98e-06
[15:28:37]     train step 7200/8000 loss=0.00220 lr=4.56e-06
[15:28:41]     train step 7400/8000 loss=0.00219 lr=3.45e-06
[15:28:45]     train step 7600/8000 loss=0.00214 lr=2.65e-06
[15:28:49]     train step 7800/8000 loss=0.00215 lr=2.16e-06
[15:28:53]     train step 8000/8000 loss=0.00212 lr=2.00e-06
[15:32:21]   [eval] SR=0.660
[15:32:21]   [safe] intervention at t=0 (rollout 0) len=47
[15:32:21] 
===== safe Round 1 | dataset=9 =====
[15:32:26]     train step 200/4000 loss=0.59452 lr=8.00e-05
[15:32:30]     train step 400/4000 loss=0.22405 lr=9.96e-05
[15:32:34]     train step 600/4000 loss=0.08439 lr=9.79e-05
[15:32:38]     train step 800/4000 loss=0.05296 lr=9.49e-05
[15:32:42]     train step 1000/4000 loss=0.03870 lr=9.07e-05
[15:32:46]     train step 1200/4000 loss=0.03061 lr=8.53e-05
[15:32:50]     train step 1400/4000 loss=0.02460 lr=7.90e-05
[15:32:54]     train step 1600/4000 loss=0.02109 lr=7.19e-05
[15:32:58]     train step 1800/4000 loss=0.01802 lr=6.42e-05
[15:33:02]     train step 2000/4000 loss=0.01597 lr=5.62e-05
[15:33:06]     train step 2200/4000 loss=0.01340 lr=4.80e-05
[15:33:10]     train step 2400/4000 loss=0.01170 lr=3.99e-05
[15:33:14]     train step 2600/4000 loss=0.01058 lr=3.20e-05
[15:33:18]     train step 2800/4000 loss=0.00958 lr=2.48e-05
[15:33:23]     train step 3000/4000 loss=0.00891 lr=1.82e-05
[15:33:27]     train step 3200/4000 loss=0.00806 lr=1.26e-05
[15:33:31]     train step 3400/4000 loss=0.00767 lr=8.08e-06
[15:33:35]     train step 3600/4000 loss=0.00727 lr=4.74e-06
[15:33:39]     train step 3800/4000 loss=0.00717 lr=2.69e-06
[15:33:43]     train step 4000/4000 loss=0.00706 lr=2.00e-06
[15:36:07]   [eval] SR=0.820
[15:36:07]   [safe] intervention at t=0 (rollout 0) len=43
[15:36:08] 
===== safe Round 2 | dataset=10 =====
[15:36:12]     train step 200/4000 loss=0.59819 lr=8.00e-05
[15:36:16]     train step 400/4000 loss=0.22249 lr=9.96e-05
[15:36:20]     train step 600/4000 loss=0.08074 lr=9.79e-05
[15:36:24]     train step 800/4000 loss=0.05225 lr=9.49e-05
[15:36:29]     train step 1000/4000 loss=0.03771 lr=9.07e-05
[15:36:33]     train step 1200/4000 loss=0.03086 lr=8.53e-05
[15:36:37]     train step 1400/4000 loss=0.02519 lr=7.90e-05
[15:36:41]     train step 1600/4000 loss=0.02135 lr=7.19e-05
[15:36:45]     train step 1800/4000 loss=0.01829 lr=6.42e-05
[15:36:49]     train step 2000/4000 loss=0.01568 lr=5.62e-05
[15:36:53]     train step 2200/4000 loss=0.01371 lr=4.80e-05
[15:36:57]     train step 2400/4000 loss=0.01205 lr=3.99e-05
[15:37:02]     train step 2600/4000 loss=0.01073 lr=3.20e-05
[15:37:06]     train step 2800/4000 loss=0.00980 lr=2.48e-05
[15:37:10]     train step 3000/4000 loss=0.00903 lr=1.82e-05
[15:37:14]     train step 3200/4000 loss=0.00831 lr=1.26e-05
[15:37:18]     train step 3400/4000 loss=0.00793 lr=8.08e-06
[15:37:22]     train step 3600/4000 loss=0.00759 lr=4.74e-06
[15:37:26]     train step 3800/4000 loss=0.00743 lr=2.69e-06
[15:37:31]     train step 4000/4000 loss=0.00732 lr=2.00e-06
[15:39:26]   [eval] SR=0.900
[15:39:26]   [safe] intervention at t=0 (rollout 0) len=45
[15:39:26] 
===== safe Round 3 | dataset=11 =====
[15:39:31]     train step 200/4000 loss=0.59778 lr=8.00e-05
[15:39:35]     train step 400/4000 loss=0.22049 lr=9.96e-05
[15:39:39]     train step 600/4000 loss=0.08202 lr=9.79e-05
[15:39:43]     train step 800/4000 loss=0.05245 lr=9.49e-05
[15:39:47]     train step 1000/4000 loss=0.03779 lr=9.07e-05
[15:39:51]     train step 1200/4000 loss=0.03012 lr=8.53e-05
[15:39:56]     train step 1400/4000 loss=0.02470 lr=7.90e-05
[15:40:00]     train step 1600/4000 loss=0.02079 lr=7.19e-05
[15:40:04]     train step 1800/4000 loss=0.01790 lr=6.42e-05
[15:40:08]     train step 2000/4000 loss=0.01526 lr=5.62e-05
[15:40:12]     train step 2200/4000 loss=0.01358 lr=4.80e-05
[15:40:17]     train step 2400/4000 loss=0.01176 lr=3.99e-05
[15:40:21]     train step 2600/4000 loss=0.01075 lr=3.20e-05
[15:40:25]     train step 2800/4000 loss=0.00990 lr=2.48e-05
[15:40:29]     train step 3000/4000 loss=0.00903 lr=1.82e-05
[15:40:33]     train step 3200/4000 loss=0.00831 lr=1.26e-05
[15:40:37]     train step 3400/4000 loss=0.00785 lr=8.08e-06
[15:40:42]     train step 3600/4000 loss=0.00758 lr=4.74e-06
[15:40:46]     train step 3800/4000 loss=0.00745 lr=2.69e-06
[15:40:50]     train step 4000/4000 loss=0.00731 lr=2.00e-06
[15:42:15]   [eval] SR=0.990
[15:42:16]   [safe] intervention at t=3 (rollout 0) len=41
[15:42:16] 
===== safe Round 4 | dataset=12 =====
[15:42:21]     train step 200/4000 loss=0.59730 lr=8.00e-05
[15:42:25]     train step 400/4000 loss=0.21426 lr=9.96e-05
[15:42:29]     train step 600/4000 loss=0.08175 lr=9.79e-05
[15:42:33]     train step 800/4000 loss=0.05301 lr=9.49e-05
[15:42:37]     train step 1000/4000 loss=0.03825 lr=9.07e-05
[15:42:42]     train step 1200/4000 loss=0.03084 lr=8.53e-05
[15:42:46]     train step 1400/4000 loss=0.02522 lr=7.90e-05
[15:42:50]     train step 1600/4000 loss=0.02163 lr=7.19e-05
[15:42:54]     train step 1800/4000 loss=0.01868 lr=6.42e-05
[15:42:58]     train step 2000/4000 loss=0.01603 lr=5.62e-05
[15:43:02]     train step 2200/4000 loss=0.01444 lr=4.80e-05
[15:43:06]     train step 2400/4000 loss=0.01282 lr=3.99e-05
[15:43:11]     train step 2600/4000 loss=0.01142 lr=3.20e-05
[15:43:15]     train step 2800/4000 loss=0.01037 lr=2.48e-05
[15:43:19]     train step 3000/4000 loss=0.00940 lr=1.82e-05
[15:43:23]     train step 3200/4000 loss=0.00875 lr=1.26e-05
[15:43:27]     train step 3400/4000 loss=0.00836 lr=8.08e-06
[15:43:31]     train step 3600/4000 loss=0.00807 lr=4.74e-06
[15:43:36]     train step 3800/4000 loss=0.00785 lr=2.69e-06
[15:43:40]     train step 4000/4000 loss=0.00770 lr=2.00e-06
[15:45:05]   [eval] SR=0.980
[15:45:06]   [safe] intervention at t=3 (rollout 0) len=44
[15:45:06] 
===== safe Round 5 | dataset=13 =====
[15:45:10]     train step 200/4000 loss=0.59753 lr=8.00e-05
[15:45:14]     train step 400/4000 loss=0.21531 lr=9.96e-05
[15:45:18]     train step 600/4000 loss=0.08054 lr=9.79e-05
[15:45:23]     train step 800/4000 loss=0.05245 lr=9.49e-05
[15:45:27]     train step 1000/4000 loss=0.03843 lr=9.07e-05
[15:45:31]     train step 1200/4000 loss=0.03164 lr=8.53e-05
[15:45:35]     train step 1400/4000 loss=0.02536 lr=7.90e-05
[15:45:39]     train step 1600/4000 loss=0.02228 lr=7.19e-05
[15:45:44]     train step 1800/4000 loss=0.01924 lr=6.42e-05
[15:45:48]     train step 2000/4000 loss=0.01625 lr=5.62e-05
[15:45:52]     train step 2200/4000 loss=0.01442 lr=4.80e-05
[15:45:56]     train step 2400/4000 loss=0.01288 lr=3.99e-05
[15:46:00]     train step 2600/4000 loss=0.01151 lr=3.20e-05
[15:46:04]     train step 2800/4000 loss=0.01021 lr=2.48e-05
[15:46:09]     train step 3000/4000 loss=0.00933 lr=1.82e-05
[15:46:13]     train step 3200/4000 loss=0.00869 lr=1.26e-05
[15:46:17]     train step 3400/4000 loss=0.00832 lr=8.08e-06
[15:46:21]     train step 3600/4000 loss=0.00801 lr=4.74e-06
[15:46:25]     train step 3800/4000 loss=0.00783 lr=2.69e-06
[15:46:29]     train step 4000/4000 loss=0.00768 lr=2.00e-06
[15:47:47]   [eval] SR=1.000
[15:47:48]   [safe] intervention at t=1 (rollout 0) len=42
[15:47:48] 
===== safe Round 6 | dataset=14 =====
[15:47:52]     train step 200/4000 loss=0.59908 lr=8.00e-05
[15:47:56]     train step 400/4000 loss=0.21652 lr=9.96e-05
[15:48:00]     train step 600/4000 loss=0.08207 lr=9.79e-05
[15:48:04]     train step 800/4000 loss=0.05374 lr=9.49e-05
[15:48:09]     train step 1000/4000 loss=0.04035 lr=9.07e-05
[15:48:13]     train step 1200/4000 loss=0.03174 lr=8.53e-05
[15:48:17]     train step 1400/4000 loss=0.02560 lr=7.90e-05
[15:48:21]     train step 1600/4000 loss=0.02194 lr=7.19e-05
[15:48:25]     train step 1800/4000 loss=0.01917 lr=6.42e-05
[15:48:30]     train step 2000/4000 loss=0.01669 lr=5.62e-05
[15:48:34]     train step 2200/4000 loss=0.01451 lr=4.80e-05
[15:48:38]     train step 2400/4000 loss=0.01292 lr=3.99e-05
[15:48:42]     train step 2600/4000 loss=0.01147 lr=3.20e-05
[15:48:46]     train step 2800/4000 loss=0.01041 lr=2.48e-05
[15:48:50]     train step 3000/4000 loss=0.00969 lr=1.82e-05
[15:48:55]     train step 3200/4000 loss=0.00884 lr=1.26e-05
[15:48:59]     train step 3400/4000 loss=0.00844 lr=8.08e-06
[15:49:03]     train step 3600/4000 loss=0.00806 lr=4.74e-06
[15:49:07]     train step 3800/4000 loss=0.00795 lr=2.69e-06
[15:49:11]     train step 4000/4000 loss=0.00781 lr=2.00e-06
[15:50:31]   [eval] SR=1.000
[15:50:32]   [safe] intervention at t=3 (rollout 0) len=42
[15:50:32] 
===== safe Round 7 | dataset=15 =====
[15:50:36]     train step 200/4000 loss=0.59884 lr=8.00e-05
[15:50:40]     train step 400/4000 loss=0.21658 lr=9.96e-05
[15:50:45]     train step 600/4000 loss=0.08253 lr=9.79e-05
[15:50:49]     train step 800/4000 loss=0.05445 lr=9.49e-05
[15:50:53]     train step 1000/4000 loss=0.04001 lr=9.07e-05
[15:50:57]     train step 1200/4000 loss=0.03163 lr=8.53e-05
[15:51:01]     train step 1400/4000 loss=0.02721 lr=7.90e-05
[15:51:06]     train step 1600/4000 loss=0.02293 lr=7.19e-05
[15:51:10]     train step 1800/4000 loss=0.02029 lr=6.42e-05
[15:51:14]     train step 2000/4000 loss=0.01796 lr=5.62e-05
[15:51:18]     train step 2200/4000 loss=0.01585 lr=4.80e-05
[15:51:22]     train step 2400/4000 loss=0.01419 lr=3.99e-05
[15:51:26]     train step 2600/4000 loss=0.01276 lr=3.20e-05
[15:51:31]     train step 2800/4000 loss=0.01161 lr=2.48e-05
[15:51:35]     train step 3000/4000 loss=0.01072 lr=1.82e-05
[15:51:39]     train step 3200/4000 loss=0.01005 lr=1.26e-05
[15:51:43]     train step 3400/4000 loss=0.00956 lr=8.08e-06
[15:51:47]     train step 3600/4000 loss=0.00922 lr=4.74e-06
[15:51:51]     train step 3800/4000 loss=0.00905 lr=2.69e-06
[15:51:55]     train step 4000/4000 loss=0.00882 lr=2.00e-06
[15:53:17]   [eval] SR=0.990
[15:53:21]   [safe] intervention at t=24 (rollout 0) len=22
[15:53:21] 
===== safe Round 8 | dataset=16 =====
[15:53:25]     train step 200/4000 loss=0.59996 lr=8.00e-05
[15:53:29]     train step 400/4000 loss=0.21748 lr=9.96e-05
[15:53:33]     train step 600/4000 loss=0.08360 lr=9.79e-05
[15:53:38]     train step 800/4000 loss=0.05435 lr=9.49e-05
[15:53:42]     train step 1000/4000 loss=0.03890 lr=9.07e-05
[15:53:46]     train step 1200/4000 loss=0.03068 lr=8.53e-05
[15:53:50]     train step 1400/4000 loss=0.02531 lr=7.90e-05
[15:53:54]     train step 1600/4000 loss=0.02192 lr=7.19e-05
[15:53:58]     train step 1800/4000 loss=0.01911 lr=6.42e-05
[15:54:03]     train step 2000/4000 loss=0.01661 lr=5.62e-05
[15:54:07]     train step 2200/4000 loss=0.01522 lr=4.80e-05
[15:54:11]     train step 2400/4000 loss=0.01333 lr=3.99e-05
[15:54:15]     train step 2600/4000 loss=0.01220 lr=3.20e-05
[15:54:19]     train step 2800/4000 loss=0.01084 lr=2.48e-05
[15:54:23]     train step 3000/4000 loss=0.01007 lr=1.82e-05
[15:54:28]     train step 3200/4000 loss=0.00934 lr=1.26e-05
[15:54:32]     train step 3400/4000 loss=0.00884 lr=8.08e-06
[15:54:36]     train step 3600/4000 loss=0.00850 lr=4.74e-06
[15:54:40]     train step 3800/4000 loss=0.00836 lr=2.69e-06
[15:54:44]     train step 4000/4000 loss=0.00820 lr=2.00e-06
[15:56:02]   [eval] SR=1.000
[15:56:03]   [safe] intervention at t=3 (rollout 0) len=45
[15:56:03] 
===== safe Round 9 | dataset=17 =====
[15:56:07]     train step 200/4000 loss=0.59934 lr=8.00e-05
[15:56:11]     train step 400/4000 loss=0.21631 lr=9.96e-05
[15:56:15]     train step 600/4000 loss=0.08463 lr=9.79e-05
[15:56:19]     train step 800/4000 loss=0.05491 lr=9.49e-05
[15:56:24]     train step 1000/4000 loss=0.04006 lr=9.07e-05
[15:56:28]     train step 1200/4000 loss=0.03164 lr=8.53e-05
[15:56:32]     train step 1400/4000 loss=0.02606 lr=7.90e-05
[15:56:36]     train step 1600/4000 loss=0.02220 lr=7.19e-05
[15:56:40]     train step 1800/4000 loss=0.01994 lr=6.42e-05
[15:56:45]     train step 2000/4000 loss=0.01711 lr=5.62e-05
[15:56:49]     train step 2200/4000 loss=0.01517 lr=4.80e-05
[15:56:53]     train step 2400/4000 loss=0.01367 lr=3.99e-05
[15:56:57]     train step 2600/4000 loss=0.01210 lr=3.20e-05
[15:57:01]     train step 2800/4000 loss=0.01131 lr=2.48e-05
[15:57:05]     train step 3000/4000 loss=0.01027 lr=1.82e-05
[15:57:10]     train step 3200/4000 loss=0.00958 lr=1.26e-05
[15:57:14]     train step 3400/4000 loss=0.00913 lr=8.08e-06
[15:57:18]     train step 3600/4000 loss=0.00877 lr=4.74e-06
[15:57:22]     train step 3800/4000 loss=0.00865 lr=2.69e-06
[15:57:26]     train step 4000/4000 loss=0.00848 lr=2.00e-06
[15:58:43]   [eval] SR=1.000
[15:58:46]   [safe] intervention at t=24 (rollout 0) len=19
[15:58:46] 
===== safe Round 10 | dataset=18 =====
[15:58:51]     train step 200/4000 loss=0.60011 lr=8.00e-05
[15:58:55]     train step 400/4000 loss=0.21575 lr=9.96e-05
[15:58:59]     train step 600/4000 loss=0.08440 lr=9.79e-05
[15:59:03]     train step 800/4000 loss=0.05474 lr=9.49e-05
[15:59:07]     train step 1000/4000 loss=0.03987 lr=9.07e-05
[15:59:12]     train step 1200/4000 loss=0.03162 lr=8.53e-05
[15:59:16]     train step 1400/4000 loss=0.02627 lr=7.90e-05
[15:59:20]     train step 1600/4000 loss=0.02320 lr=7.19e-05
[15:59:24]     train step 1800/4000 loss=0.02040 lr=6.42e-05
[15:59:28]     train step 2000/4000 loss=0.01769 lr=5.62e-05
[15:59:33]     train step 2200/4000 loss=0.01602 lr=4.80e-05
[15:59:37]     train step 2400/4000 loss=0.01423 lr=3.99e-05
[15:59:41]     train step 2600/4000 loss=0.01320 lr=3.20e-05
[15:59:45]     train step 2800/4000 loss=0.01215 lr=2.48e-05
[15:59:49]     train step 3000/4000 loss=0.01104 lr=1.82e-05
[15:59:54]     train step 3200/4000 loss=0.01032 lr=1.26e-05
[15:59:58]     train step 3400/4000 loss=0.00980 lr=8.08e-06
[16:00:02]     train step 3600/4000 loss=0.00942 lr=4.74e-06
[16:00:06]     train step 3800/4000 loss=0.00928 lr=2.69e-06
[16:00:10]     train step 4000/4000 loss=0.00910 lr=2.00e-06
[16:01:35]   [eval] SR=0.980
[16:01:38]   [safe] intervention at t=13 (rollout 0) len=35
[16:01:38] 
===== safe Round 11 | dataset=19 =====
[16:01:42]     train step 200/4000 loss=0.59945 lr=8.00e-05
[16:01:46]     train step 400/4000 loss=0.21520 lr=9.96e-05
[16:01:50]     train step 600/4000 loss=0.08246 lr=9.79e-05
[16:01:54]     train step 800/4000 loss=0.05425 lr=9.49e-05
[16:01:59]     train step 1000/4000 loss=0.03990 lr=9.07e-05
[16:02:03]     train step 1200/4000 loss=0.03230 lr=8.53e-05
[16:02:07]     train step 1400/4000 loss=0.02639 lr=7.90e-05
[16:02:11]     train step 1600/4000 loss=0.02316 lr=7.19e-05
[16:02:15]     train step 1800/4000 loss=0.02006 lr=6.42e-05
[16:02:19]     train step 2000/4000 loss=0.01744 lr=5.62e-05
[16:02:23]     train step 2200/4000 loss=0.01579 lr=4.80e-05
[16:02:28]     train step 2400/4000 loss=0.01441 lr=3.99e-05
[16:02:32]     train step 2600/4000 loss=0.01312 lr=3.20e-05
[16:02:36]     train step 2800/4000 loss=0.01222 lr=2.48e-05
[16:02:40]     train step 3000/4000 loss=0.01107 lr=1.82e-05
[16:02:44]     train step 3200/4000 loss=0.01033 lr=1.26e-05
[16:02:48]     train step 3400/4000 loss=0.00988 lr=8.08e-06
[16:02:53]     train step 3600/4000 loss=0.00948 lr=4.74e-06
[16:02:57]     train step 3800/4000 loss=0.00931 lr=2.69e-06
[16:03:01]     train step 4000/4000 loss=0.00915 lr=2.00e-06
[16:04:20]   [eval] SR=1.000
[16:04:20]   [safe] intervention at t=0 (rollout 0) len=46
[16:04:20] 
===== safe Round 12 | dataset=20 =====
[16:04:24]     train step 200/4000 loss=0.59898 lr=8.00e-05
[16:04:29]     train step 400/4000 loss=0.21514 lr=9.96e-05
[16:04:33]     train step 600/4000 loss=0.08233 lr=9.79e-05
[16:04:37]     train step 800/4000 loss=0.05410 lr=9.49e-05
[16:04:41]     train step 1000/4000 loss=0.04099 lr=9.07e-05
[16:04:45]     train step 1200/4000 loss=0.03203 lr=8.53e-05
[16:04:49]     train step 1400/4000 loss=0.02617 lr=7.90e-05
[16:04:53]     train step 1600/4000 loss=0.02293 lr=7.19e-05
[16:04:58]     train step 1800/4000 loss=0.01993 lr=6.42e-05
[16:05:02]     train step 2000/4000 loss=0.01761 lr=5.62e-05
[16:05:06]     train step 2200/4000 loss=0.01566 lr=4.80e-05
[16:05:10]     train step 2400/4000 loss=0.01418 lr=3.99e-05
[16:05:14]     train step 2600/4000 loss=0.01266 lr=3.20e-05
[16:05:18]     train step 2800/4000 loss=0.01195 lr=2.48e-05
[16:05:22]     train step 3000/4000 loss=0.01087 lr=1.82e-05
[16:05:27]     train step 3200/4000 loss=0.01026 lr=1.26e-05
[16:05:31]     train step 3400/4000 loss=0.00975 lr=8.08e-06
[16:05:35]     train step 3600/4000 loss=0.00937 lr=4.74e-06
[16:05:39]     train step 3800/4000 loss=0.00926 lr=2.69e-06
[16:05:43]     train step 4000/4000 loss=0.00904 lr=2.00e-06
[16:07:03]   [eval] SR=0.990
[16:07:07]   [safe] intervention at t=26 (rollout 0) len=19
[16:07:07] 
===== safe Round 13 | dataset=21 =====
[16:07:11]     train step 200/4000 loss=0.59925 lr=8.00e-05
[16:07:15]     train step 400/4000 loss=0.21716 lr=9.96e-05
[16:07:19]     train step 600/4000 loss=0.08400 lr=9.79e-05
[16:07:24]     train step 800/4000 loss=0.05396 lr=9.49e-05
[16:07:28]     train step 1000/4000 loss=0.03945 lr=9.07e-05
[16:07:32]     train step 1200/4000 loss=0.03147 lr=8.53e-05
[16:07:36]     train step 1400/4000 loss=0.02686 lr=7.90e-05
[16:07:40]     train step 1600/4000 loss=0.02313 lr=7.19e-05
[16:07:44]     train step 1800/4000 loss=0.02004 lr=6.42e-05
[16:07:49]     train step 2000/4000 loss=0.01759 lr=5.62e-05
[16:07:53]     train step 2200/4000 loss=0.01637 lr=4.80e-05
[16:07:57]     train step 2400/4000 loss=0.01416 lr=3.99e-05
[16:08:01]     train step 2600/4000 loss=0.01300 lr=3.20e-05
[16:08:05]     train step 2800/4000 loss=0.01185 lr=2.48e-05
[16:08:09]     train step 3000/4000 loss=0.01086 lr=1.82e-05
[16:08:13]     train step 3200/4000 loss=0.01027 lr=1.26e-05
[16:08:18]     train step 3400/4000 loss=0.00968 lr=8.08e-06
[16:08:22]     train step 3600/4000 loss=0.00928 lr=4.74e-06
[16:08:26]     train step 3800/4000 loss=0.00919 lr=2.69e-06
[16:08:30]     train step 4000/4000 loss=0.00903 lr=2.00e-06
[16:09:51]   [eval] SR=0.990
[16:09:51]   [safe] intervention at t=0 (rollout 0) len=44
[16:09:51] 
===== safe Round 14 | dataset=22 =====
[16:09:55]     train step 200/4000 loss=0.59878 lr=8.00e-05
[16:10:00]     train step 400/4000 loss=0.21405 lr=9.96e-05
[16:10:04]     train step 600/4000 loss=0.08234 lr=9.79e-05
[16:10:08]     train step 800/4000 loss=0.05522 lr=9.49e-05
[16:10:12]     train step 1000/4000 loss=0.04066 lr=9.07e-05
[16:10:16]     train step 1200/4000 loss=0.03251 lr=8.53e-05
[16:10:20]     train step 1400/4000 loss=0.02702 lr=7.90e-05
[16:10:24]     train step 1600/4000 loss=0.02312 lr=7.19e-05
[16:10:29]     train step 1800/4000 loss=0.01990 lr=6.42e-05
[16:10:33]     train step 2000/4000 loss=0.01746 lr=5.62e-05
[16:10:37]     train step 2200/4000 loss=0.01581 lr=4.80e-05
[16:10:41]     train step 2400/4000 loss=0.01445 lr=3.99e-05
[16:10:45]     train step 2600/4000 loss=0.01294 lr=3.20e-05
[16:10:49]     train step 2800/4000 loss=0.01200 lr=2.48e-05
[16:10:53]     train step 3000/4000 loss=0.01112 lr=1.82e-05
[16:10:58]     train step 3200/4000 loss=0.01025 lr=1.26e-05
[16:11:02]     train step 3400/4000 loss=0.00986 lr=8.08e-06
[16:11:06]     train step 3600/4000 loss=0.00937 lr=4.74e-06
[16:11:10]     train step 3800/4000 loss=0.00925 lr=2.69e-06
[16:11:14]     train step 4000/4000 loss=0.00912 lr=2.00e-06
[16:12:30]   [eval] SR=1.000
[16:12:32]   [safe] intervention at t=12 (rollout 0) len=30
[16:12:32] 
===== safe Round 15 | dataset=23 =====
[16:12:36]     train step 200/4000 loss=0.59915 lr=8.00e-05
[16:12:41]     train step 400/4000 loss=0.21535 lr=9.96e-05
[16:12:45]     train step 600/4000 loss=0.08508 lr=9.79e-05
[16:12:49]     train step 800/4000 loss=0.05714 lr=9.49e-05
[16:12:53]     train step 1000/4000 loss=0.04146 lr=9.07e-05
[16:12:57]     train step 1200/4000 loss=0.03267 lr=8.53e-05
[16:13:01]     train step 1400/4000 loss=0.02741 lr=7.90e-05
[16:13:05]     train step 1600/4000 loss=0.02334 lr=7.19e-05
[16:13:10]     train step 1800/4000 loss=0.02058 lr=6.42e-05
[16:13:14]     train step 2000/4000 loss=0.01797 lr=5.62e-05
[16:13:18]     train step 2200/4000 loss=0.01616 lr=4.80e-05
[16:13:22]     train step 2400/4000 loss=0.01461 lr=3.99e-05
[16:13:26]     train step 2600/4000 loss=0.01287 lr=3.20e-05
[16:13:30]     train step 2800/4000 loss=0.01198 lr=2.48e-05
[16:13:35]     train step 3000/4000 loss=0.01100 lr=1.82e-05
[16:13:39]     train step 3200/4000 loss=0.01022 lr=1.26e-05
[16:13:43]     train step 3400/4000 loss=0.00974 lr=8.08e-06
[16:13:47]     train step 3600/4000 loss=0.00932 lr=4.74e-06
[16:13:51]     train step 3800/4000 loss=0.00914 lr=2.69e-06
[16:13:56]     train step 4000/4000 loss=0.00900 lr=2.00e-06
[16:15:12]   [eval] SR=1.000
[16:15:12]   [safe] intervention at t=0 (rollout 0) len=45
[16:15:12] 
===== safe Round 16 | dataset=24 =====
[16:15:16]     train step 200/4000 loss=0.59409 lr=8.00e-05
[16:15:21]     train step 400/4000 loss=0.21441 lr=9.96e-05
[16:15:25]     train step 600/4000 loss=0.08396 lr=9.79e-05
[16:15:29]     train step 800/4000 loss=0.05464 lr=9.49e-05
[16:15:33]     train step 1000/4000 loss=0.03976 lr=9.07e-05
[16:15:37]     train step 1200/4000 loss=0.03218 lr=8.53e-05
[16:15:42]     train step 1400/4000 loss=0.02635 lr=7.90e-05
[16:15:46]     train step 1600/4000 loss=0.02269 lr=7.19e-05
[16:15:50]     train step 1800/4000 loss=0.01954 lr=6.42e-05
[16:15:54]     train step 2000/4000 loss=0.01743 lr=5.62e-05
[16:15:58]     train step 2200/4000 loss=0.01602 lr=4.80e-05
[16:16:02]     train step 2400/4000 loss=0.01431 lr=3.99e-05
[16:16:07]     train step 2600/4000 loss=0.01280 lr=3.20e-05
[16:16:11]     train step 2800/4000 loss=0.01177 lr=2.48e-05
[16:16:15]     train step 3000/4000 loss=0.01087 lr=1.82e-05
[16:16:19]     train step 3200/4000 loss=0.01028 lr=1.26e-05
[16:16:23]     train step 3400/4000 loss=0.00975 lr=8.08e-06
[16:16:27]     train step 3600/4000 loss=0.00942 lr=4.74e-06
[16:16:32]     train step 3800/4000 loss=0.00923 lr=2.69e-06
[16:16:36]     train step 4000/4000 loss=0.00912 lr=2.00e-06
[16:17:52]   [eval] SR=1.000
[16:17:55]   [safe] intervention at t=24 (rollout 0) len=23
[16:17:55] 
===== safe Round 17 | dataset=25 =====
[16:18:00]     train step 200/4000 loss=0.59468 lr=8.00e-05
[16:18:04]     train step 400/4000 loss=0.21302 lr=9.96e-05
[16:18:08]     train step 600/4000 loss=0.08395 lr=9.79e-05
[16:18:12]     train step 800/4000 loss=0.05507 lr=9.49e-05
[16:18:16]     train step 1000/4000 loss=0.04097 lr=9.07e-05
[16:18:21]     train step 1200/4000 loss=0.03268 lr=8.53e-05
[16:18:25]     train step 1400/4000 loss=0.02766 lr=7.90e-05
[16:18:29]     train step 1600/4000 loss=0.02393 lr=7.19e-05
[16:18:33]     train step 1800/4000 loss=0.02102 lr=6.42e-05
[16:18:37]     train step 2000/4000 loss=0.01840 lr=5.62e-05
[16:18:41]     train step 2200/4000 loss=0.01644 lr=4.80e-05
[16:18:46]     train step 2400/4000 loss=0.01495 lr=3.99e-05
[16:18:50]     train step 2600/4000 loss=0.01322 lr=3.20e-05
[16:18:54]     train step 2800/4000 loss=0.01234 lr=2.48e-05
[16:18:58]     train step 3000/4000 loss=0.01127 lr=1.82e-05
[16:19:02]     train step 3200/4000 loss=0.01058 lr=1.26e-05
[16:19:06]     train step 3400/4000 loss=0.01008 lr=8.08e-06
[16:19:10]     train step 3600/4000 loss=0.00975 lr=4.74e-06
[16:19:15]     train step 3800/4000 loss=0.00956 lr=2.69e-06
[16:19:19]     train step 4000/4000 loss=0.00940 lr=2.00e-06
[16:20:35]   [eval] SR=1.000
[16:20:36]   [safe] intervention at t=3 (rollout 0) len=44
[16:20:36] 
===== safe Round 18 | dataset=26 =====
[16:20:41]     train step 200/4000 loss=0.59400 lr=8.00e-05
[16:20:45]     train step 400/4000 loss=0.21543 lr=9.96e-05
[16:20:49]     train step 600/4000 loss=0.08264 lr=9.79e-05
[16:20:53]     train step 800/4000 loss=0.05491 lr=9.49e-05
[16:20:57]     train step 1000/4000 loss=0.04072 lr=9.07e-05
[16:21:01]     train step 1200/4000 loss=0.03297 lr=8.53e-05
[16:21:06]     train step 1400/4000 loss=0.02752 lr=7.90e-05
[16:21:10]     train step 1600/4000 loss=0.02405 lr=7.19e-05
[16:21:14]     train step 1800/4000 loss=0.02083 lr=6.42e-05
[16:21:18]     train step 2000/4000 loss=0.01794 lr=5.62e-05
[16:21:22]     train step 2200/4000 loss=0.01636 lr=4.80e-05
[16:21:26]     train step 2400/4000 loss=0.01457 lr=3.99e-05
[16:21:30]     train step 2600/4000 loss=0.01331 lr=3.20e-05
[16:21:35]     train step 2800/4000 loss=0.01217 lr=2.48e-05
[16:21:39]     train step 3000/4000 loss=0.01133 lr=1.82e-05
[16:21:43]     train step 3200/4000 loss=0.01064 lr=1.26e-05
[16:21:47]     train step 3400/4000 loss=0.01016 lr=8.08e-06
[16:21:51]     train step 3600/4000 loss=0.00972 lr=4.74e-06
[16:21:55]     train step 3800/4000 loss=0.00961 lr=2.69e-06
[16:22:00]     train step 4000/4000 loss=0.00944 lr=2.00e-06
[16:23:16]   [eval] SR=1.000
[16:23:20]   [safe] intervention at t=24 (rollout 0) len=19
[16:23:20] 
===== safe Round 19 | dataset=27 =====
[16:23:24]     train step 200/4000 loss=0.59462 lr=8.00e-05
[16:23:28]     train step 400/4000 loss=0.21421 lr=9.96e-05
[16:23:32]     train step 600/4000 loss=0.08229 lr=9.79e-05
[16:23:37]     train step 800/4000 loss=0.05400 lr=9.49e-05
[16:23:41]     train step 1000/4000 loss=0.04061 lr=9.07e-05
[16:23:45]     train step 1200/4000 loss=0.03296 lr=8.53e-05
[16:23:49]     train step 1400/4000 loss=0.02730 lr=7.90e-05
[16:23:53]     train step 1600/4000 loss=0.02347 lr=7.19e-05
[16:23:57]     train step 1800/4000 loss=0.02118 lr=6.42e-05
[16:24:02]     train step 2000/4000 loss=0.01835 lr=5.62e-05
[16:24:06]     train step 2200/4000 loss=0.01647 lr=4.80e-05
[16:24:10]     train step 2400/4000 loss=0.01470 lr=3.99e-05
[16:24:14]     train step 2600/4000 loss=0.01356 lr=3.20e-05
[16:24:18]     train step 2800/4000 loss=0.01231 lr=2.48e-05
[16:24:22]     train step 3000/4000 loss=0.01141 lr=1.82e-05
[16:24:27]     train step 3200/4000 loss=0.01069 lr=1.26e-05
[16:24:31]     train step 3400/4000 loss=0.01022 lr=8.08e-06
[16:24:35]     train step 3600/4000 loss=0.00985 lr=4.74e-06
[16:24:39]     train step 3800/4000 loss=0.00972 lr=2.69e-06
[16:24:43]     train step 4000/4000 loss=0.00948 lr=2.00e-06
[16:26:00]   [eval] SR=1.000
[16:26:00]   [safe] intervention at t=0 (rollout 0) len=46
[16:26:00] 
===== safe Round 20 | dataset=28 =====
[16:26:04]     train step 200/4000 loss=0.59412 lr=8.00e-05
[16:26:08]     train step 400/4000 loss=0.21017 lr=9.96e-05
[16:26:13]     train step 600/4000 loss=0.08179 lr=9.79e-05
[16:26:17]     train step 800/4000 loss=0.05472 lr=9.49e-05
[16:26:21]     train step 1000/4000 loss=0.04069 lr=9.07e-05
[16:26:25]     train step 1200/4000 loss=0.03281 lr=8.53e-05
[16:26:29]     train step 1400/4000 loss=0.02686 lr=7.90e-05
[16:26:34]     train step 1600/4000 loss=0.02411 lr=7.19e-05
[16:26:38]     train step 1800/4000 loss=0.02095 lr=6.42e-05
[16:26:42]     train step 2000/4000 loss=0.01844 lr=5.62e-05
[16:26:46]     train step 2200/4000 loss=0.01656 lr=4.80e-05
[16:26:50]     train step 2400/4000 loss=0.01508 lr=3.99e-05
[16:26:54]     train step 2600/4000 loss=0.01381 lr=3.20e-05
[16:26:59]     train step 2800/4000 loss=0.01264 lr=2.48e-05
[16:27:03]     train step 3000/4000 loss=0.01180 lr=1.82e-05
[16:27:07]     train step 3200/4000 loss=0.01098 lr=1.26e-05
[16:27:11]     train step 3400/4000 loss=0.01062 lr=8.08e-06
[16:27:15]     train step 3600/4000 loss=0.01022 lr=4.74e-06
[16:27:19]     train step 3800/4000 loss=0.01001 lr=2.69e-06
[16:27:24]     train step 4000/4000 loss=0.00985 lr=2.00e-06
[16:28:39]   [eval] SR=1.000
[16:28:39] DONE in 3749.5s | final_success=1.0
[16:28:39] [write] /weka/s226137394/DmNfull/distil/results/Lift/state/safe/seed5/result.json
