[16:57:37] [env] loaded /weka/s226137394/DmNfull/.env
[16:57:38] ===== DISTIL | task=Lift modality=state ablation=thrifty seed=4 budget=20 smoke=False device=cuda =====
[16:57:39] [bootstrap] loaded 8 shared demos from /weka/s226137394/DmNfull/distil/results/shared_bootstrap/Lift_state/Lift_state_ni8.pkl
[16:57:41] 
===== thrifty Round 0 | dataset=8 =====
[16:57:47]     train step 200/8000 loss=0.60198 lr=8.00e-05
[16:57:51]     train step 400/8000 loss=0.25553 lr=9.99e-05
[16:57:55]     train step 600/8000 loss=0.09326 lr=9.95e-05
[16:57:59]     train step 800/8000 loss=0.05507 lr=9.88e-05
[16:58:03]     train step 1000/8000 loss=0.04014 lr=9.78e-05
[16:58:07]     train step 1200/8000 loss=0.03256 lr=9.64e-05
[16:58:11]     train step 1400/8000 loss=0.02673 lr=9.48e-05
[16:58:15]     train step 1600/8000 loss=0.02287 lr=9.29e-05
[16:58:19]     train step 1800/8000 loss=0.01931 lr=9.07e-05
[16:58:23]     train step 2000/8000 loss=0.01690 lr=8.82e-05
[16:58:27]     train step 2200/8000 loss=0.01467 lr=8.55e-05
[16:58:31]     train step 2400/8000 loss=0.01318 lr=8.26e-05
[16:58:35]     train step 2600/8000 loss=0.01190 lr=7.94e-05
[16:58:39]     train step 2800/8000 loss=0.00986 lr=7.61e-05
[16:58:43]     train step 3000/8000 loss=0.00945 lr=7.26e-05
[16:58:47]     train step 3200/8000 loss=0.00806 lr=6.90e-05
[16:58:51]     train step 3400/8000 loss=0.00722 lr=6.52e-05
[16:58:56]     train step 3600/8000 loss=0.00646 lr=6.14e-05
[16:59:00]     train step 3800/8000 loss=0.00547 lr=5.75e-05
[16:59:04]     train step 4000/8000 loss=0.00589 lr=5.35e-05
[16:59:08]     train step 4200/8000 loss=0.00499 lr=4.95e-05
[16:59:12]     train step 4400/8000 loss=0.00437 lr=4.56e-05
[16:59:16]     train step 4600/8000 loss=0.00374 lr=4.16e-05
[16:59:20]     train step 4800/8000 loss=0.00375 lr=3.78e-05
[16:59:24]     train step 5000/8000 loss=0.00341 lr=3.40e-05
[16:59:28]     train step 5200/8000 loss=0.00313 lr=3.03e-05
[16:59:32]     train step 5400/8000 loss=0.00319 lr=2.68e-05
[16:59:36]     train step 5600/8000 loss=0.00283 lr=2.34e-05
[16:59:40]     train step 5800/8000 loss=0.00264 lr=2.02e-05
[16:59:44]     train step 6000/8000 loss=0.00254 lr=1.73e-05
[16:59:48]     train step 6200/8000 loss=0.00249 lr=1.45e-05
[16:59:52]     train step 6400/8000 loss=0.00239 lr=1.20e-05
[16:59:56]     train step 6600/8000 loss=0.00230 lr=9.69e-06
[17:00:00]     train step 6800/8000 loss=0.00224 lr=7.69e-06
[17:00:04]     train step 7000/8000 loss=0.00218 lr=5.98e-06
[17:00:08]     train step 7200/8000 loss=0.00217 lr=4.56e-06
[17:00:12]     train step 7400/8000 loss=0.00211 lr=3.45e-06
[17:00:16]     train step 7600/8000 loss=0.00210 lr=2.65e-06
[17:00:20]     train step 7800/8000 loss=0.00208 lr=2.16e-06
[17:00:24]     train step 8000/8000 loss=0.00207 lr=2.00e-06
[17:14:22]   [eval] SR=0.720
[17:14:23]   [thrifty] intervention at t=0 (rollout 0) len=47
[17:14:23] 
===== thrifty Round 1 | dataset=9 =====
[17:14:27]     train step 200/4000 loss=0.59871 lr=8.00e-05
[17:14:31]     train step 400/4000 loss=0.24143 lr=9.96e-05
[17:14:35]     train step 600/4000 loss=0.08540 lr=9.79e-05
[17:14:40]     train step 800/4000 loss=0.05223 lr=9.49e-05
[17:14:44]     train step 1000/4000 loss=0.03805 lr=9.07e-05
[17:14:48]     train step 1200/4000 loss=0.03022 lr=8.53e-05
[17:14:52]     train step 1400/4000 loss=0.02437 lr=7.90e-05
[17:14:56]     train step 1600/4000 loss=0.02043 lr=7.19e-05
[17:15:00]     train step 1800/4000 loss=0.01721 lr=6.42e-05
[17:15:04]     train step 2000/4000 loss=0.01503 lr=5.62e-05
[17:15:08]     train step 2200/4000 loss=0.01335 lr=4.80e-05
[17:15:12]     train step 2400/4000 loss=0.01131 lr=3.99e-05
[17:15:17]     train step 2600/4000 loss=0.01035 lr=3.20e-05
[17:15:21]     train step 2800/4000 loss=0.00901 lr=2.48e-05
[17:15:25]     train step 3000/4000 loss=0.00827 lr=1.82e-05
[17:15:29]     train step 3200/4000 loss=0.00761 lr=1.26e-05
[17:15:33]     train step 3400/4000 loss=0.00732 lr=8.08e-06
[17:15:37]     train step 3600/4000 loss=0.00695 lr=4.74e-06
[17:15:41]     train step 3800/4000 loss=0.00676 lr=2.69e-06
[17:15:45]     train step 4000/4000 loss=0.00664 lr=2.00e-06
[17:23:21]   [eval] SR=0.890
[17:23:22]   [thrifty] intervention at t=0 (rollout 0) len=43
[17:23:22] 
===== thrifty Round 2 | dataset=10 =====
[17:23:26]     train step 200/4000 loss=0.59583 lr=8.00e-05
[17:23:30]     train step 400/4000 loss=0.23203 lr=9.96e-05
[17:23:35]     train step 600/4000 loss=0.08539 lr=9.79e-05
[17:23:39]     train step 800/4000 loss=0.05014 lr=9.49e-05
[17:23:43]     train step 1000/4000 loss=0.03679 lr=9.07e-05
[17:23:47]     train step 1200/4000 loss=0.02982 lr=8.53e-05
[17:23:51]     train step 1400/4000 loss=0.02472 lr=7.90e-05
[17:23:55]     train step 1600/4000 loss=0.02059 lr=7.19e-05
[17:24:00]     train step 1800/4000 loss=0.01758 lr=6.42e-05
[17:24:04]     train step 2000/4000 loss=0.01510 lr=5.62e-05
[17:24:08]     train step 2200/4000 loss=0.01288 lr=4.80e-05
[17:24:12]     train step 2400/4000 loss=0.01139 lr=3.99e-05
[17:24:16]     train step 2600/4000 loss=0.01017 lr=3.20e-05
[17:24:21]     train step 2800/4000 loss=0.00919 lr=2.48e-05
[17:24:25]     train step 3000/4000 loss=0.00838 lr=1.82e-05
[17:24:29]     train step 3200/4000 loss=0.00776 lr=1.26e-05
[17:24:33]     train step 3400/4000 loss=0.00745 lr=8.08e-06
[17:24:37]     train step 3600/4000 loss=0.00714 lr=4.74e-06
[17:24:42]     train step 3800/4000 loss=0.00688 lr=2.69e-06
[17:24:46]     train step 4000/4000 loss=0.00680 lr=2.00e-06
[17:32:20]   [eval] SR=0.890
[17:32:20]   [thrifty] intervention at t=0 (rollout 0) len=45
[17:32:21] 
===== thrifty Round 3 | dataset=11 =====
[17:32:25]     train step 200/4000 loss=0.59704 lr=8.00e-05
[17:32:29]     train step 400/4000 loss=0.22609 lr=9.96e-05
[17:32:33]     train step 600/4000 loss=0.08155 lr=9.79e-05
[17:32:38]     train step 800/4000 loss=0.05048 lr=9.49e-05
[17:32:42]     train step 1000/4000 loss=0.03743 lr=9.07e-05
[17:32:46]     train step 1200/4000 loss=0.02985 lr=8.53e-05
[17:32:50]     train step 1400/4000 loss=0.02462 lr=7.90e-05
[17:32:55]     train step 1600/4000 loss=0.02095 lr=7.19e-05
[17:32:59]     train step 1800/4000 loss=0.01810 lr=6.42e-05
[17:33:03]     train step 2000/4000 loss=0.01552 lr=5.62e-05
[17:33:07]     train step 2200/4000 loss=0.01361 lr=4.80e-05
[17:33:12]     train step 2400/4000 loss=0.01185 lr=3.99e-05
[17:33:16]     train step 2600/4000 loss=0.01067 lr=3.20e-05
[17:33:20]     train step 2800/4000 loss=0.00979 lr=2.48e-05
[17:33:24]     train step 3000/4000 loss=0.00901 lr=1.82e-05
[17:33:29]     train step 3200/4000 loss=0.00820 lr=1.26e-05
[17:33:33]     train step 3400/4000 loss=0.00784 lr=8.08e-06
[17:33:37]     train step 3600/4000 loss=0.00760 lr=4.74e-06
[17:33:41]     train step 3800/4000 loss=0.00734 lr=2.69e-06
[17:33:45]     train step 4000/4000 loss=0.00725 lr=2.00e-06
[17:40:54]   [eval] SR=0.990
[17:40:54]   [thrifty] intervention at t=0 (rollout 0) len=44
[17:40:55] 
===== thrifty Round 4 | dataset=12 =====
[17:40:59]     train step 200/4000 loss=0.59583 lr=8.00e-05
[17:41:03]     train step 400/4000 loss=0.21523 lr=9.96e-05
[17:41:07]     train step 600/4000 loss=0.08002 lr=9.79e-05
[17:41:12]     train step 800/4000 loss=0.04903 lr=9.49e-05
[17:41:16]     train step 1000/4000 loss=0.03640 lr=9.07e-05
[17:41:20]     train step 1200/4000 loss=0.02888 lr=8.53e-05
[17:41:24]     train step 1400/4000 loss=0.02365 lr=7.90e-05
[17:41:28]     train step 1600/4000 loss=0.02044 lr=7.19e-05
[17:41:33]     train step 1800/4000 loss=0.01710 lr=6.42e-05
[17:41:37]     train step 2000/4000 loss=0.01497 lr=5.62e-05
[17:41:41]     train step 2200/4000 loss=0.01316 lr=4.80e-05
[17:41:45]     train step 2400/4000 loss=0.01143 lr=3.99e-05
[17:41:49]     train step 2600/4000 loss=0.01023 lr=3.20e-05
[17:41:54]     train step 2800/4000 loss=0.00907 lr=2.48e-05
[17:41:58]     train step 3000/4000 loss=0.00832 lr=1.82e-05
[17:42:02]     train step 3200/4000 loss=0.00762 lr=1.26e-05
[17:42:06]     train step 3400/4000 loss=0.00731 lr=8.08e-06
[17:42:10]     train step 3600/4000 loss=0.00697 lr=4.74e-06
[17:42:15]     train step 3800/4000 loss=0.00676 lr=2.69e-06
[17:42:19]     train step 4000/4000 loss=0.00668 lr=2.00e-06
[17:49:21]   [eval] SR=1.000
[17:49:22]   [thrifty] intervention at t=0 (rollout 0) len=47
[17:49:22] 
===== thrifty Round 5 | dataset=13 =====
[17:49:27]     train step 200/4000 loss=0.59622 lr=8.00e-05
[17:49:31]     train step 400/4000 loss=0.21891 lr=9.96e-05
[17:49:35]     train step 600/4000 loss=0.07957 lr=9.79e-05
[17:49:39]     train step 800/4000 loss=0.04932 lr=9.49e-05
[17:49:43]     train step 1000/4000 loss=0.03700 lr=9.07e-05
[17:49:48]     train step 1200/4000 loss=0.02964 lr=8.53e-05
[17:49:52]     train step 1400/4000 loss=0.02446 lr=7.90e-05
[17:49:56]     train step 1600/4000 loss=0.02119 lr=7.19e-05
[17:50:00]     train step 1800/4000 loss=0.01807 lr=6.42e-05
[17:50:04]     train step 2000/4000 loss=0.01581 lr=5.62e-05
[17:50:09]     train step 2200/4000 loss=0.01342 lr=4.80e-05
[17:50:13]     train step 2400/4000 loss=0.01187 lr=3.99e-05
[17:50:17]     train step 2600/4000 loss=0.01021 lr=3.20e-05
[17:50:21]     train step 2800/4000 loss=0.00918 lr=2.48e-05
[17:50:25]     train step 3000/4000 loss=0.00842 lr=1.82e-05
[17:50:30]     train step 3200/4000 loss=0.00769 lr=1.26e-05
[17:50:34]     train step 3400/4000 loss=0.00734 lr=8.08e-06
[17:50:38]     train step 3600/4000 loss=0.00705 lr=4.74e-06
[17:50:42]     train step 3800/4000 loss=0.00684 lr=2.69e-06
[17:50:46]     train step 4000/4000 loss=0.00669 lr=2.00e-06
[17:57:40]   [eval] SR=1.000
[17:57:40]   [thrifty] intervention at t=0 (rollout 0) len=43
[17:57:41] 
===== thrifty Round 6 | dataset=14 =====
[17:57:45]     train step 200/4000 loss=0.59768 lr=8.00e-05
[17:57:49]     train step 400/4000 loss=0.21633 lr=9.96e-05
[17:57:53]     train step 600/4000 loss=0.07991 lr=9.79e-05
[17:57:57]     train step 800/4000 loss=0.04845 lr=9.49e-05
[17:58:02]     train step 1000/4000 loss=0.03642 lr=9.07e-05
[17:58:06]     train step 1200/4000 loss=0.02881 lr=8.53e-05
[17:58:10]     train step 1400/4000 loss=0.02369 lr=7.90e-05
[17:58:14]     train step 1600/4000 loss=0.02042 lr=7.19e-05
[17:58:18]     train step 1800/4000 loss=0.01750 lr=6.42e-05
[17:58:23]     train step 2000/4000 loss=0.01491 lr=5.62e-05
[17:58:27]     train step 2200/4000 loss=0.01345 lr=4.80e-05
[17:58:31]     train step 2400/4000 loss=0.01166 lr=3.99e-05
[17:58:35]     train step 2600/4000 loss=0.01052 lr=3.20e-05
[17:58:39]     train step 2800/4000 loss=0.00933 lr=2.48e-05
[17:58:44]     train step 3000/4000 loss=0.00847 lr=1.82e-05
[17:58:48]     train step 3200/4000 loss=0.00773 lr=1.26e-05
[17:58:52]     train step 3400/4000 loss=0.00742 lr=8.08e-06
[17:58:56]     train step 3600/4000 loss=0.00713 lr=4.74e-06
[17:59:00]     train step 3800/4000 loss=0.00688 lr=2.69e-06
[17:59:05]     train step 4000/4000 loss=0.00678 lr=2.00e-06
[18:06:02]   [eval] SR=0.990
[18:06:03]   [thrifty] intervention at t=0 (rollout 0) len=46
[18:06:03] 
===== thrifty Round 7 | dataset=15 =====
[18:06:08]     train step 200/4000 loss=0.59793 lr=8.00e-05
[18:06:12]     train step 400/4000 loss=0.21750 lr=9.96e-05
[18:06:16]     train step 600/4000 loss=0.08014 lr=9.79e-05
[18:06:20]     train step 800/4000 loss=0.04786 lr=9.49e-05
[18:06:24]     train step 1000/4000 loss=0.03596 lr=9.07e-05
[18:06:29]     train step 1200/4000 loss=0.02852 lr=8.53e-05
[18:06:33]     train step 1400/4000 loss=0.02358 lr=7.90e-05
[18:06:37]     train step 1600/4000 loss=0.02011 lr=7.19e-05
[18:06:41]     train step 1800/4000 loss=0.01741 lr=6.42e-05
[18:06:45]     train step 2000/4000 loss=0.01497 lr=5.62e-05
[18:06:50]     train step 2200/4000 loss=0.01307 lr=4.80e-05
[18:06:54]     train step 2400/4000 loss=0.01110 lr=3.99e-05
[18:06:58]     train step 2600/4000 loss=0.01018 lr=3.20e-05
[18:07:02]     train step 2800/4000 loss=0.00884 lr=2.48e-05
[18:07:06]     train step 3000/4000 loss=0.00819 lr=1.82e-05
[18:07:11]     train step 3200/4000 loss=0.00755 lr=1.26e-05
[18:07:15]     train step 3400/4000 loss=0.00717 lr=8.08e-06
[18:07:19]     train step 3600/4000 loss=0.00688 lr=4.74e-06
[18:07:23]     train step 3800/4000 loss=0.00665 lr=2.69e-06
[18:07:27]     train step 4000/4000 loss=0.00651 lr=2.00e-06
[18:14:24]   [eval] SR=0.990
[18:14:25]   [thrifty] intervention at t=0 (rollout 0) len=44
[18:14:25] 
===== thrifty Round 8 | dataset=16 =====
[18:14:29]     train step 200/4000 loss=0.59795 lr=8.00e-05
[18:14:33]     train step 400/4000 loss=0.21316 lr=9.96e-05
[18:14:38]     train step 600/4000 loss=0.07806 lr=9.79e-05
[18:14:42]     train step 800/4000 loss=0.04816 lr=9.49e-05
[18:14:46]     train step 1000/4000 loss=0.03579 lr=9.07e-05
[18:14:50]     train step 1200/4000 loss=0.02869 lr=8.53e-05
[18:14:54]     train step 1400/4000 loss=0.02414 lr=7.90e-05
[18:14:59]     train step 1600/4000 loss=0.02002 lr=7.19e-05
[18:15:03]     train step 1800/4000 loss=0.01740 lr=6.42e-05
[18:15:07]     train step 2000/4000 loss=0.01579 lr=5.62e-05
[18:15:11]     train step 2200/4000 loss=0.01290 lr=4.80e-05
[18:15:15]     train step 2400/4000 loss=0.01146 lr=3.99e-05
[18:15:20]     train step 2600/4000 loss=0.01011 lr=3.20e-05
[18:15:24]     train step 2800/4000 loss=0.00919 lr=2.48e-05
[18:15:28]     train step 3000/4000 loss=0.00853 lr=1.82e-05
[18:15:32]     train step 3200/4000 loss=0.00780 lr=1.26e-05
[18:15:37]     train step 3400/4000 loss=0.00745 lr=8.08e-06
[18:15:41]     train step 3600/4000 loss=0.00714 lr=4.74e-06
[18:15:45]     train step 3800/4000 loss=0.00687 lr=2.69e-06
[18:15:49]     train step 4000/4000 loss=0.00678 lr=2.00e-06
[18:22:43]   [eval] SR=1.000
[18:22:44]   [thrifty] intervention at t=0 (rollout 0) len=48
[18:22:44] 
===== thrifty Round 9 | dataset=17 =====
[18:22:48]     train step 200/4000 loss=0.59739 lr=8.00e-05
[18:22:52]     train step 400/4000 loss=0.21626 lr=9.96e-05
[18:22:56]     train step 600/4000 loss=0.08048 lr=9.79e-05
[18:23:01]     train step 800/4000 loss=0.04831 lr=9.49e-05
[18:23:05]     train step 1000/4000 loss=0.03634 lr=9.07e-05
[18:23:09]     train step 1200/4000 loss=0.02972 lr=8.53e-05
[18:23:13]     train step 1400/4000 loss=0.02451 lr=7.90e-05
[18:23:17]     train step 1600/4000 loss=0.02151 lr=7.19e-05
[18:23:22]     train step 1800/4000 loss=0.01775 lr=6.42e-05
[18:23:26]     train step 2000/4000 loss=0.01528 lr=5.62e-05
[18:23:30]     train step 2200/4000 loss=0.01357 lr=4.80e-05
[18:23:34]     train step 2400/4000 loss=0.01166 lr=3.99e-05
[18:23:38]     train step 2600/4000 loss=0.01077 lr=3.20e-05
[18:23:43]     train step 2800/4000 loss=0.00948 lr=2.48e-05
[18:23:47]     train step 3000/4000 loss=0.00870 lr=1.82e-05
[18:23:51]     train step 3200/4000 loss=0.00813 lr=1.26e-05
[18:23:55]     train step 3400/4000 loss=0.00780 lr=8.08e-06
[18:23:59]     train step 3600/4000 loss=0.00751 lr=4.74e-06
[18:24:03]     train step 3800/4000 loss=0.00727 lr=2.69e-06
[18:24:08]     train step 4000/4000 loss=0.00716 lr=2.00e-06
[18:31:01]   [eval] SR=1.000
[18:31:02]   [thrifty] intervention at t=0 (rollout 0) len=44
[18:31:02] 
===== thrifty Round 10 | dataset=18 =====
[18:31:06]     train step 200/4000 loss=0.59715 lr=8.00e-05
[18:31:10]     train step 400/4000 loss=0.21218 lr=9.96e-05
[18:31:14]     train step 600/4000 loss=0.07779 lr=9.79e-05
[18:31:19]     train step 800/4000 loss=0.04837 lr=9.49e-05
[18:31:23]     train step 1000/4000 loss=0.03619 lr=9.07e-05
[18:31:27]     train step 1200/4000 loss=0.02865 lr=8.53e-05
[18:31:31]     train step 1400/4000 loss=0.02396 lr=7.90e-05
[18:31:35]     train step 1600/4000 loss=0.02069 lr=7.19e-05
[18:31:40]     train step 1800/4000 loss=0.01789 lr=6.42e-05
[18:31:44]     train step 2000/4000 loss=0.01504 lr=5.62e-05
[18:31:48]     train step 2200/4000 loss=0.01294 lr=4.80e-05
[18:31:52]     train step 2400/4000 loss=0.01141 lr=3.99e-05
[18:31:56]     train step 2600/4000 loss=0.01023 lr=3.20e-05
[18:32:01]     train step 2800/4000 loss=0.00929 lr=2.48e-05
[18:32:05]     train step 3000/4000 loss=0.00857 lr=1.82e-05
[18:32:09]     train step 3200/4000 loss=0.00791 lr=1.26e-05
[18:32:13]     train step 3400/4000 loss=0.00756 lr=8.08e-06
[18:32:17]     train step 3600/4000 loss=0.00723 lr=4.74e-06
[18:32:21]     train step 3800/4000 loss=0.00697 lr=2.69e-06
[18:32:26]     train step 4000/4000 loss=0.00687 lr=2.00e-06
[18:39:20]   [eval] SR=1.000
[18:39:20]   [thrifty] intervention at t=0 (rollout 0) len=48
[18:39:21] 
===== thrifty Round 11 | dataset=19 =====
[18:39:25]     train step 200/4000 loss=0.59748 lr=8.00e-05
[18:39:29]     train step 400/4000 loss=0.21409 lr=9.96e-05
[18:39:33]     train step 600/4000 loss=0.07913 lr=9.79e-05
[18:39:37]     train step 800/4000 loss=0.04851 lr=9.49e-05
[18:39:42]     train step 1000/4000 loss=0.03650 lr=9.07e-05
[18:39:46]     train step 1200/4000 loss=0.02955 lr=8.53e-05
[18:39:50]     train step 1400/4000 loss=0.02442 lr=7.90e-05
[18:39:54]     train step 1600/4000 loss=0.02087 lr=7.19e-05
[18:39:58]     train step 1800/4000 loss=0.01768 lr=6.42e-05
[18:40:03]     train step 2000/4000 loss=0.01525 lr=5.62e-05
[18:40:07]     train step 2200/4000 loss=0.01377 lr=4.80e-05
[18:40:11]     train step 2400/4000 loss=0.01201 lr=3.99e-05
[18:40:15]     train step 2600/4000 loss=0.01099 lr=3.20e-05
[18:40:19]     train step 2800/4000 loss=0.00965 lr=2.48e-05
[18:40:23]     train step 3000/4000 loss=0.00891 lr=1.82e-05
[18:40:28]     train step 3200/4000 loss=0.00827 lr=1.26e-05
[18:40:32]     train step 3400/4000 loss=0.00794 lr=8.08e-06
[18:40:36]     train step 3600/4000 loss=0.00763 lr=4.74e-06
[18:40:40]     train step 3800/4000 loss=0.00738 lr=2.69e-06
[18:40:44]     train step 4000/4000 loss=0.00730 lr=2.00e-06
[18:47:37]   [eval] SR=1.000
[18:47:37]   [thrifty] intervention at t=0 (rollout 0) len=46
[18:47:38] 
===== thrifty Round 12 | dataset=20 =====
[18:47:42]     train step 200/4000 loss=0.59748 lr=8.00e-05
[18:47:46]     train step 400/4000 loss=0.21419 lr=9.96e-05
[18:47:50]     train step 600/4000 loss=0.08058 lr=9.79e-05
[18:47:54]     train step 800/4000 loss=0.04941 lr=9.49e-05
[18:47:59]     train step 1000/4000 loss=0.03668 lr=9.07e-05
[18:48:03]     train step 1200/4000 loss=0.02840 lr=8.53e-05
[18:48:07]     train step 1400/4000 loss=0.02422 lr=7.90e-05
[18:48:11]     train step 1600/4000 loss=0.02026 lr=7.19e-05
[18:48:15]     train step 1800/4000 loss=0.01706 lr=6.42e-05
[18:48:19]     train step 2000/4000 loss=0.01476 lr=5.62e-05
[18:48:24]     train step 2200/4000 loss=0.01305 lr=4.80e-05
[18:48:28]     train step 2400/4000 loss=0.01149 lr=3.99e-05
[18:48:32]     train step 2600/4000 loss=0.01059 lr=3.20e-05
[18:48:36]     train step 2800/4000 loss=0.00946 lr=2.48e-05
[18:48:40]     train step 3000/4000 loss=0.00877 lr=1.82e-05
[18:48:45]     train step 3200/4000 loss=0.00798 lr=1.26e-05
[18:48:49]     train step 3400/4000 loss=0.00775 lr=8.08e-06
[18:48:53]     train step 3600/4000 loss=0.00753 lr=4.74e-06
[18:48:57]     train step 3800/4000 loss=0.00724 lr=2.69e-06
[18:49:01]     train step 4000/4000 loss=0.00712 lr=2.00e-06
[18:55:54]   [eval] SR=1.000
[18:55:55]   [thrifty] intervention at t=0 (rollout 0) len=47
[18:55:55] 
===== thrifty Round 13 | dataset=21 =====
[18:55:59]     train step 200/4000 loss=0.59644 lr=8.00e-05
[18:56:04]     train step 400/4000 loss=0.21426 lr=9.96e-05
[18:56:08]     train step 600/4000 loss=0.07948 lr=9.79e-05
[18:56:12]     train step 800/4000 loss=0.04852 lr=9.49e-05
[18:56:16]     train step 1000/4000 loss=0.03609 lr=9.07e-05
[18:56:20]     train step 1200/4000 loss=0.02940 lr=8.53e-05
[18:56:25]     train step 1400/4000 loss=0.02490 lr=7.90e-05
[18:56:29]     train step 1600/4000 loss=0.02136 lr=7.19e-05
[18:56:33]     train step 1800/4000 loss=0.01791 lr=6.42e-05
[18:56:37]     train step 2000/4000 loss=0.01580 lr=5.62e-05
[18:56:41]     train step 2200/4000 loss=0.01389 lr=4.80e-05
[18:56:46]     train step 2400/4000 loss=0.01218 lr=3.99e-05
[18:56:50]     train step 2600/4000 loss=0.01088 lr=3.20e-05
[18:56:54]     train step 2800/4000 loss=0.00995 lr=2.48e-05
[18:56:58]     train step 3000/4000 loss=0.00921 lr=1.82e-05
[18:57:02]     train step 3200/4000 loss=0.00838 lr=1.26e-05
[18:57:07]     train step 3400/4000 loss=0.00807 lr=8.08e-06
[18:57:11]     train step 3600/4000 loss=0.00781 lr=4.74e-06
[18:57:15]     train step 3800/4000 loss=0.00757 lr=2.69e-06
[18:57:19]     train step 4000/4000 loss=0.00745 lr=2.00e-06
[19:04:12]   [eval] SR=1.000
[19:04:13]   [thrifty] intervention at t=0 (rollout 0) len=44
[19:04:13] 
===== thrifty Round 14 | dataset=22 =====
[19:04:17]     train step 200/4000 loss=0.59605 lr=8.00e-05
[19:04:21]     train step 400/4000 loss=0.21491 lr=9.96e-05
[19:04:25]     train step 600/4000 loss=0.07996 lr=9.79e-05
[19:04:30]     train step 800/4000 loss=0.04834 lr=9.49e-05
[19:04:34]     train step 1000/4000 loss=0.03588 lr=9.07e-05
[19:04:38]     train step 1200/4000 loss=0.02849 lr=8.53e-05
[19:04:42]     train step 1400/4000 loss=0.02435 lr=7.90e-05
[19:04:46]     train step 1600/4000 loss=0.02077 lr=7.19e-05
[19:04:51]     train step 1800/4000 loss=0.01759 lr=6.42e-05
[19:04:55]     train step 2000/4000 loss=0.01536 lr=5.62e-05
[19:04:59]     train step 2200/4000 loss=0.01363 lr=4.80e-05
[19:05:03]     train step 2400/4000 loss=0.01184 lr=3.99e-05
[19:05:07]     train step 2600/4000 loss=0.01067 lr=3.20e-05
[19:05:12]     train step 2800/4000 loss=0.00952 lr=2.48e-05
[19:05:16]     train step 3000/4000 loss=0.00892 lr=1.82e-05
[19:05:20]     train step 3200/4000 loss=0.00825 lr=1.26e-05
[19:05:24]     train step 3400/4000 loss=0.00791 lr=8.08e-06
[19:05:28]     train step 3600/4000 loss=0.00754 lr=4.74e-06
[19:05:32]     train step 3800/4000 loss=0.00731 lr=2.69e-06
[19:05:37]     train step 4000/4000 loss=0.00720 lr=2.00e-06
[19:12:28]   [eval] SR=1.000
[19:12:29]   [thrifty] intervention at t=0 (rollout 0) len=43
[19:12:29] 
===== thrifty Round 15 | dataset=23 =====
[19:12:34]     train step 200/4000 loss=0.59634 lr=8.00e-05
[19:12:38]     train step 400/4000 loss=0.21369 lr=9.96e-05
[19:12:42]     train step 600/4000 loss=0.07964 lr=9.79e-05
[19:12:46]     train step 800/4000 loss=0.04967 lr=9.49e-05
[19:12:50]     train step 1000/4000 loss=0.03696 lr=9.07e-05
[19:12:54]     train step 1200/4000 loss=0.02919 lr=8.53e-05
[19:12:59]     train step 1400/4000 loss=0.02460 lr=7.90e-05
[19:13:03]     train step 1600/4000 loss=0.02082 lr=7.19e-05
[19:13:07]     train step 1800/4000 loss=0.01750 lr=6.42e-05
[19:13:11]     train step 2000/4000 loss=0.01466 lr=5.62e-05
[19:13:15]     train step 2200/4000 loss=0.01285 lr=4.80e-05
[19:13:19]     train step 2400/4000 loss=0.01143 lr=3.99e-05
[19:13:24]     train step 2600/4000 loss=0.01034 lr=3.20e-05
[19:13:28]     train step 2800/4000 loss=0.00934 lr=2.48e-05
[19:13:32]     train step 3000/4000 loss=0.00860 lr=1.82e-05
[19:13:36]     train step 3200/4000 loss=0.00792 lr=1.26e-05
[19:13:40]     train step 3400/4000 loss=0.00759 lr=8.08e-06
[19:13:44]     train step 3600/4000 loss=0.00734 lr=4.74e-06
[19:13:49]     train step 3800/4000 loss=0.00708 lr=2.69e-06
[19:13:53]     train step 4000/4000 loss=0.00700 lr=2.00e-06
[19:20:44]   [eval] SR=1.000
[19:20:45]   [thrifty] intervention at t=0 (rollout 0) len=45
[19:20:45] 
===== thrifty Round 16 | dataset=24 =====
[19:20:50]     train step 200/4000 loss=0.59249 lr=8.00e-05
[19:20:54]     train step 400/4000 loss=0.21028 lr=9.96e-05
[19:20:58]     train step 600/4000 loss=0.07799 lr=9.79e-05
[19:21:02]     train step 800/4000 loss=0.04915 lr=9.49e-05
[19:21:06]     train step 1000/4000 loss=0.03662 lr=9.07e-05
[19:21:10]     train step 1200/4000 loss=0.02983 lr=8.53e-05
[19:21:15]     train step 1400/4000 loss=0.02454 lr=7.90e-05
[19:21:19]     train step 1600/4000 loss=0.02086 lr=7.19e-05
[19:21:23]     train step 1800/4000 loss=0.01821 lr=6.42e-05
[19:21:27]     train step 2000/4000 loss=0.01580 lr=5.62e-05
[19:21:31]     train step 2200/4000 loss=0.01404 lr=4.80e-05
[19:21:35]     train step 2400/4000 loss=0.01215 lr=3.99e-05
[19:21:40]     train step 2600/4000 loss=0.01081 lr=3.20e-05
[19:21:44]     train step 2800/4000 loss=0.00984 lr=2.48e-05
[19:21:48]     train step 3000/4000 loss=0.00907 lr=1.82e-05
[19:21:52]     train step 3200/4000 loss=0.00833 lr=1.26e-05
[19:21:56]     train step 3400/4000 loss=0.00806 lr=8.08e-06
[19:22:00]     train step 3600/4000 loss=0.00779 lr=4.74e-06
[19:22:05]     train step 3800/4000 loss=0.00756 lr=2.69e-06
[19:22:09]     train step 4000/4000 loss=0.00741 lr=2.00e-06
[19:29:00]   [eval] SR=1.000
[19:29:01]   [thrifty] intervention at t=0 (rollout 0) len=47
[19:29:01] 
===== thrifty Round 17 | dataset=25 =====
[19:29:05]     train step 200/4000 loss=0.59202 lr=8.00e-05
[19:29:10]     train step 400/4000 loss=0.21082 lr=9.96e-05
[19:29:14]     train step 600/4000 loss=0.07889 lr=9.79e-05
[19:29:18]     train step 800/4000 loss=0.04901 lr=9.49e-05
[19:29:22]     train step 1000/4000 loss=0.03707 lr=9.07e-05
[19:29:26]     train step 1200/4000 loss=0.02994 lr=8.53e-05
[19:29:30]     train step 1400/4000 loss=0.02451 lr=7.90e-05
[19:29:35]     train step 1600/4000 loss=0.02142 lr=7.19e-05
[19:29:39]     train step 1800/4000 loss=0.01864 lr=6.42e-05
[19:29:43]     train step 2000/4000 loss=0.01594 lr=5.62e-05
[19:29:47]     train step 2200/4000 loss=0.01384 lr=4.80e-05
[19:29:51]     train step 2400/4000 loss=0.01229 lr=3.99e-05
[19:29:56]     train step 2600/4000 loss=0.01103 lr=3.20e-05
[19:30:00]     train step 2800/4000 loss=0.00993 lr=2.48e-05
[19:30:04]     train step 3000/4000 loss=0.00928 lr=1.82e-05
[19:30:08]     train step 3200/4000 loss=0.00855 lr=1.26e-05
[19:30:12]     train step 3400/4000 loss=0.00827 lr=8.08e-06
[19:30:17]     train step 3600/4000 loss=0.00796 lr=4.74e-06
[19:30:21]     train step 3800/4000 loss=0.00772 lr=2.69e-06
[19:30:25]     train step 4000/4000 loss=0.00765 lr=2.00e-06
[19:37:17]   [eval] SR=1.000
[19:37:18]   [thrifty] intervention at t=0 (rollout 0) len=48
[19:37:18] 
===== thrifty Round 18 | dataset=26 =====
[19:37:23]     train step 200/4000 loss=0.59208 lr=8.00e-05
[19:37:27]     train step 400/4000 loss=0.21031 lr=9.96e-05
[19:37:31]     train step 600/4000 loss=0.07962 lr=9.79e-05
[19:37:35]     train step 800/4000 loss=0.05021 lr=9.49e-05
[19:37:39]     train step 1000/4000 loss=0.03759 lr=9.07e-05
[19:37:44]     train step 1200/4000 loss=0.03026 lr=8.53e-05
[19:37:48]     train step 1400/4000 loss=0.02521 lr=7.90e-05
[19:37:52]     train step 1600/4000 loss=0.02143 lr=7.19e-05
[19:37:56]     train step 1800/4000 loss=0.01872 lr=6.42e-05
[19:38:00]     train step 2000/4000 loss=0.01606 lr=5.62e-05
[19:38:05]     train step 2200/4000 loss=0.01430 lr=4.80e-05
[19:38:09]     train step 2400/4000 loss=0.01258 lr=3.99e-05
[19:38:13]     train step 2600/4000 loss=0.01133 lr=3.20e-05
[19:38:17]     train step 2800/4000 loss=0.01015 lr=2.48e-05
[19:38:21]     train step 3000/4000 loss=0.00941 lr=1.82e-05
[19:38:26]     train step 3200/4000 loss=0.00875 lr=1.26e-05
[19:38:30]     train step 3400/4000 loss=0.00840 lr=8.08e-06
[19:38:34]     train step 3600/4000 loss=0.00815 lr=4.74e-06
[19:38:38]     train step 3800/4000 loss=0.00787 lr=2.69e-06
[19:38:42]     train step 4000/4000 loss=0.00779 lr=2.00e-06
[19:45:36]   [eval] SR=1.000
[19:45:36]   [thrifty] intervention at t=0 (rollout 0) len=43
[19:45:37] 
===== thrifty Round 19 | dataset=27 =====
[19:45:41]     train step 200/4000 loss=0.59173 lr=8.00e-05
[19:45:45]     train step 400/4000 loss=0.21023 lr=9.96e-05
[19:45:49]     train step 600/4000 loss=0.07847 lr=9.79e-05
[19:45:53]     train step 800/4000 loss=0.04967 lr=9.49e-05
[19:45:58]     train step 1000/4000 loss=0.03732 lr=9.07e-05
[19:46:02]     train step 1200/4000 loss=0.03012 lr=8.53e-05
[19:46:06]     train step 1400/4000 loss=0.02479 lr=7.90e-05
[19:46:10]     train step 1600/4000 loss=0.02116 lr=7.19e-05
[19:46:15]     train step 1800/4000 loss=0.01857 lr=6.42e-05
[19:46:19]     train step 2000/4000 loss=0.01579 lr=5.62e-05
[19:46:23]     train step 2200/4000 loss=0.01404 lr=4.80e-05
[19:46:27]     train step 2400/4000 loss=0.01233 lr=3.99e-05
[19:46:31]     train step 2600/4000 loss=0.01113 lr=3.20e-05
[19:46:36]     train step 2800/4000 loss=0.01027 lr=2.48e-05
[19:46:40]     train step 3000/4000 loss=0.00937 lr=1.82e-05
[19:46:44]     train step 3200/4000 loss=0.00866 lr=1.26e-05
[19:46:48]     train step 3400/4000 loss=0.00836 lr=8.08e-06
[19:46:52]     train step 3600/4000 loss=0.00800 lr=4.74e-06
[19:46:57]     train step 3800/4000 loss=0.00779 lr=2.69e-06
[19:47:01]     train step 4000/4000 loss=0.00768 lr=2.00e-06
[19:53:55]   [eval] SR=1.000
[19:53:56]   [thrifty] intervention at t=0 (rollout 0) len=46
[19:53:56] 
===== thrifty Round 20 | dataset=28 =====
[19:54:00]     train step 200/4000 loss=0.59095 lr=8.00e-05
[19:54:04]     train step 400/4000 loss=0.20905 lr=9.96e-05
[19:54:08]     train step 600/4000 loss=0.07963 lr=9.79e-05
[19:54:13]     train step 800/4000 loss=0.05068 lr=9.49e-05
[19:54:17]     train step 1000/4000 loss=0.03751 lr=9.07e-05
[19:54:21]     train step 1200/4000 loss=0.03022 lr=8.53e-05
[19:54:25]     train step 1400/4000 loss=0.02583 lr=7.90e-05
[19:54:29]     train step 1600/4000 loss=0.02206 lr=7.19e-05
[19:54:34]     train step 1800/4000 loss=0.01905 lr=6.42e-05
[19:54:38]     train step 2000/4000 loss=0.01637 lr=5.62e-05
[19:54:42]     train step 2200/4000 loss=0.01436 lr=4.80e-05
[19:54:46]     train step 2400/4000 loss=0.01277 lr=3.99e-05
[19:54:51]     train step 2600/4000 loss=0.01160 lr=3.20e-05
[19:54:55]     train step 2800/4000 loss=0.01023 lr=2.48e-05
[19:54:59]     train step 3000/4000 loss=0.00964 lr=1.82e-05
[19:55:03]     train step 3200/4000 loss=0.00894 lr=1.26e-05
[19:55:07]     train step 3400/4000 loss=0.00861 lr=8.08e-06
[19:55:12]     train step 3600/4000 loss=0.00831 lr=4.74e-06
[19:55:16]     train step 3800/4000 loss=0.00803 lr=2.69e-06
[19:55:20]     train step 4000/4000 loss=0.00795 lr=2.00e-06
[20:02:15]   [eval] SR=1.000
[20:02:15] DONE in 11074.6s | final_success=1.0
[20:02:15] [write] /weka/s226137394/DmNfull/distil/results/Lift/state/thrifty/seed4/result.json
